[0.007s] Invoking command in '/home/wbk/wbk_ros_intro/build/cpp_project_onboarding': CMAKE_PREFIX_PATH=${CMAKE_PREFIX_PATH}:/opt/ros/jazzy /usr/bin/cmake --build /home/wbk/wbk_ros_intro/build/cpp_project_onboarding -- -j20 -l20
[0.030s] -- Found ament_cmake: 2.5.4 (/opt/ros/jazzy/share/ament_cmake/cmake)
[0.186s] -- Found rclcpp: 28.1.11 (/opt/ros/jazzy/share/rclcpp/cmake)
[0.205s] -- Found rosidl_generator_c: 4.6.6 (/opt/ros/jazzy/share/rosidl_generator_c/cmake)
[0.212s] -- Found rosidl_generator_cpp: 4.6.6 (/opt/ros/jazzy/share/rosidl_generator_cpp/cmake)
[0.221s] -- Using all available rosidl_typesupport_c: rosidl_typesupport_fastrtps_c;rosidl_typesupport_introspection_c
[0.231s] -- Using all available rosidl_typesupport_cpp: rosidl_typesupport_fastrtps_cpp;rosidl_typesupport_introspection_cpp
[0.272s] -- Found rmw_implementation_cmake: 7.3.2 (/opt/ros/jazzy/share/rmw_implementation_cmake/cmake)
[0.273s] -- Found rmw_fastrtps_cpp: 8.4.3 (/opt/ros/jazzy/share/rmw_fastrtps_cpp/cmake)
[0.316s] -- Using RMW implementation 'rmw_fastrtps_cpp' as default
[0.363s] -- Found more_interfaces: 0.0.0 (/home/wbk/wbk_ros_intro/install/more_interfaces/share/more_interfaces/cmake)
[0.444s] -- Configuring done (0.4s)
[0.453s] -- Generating done (0.0s)
[0.457s] -- Build files have been written to: /home/wbk/wbk_ros_intro/build/cpp_project_onboarding
[0.482s] [ 50%] [32mBuilding CXX object CMakeFiles/server.dir/src/concertserver.cpp.o[0m
[0.482s] [ 50%] [32mBuilding CXX object CMakeFiles/client.dir/src/customer.cpp.o[0m
[0.816s] [01m[K/home/wbk/wbk_ros_intro/src/cpp_project_onboarding/src/concertserver.cpp:2:10:[m[K [01;31m[Kfatal error: [m[Kmore_interfaces/src/server.hpp: No such file or directory
[0.816s]     2 | #include [01;31m[K"more_interfaces/src/server.hpp"[m[K
[0.816s]       |          [01;31m[K^~~~~~~~~~~~~~~~~~~~~~~~~~~~~~~~[m[K
[0.816s] compilation terminated.
[0.818s] gmake[2]: *** [CMakeFiles/server.dir/build.make:76: CMakeFiles/server.dir/src/concertserver.cpp.o] Error 1
[0.818s] gmake[1]: *** [CMakeFiles/Makefile2:139: CMakeFiles/server.dir/all] Error 2
[0.818s] gmake[1]: *** Waiting for unfinished jobs....
[2.183s] [01m[K/home/wbk/wbk_ros_intro/src/cpp_project_onboarding/src/customer.cpp:[m[K In function ‘[01m[Kint[01;32m[K main[m[K(int, char**)[m[K’:
[2.183s] [01m[K/home/wbk/wbk_ros_intro/src/cpp_project_onboarding/src/customer.cpp:15:19:[m[K [01;31m[Kerror: [m[K‘[01m[Kclient[m[K’ was not declared in this scope
[2.183s]    15 |     auto result = [01;31m[Kclient[m[K->async_send_request(request);
[2.183s]       |                   [01;31m[K^~~~~~[m[K
[2.185s] [01m[K/home/wbk/wbk_ros_intro/src/cpp_project_onboarding/src/customer.cpp:15:46:[m[K [01;31m[Kerror: [m[K‘[01m[Krequest[m[K’ was not declared in this scope
[2.185s]    15 |     auto result = client->async_send_request([01;31m[Krequest[m[K);
[2.185s]       |                                              [01;31m[K^~~~~~~[m[K
[2.624s] gmake[2]: *** [CMakeFiles/client.dir/build.make:76: CMakeFiles/client.dir/src/customer.cpp.o] Error 1
[2.624s] gmake[1]: *** [CMakeFiles/Makefile2:165: CMakeFiles/client.dir/all] Error 2
[2.624s] gmake: *** [Makefile:146: all] Error 2
[2.626s] Invoked command in '/home/wbk/wbk_ros_intro/build/cpp_project_onboarding' returned '2': CMAKE_PREFIX_PATH=${CMAKE_PREFIX_PATH}:/opt/ros/jazzy /usr/bin/cmake --build /home/wbk/wbk_ros_intro/build/cpp_project_onboarding -- -j20 -l20
