[0.008s] Invoking command in '/home/wbk/wbk_ros_intro/build/cpp_project_onboarding': CMAKE_PREFIX_PATH=${CMAKE_PREFIX_PATH}:/opt/ros/jazzy /usr/bin/cmake --build /home/wbk/wbk_ros_intro/build/cpp_project_onboarding -- -j20 -l20
[0.051s] [ 50%] Built target musician
[0.051s] [ 50%] [32mBuilding CXX object CMakeFiles/customersubscriber.dir/src/customer.cpp.o[0m
[0.053s] [ 83%] Built target concertserverpublisher
[1.562s] [01m[K/home/wbk/wbk_ros_intro/src/cpp_project_onboarding/src/customer.cpp:[m[K In function ‘[01m[Kint[01;32m[K main[m[K(int, char**)[m[K’:
[1.562s] [01m[K/home/wbk/wbk_ros_intro/src/cpp_project_onboarding/src/customer.cpp:49:35:[m[K [01;31m[Kerror: [m[K‘[01m[KMinimalSubscriber[m[K’ was not declared in this scope
[1.562s]    49 |     rclcpp::spin(std::make_shared<[01;31m[KMinimalSubscriber[m[K>());
[1.562s]       |                                   [01;31m[K^~~~~~~~~~~~~~~~~[m[K
[1.562s] [01m[K/home/wbk/wbk_ros_intro/src/cpp_project_onboarding/src/customer.cpp:49:53:[m[K [01;31m[Kerror: [m[Kno matching function for call to ‘[01m[Kmake_shared<<expression error> >()[m[K’
[1.562s]    49 |     rclcpp::spin([01;31m[Kstd::make_shared<MinimalSubscriber>()[m[K);
[1.562s]       |                  [01;31m[K~~~~~~~~~~~~~~~~~~~~~~~~~~~~~~~~~~~^~[m[K
[1.562s] In file included from [01m[K/usr/include/c++/13/memory:80[m[K,
[1.562s]                  from [01m[K/opt/ros/jazzy/include/rclcpp/rclcpp/rclcpp.hpp:169[m[K,
[1.562s]                  from [01m[K/home/wbk/wbk_ros_intro/src/cpp_project_onboarding/src/customer.cpp:1[m[K:
[1.562s] [01m[K/usr/include/c++/13/bits/shared_ptr.h:1005:5:[m[K [01;36m[Knote: [m[Kcandidate: ‘[01m[Ktemplate<class _Tp, class ... _Args> std::shared_ptr<typename std::enable_if<(! std::is_array< <template-parameter-1-1> >::value), _Tp>::type> std::[01;32m[Kmake_shared[m[K(_Args&& ...)[m[K’
[1.562s]  1005 |     [01;36m[Kmake_shared[m[K(_Args&&... __args)
[1.563s]       |     [01;36m[K^~~~~~~~~~~[m[K
[1.563s] [01m[K/usr/include/c++/13/bits/shared_ptr.h:1005:5:[m[K [01;36m[Knote: [m[K  template argument deduction/substitution failed:
[1.563s] [01m[K/home/wbk/wbk_ros_intro/src/cpp_project_onboarding/src/customer.cpp:49:53:[m[K [01;31m[Kerror: [m[Ktemplate argument 1 is invalid
[1.563s]    49 |     rclcpp::spin([01;31m[Kstd::make_shared<MinimalSubscriber>()[m[K);
[1.563s]       |                  [01;31m[K~~~~~~~~~~~~~~~~~~~~~~~~~~~~~~~~~~~^~[m[K
[2.825s] gmake[2]: *** [CMakeFiles/customersubscriber.dir/build.make:76: CMakeFiles/customersubscriber.dir/src/customer.cpp.o] Error 1
[2.825s] gmake[1]: *** [CMakeFiles/Makefile2:167: CMakeFiles/customersubscriber.dir/all] Error 2
[2.826s] gmake: *** [Makefile:146: all] Error 2
[2.828s] Invoked command in '/home/wbk/wbk_ros_intro/build/cpp_project_onboarding' returned '2': CMAKE_PREFIX_PATH=${CMAKE_PREFIX_PATH}:/opt/ros/jazzy /usr/bin/cmake --build /home/wbk/wbk_ros_intro/build/cpp_project_onboarding -- -j20 -l20
