[  2%] Built target more_interfaces__rosidl_generator_type_description
[  2%] Built target ament_cmake_python_copy_more_interfaces
[  5%] Built target more_interfaces__cpp
[ 19%] Built target more_interfaces__rosidl_generator_c
[ 27%] Built target more_interfaces__rosidl_typesupport_c
[ 36%] Built target more_interfaces__rosidl_typesupport_fastrtps_cpp
[ 52%] Built target more_interfaces__rosidl_typesupport_fastrtps_c
[ 52%] Built target more_interfaces__rosidl_typesupport_introspection_cpp
[ 61%] Built target more_interfaces__rosidl_typesupport_introspection_c
[ 69%] Built target more_interfaces__rosidl_typesupport_cpp
[ 69%] Built target more_interfaces
[ 72%] [32mBuilding CXX object CMakeFiles/server.dir/src/server.cpp.o[0m
[ 75%] Built target more_interfaces__py
[ 77%] [32mBuilding C object CMakeFiles/more_interfaces__rosidl_generator_py.dir/rosidl_generator_py/more_interfaces/msg/_concert_info_s.c.o[0m
running egg_info
writing more_interfaces.egg-info/PKG-INFO
writing dependency_links to more_interfaces.egg-info/dependency_links.txt
writing top-level names to more_interfaces.egg-info/top_level.txt
reading manifest file 'more_interfaces.egg-info/SOURCES.txt'
writing manifest file 'more_interfaces.egg-info/SOURCES.txt'
[ 77%] Built target ament_cmake_python_build_more_interfaces_egg
[01m[K/home/wbk/wbk_ros_intro/src/more_interfaces/src/server.cpp:5:10:[m[K [01;31m[Kfatal error: [m[Kmore_interfaces/msg/ConcertInfo.msg: No such file or directory
    5 | #include [01;31m[K"more_interfaces/msg/ConcertInfo.msg"[m[K
      |          [01;31m[K^~~~~~~~~~~~~~~~~~~~~~~~~~~~~~~~~~~~~[m[K
compilation terminated.
gmake[2]: *** [CMakeFiles/server.dir/build.make:76: CMakeFiles/server.dir/src/server.cpp.o] Error 1
gmake[1]: *** [CMakeFiles/Makefile2:625: CMakeFiles/server.dir/all] Error 2
gmake[1]: *** Waiting for unfinished jobs....
[ 80%] [32m[1mLinking C shared library libmore_interfaces__rosidl_generator_py.so[0m
[ 80%] Built target more_interfaces__rosidl_generator_py
gmake: *** [Makefile:146: all] Error 2
