[0.009s] Invoking command in '/home/wbk/wbk_ros_intro/build/cpp_project_onboarding': CMAKE_PREFIX_PATH=${CMAKE_PREFIX_PATH}:/opt/ros/jazzy /usr/bin/cmake --build /home/wbk/wbk_ros_intro/build/cpp_project_onboarding -- -j20 -l20
[0.029s] -- Found ament_cmake: 2.5.4 (/opt/ros/jazzy/share/ament_cmake/cmake)
[0.169s] -- Found rclcpp: 28.1.11 (/opt/ros/jazzy/share/rclcpp/cmake)
[0.185s] -- Found rosidl_generator_c: 4.6.6 (/opt/ros/jazzy/share/rosidl_generator_c/cmake)
[0.190s] -- Found rosidl_generator_cpp: 4.6.6 (/opt/ros/jazzy/share/rosidl_generator_cpp/cmake)
[0.197s] -- Using all available rosidl_typesupport_c: rosidl_typesupport_fastrtps_c;rosidl_typesupport_introspection_c
[0.205s] -- Using all available rosidl_typesupport_cpp: rosidl_typesupport_fastrtps_cpp;rosidl_typesupport_introspection_cpp
[0.244s] -- Found rmw_implementation_cmake: 7.3.2 (/opt/ros/jazzy/share/rmw_implementation_cmake/cmake)
[0.245s] -- Found rmw_fastrtps_cpp: 8.4.3 (/opt/ros/jazzy/share/rmw_fastrtps_cpp/cmake)
[0.283s] -- Using RMW implementation 'rmw_fastrtps_cpp' as default
[0.382s] -- Configuring done (0.4s)
[0.391s] -- Generating done (0.0s)
[0.394s] -- Build files have been written to: /home/wbk/wbk_ros_intro/build/cpp_project_onboarding
[0.418s] [ 33%] [32mBuilding CXX object CMakeFiles/musician.dir/src/musician.cpp.o[0m
[0.418s] [ 33%] [32mBuilding CXX object CMakeFiles/concertserver.dir/src/concertserver.cpp.o[0m
[0.418s] [ 50%] [32mBuilding CXX object CMakeFiles/customer.dir/src/customer.cpp.o[0m
[0.424s] [01m[K/home/wbk/wbk_ros_intro/src/cpp_project_onboarding/src/musician.cpp:1:10:[m[K [01;31m[Kfatal error: [m[Krclcpp/rclcpp.hpp: No such file or directory
[0.424s]     1 | #include [01;31m[K"rclcpp/rclcpp.hpp"[m[K
[0.424s]       |          [01;31m[K^~~~~~~~~~~~~~~~~~~[m[K
[0.424s] compilation terminated.
[0.424s] gmake[2]: *** [CMakeFiles/musician.dir/build.make:76: CMakeFiles/musician.dir/src/musician.cpp.o] Error 1
[0.424s] gmake[1]: *** [CMakeFiles/Makefile2:193: CMakeFiles/musician.dir/all] Error 2
[0.424s] gmake[1]: *** Waiting for unfinished jobs....
[2.377s] [ 66%] [32m[1mLinking CXX executable customer[0m
[2.381s] [ 83%] [32m[1mLinking CXX executable concertserver[0m
[2.451s] [ 83%] Built target customer
[2.452s] [ 83%] Built target concertserver
[2.452s] gmake: *** [Makefile:146: all] Error 2
[2.454s] Invoked command in '/home/wbk/wbk_ros_intro/build/cpp_project_onboarding' returned '2': CMAKE_PREFIX_PATH=${CMAKE_PREFIX_PATH}:/opt/ros/jazzy /usr/bin/cmake --build /home/wbk/wbk_ros_intro/build/cpp_project_onboarding -- -j20 -l20
