[0.021s] Invoking command in '/home/wbk/wbk_ros_intro/build/cpp_project_onboarding': CMAKE_PREFIX_PATH=${CMAKE_PREFIX_PATH}:/opt/ros/jazzy /usr/bin/cmake --build /home/wbk/wbk_ros_intro/build/cpp_project_onboarding -- -j20 -l20
[0.109s] -- Found ament_cmake: 2.5.4 (/opt/ros/jazzy/share/ament_cmake/cmake)
[0.300s] -- Found rclcpp: 28.1.11 (/opt/ros/jazzy/share/rclcpp/cmake)
[0.385s] -- Found rosidl_generator_c: 4.6.6 (/opt/ros/jazzy/share/rosidl_generator_c/cmake)
[0.397s] -- Found rosidl_generator_cpp: 4.6.6 (/opt/ros/jazzy/share/rosidl_generator_cpp/cmake)
[0.416s] -- Using all available rosidl_typesupport_c: rosidl_typesupport_fastrtps_c;rosidl_typesupport_introspection_c
[0.437s] -- Using all available rosidl_typesupport_cpp: rosidl_typesupport_fastrtps_cpp;rosidl_typesupport_introspection_cpp
[0.522s] -- Found rmw_implementation_cmake: 7.3.2 (/opt/ros/jazzy/share/rmw_implementation_cmake/cmake)
[0.525s] -- Found rmw_fastrtps_cpp: 8.4.3 (/opt/ros/jazzy/share/rmw_fastrtps_cpp/cmake)
[0.607s] -- Using RMW implementation 'rmw_fastrtps_cpp' as default
[0.689s] [31mCMake Error at CMakeLists.txt:15 (add_executable):
[0.690s]   add_executable cannot create target "client" because another target with
[0.690s]   the same name already exists.  The existing target is an executable created
[0.690s]   in source directory "/home/wbk/wbk_ros_intro/src/cpp_project_onboarding".
[0.690s]   See documentation for policy CMP0002 for more details.
[0.690s] 
[0.690s] [0m
[0.765s] -- Configuring incomplete, errors occurred!
[0.775s] gmake: *** [Makefile:308: cmake_check_build_system] Error 1
[0.777s] Invoked command in '/home/wbk/wbk_ros_intro/build/cpp_project_onboarding' returned '2': CMAKE_PREFIX_PATH=${CMAKE_PREFIX_PATH}:/opt/ros/jazzy /usr/bin/cmake --build /home/wbk/wbk_ros_intro/build/cpp_project_onboarding -- -j20 -l20
