[0.011s] Invoking command in '/home/wbk/wbk_ros_intro/ros2_ws/build/interfaces': CMAKE_PREFIX_PATH=${CMAKE_PREFIX_PATH}:/home/wbk/wbk_ros_intro/ros2_ws/install/service_client:/opt/ros/jazzy /usr/bin/cmake --build /home/wbk/wbk_ros_intro/ros2_ws/build/interfaces -- -j16 -l16
[0.058s] [  2%] Built target interfaces__rosidl_generator_type_description
[0.067s] [  2%] Built target ament_cmake_python_copy_interfaces
[0.077s] [  4%] Built target interfaces__cpp
[0.081s] [ 22%] Built target interfaces__rosidl_generator_c
[0.106s] [ 31%] Built target interfaces__rosidl_typesupport_c
[0.106s] [ 40%] Built target interfaces__rosidl_typesupport_cpp
[0.111s] [ 59%] Built target interfaces__rosidl_typesupport_introspection_c
[0.111s] [ 59%] Built target interfaces__rosidl_typesupport_fastrtps_c
[0.114s] [ 68%] Built target interfaces__rosidl_typesupport_fastrtps_cpp
[0.115s] [ 77%] Built target interfaces__rosidl_typesupport_introspection_cpp
[0.136s] [ 77%] Built target interfaces
[0.156s] [ 79%] Built target interfaces__py
[0.179s] [ 86%] Built target interfaces__rosidl_generator_py
[0.203s] [ 90%] Built target interfaces_s__rosidl_typesupport_introspection_c
[0.203s] [ 95%] Built target interfaces_s__rosidl_typesupport_c
[0.204s] [100%] Built target interfaces_s__rosidl_typesupport_fastrtps_c
[0.224s] running egg_info
[0.236s] writing interfaces.egg-info/PKG-INFO
[0.236s] writing dependency_links to interfaces.egg-info/dependency_links.txt
[0.236s] writing top-level names to interfaces.egg-info/top_level.txt
[0.266s] reading manifest file 'interfaces.egg-info/SOURCES.txt'
[0.267s] writing manifest file 'interfaces.egg-info/SOURCES.txt'
[0.292s] [100%] Built target ament_cmake_python_build_interfaces_egg
[0.304s] Invoked command in '/home/wbk/wbk_ros_intro/ros2_ws/build/interfaces' returned '0': CMAKE_PREFIX_PATH=${CMAKE_PREFIX_PATH}:/home/wbk/wbk_ros_intro/ros2_ws/install/service_client:/opt/ros/jazzy /usr/bin/cmake --build /home/wbk/wbk_ros_intro/ros2_ws/build/interfaces -- -j16 -l16
[0.314s] Invoking command in '/home/wbk/wbk_ros_intro/ros2_ws/build/interfaces': CMAKE_PREFIX_PATH=${CMAKE_PREFIX_PATH}:/home/wbk/wbk_ros_intro/ros2_ws/install/service_client:/opt/ros/jazzy /usr/bin/cmake --install /home/wbk/wbk_ros_intro/ros2_ws/build/interfaces
[0.323s] -- Install configuration: ""
[0.323s] -- Up-to-date: /home/wbk/wbk_ros_intro/ros2_ws/install/interfaces/share/ament_index/resource_index/rosidl_interfaces/interfaces
[0.323s] -- Up-to-date: /home/wbk/wbk_ros_intro/ros2_ws/install/interfaces/share/interfaces/msg/Num.json
[0.323s] -- Up-to-date: /home/wbk/wbk_ros_intro/ros2_ws/install/interfaces/share/interfaces/srv/BuyTicket.json
[0.323s] -- Up-to-date: /home/wbk/wbk_ros_intro/ros2_ws/install/interfaces/include/interfaces/interfaces
[0.323s] -- Up-to-date: /home/wbk/wbk_ros_intro/ros2_ws/install/interfaces/include/interfaces/interfaces/srv
[0.324s] -- Up-to-date: /home/wbk/wbk_ros_intro/ros2_ws/install/interfaces/include/interfaces/interfaces/srv/detail
[0.324s] -- Up-to-date: /home/wbk/wbk_ros_intro/ros2_ws/install/interfaces/include/interfaces/interfaces/srv/detail/buy_ticket__description.c
[0.324s] -- Up-to-date: /home/wbk/wbk_ros_intro/ros2_ws/install/interfaces/include/interfaces/interfaces/srv/detail/buy_ticket__struct.h
[0.324s] -- Up-to-date: /home/wbk/wbk_ros_intro/ros2_ws/install/interfaces/include/interfaces/interfaces/srv/detail/buy_ticket__functions.h
[0.325s] -- Up-to-date: /home/wbk/wbk_ros_intro/ros2_ws/install/interfaces/include/interfaces/interfaces/srv/detail/buy_ticket__functions.c
[0.325s] -- Up-to-date: /home/wbk/wbk_ros_intro/ros2_ws/install/interfaces/include/interfaces/interfaces/srv/detail/buy_ticket__type_support.c
[0.325s] -- Up-to-date: /home/wbk/wbk_ros_intro/ros2_ws/install/interfaces/include/interfaces/interfaces/srv/detail/buy_ticket__type_support.h
[0.325s] -- Up-to-date: /home/wbk/wbk_ros_intro/ros2_ws/install/interfaces/include/interfaces/interfaces/srv/buy_ticket.h
[0.326s] -- Up-to-date: /home/wbk/wbk_ros_intro/ros2_ws/install/interfaces/include/interfaces/interfaces/msg
[0.326s] -- Up-to-date: /home/wbk/wbk_ros_intro/ros2_ws/install/interfaces/include/interfaces/interfaces/msg/detail
[0.326s] -- Up-to-date: /home/wbk/wbk_ros_intro/ros2_ws/install/interfaces/include/interfaces/interfaces/msg/detail/num__type_support.c
[0.326s] -- Up-to-date: /home/wbk/wbk_ros_intro/ros2_ws/install/interfaces/include/interfaces/interfaces/msg/detail/num__type_support.h
[0.326s] -- Up-to-date: /home/wbk/wbk_ros_intro/ros2_ws/install/interfaces/include/interfaces/interfaces/msg/detail/num__description.c
[0.326s] -- Up-to-date: /home/wbk/wbk_ros_intro/ros2_ws/install/interfaces/include/interfaces/interfaces/msg/detail/num__struct.h
[0.326s] -- Up-to-date: /home/wbk/wbk_ros_intro/ros2_ws/install/interfaces/include/interfaces/interfaces/msg/detail/num__functions.h
[0.326s] -- Up-to-date: /home/wbk/wbk_ros_intro/ros2_ws/install/interfaces/include/interfaces/interfaces/msg/detail/num__functions.c
[0.326s] -- Up-to-date: /home/wbk/wbk_ros_intro/ros2_ws/install/interfaces/include/interfaces/interfaces/msg/num.h
[0.326s] -- Up-to-date: /home/wbk/wbk_ros_intro/ros2_ws/install/interfaces/include/interfaces/interfaces/msg/rosidl_generator_c__visibility_control.h
[0.326s] -- Up-to-date: /home/wbk/wbk_ros_intro/ros2_ws/install/interfaces/share/interfaces/environment/library_path.sh
[0.326s] -- Up-to-date: /home/wbk/wbk_ros_intro/ros2_ws/install/interfaces/share/interfaces/environment/library_path.dsv
[0.326s] -- Up-to-date: /home/wbk/wbk_ros_intro/ros2_ws/install/interfaces/lib/libinterfaces__rosidl_generator_c.so
[0.326s] -- Up-to-date: /home/wbk/wbk_ros_intro/ros2_ws/install/interfaces/include/interfaces/interfaces
[0.326s] -- Up-to-date: /home/wbk/wbk_ros_intro/ros2_ws/install/interfaces/include/interfaces/interfaces/srv
[0.327s] -- Up-to-date: /home/wbk/wbk_ros_intro/ros2_ws/install/interfaces/include/interfaces/interfaces/srv/detail
[0.327s] -- Up-to-date: /home/wbk/wbk_ros_intro/ros2_ws/install/interfaces/include/interfaces/interfaces/srv/detail/buy_ticket__rosidl_typesupport_fastrtps_c.h
[0.327s] -- Up-to-date: /home/wbk/wbk_ros_intro/ros2_ws/install/interfaces/include/interfaces/interfaces/msg
[0.327s] -- Up-to-date: /home/wbk/wbk_ros_intro/ros2_ws/install/interfaces/include/interfaces/interfaces/msg/detail
[0.327s] -- Up-to-date: /home/wbk/wbk_ros_intro/ros2_ws/install/interfaces/include/interfaces/interfaces/msg/detail/num__rosidl_typesupport_fastrtps_c.h
[0.327s] -- Up-to-date: /home/wbk/wbk_ros_intro/ros2_ws/install/interfaces/include/interfaces/interfaces/msg/rosidl_typesupport_fastrtps_c__visibility_control.h
[0.327s] -- Up-to-date: /home/wbk/wbk_ros_intro/ros2_ws/install/interfaces/lib/libinterfaces__rosidl_typesupport_fastrtps_c.so
[0.327s] -- Up-to-date: /home/wbk/wbk_ros_intro/ros2_ws/install/interfaces/include/interfaces/interfaces
[0.327s] -- Up-to-date: /home/wbk/wbk_ros_intro/ros2_ws/install/interfaces/include/interfaces/interfaces/srv
[0.327s] -- Up-to-date: /home/wbk/wbk_ros_intro/ros2_ws/install/interfaces/include/interfaces/interfaces/srv/detail
[0.327s] -- Up-to-date: /home/wbk/wbk_ros_intro/ros2_ws/install/interfaces/include/interfaces/interfaces/srv/detail/buy_ticket__type_support.hpp
[0.327s] -- Up-to-date: /home/wbk/wbk_ros_intro/ros2_ws/install/interfaces/include/interfaces/interfaces/srv/detail/buy_ticket__struct.hpp
[0.327s] -- Up-to-date: /home/wbk/wbk_ros_intro/ros2_ws/install/interfaces/include/interfaces/interfaces/srv/detail/buy_ticket__traits.hpp
[0.328s] -- Up-to-date: /home/wbk/wbk_ros_intro/ros2_ws/install/interfaces/include/interfaces/interfaces/srv/detail/buy_ticket__builder.hpp
[0.328s] -- Up-to-date: /home/wbk/wbk_ros_intro/ros2_ws/install/interfaces/include/interfaces/interfaces/srv/buy_ticket.hpp
[0.328s] -- Up-to-date: /home/wbk/wbk_ros_intro/ros2_ws/install/interfaces/include/interfaces/interfaces/msg
[0.328s] -- Up-to-date: /home/wbk/wbk_ros_intro/ros2_ws/install/interfaces/include/interfaces/interfaces/msg/rosidl_generator_cpp__visibility_control.hpp
[0.328s] -- Up-to-date: /home/wbk/wbk_ros_intro/ros2_ws/install/interfaces/include/interfaces/interfaces/msg/detail
[0.328s] -- Up-to-date: /home/wbk/wbk_ros_intro/ros2_ws/install/interfaces/include/interfaces/interfaces/msg/detail/num__struct.hpp
[0.328s] -- Up-to-date: /home/wbk/wbk_ros_intro/ros2_ws/install/interfaces/include/interfaces/interfaces/msg/detail/num__builder.hpp
[0.328s] -- Up-to-date: /home/wbk/wbk_ros_intro/ros2_ws/install/interfaces/include/interfaces/interfaces/msg/detail/num__type_support.hpp
[0.328s] -- Up-to-date: /home/wbk/wbk_ros_intro/ros2_ws/install/interfaces/include/interfaces/interfaces/msg/detail/num__traits.hpp
[0.328s] -- Up-to-date: /home/wbk/wbk_ros_intro/ros2_ws/install/interfaces/include/interfaces/interfaces/msg/num.hpp
[0.328s] -- Up-to-date: /home/wbk/wbk_ros_intro/ros2_ws/install/interfaces/include/interfaces/interfaces
[0.328s] -- Up-to-date: /home/wbk/wbk_ros_intro/ros2_ws/install/interfaces/include/interfaces/interfaces/srv
[0.328s] -- Up-to-date: /home/wbk/wbk_ros_intro/ros2_ws/install/interfaces/include/interfaces/interfaces/srv/detail
[0.328s] -- Up-to-date: /home/wbk/wbk_ros_intro/ros2_ws/install/interfaces/include/interfaces/interfaces/srv/detail/buy_ticket__rosidl_typesupport_fastrtps_cpp.hpp
[0.328s] -- Up-to-date: /home/wbk/wbk_ros_intro/ros2_ws/install/interfaces/include/interfaces/interfaces/srv/detail/dds_fastrtps
[0.328s] -- Up-to-date: /home/wbk/wbk_ros_intro/ros2_ws/install/interfaces/include/interfaces/interfaces/msg
[0.328s] -- Up-to-date: /home/wbk/wbk_ros_intro/ros2_ws/install/interfaces/include/interfaces/interfaces/msg/detail
[0.328s] -- Up-to-date: /home/wbk/wbk_ros_intro/ros2_ws/install/interfaces/include/interfaces/interfaces/msg/detail/num__rosidl_typesupport_fastrtps_cpp.hpp
[0.328s] -- Up-to-date: /home/wbk/wbk_ros_intro/ros2_ws/install/interfaces/include/interfaces/interfaces/msg/detail/dds_fastrtps
[0.328s] -- Up-to-date: /home/wbk/wbk_ros_intro/ros2_ws/install/interfaces/include/interfaces/interfaces/msg/rosidl_typesupport_fastrtps_cpp__visibility_control.h
[0.328s] -- Up-to-date: /home/wbk/wbk_ros_intro/ros2_ws/install/interfaces/lib/libinterfaces__rosidl_typesupport_fastrtps_cpp.so
[0.328s] -- Up-to-date: /home/wbk/wbk_ros_intro/ros2_ws/install/interfaces/include/interfaces/interfaces
[0.328s] -- Up-to-date: /home/wbk/wbk_ros_intro/ros2_ws/install/interfaces/include/interfaces/interfaces/srv
[0.328s] -- Up-to-date: /home/wbk/wbk_ros_intro/ros2_ws/install/interfaces/include/interfaces/interfaces/srv/detail
[0.329s] -- Up-to-date: /home/wbk/wbk_ros_intro/ros2_ws/install/interfaces/include/interfaces/interfaces/srv/detail/buy_ticket__rosidl_typesupport_introspection_c.h
[0.329s] -- Up-to-date: /home/wbk/wbk_ros_intro/ros2_ws/install/interfaces/include/interfaces/interfaces/srv/detail/buy_ticket__type_support.c
[0.329s] -- Up-to-date: /home/wbk/wbk_ros_intro/ros2_ws/install/interfaces/include/interfaces/interfaces/msg
[0.329s] -- Up-to-date: /home/wbk/wbk_ros_intro/ros2_ws/install/interfaces/include/interfaces/interfaces/msg/detail
[0.329s] -- Up-to-date: /home/wbk/wbk_ros_intro/ros2_ws/install/interfaces/include/interfaces/interfaces/msg/detail/num__type_support.c
[0.329s] -- Up-to-date: /home/wbk/wbk_ros_intro/ros2_ws/install/interfaces/include/interfaces/interfaces/msg/detail/num__rosidl_typesupport_introspection_c.h
[0.329s] -- Up-to-date: /home/wbk/wbk_ros_intro/ros2_ws/install/interfaces/include/interfaces/interfaces/msg/rosidl_typesupport_introspection_c__visibility_control.h
[0.329s] -- Up-to-date: /home/wbk/wbk_ros_intro/ros2_ws/install/interfaces/lib/libinterfaces__rosidl_typesupport_introspection_c.so
[0.329s] -- Up-to-date: /home/wbk/wbk_ros_intro/ros2_ws/install/interfaces/lib/libinterfaces__rosidl_typesupport_c.so
[0.329s] -- Up-to-date: /home/wbk/wbk_ros_intro/ros2_ws/install/interfaces/include/interfaces/interfaces
[0.329s] -- Up-to-date: /home/wbk/wbk_ros_intro/ros2_ws/install/interfaces/include/interfaces/interfaces/srv
[0.329s] -- Up-to-date: /home/wbk/wbk_ros_intro/ros2_ws/install/interfaces/include/interfaces/interfaces/srv/detail
[0.329s] -- Up-to-date: /home/wbk/wbk_ros_intro/ros2_ws/install/interfaces/include/interfaces/interfaces/srv/detail/buy_ticket__type_support.cpp
[0.329s] -- Up-to-date: /home/wbk/wbk_ros_intro/ros2_ws/install/interfaces/include/interfaces/interfaces/srv/detail/buy_ticket__rosidl_typesupport_introspection_cpp.hpp
[0.329s] -- Up-to-date: /home/wbk/wbk_ros_intro/ros2_ws/install/interfaces/include/interfaces/interfaces/msg
[0.329s] -- Up-to-date: /home/wbk/wbk_ros_intro/ros2_ws/install/interfaces/include/interfaces/interfaces/msg/detail
[0.329s] -- Up-to-date: /home/wbk/wbk_ros_intro/ros2_ws/install/interfaces/include/interfaces/interfaces/msg/detail/num__rosidl_typesupport_introspection_cpp.hpp
[0.329s] -- Up-to-date: /home/wbk/wbk_ros_intro/ros2_ws/install/interfaces/include/interfaces/interfaces/msg/detail/num__type_support.cpp
[0.329s] -- Up-to-date: /home/wbk/wbk_ros_intro/ros2_ws/install/interfaces/lib/libinterfaces__rosidl_typesupport_introspection_cpp.so
[0.330s] -- Up-to-date: /home/wbk/wbk_ros_intro/ros2_ws/install/interfaces/lib/libinterfaces__rosidl_typesupport_cpp.so
[0.330s] -- Up-to-date: /home/wbk/wbk_ros_intro/ros2_ws/install/interfaces/share/interfaces/environment/pythonpath.sh
[0.330s] -- Up-to-date: /home/wbk/wbk_ros_intro/ros2_ws/install/interfaces/share/interfaces/environment/pythonpath.dsv
[0.330s] -- Up-to-date: /home/wbk/wbk_ros_intro/ros2_ws/install/interfaces/lib/python3.12/site-packages/interfaces-0.0.0-py3.12.egg-info
[0.330s] -- Installing: /home/wbk/wbk_ros_intro/ros2_ws/install/interfaces/lib/python3.12/site-packages/interfaces-0.0.0-py3.12.egg-info/PKG-INFO
[0.330s] -- Installing: /home/wbk/wbk_ros_intro/ros2_ws/install/interfaces/lib/python3.12/site-packages/interfaces-0.0.0-py3.12.egg-info/top_level.txt
[0.330s] -- Installing: /home/wbk/wbk_ros_intro/ros2_ws/install/interfaces/lib/python3.12/site-packages/interfaces-0.0.0-py3.12.egg-info/SOURCES.txt
[0.330s] -- Installing: /home/wbk/wbk_ros_intro/ros2_ws/install/interfaces/lib/python3.12/site-packages/interfaces-0.0.0-py3.12.egg-info/dependency_links.txt
[0.330s] -- Up-to-date: /home/wbk/wbk_ros_intro/ros2_ws/install/interfaces/lib/python3.12/site-packages/interfaces
[0.330s] -- Up-to-date: /home/wbk/wbk_ros_intro/ros2_ws/install/interfaces/lib/python3.12/site-packages/interfaces/interfaces_s__rosidl_typesupport_c.so
[0.330s] -- Up-to-date: /home/wbk/wbk_ros_intro/ros2_ws/install/interfaces/lib/python3.12/site-packages/interfaces/interfaces_s__rosidl_typesupport_fastrtps_c.so
[0.330s] -- Up-to-date: /home/wbk/wbk_ros_intro/ros2_ws/install/interfaces/lib/python3.12/site-packages/interfaces/srv
[0.330s] -- Up-to-date: /home/wbk/wbk_ros_intro/ros2_ws/install/interfaces/lib/python3.12/site-packages/interfaces/srv/__init__.py
[0.330s] -- Up-to-date: /home/wbk/wbk_ros_intro/ros2_ws/install/interfaces/lib/python3.12/site-packages/interfaces/srv/_buy_ticket.py
[0.330s] -- Up-to-date: /home/wbk/wbk_ros_intro/ros2_ws/install/interfaces/lib/python3.12/site-packages/interfaces/srv/_buy_ticket_s.c
[0.330s] -- Up-to-date: /home/wbk/wbk_ros_intro/ros2_ws/install/interfaces/lib/python3.12/site-packages/interfaces/__init__.py
[0.330s] -- Up-to-date: /home/wbk/wbk_ros_intro/ros2_ws/install/interfaces/lib/python3.12/site-packages/interfaces/msg
[0.330s] -- Up-to-date: /home/wbk/wbk_ros_intro/ros2_ws/install/interfaces/lib/python3.12/site-packages/interfaces/msg/_num.py
[0.330s] -- Up-to-date: /home/wbk/wbk_ros_intro/ros2_ws/install/interfaces/lib/python3.12/site-packages/interfaces/msg/__init__.py
[0.330s] -- Up-to-date: /home/wbk/wbk_ros_intro/ros2_ws/install/interfaces/lib/python3.12/site-packages/interfaces/msg/_num_s.c
[0.330s] -- Up-to-date: /home/wbk/wbk_ros_intro/ros2_ws/install/interfaces/lib/python3.12/site-packages/interfaces/_interfaces_s.ep.rosidl_typesupport_fastrtps_c.c
[0.330s] -- Up-to-date: /home/wbk/wbk_ros_intro/ros2_ws/install/interfaces/lib/python3.12/site-packages/interfaces/_interfaces_s.ep.rosidl_typesupport_c.c
[0.330s] -- Up-to-date: /home/wbk/wbk_ros_intro/ros2_ws/install/interfaces/lib/python3.12/site-packages/interfaces/_interfaces_s.ep.rosidl_typesupport_introspection_c.c
[0.330s] -- Up-to-date: /home/wbk/wbk_ros_intro/ros2_ws/install/interfaces/lib/python3.12/site-packages/interfaces/interfaces_s__rosidl_typesupport_introspection_c.so
[0.359s] Listing '/home/wbk/wbk_ros_intro/ros2_ws/install/interfaces/lib/python3.12/site-packages/interfaces'...
[0.359s] Listing '/home/wbk/wbk_ros_intro/ros2_ws/install/interfaces/lib/python3.12/site-packages/interfaces/msg'...
[0.359s] Listing '/home/wbk/wbk_ros_intro/ros2_ws/install/interfaces/lib/python3.12/site-packages/interfaces/srv'...
[0.364s] -- Up-to-date: /home/wbk/wbk_ros_intro/ros2_ws/install/interfaces/lib/python3.12/site-packages/interfaces/interfaces_s__rosidl_typesupport_fastrtps_c.so
[0.365s] -- Up-to-date: /home/wbk/wbk_ros_intro/ros2_ws/install/interfaces/lib/python3.12/site-packages/interfaces/interfaces_s__rosidl_typesupport_introspection_c.so
[0.365s] -- Up-to-date: /home/wbk/wbk_ros_intro/ros2_ws/install/interfaces/lib/python3.12/site-packages/interfaces/interfaces_s__rosidl_typesupport_c.so
[0.366s] -- Up-to-date: /home/wbk/wbk_ros_intro/ros2_ws/install/interfaces/lib/libinterfaces__rosidl_generator_py.so
[0.366s] -- Up-to-date: /home/wbk/wbk_ros_intro/ros2_ws/install/interfaces/share/interfaces/msg/Num.idl
[0.366s] -- Up-to-date: /home/wbk/wbk_ros_intro/ros2_ws/install/interfaces/share/interfaces/srv/BuyTicket.idl
[0.366s] -- Up-to-date: /home/wbk/wbk_ros_intro/ros2_ws/install/interfaces/share/interfaces/msg/Num.msg
[0.366s] -- Up-to-date: /home/wbk/wbk_ros_intro/ros2_ws/install/interfaces/share/interfaces/srv/BuyTicket.srv
[0.366s] -- Up-to-date: /home/wbk/wbk_ros_intro/ros2_ws/install/interfaces/share/ament_index/resource_index/package_run_dependencies/interfaces
[0.366s] -- Up-to-date: /home/wbk/wbk_ros_intro/ros2_ws/install/interfaces/share/ament_index/resource_index/parent_prefix_path/interfaces
[0.367s] -- Up-to-date: /home/wbk/wbk_ros_intro/ros2_ws/install/interfaces/share/interfaces/environment/ament_prefix_path.sh
[0.367s] -- Up-to-date: /home/wbk/wbk_ros_intro/ros2_ws/install/interfaces/share/interfaces/environment/ament_prefix_path.dsv
[0.367s] -- Up-to-date: /home/wbk/wbk_ros_intro/ros2_ws/install/interfaces/share/interfaces/environment/path.sh
[0.367s] -- Up-to-date: /home/wbk/wbk_ros_intro/ros2_ws/install/interfaces/share/interfaces/environment/path.dsv
[0.367s] -- Up-to-date: /home/wbk/wbk_ros_intro/ros2_ws/install/interfaces/share/interfaces/local_setup.bash
[0.367s] -- Up-to-date: /home/wbk/wbk_ros_intro/ros2_ws/install/interfaces/share/interfaces/local_setup.sh
[0.367s] -- Up-to-date: /home/wbk/wbk_ros_intro/ros2_ws/install/interfaces/share/interfaces/local_setup.zsh
[0.367s] -- Up-to-date: /home/wbk/wbk_ros_intro/ros2_ws/install/interfaces/share/interfaces/local_setup.dsv
[0.367s] -- Installing: /home/wbk/wbk_ros_intro/ros2_ws/install/interfaces/share/interfaces/package.dsv
[0.367s] -- Up-to-date: /home/wbk/wbk_ros_intro/ros2_ws/install/interfaces/share/ament_index/resource_index/packages/interfaces
[0.367s] -- Up-to-date: /home/wbk/wbk_ros_intro/ros2_ws/install/interfaces/share/interfaces/cmake/export_interfaces__rosidl_generator_cExport.cmake
[0.368s] -- Up-to-date: /home/wbk/wbk_ros_intro/ros2_ws/install/interfaces/share/interfaces/cmake/export_interfaces__rosidl_generator_cExport-noconfig.cmake
[0.368s] -- Up-to-date: /home/wbk/wbk_ros_intro/ros2_ws/install/interfaces/share/interfaces/cmake/export_interfaces__rosidl_typesupport_fastrtps_cExport.cmake
[0.368s] -- Up-to-date: /home/wbk/wbk_ros_intro/ros2_ws/install/interfaces/share/interfaces/cmake/export_interfaces__rosidl_typesupport_fastrtps_cExport-noconfig.cmake
[0.368s] -- Up-to-date: /home/wbk/wbk_ros_intro/ros2_ws/install/interfaces/share/interfaces/cmake/export_interfaces__rosidl_generator_cppExport.cmake
[0.368s] -- Up-to-date: /home/wbk/wbk_ros_intro/ros2_ws/install/interfaces/share/interfaces/cmake/export_interfaces__rosidl_typesupport_fastrtps_cppExport.cmake
[0.368s] -- Up-to-date: /home/wbk/wbk_ros_intro/ros2_ws/install/interfaces/share/interfaces/cmake/export_interfaces__rosidl_typesupport_fastrtps_cppExport-noconfig.cmake
[0.368s] -- Up-to-date: /home/wbk/wbk_ros_intro/ros2_ws/install/interfaces/share/interfaces/cmake/interfaces__rosidl_typesupport_introspection_cExport.cmake
[0.368s] -- Up-to-date: /home/wbk/wbk_ros_intro/ros2_ws/install/interfaces/share/interfaces/cmake/interfaces__rosidl_typesupport_introspection_cExport-noconfig.cmake
[0.368s] -- Up-to-date: /home/wbk/wbk_ros_intro/ros2_ws/install/interfaces/share/interfaces/cmake/interfaces__rosidl_typesupport_cExport.cmake
[0.368s] -- Up-to-date: /home/wbk/wbk_ros_intro/ros2_ws/install/interfaces/share/interfaces/cmake/interfaces__rosidl_typesupport_cExport-noconfig.cmake
[0.368s] -- Up-to-date: /home/wbk/wbk_ros_intro/ros2_ws/install/interfaces/share/interfaces/cmake/interfaces__rosidl_typesupport_introspection_cppExport.cmake
[0.368s] -- Up-to-date: /home/wbk/wbk_ros_intro/ros2_ws/install/interfaces/share/interfaces/cmake/interfaces__rosidl_typesupport_introspection_cppExport-noconfig.cmake
[0.368s] -- Up-to-date: /home/wbk/wbk_ros_intro/ros2_ws/install/interfaces/share/interfaces/cmake/interfaces__rosidl_typesupport_cppExport.cmake
[0.368s] -- Up-to-date: /home/wbk/wbk_ros_intro/ros2_ws/install/interfaces/share/interfaces/cmake/interfaces__rosidl_typesupport_cppExport-noconfig.cmake
[0.368s] -- Up-to-date: /home/wbk/wbk_ros_intro/ros2_ws/install/interfaces/share/interfaces/cmake/export_interfaces__rosidl_generator_pyExport.cmake
[0.368s] -- Up-to-date: /home/wbk/wbk_ros_intro/ros2_ws/install/interfaces/share/interfaces/cmake/export_interfaces__rosidl_generator_pyExport-noconfig.cmake
[0.368s] -- Up-to-date: /home/wbk/wbk_ros_intro/ros2_ws/install/interfaces/share/interfaces/cmake/rosidl_cmake-extras.cmake
[0.369s] -- Up-to-date: /home/wbk/wbk_ros_intro/ros2_ws/install/interfaces/share/interfaces/cmake/ament_cmake_export_dependencies-extras.cmake
[0.369s] -- Up-to-date: /home/wbk/wbk_ros_intro/ros2_ws/install/interfaces/share/interfaces/cmake/ament_cmake_export_include_directories-extras.cmake
[0.369s] -- Up-to-date: /home/wbk/wbk_ros_intro/ros2_ws/install/interfaces/share/interfaces/cmake/ament_cmake_export_libraries-extras.cmake
[0.370s] -- Up-to-date: /home/wbk/wbk_ros_intro/ros2_ws/install/interfaces/share/interfaces/cmake/ament_cmake_export_targets-extras.cmake
[0.370s] -- Up-to-date: /home/wbk/wbk_ros_intro/ros2_ws/install/interfaces/share/interfaces/cmake/rosidl_cmake_export_typesupport_targets-extras.cmake
[0.370s] -- Up-to-date: /home/wbk/wbk_ros_intro/ros2_ws/install/interfaces/share/interfaces/cmake/rosidl_cmake_export_typesupport_libraries-extras.cmake
[0.371s] -- Up-to-date: /home/wbk/wbk_ros_intro/ros2_ws/install/interfaces/share/interfaces/cmake/interfacesConfig.cmake
[0.371s] -- Up-to-date: /home/wbk/wbk_ros_intro/ros2_ws/install/interfaces/share/interfaces/cmake/interfacesConfig-version.cmake
[0.371s] -- Up-to-date: /home/wbk/wbk_ros_intro/ros2_ws/install/interfaces/share/interfaces/package.xml
[0.372s] Invoked command in '/home/wbk/wbk_ros_intro/ros2_ws/build/interfaces' returned '0': CMAKE_PREFIX_PATH=${CMAKE_PREFIX_PATH}:/home/wbk/wbk_ros_intro/ros2_ws/install/service_client:/opt/ros/jazzy /usr/bin/cmake --install /home/wbk/wbk_ros_intro/ros2_ws/build/interfaces
