-- The C compiler identification is GNU 13.3.0
-- The CXX compiler identification is GNU 13.3.0
-- Detecting C compiler ABI info
-- Detecting C compiler ABI info - done
-- Check for working C compiler: /usr/bin/cc - skipped
-- Detecting C compile features
-- Detecting C compile features - done
-- Detecting CXX compiler ABI info
-- Detecting CXX compiler ABI info - done
-- Check for working CXX compiler: /usr/bin/c++ - skipped
-- Detecting CXX compile features
-- Detecting CXX compile features - done
-- Found ament_cmake: 2.5.4 (/opt/ros/jazzy/share/ament_cmake/cmake)
-- Found Python3: /usr/bin/python3 (found version "3.12.3") found components: Interpreter 
-- Found geometry_msgs: 5.3.6 (/opt/ros/jazzy/share/geometry_msgs/cmake)
-- Found rosidl_generator_c: 4.6.6 (/opt/ros/jazzy/share/rosidl_generator_c/cmake)
-- Found rosidl_generator_cpp: 4.6.6 (/opt/ros/jazzy/share/rosidl_generator_cpp/cmake)
-- Using all available rosidl_typesupport_c: rosidl_typesupport_fastrtps_c;rosidl_typesupport_introspection_c
-- Using all available rosidl_typesupport_cpp: rosidl_typesupport_fastrtps_cpp;rosidl_typesupport_introspection_cpp
-- Found rosidl_default_generators: 1.6.0 (/opt/ros/jazzy/share/rosidl_default_generators/cmake)
-- Found rosidl_adapter: 4.6.6 (/opt/ros/jazzy/share/rosidl_adapter/cmake)
-- Found ament_cmake_ros: 0.12.0 (/opt/ros/jazzy/share/ament_cmake_ros/cmake)
-- Using all available rosidl_typesupport_c: rosidl_typesupport_fastrtps_c;rosidl_typesupport_introspection_c
-- Using all available rosidl_typesupport_cpp: rosidl_typesupport_fastrtps_cpp;rosidl_typesupport_introspection_cpp
-- Found python_cmake_module: 0.11.1 (/opt/ros/jazzy/share/python_cmake_module/cmake)
-- Found PythonExtra: /usr/bin/python3  
-- Found Python3: /usr/bin/python3 (found version "3.12.3") found components: Interpreter Development NumPy Development.Module Development.Embed 
-- Found ament_lint_auto: 0.17.3 (/opt/ros/jazzy/share/ament_lint_auto/cmake)
-- Added test 'lint_cmake' to check CMake code style
-- Added test 'xmllint' to check XML markup files
-- Configuring done (3.1s)
-- Generating done (0.0s)
-- Build files have been written to: /home/wbk/wbk_ros_intro/ros2_ws/build/interfaces
[  2%] [34m[1mGenerating type hashes for ROS interfaces[0m
[  2%] Built target ament_cmake_python_copy_interfaces
running egg_info
creating interfaces.egg-info
writing interfaces.egg-info/PKG-INFO
writing dependency_links to interfaces.egg-info/dependency_links.txt
writing top-level names to interfaces.egg-info/top_level.txt
writing manifest file 'interfaces.egg-info/SOURCES.txt'
[  2%] Built target interfaces__rosidl_generator_type_description
[  4%] [34m[1mGenerating C code for ROS interfaces[0m
[  6%] [34m[1mGenerating C++ code for ROS interfaces[0m
reading manifest file 'interfaces.egg-info/SOURCES.txt'
writing manifest file 'interfaces.egg-info/SOURCES.txt'
[  6%] Built target ament_cmake_python_build_interfaces_egg
[  6%] Built target interfaces__cpp
[  9%] [32mBuilding C object CMakeFiles/interfaces__rosidl_generator_c.dir/rosidl_generator_c/interfaces/msg/detail/num__description.c.o[0m
[ 11%] [32mBuilding C object CMakeFiles/interfaces__rosidl_generator_c.dir/rosidl_generator_c/interfaces/msg/detail/num__type_support.c.o[0m
[ 13%] [32mBuilding C object CMakeFiles/interfaces__rosidl_generator_c.dir/rosidl_generator_c/interfaces/srv/detail/buy_ticket__functions.c.o[0m
[ 15%] [32mBuilding C object CMakeFiles/interfaces__rosidl_generator_c.dir/rosidl_generator_c/interfaces/msg/detail/num__functions.c.o[0m
[ 20%] [32mBuilding C object CMakeFiles/interfaces__rosidl_generator_c.dir/rosidl_generator_c/interfaces/srv/detail/buy_ticket__description.c.o[0m
[ 20%] [32mBuilding C object CMakeFiles/interfaces__rosidl_generator_c.dir/rosidl_generator_c/interfaces/srv/detail/buy_ticket__type_support.c.o[0m
[ 22%] [32m[1mLinking C shared library libinterfaces__rosidl_generator_c.so[0m
[ 22%] Built target interfaces__rosidl_generator_c
[ 29%] [34m[1mGenerating C type support for eProsima Fast-RTPS[0m
[ 29%] [34m[1mGenerating C introspection for ROS interfaces[0m
[ 29%] [34m[1mGenerating C++ type support dispatch for ROS interfaces[0m
[ 31%] [34m[1mGenerating C type support dispatch for ROS interfaces[0m
[ 36%] [34m[1mGenerating C++ introspection for ROS interfaces[0m
[ 36%] [34m[1mGenerating C++ type support for eProsima Fast-RTPS[0m
[ 38%] [32mBuilding CXX object CMakeFiles/interfaces__rosidl_typesupport_c.dir/rosidl_typesupport_c/interfaces/srv/buy_ticket__type_support.cpp.o[0m
[ 40%] [32mBuilding CXX object CMakeFiles/interfaces__rosidl_typesupport_c.dir/rosidl_typesupport_c/interfaces/msg/num__type_support.cpp.o[0m
[ 43%] [32mBuilding CXX object CMakeFiles/interfaces__rosidl_typesupport_cpp.dir/rosidl_typesupport_cpp/interfaces/msg/num__type_support.cpp.o[0m
[ 45%] [32mBuilding CXX object CMakeFiles/interfaces__rosidl_typesupport_cpp.dir/rosidl_typesupport_cpp/interfaces/srv/buy_ticket__type_support.cpp.o[0m
[ 47%] [32mBuilding CXX object CMakeFiles/interfaces__rosidl_typesupport_fastrtps_cpp.dir/rosidl_typesupport_fastrtps_cpp/interfaces/msg/detail/dds_fastrtps/num__type_support.cpp.o[0m
[ 50%] [32m[1mLinking CXX shared library libinterfaces__rosidl_typesupport_c.so[0m
[ 52%] [32mBuilding CXX object CMakeFiles/interfaces__rosidl_typesupport_fastrtps_cpp.dir/rosidl_typesupport_fastrtps_cpp/interfaces/srv/detail/dds_fastrtps/buy_ticket__type_support.cpp.o[0m
[ 54%] [32mBuilding CXX object CMakeFiles/interfaces__rosidl_typesupport_introspection_cpp.dir/rosidl_typesupport_introspection_cpp/interfaces/srv/detail/buy_ticket__type_support.cpp.o[0m
[ 56%] [32mBuilding CXX object CMakeFiles/interfaces__rosidl_typesupport_introspection_cpp.dir/rosidl_typesupport_introspection_cpp/interfaces/msg/detail/num__type_support.cpp.o[0m
[ 59%] [32mBuilding C object CMakeFiles/interfaces__rosidl_typesupport_introspection_c.dir/rosidl_typesupport_introspection_c/interfaces/srv/detail/buy_ticket__type_support.c.o[0m
[ 61%] [32mBuilding C object CMakeFiles/interfaces__rosidl_typesupport_introspection_c.dir/rosidl_typesupport_introspection_c/interfaces/msg/detail/num__type_support.c.o[0m
[ 61%] Built target interfaces__rosidl_typesupport_c
[ 63%] [32mBuilding CXX object CMakeFiles/interfaces__rosidl_typesupport_fastrtps_c.dir/rosidl_typesupport_fastrtps_c/interfaces/srv/detail/buy_ticket__type_support_c.cpp.o[0m
[ 65%] [32mBuilding CXX object CMakeFiles/interfaces__rosidl_typesupport_fastrtps_c.dir/rosidl_typesupport_fastrtps_c/interfaces/msg/detail/num__type_support_c.cpp.o[0m
[ 68%] [32m[1mLinking C shared library libinterfaces__rosidl_typesupport_introspection_c.so[0m
[ 68%] Built target interfaces__rosidl_typesupport_introspection_c
[ 70%] [32m[1mLinking CXX shared library libinterfaces__rosidl_typesupport_cpp.so[0m
[ 72%] [32m[1mLinking CXX shared library libinterfaces__rosidl_typesupport_introspection_cpp.so[0m
[ 72%] Built target interfaces__rosidl_typesupport_cpp
[ 72%] Built target interfaces__rosidl_typesupport_introspection_cpp
[ 75%] [32m[1mLinking CXX shared library libinterfaces__rosidl_typesupport_fastrtps_c.so[0m
[ 75%] Built target interfaces__rosidl_typesupport_fastrtps_c
[ 77%] [32m[1mLinking CXX shared library libinterfaces__rosidl_typesupport_fastrtps_cpp.so[0m
[ 77%] Built target interfaces__rosidl_typesupport_fastrtps_cpp
[ 77%] Built target interfaces
[ 79%] [34m[1mGenerating Python code for ROS interfaces[0m
[ 79%] Built target interfaces__py
[ 84%] [32mBuilding C object CMakeFiles/interfaces__rosidl_generator_py.dir/rosidl_generator_py/interfaces/srv/_buy_ticket_s.c.o[0m
[ 84%] [32mBuilding C object CMakeFiles/interfaces__rosidl_generator_py.dir/rosidl_generator_py/interfaces/msg/_num_s.c.o[0m
[ 86%] [32m[1mLinking C shared library libinterfaces__rosidl_generator_py.so[0m
[ 86%] Built target interfaces__rosidl_generator_py
[ 88%] [32mBuilding C object CMakeFiles/interfaces_s__rosidl_typesupport_fastrtps_c.dir/rosidl_generator_py/interfaces/_interfaces_s.ep.rosidl_typesupport_fastrtps_c.c.o[0m
[ 90%] [32mBuilding C object CMakeFiles/interfaces_s__rosidl_typesupport_introspection_c.dir/rosidl_generator_py/interfaces/_interfaces_s.ep.rosidl_typesupport_introspection_c.c.o[0m
[ 93%] [32mBuilding C object CMakeFiles/interfaces_s__rosidl_typesupport_c.dir/rosidl_generator_py/interfaces/_interfaces_s.ep.rosidl_typesupport_c.c.o[0m
[ 95%] [32m[1mLinking C shared module rosidl_generator_py/interfaces/interfaces_s__rosidl_typesupport_c.so[0m
[100%] [32m[1mLinking C shared module rosidl_generator_py/interfaces/interfaces_s__rosidl_typesupport_fastrtps_c.so[0m
[100%] [32m[1mLinking C shared module rosidl_generator_py/interfaces/interfaces_s__rosidl_typesupport_introspection_c.so[0m
[100%] Built target interfaces_s__rosidl_typesupport_c
[100%] Built target interfaces_s__rosidl_typesupport_fastrtps_c
[100%] Built target interfaces_s__rosidl_typesupport_introspection_c
-- Install configuration: ""
-- Installing: /home/wbk/wbk_ros_intro/ros2_ws/install/interfaces/share/ament_index/resource_index/rosidl_interfaces/interfaces
-- Installing: /home/wbk/wbk_ros_intro/ros2_ws/install/interfaces/share/interfaces/msg/Num.json
-- Installing: /home/wbk/wbk_ros_intro/ros2_ws/install/interfaces/share/interfaces/srv/BuyTicket.json
-- Installing: /home/wbk/wbk_ros_intro/ros2_ws/install/interfaces/include/interfaces/interfaces
-- Installing: /home/wbk/wbk_ros_intro/ros2_ws/install/interfaces/include/interfaces/interfaces/srv
-- Installing: /home/wbk/wbk_ros_intro/ros2_ws/install/interfaces/include/interfaces/interfaces/srv/detail
-- Installing: /home/wbk/wbk_ros_intro/ros2_ws/install/interfaces/include/interfaces/interfaces/srv/detail/buy_ticket__description.c
-- Installing: /home/wbk/wbk_ros_intro/ros2_ws/install/interfaces/include/interfaces/interfaces/srv/detail/buy_ticket__struct.h
-- Installing: /home/wbk/wbk_ros_intro/ros2_ws/install/interfaces/include/interfaces/interfaces/srv/detail/buy_ticket__functions.h
-- Installing: /home/wbk/wbk_ros_intro/ros2_ws/install/interfaces/include/interfaces/interfaces/srv/detail/buy_ticket__functions.c
-- Installing: /home/wbk/wbk_ros_intro/ros2_ws/install/interfaces/include/interfaces/interfaces/srv/detail/buy_ticket__type_support.c
-- Installing: /home/wbk/wbk_ros_intro/ros2_ws/install/interfaces/include/interfaces/interfaces/srv/detail/buy_ticket__type_support.h
-- Installing: /home/wbk/wbk_ros_intro/ros2_ws/install/interfaces/include/interfaces/interfaces/srv/buy_ticket.h
-- Installing: /home/wbk/wbk_ros_intro/ros2_ws/install/interfaces/include/interfaces/interfaces/msg
-- Installing: /home/wbk/wbk_ros_intro/ros2_ws/install/interfaces/include/interfaces/interfaces/msg/detail
-- Installing: /home/wbk/wbk_ros_intro/ros2_ws/install/interfaces/include/interfaces/interfaces/msg/detail/num__type_support.c
-- Installing: /home/wbk/wbk_ros_intro/ros2_ws/install/interfaces/include/interfaces/interfaces/msg/detail/num__type_support.h
-- Installing: /home/wbk/wbk_ros_intro/ros2_ws/install/interfaces/include/interfaces/interfaces/msg/detail/num__description.c
-- Installing: /home/wbk/wbk_ros_intro/ros2_ws/install/interfaces/include/interfaces/interfaces/msg/detail/num__struct.h
-- Installing: /home/wbk/wbk_ros_intro/ros2_ws/install/interfaces/include/interfaces/interfaces/msg/detail/num__functions.h
-- Installing: /home/wbk/wbk_ros_intro/ros2_ws/install/interfaces/include/interfaces/interfaces/msg/detail/num__functions.c
-- Installing: /home/wbk/wbk_ros_intro/ros2_ws/install/interfaces/include/interfaces/interfaces/msg/num.h
-- Installing: /home/wbk/wbk_ros_intro/ros2_ws/install/interfaces/include/interfaces/interfaces/msg/rosidl_generator_c__visibility_control.h
-- Installing: /home/wbk/wbk_ros_intro/ros2_ws/install/interfaces/share/interfaces/environment/library_path.sh
-- Installing: /home/wbk/wbk_ros_intro/ros2_ws/install/interfaces/share/interfaces/environment/library_path.dsv
-- Installing: /home/wbk/wbk_ros_intro/ros2_ws/install/interfaces/lib/libinterfaces__rosidl_generator_c.so
-- Set non-toolchain portion of runtime path of "/home/wbk/wbk_ros_intro/ros2_ws/install/interfaces/lib/libinterfaces__rosidl_generator_c.so" to ""
-- Up-to-date: /home/wbk/wbk_ros_intro/ros2_ws/install/interfaces/include/interfaces/interfaces
-- Up-to-date: /home/wbk/wbk_ros_intro/ros2_ws/install/interfaces/include/interfaces/interfaces/srv
-- Up-to-date: /home/wbk/wbk_ros_intro/ros2_ws/install/interfaces/include/interfaces/interfaces/srv/detail
-- Installing: /home/wbk/wbk_ros_intro/ros2_ws/install/interfaces/include/interfaces/interfaces/srv/detail/buy_ticket__rosidl_typesupport_fastrtps_c.h
-- Up-to-date: /home/wbk/wbk_ros_intro/ros2_ws/install/interfaces/include/interfaces/interfaces/msg
-- Up-to-date: /home/wbk/wbk_ros_intro/ros2_ws/install/interfaces/include/interfaces/interfaces/msg/detail
-- Installing: /home/wbk/wbk_ros_intro/ros2_ws/install/interfaces/include/interfaces/interfaces/msg/detail/num__rosidl_typesupport_fastrtps_c.h
-- Installing: /home/wbk/wbk_ros_intro/ros2_ws/install/interfaces/include/interfaces/interfaces/msg/rosidl_typesupport_fastrtps_c__visibility_control.h
-- Installing: /home/wbk/wbk_ros_intro/ros2_ws/install/interfaces/lib/libinterfaces__rosidl_typesupport_fastrtps_c.so
-- Set non-toolchain portion of runtime path of "/home/wbk/wbk_ros_intro/ros2_ws/install/interfaces/lib/libinterfaces__rosidl_typesupport_fastrtps_c.so" to ""
-- Up-to-date: /home/wbk/wbk_ros_intro/ros2_ws/install/interfaces/include/interfaces/interfaces
-- Up-to-date: /home/wbk/wbk_ros_intro/ros2_ws/install/interfaces/include/interfaces/interfaces/srv
-- Up-to-date: /home/wbk/wbk_ros_intro/ros2_ws/install/interfaces/include/interfaces/interfaces/srv/detail
-- Installing: /home/wbk/wbk_ros_intro/ros2_ws/install/interfaces/include/interfaces/interfaces/srv/detail/buy_ticket__type_support.hpp
-- Installing: /home/wbk/wbk_ros_intro/ros2_ws/install/interfaces/include/interfaces/interfaces/srv/detail/buy_ticket__struct.hpp
-- Installing: /home/wbk/wbk_ros_intro/ros2_ws/install/interfaces/include/interfaces/interfaces/srv/detail/buy_ticket__traits.hpp
-- Installing: /home/wbk/wbk_ros_intro/ros2_ws/install/interfaces/include/interfaces/interfaces/srv/detail/buy_ticket__builder.hpp
-- Installing: /home/wbk/wbk_ros_intro/ros2_ws/install/interfaces/include/interfaces/interfaces/srv/buy_ticket.hpp
-- Up-to-date: /home/wbk/wbk_ros_intro/ros2_ws/install/interfaces/include/interfaces/interfaces/msg
-- Installing: /home/wbk/wbk_ros_intro/ros2_ws/install/interfaces/include/interfaces/interfaces/msg/rosidl_generator_cpp__visibility_control.hpp
-- Up-to-date: /home/wbk/wbk_ros_intro/ros2_ws/install/interfaces/include/interfaces/interfaces/msg/detail
-- Installing: /home/wbk/wbk_ros_intro/ros2_ws/install/interfaces/include/interfaces/interfaces/msg/detail/num__struct.hpp
-- Installing: /home/wbk/wbk_ros_intro/ros2_ws/install/interfaces/include/interfaces/interfaces/msg/detail/num__builder.hpp
-- Installing: /home/wbk/wbk_ros_intro/ros2_ws/install/interfaces/include/interfaces/interfaces/msg/detail/num__type_support.hpp
-- Installing: /home/wbk/wbk_ros_intro/ros2_ws/install/interfaces/include/interfaces/interfaces/msg/detail/num__traits.hpp
-- Installing: /home/wbk/wbk_ros_intro/ros2_ws/install/interfaces/include/interfaces/interfaces/msg/num.hpp
-- Up-to-date: /home/wbk/wbk_ros_intro/ros2_ws/install/interfaces/include/interfaces/interfaces
-- Up-to-date: /home/wbk/wbk_ros_intro/ros2_ws/install/interfaces/include/interfaces/interfaces/srv
-- Up-to-date: /home/wbk/wbk_ros_intro/ros2_ws/install/interfaces/include/interfaces/interfaces/srv/detail
-- Installing: /home/wbk/wbk_ros_intro/ros2_ws/install/interfaces/include/interfaces/interfaces/srv/detail/buy_ticket__rosidl_typesupport_fastrtps_cpp.hpp
-- Installing: /home/wbk/wbk_ros_intro/ros2_ws/install/interfaces/include/interfaces/interfaces/srv/detail/dds_fastrtps
-- Up-to-date: /home/wbk/wbk_ros_intro/ros2_ws/install/interfaces/include/interfaces/interfaces/msg
-- Up-to-date: /home/wbk/wbk_ros_intro/ros2_ws/install/interfaces/include/interfaces/interfaces/msg/detail
-- Installing: /home/wbk/wbk_ros_intro/ros2_ws/install/interfaces/include/interfaces/interfaces/msg/detail/num__rosidl_typesupport_fastrtps_cpp.hpp
-- Installing: /home/wbk/wbk_ros_intro/ros2_ws/install/interfaces/include/interfaces/interfaces/msg/detail/dds_fastrtps
-- Installing: /home/wbk/wbk_ros_intro/ros2_ws/install/interfaces/include/interfaces/interfaces/msg/rosidl_typesupport_fastrtps_cpp__visibility_control.h
-- Installing: /home/wbk/wbk_ros_intro/ros2_ws/install/interfaces/lib/libinterfaces__rosidl_typesupport_fastrtps_cpp.so
-- Set non-toolchain portion of runtime path of "/home/wbk/wbk_ros_intro/ros2_ws/install/interfaces/lib/libinterfaces__rosidl_typesupport_fastrtps_cpp.so" to ""
-- Up-to-date: /home/wbk/wbk_ros_intro/ros2_ws/install/interfaces/include/interfaces/interfaces
-- Up-to-date: /home/wbk/wbk_ros_intro/ros2_ws/install/interfaces/include/interfaces/interfaces/srv
-- Up-to-date: /home/wbk/wbk_ros_intro/ros2_ws/install/interfaces/include/interfaces/interfaces/srv/detail
-- Installing: /home/wbk/wbk_ros_intro/ros2_ws/install/interfaces/include/interfaces/interfaces/srv/detail/buy_ticket__rosidl_typesupport_introspection_c.h
-- Up-to-date: /home/wbk/wbk_ros_intro/ros2_ws/install/interfaces/include/interfaces/interfaces/srv/detail/buy_ticket__type_support.c
-- Up-to-date: /home/wbk/wbk_ros_intro/ros2_ws/install/interfaces/include/interfaces/interfaces/msg
-- Up-to-date: /home/wbk/wbk_ros_intro/ros2_ws/install/interfaces/include/interfaces/interfaces/msg/detail
-- Up-to-date: /home/wbk/wbk_ros_intro/ros2_ws/install/interfaces/include/interfaces/interfaces/msg/detail/num__type_support.c
-- Installing: /home/wbk/wbk_ros_intro/ros2_ws/install/interfaces/include/interfaces/interfaces/msg/detail/num__rosidl_typesupport_introspection_c.h
-- Installing: /home/wbk/wbk_ros_intro/ros2_ws/install/interfaces/include/interfaces/interfaces/msg/rosidl_typesupport_introspection_c__visibility_control.h
-- Installing: /home/wbk/wbk_ros_intro/ros2_ws/install/interfaces/lib/libinterfaces__rosidl_typesupport_introspection_c.so
-- Set non-toolchain portion of runtime path of "/home/wbk/wbk_ros_intro/ros2_ws/install/interfaces/lib/libinterfaces__rosidl_typesupport_introspection_c.so" to ""
-- Installing: /home/wbk/wbk_ros_intro/ros2_ws/install/interfaces/lib/libinterfaces__rosidl_typesupport_c.so
-- Set non-toolchain portion of runtime path of "/home/wbk/wbk_ros_intro/ros2_ws/install/interfaces/lib/libinterfaces__rosidl_typesupport_c.so" to ""
-- Up-to-date: /home/wbk/wbk_ros_intro/ros2_ws/install/interfaces/include/interfaces/interfaces
-- Up-to-date: /home/wbk/wbk_ros_intro/ros2_ws/install/interfaces/include/interfaces/interfaces/srv
-- Up-to-date: /home/wbk/wbk_ros_intro/ros2_ws/install/interfaces/include/interfaces/interfaces/srv/detail
-- Installing: /home/wbk/wbk_ros_intro/ros2_ws/install/interfaces/include/interfaces/interfaces/srv/detail/buy_ticket__type_support.cpp
-- Installing: /home/wbk/wbk_ros_intro/ros2_ws/install/interfaces/include/interfaces/interfaces/srv/detail/buy_ticket__rosidl_typesupport_introspection_cpp.hpp
-- Up-to-date: /home/wbk/wbk_ros_intro/ros2_ws/install/interfaces/include/interfaces/interfaces/msg
-- Up-to-date: /home/wbk/wbk_ros_intro/ros2_ws/install/interfaces/include/interfaces/interfaces/msg/detail
-- Installing: /home/wbk/wbk_ros_intro/ros2_ws/install/interfaces/include/interfaces/interfaces/msg/detail/num__rosidl_typesupport_introspection_cpp.hpp
-- Installing: /home/wbk/wbk_ros_intro/ros2_ws/install/interfaces/include/interfaces/interfaces/msg/detail/num__type_support.cpp
-- Installing: /home/wbk/wbk_ros_intro/ros2_ws/install/interfaces/lib/libinterfaces__rosidl_typesupport_introspection_cpp.so
-- Set non-toolchain portion of runtime path of "/home/wbk/wbk_ros_intro/ros2_ws/install/interfaces/lib/libinterfaces__rosidl_typesupport_introspection_cpp.so" to ""
-- Installing: /home/wbk/wbk_ros_intro/ros2_ws/install/interfaces/lib/libinterfaces__rosidl_typesupport_cpp.so
-- Set non-toolchain portion of runtime path of "/home/wbk/wbk_ros_intro/ros2_ws/install/interfaces/lib/libinterfaces__rosidl_typesupport_cpp.so" to ""
-- Installing: /home/wbk/wbk_ros_intro/ros2_ws/install/interfaces/share/interfaces/environment/pythonpath.sh
-- Installing: /home/wbk/wbk_ros_intro/ros2_ws/install/interfaces/share/interfaces/environment/pythonpath.dsv
-- Installing: /home/wbk/wbk_ros_intro/ros2_ws/install/interfaces/lib/python3.12/site-packages/interfaces-0.0.0-py3.12.egg-info
-- Installing: /home/wbk/wbk_ros_intro/ros2_ws/install/interfaces/lib/python3.12/site-packages/interfaces-0.0.0-py3.12.egg-info/PKG-INFO
-- Installing: /home/wbk/wbk_ros_intro/ros2_ws/install/interfaces/lib/python3.12/site-packages/interfaces-0.0.0-py3.12.egg-info/top_level.txt
-- Installing: /home/wbk/wbk_ros_intro/ros2_ws/install/interfaces/lib/python3.12/site-packages/interfaces-0.0.0-py3.12.egg-info/SOURCES.txt
-- Installing: /home/wbk/wbk_ros_intro/ros2_ws/install/interfaces/lib/python3.12/site-packages/interfaces-0.0.0-py3.12.egg-info/dependency_links.txt
-- Installing: /home/wbk/wbk_ros_intro/ros2_ws/install/interfaces/lib/python3.12/site-packages/interfaces
-- Installing: /home/wbk/wbk_ros_intro/ros2_ws/install/interfaces/lib/python3.12/site-packages/interfaces/interfaces_s__rosidl_typesupport_c.so
-- Installing: /home/wbk/wbk_ros_intro/ros2_ws/install/interfaces/lib/python3.12/site-packages/interfaces/interfaces_s__rosidl_typesupport_fastrtps_c.so
-- Installing: /home/wbk/wbk_ros_intro/ros2_ws/install/interfaces/lib/python3.12/site-packages/interfaces/srv
-- Installing: /home/wbk/wbk_ros_intro/ros2_ws/install/interfaces/lib/python3.12/site-packages/interfaces/srv/__init__.py
-- Installing: /home/wbk/wbk_ros_intro/ros2_ws/install/interfaces/lib/python3.12/site-packages/interfaces/srv/_buy_ticket.py
-- Installing: /home/wbk/wbk_ros_intro/ros2_ws/install/interfaces/lib/python3.12/site-packages/interfaces/srv/_buy_ticket_s.c
-- Installing: /home/wbk/wbk_ros_intro/ros2_ws/install/interfaces/lib/python3.12/site-packages/interfaces/__init__.py
-- Installing: /home/wbk/wbk_ros_intro/ros2_ws/install/interfaces/lib/python3.12/site-packages/interfaces/msg
-- Installing: /home/wbk/wbk_ros_intro/ros2_ws/install/interfaces/lib/python3.12/site-packages/interfaces/msg/_num.py
-- Installing: /home/wbk/wbk_ros_intro/ros2_ws/install/interfaces/lib/python3.12/site-packages/interfaces/msg/__init__.py
-- Installing: /home/wbk/wbk_ros_intro/ros2_ws/install/interfaces/lib/python3.12/site-packages/interfaces/msg/_num_s.c
-- Installing: /home/wbk/wbk_ros_intro/ros2_ws/install/interfaces/lib/python3.12/site-packages/interfaces/_interfaces_s.ep.rosidl_typesupport_fastrtps_c.c
-- Installing: /home/wbk/wbk_ros_intro/ros2_ws/install/interfaces/lib/python3.12/site-packages/interfaces/_interfaces_s.ep.rosidl_typesupport_c.c
-- Installing: /home/wbk/wbk_ros_intro/ros2_ws/install/interfaces/lib/python3.12/site-packages/interfaces/_interfaces_s.ep.rosidl_typesupport_introspection_c.c
-- Installing: /home/wbk/wbk_ros_intro/ros2_ws/install/interfaces/lib/python3.12/site-packages/interfaces/interfaces_s__rosidl_typesupport_introspection_c.so
Listing '/home/wbk/wbk_ros_intro/ros2_ws/install/interfaces/lib/python3.12/site-packages/interfaces'...
Compiling '/home/wbk/wbk_ros_intro/ros2_ws/install/interfaces/lib/python3.12/site-packages/interfaces/__init__.py'...
Listing '/home/wbk/wbk_ros_intro/ros2_ws/install/interfaces/lib/python3.12/site-packages/interfaces/msg'...
Compiling '/home/wbk/wbk_ros_intro/ros2_ws/install/interfaces/lib/python3.12/site-packages/interfaces/msg/__init__.py'...
Compiling '/home/wbk/wbk_ros_intro/ros2_ws/install/interfaces/lib/python3.12/site-packages/interfaces/msg/_num.py'...
Listing '/home/wbk/wbk_ros_intro/ros2_ws/install/interfaces/lib/python3.12/site-packages/interfaces/srv'...
Compiling '/home/wbk/wbk_ros_intro/ros2_ws/install/interfaces/lib/python3.12/site-packages/interfaces/srv/__init__.py'...
Compiling '/home/wbk/wbk_ros_intro/ros2_ws/install/interfaces/lib/python3.12/site-packages/interfaces/srv/_buy_ticket.py'...
-- Installing: /home/wbk/wbk_ros_intro/ros2_ws/install/interfaces/lib/python3.12/site-packages/interfaces/interfaces_s__rosidl_typesupport_fastrtps_c.so
-- Set non-toolchain portion of runtime path of "/home/wbk/wbk_ros_intro/ros2_ws/install/interfaces/lib/python3.12/site-packages/interfaces/interfaces_s__rosidl_typesupport_fastrtps_c.so" to ""
-- Installing: /home/wbk/wbk_ros_intro/ros2_ws/install/interfaces/lib/python3.12/site-packages/interfaces/interfaces_s__rosidl_typesupport_introspection_c.so
-- Set non-toolchain portion of runtime path of "/home/wbk/wbk_ros_intro/ros2_ws/install/interfaces/lib/python3.12/site-packages/interfaces/interfaces_s__rosidl_typesupport_introspection_c.so" to ""
-- Installing: /home/wbk/wbk_ros_intro/ros2_ws/install/interfaces/lib/python3.12/site-packages/interfaces/interfaces_s__rosidl_typesupport_c.so
-- Set non-toolchain portion of runtime path of "/home/wbk/wbk_ros_intro/ros2_ws/install/interfaces/lib/python3.12/site-packages/interfaces/interfaces_s__rosidl_typesupport_c.so" to ""
-- Installing: /home/wbk/wbk_ros_intro/ros2_ws/install/interfaces/lib/libinterfaces__rosidl_generator_py.so
-- Set non-toolchain portion of runtime path of "/home/wbk/wbk_ros_intro/ros2_ws/install/interfaces/lib/libinterfaces__rosidl_generator_py.so" to ""
-- Installing: /home/wbk/wbk_ros_intro/ros2_ws/install/interfaces/share/interfaces/msg/Num.idl
-- Installing: /home/wbk/wbk_ros_intro/ros2_ws/install/interfaces/share/interfaces/srv/BuyTicket.idl
-- Installing: /home/wbk/wbk_ros_intro/ros2_ws/install/interfaces/share/interfaces/msg/Num.msg
-- Installing: /home/wbk/wbk_ros_intro/ros2_ws/install/interfaces/share/interfaces/srv/BuyTicket.srv
-- Installing: /home/wbk/wbk_ros_intro/ros2_ws/install/interfaces/share/ament_index/resource_index/package_run_dependencies/interfaces
-- Installing: /home/wbk/wbk_ros_intro/ros2_ws/install/interfaces/share/ament_index/resource_index/parent_prefix_path/interfaces
-- Installing: /home/wbk/wbk_ros_intro/ros2_ws/install/interfaces/share/interfaces/environment/ament_prefix_path.sh
-- Installing: /home/wbk/wbk_ros_intro/ros2_ws/install/interfaces/share/interfaces/environment/ament_prefix_path.dsv
-- Installing: /home/wbk/wbk_ros_intro/ros2_ws/install/interfaces/share/interfaces/environment/path.sh
-- Installing: /home/wbk/wbk_ros_intro/ros2_ws/install/interfaces/share/interfaces/environment/path.dsv
-- Installing: /home/wbk/wbk_ros_intro/ros2_ws/install/interfaces/share/interfaces/local_setup.bash
-- Installing: /home/wbk/wbk_ros_intro/ros2_ws/install/interfaces/share/interfaces/local_setup.sh
-- Installing: /home/wbk/wbk_ros_intro/ros2_ws/install/interfaces/share/interfaces/local_setup.zsh
-- Installing: /home/wbk/wbk_ros_intro/ros2_ws/install/interfaces/share/interfaces/local_setup.dsv
-- Installing: /home/wbk/wbk_ros_intro/ros2_ws/install/interfaces/share/interfaces/package.dsv
-- Installing: /home/wbk/wbk_ros_intro/ros2_ws/install/interfaces/share/ament_index/resource_index/packages/interfaces
-- Installing: /home/wbk/wbk_ros_intro/ros2_ws/install/interfaces/share/interfaces/cmake/export_interfaces__rosidl_generator_cExport.cmake
-- Installing: /home/wbk/wbk_ros_intro/ros2_ws/install/interfaces/share/interfaces/cmake/export_interfaces__rosidl_generator_cExport-noconfig.cmake
-- Installing: /home/wbk/wbk_ros_intro/ros2_ws/install/interfaces/share/interfaces/cmake/export_interfaces__rosidl_typesupport_fastrtps_cExport.cmake
-- Installing: /home/wbk/wbk_ros_intro/ros2_ws/install/interfaces/share/interfaces/cmake/export_interfaces__rosidl_typesupport_fastrtps_cExport-noconfig.cmake
-- Installing: /home/wbk/wbk_ros_intro/ros2_ws/install/interfaces/share/interfaces/cmake/export_interfaces__rosidl_generator_cppExport.cmake
-- Installing: /home/wbk/wbk_ros_intro/ros2_ws/install/interfaces/share/interfaces/cmake/export_interfaces__rosidl_typesupport_fastrtps_cppExport.cmake
-- Installing: /home/wbk/wbk_ros_intro/ros2_ws/install/interfaces/share/interfaces/cmake/export_interfaces__rosidl_typesupport_fastrtps_cppExport-noconfig.cmake
-- Installing: /home/wbk/wbk_ros_intro/ros2_ws/install/interfaces/share/interfaces/cmake/interfaces__rosidl_typesupport_introspection_cExport.cmake
-- Installing: /home/wbk/wbk_ros_intro/ros2_ws/install/interfaces/share/interfaces/cmake/interfaces__rosidl_typesupport_introspection_cExport-noconfig.cmake
-- Installing: /home/wbk/wbk_ros_intro/ros2_ws/install/interfaces/share/interfaces/cmake/interfaces__rosidl_typesupport_cExport.cmake
-- Installing: /home/wbk/wbk_ros_intro/ros2_ws/install/interfaces/share/interfaces/cmake/interfaces__rosidl_typesupport_cExport-noconfig.cmake
-- Installing: /home/wbk/wbk_ros_intro/ros2_ws/install/interfaces/share/interfaces/cmake/interfaces__rosidl_typesupport_introspection_cppExport.cmake
-- Installing: /home/wbk/wbk_ros_intro/ros2_ws/install/interfaces/share/interfaces/cmake/interfaces__rosidl_typesupport_introspection_cppExport-noconfig.cmake
-- Installing: /home/wbk/wbk_ros_intro/ros2_ws/install/interfaces/share/interfaces/cmake/interfaces__rosidl_typesupport_cppExport.cmake
-- Installing: /home/wbk/wbk_ros_intro/ros2_ws/install/interfaces/share/interfaces/cmake/interfaces__rosidl_typesupport_cppExport-noconfig.cmake
-- Installing: /home/wbk/wbk_ros_intro/ros2_ws/install/interfaces/share/interfaces/cmake/export_interfaces__rosidl_generator_pyExport.cmake
-- Installing: /home/wbk/wbk_ros_intro/ros2_ws/install/interfaces/share/interfaces/cmake/export_interfaces__rosidl_generator_pyExport-noconfig.cmake
-- Installing: /home/wbk/wbk_ros_intro/ros2_ws/install/interfaces/share/interfaces/cmake/rosidl_cmake-extras.cmake
-- Installing: /home/wbk/wbk_ros_intro/ros2_ws/install/interfaces/share/interfaces/cmake/ament_cmake_export_dependencies-extras.cmake
-- Installing: /home/wbk/wbk_ros_intro/ros2_ws/install/interfaces/share/interfaces/cmake/ament_cmake_export_include_directories-extras.cmake
-- Installing: /home/wbk/wbk_ros_intro/ros2_ws/install/interfaces/share/interfaces/cmake/ament_cmake_export_libraries-extras.cmake
-- Installing: /home/wbk/wbk_ros_intro/ros2_ws/install/interfaces/share/interfaces/cmake/ament_cmake_export_targets-extras.cmake
-- Installing: /home/wbk/wbk_ros_intro/ros2_ws/install/interfaces/share/interfaces/cmake/rosidl_cmake_export_typesupport_targets-extras.cmake
-- Installing: /home/wbk/wbk_ros_intro/ros2_ws/install/interfaces/share/interfaces/cmake/rosidl_cmake_export_typesupport_libraries-extras.cmake
-- Installing: /home/wbk/wbk_ros_intro/ros2_ws/install/interfaces/share/interfaces/cmake/interfacesConfig.cmake
-- Installing: /home/wbk/wbk_ros_intro/ros2_ws/install/interfaces/share/interfaces/cmake/interfacesConfig-version.cmake
-- Installing: /home/wbk/wbk_ros_intro/ros2_ws/install/interfaces/share/interfaces/package.xml
