-- Found ament_cmake: 2.5.4 (/opt/ros/jazzy/share/ament_cmake/cmake)
-- Found rclcpp: 28.1.11 (/opt/ros/jazzy/share/rclcpp/cmake)
-- Found rosidl_generator_c: 4.6.6 (/opt/ros/jazzy/share/rosidl_generator_c/cmake)
-- Found rosidl_generator_cpp: 4.6.6 (/opt/ros/jazzy/share/rosidl_generator_cpp/cmake)
-- Using all available rosidl_typesupport_c: rosidl_typesupport_fastrtps_c;rosidl_typesupport_introspection_c
-- Using all available rosidl_typesupport_cpp: rosidl_typesupport_fastrtps_cpp;rosidl_typesupport_introspection_cpp
-- Found rmw_implementation_cmake: 7.3.2 (/opt/ros/jazzy/share/rmw_implementation_cmake/cmake)
-- Found rmw_fastrtps_cpp: 8.4.3 (/opt/ros/jazzy/share/rmw_fastrtps_cpp/cmake)
-- Using RMW implementation 'rmw_fastrtps_cpp' as default
-- Configuring done (0.4s)
-- Generating done (0.0s)
-- Build files have been written to: /home/wbk/wbk_ros_intro/build/cpp_project_onboarding
[ 25%] [32mBuilding CXX object CMakeFiles/server.dir/src/concertserver.cpp.o[0m
[ 50%] [32mBuilding CXX object CMakeFiles/client.dir/src/customer.cpp.o[0m
[100%] [32m[1mLinking CXX executable server[0m
[100%] [32m[1mLinking CXX executable client[0m
[100%] Built target client
[100%] Built target server
-- Install configuration: ""
-- Installing: /home/wbk/wbk_ros_intro/install/cpp_project_onboarding/lib/cpp_project_onboarding/server
-- Set non-toolchain portion of runtime path of "/home/wbk/wbk_ros_intro/install/cpp_project_onboarding/lib/cpp_project_onboarding/server" to ""
-- Installing: /home/wbk/wbk_ros_intro/install/cpp_project_onboarding/lib/cpp_project_onboarding/client
-- Set non-toolchain portion of runtime path of "/home/wbk/wbk_ros_intro/install/cpp_project_onboarding/lib/cpp_project_onboarding/client" to ""
-- Installing: /home/wbk/wbk_ros_intro/install/cpp_project_onboarding/share/ament_index/resource_index/package_run_dependencies/cpp_project_onboarding
-- Installing: /home/wbk/wbk_ros_intro/install/cpp_project_onboarding/share/ament_index/resource_index/parent_prefix_path/cpp_project_onboarding
-- Installing: /home/wbk/wbk_ros_intro/install/cpp_project_onboarding/share/cpp_project_onboarding/environment/ament_prefix_path.sh
-- Installing: /home/wbk/wbk_ros_intro/install/cpp_project_onboarding/share/cpp_project_onboarding/environment/ament_prefix_path.dsv
-- Installing: /home/wbk/wbk_ros_intro/install/cpp_project_onboarding/share/cpp_project_onboarding/environment/path.sh
-- Installing: /home/wbk/wbk_ros_intro/install/cpp_project_onboarding/share/cpp_project_onboarding/environment/path.dsv
-- Installing: /home/wbk/wbk_ros_intro/install/cpp_project_onboarding/share/cpp_project_onboarding/local_setup.bash
-- Installing: /home/wbk/wbk_ros_intro/install/cpp_project_onboarding/share/cpp_project_onboarding/local_setup.sh
-- Installing: /home/wbk/wbk_ros_intro/install/cpp_project_onboarding/share/cpp_project_onboarding/local_setup.zsh
-- Installing: /home/wbk/wbk_ros_intro/install/cpp_project_onboarding/share/cpp_project_onboarding/local_setup.dsv
-- Installing: /home/wbk/wbk_ros_intro/install/cpp_project_onboarding/share/cpp_project_onboarding/package.dsv
-- Installing: /home/wbk/wbk_ros_intro/install/cpp_project_onboarding/share/ament_index/resource_index/packages/cpp_project_onboarding
-- Installing: /home/wbk/wbk_ros_intro/install/cpp_project_onboarding/share/cpp_project_onboarding/cmake/cpp_project_onboardingConfig.cmake
-- Installing: /home/wbk/wbk_ros_intro/install/cpp_project_onboarding/share/cpp_project_onboarding/cmake/cpp_project_onboardingConfig-version.cmake
-- Installing: /home/wbk/wbk_ros_intro/install/cpp_project_onboarding/share/cpp_project_onboarding/package.xml
