[0.011s] Invoking command in '/home/wbk/wbk_ros_intro/build/cpp_project_onboarding': CMAKE_PREFIX_PATH=${CMAKE_PREFIX_PATH}:/opt/ros/jazzy /usr/bin/cmake --build /home/wbk/wbk_ros_intro/build/cpp_project_onboarding -- -j20 -l20
[0.032s] -- Found ament_cmake: 2.5.4 (/opt/ros/jazzy/share/ament_cmake/cmake)
[0.189s] -- Found rclcpp: 28.1.11 (/opt/ros/jazzy/share/rclcpp/cmake)
[0.206s] -- Found rosidl_generator_c: 4.6.6 (/opt/ros/jazzy/share/rosidl_generator_c/cmake)
[0.212s] -- Found rosidl_generator_cpp: 4.6.6 (/opt/ros/jazzy/share/rosidl_generator_cpp/cmake)
[0.221s] -- Using all available rosidl_typesupport_c: rosidl_typesupport_fastrtps_c;rosidl_typesupport_introspection_c
[0.229s] -- Using all available rosidl_typesupport_cpp: rosidl_typesupport_fastrtps_cpp;rosidl_typesupport_introspection_cpp
[0.275s] -- Found rmw_implementation_cmake: 7.3.2 (/opt/ros/jazzy/share/rmw_implementation_cmake/cmake)
[0.276s] -- Found rmw_fastrtps_cpp: 8.4.3 (/opt/ros/jazzy/share/rmw_fastrtps_cpp/cmake)
[0.325s] -- Using RMW implementation 'rmw_fastrtps_cpp' as default
[0.433s] -- Configuring done (0.4s)
[0.441s] -- Generating done (0.0s)
[0.445s] -- Build files have been written to: /home/wbk/wbk_ros_intro/build/cpp_project_onboarding
[0.469s] [ 25%] [32mBuilding CXX object CMakeFiles/server.dir/src/concertserver.cpp.o[0m
[0.475s] [ 50%] [32mBuilding CXX object CMakeFiles/client.dir/src/customer.cpp.o[0m
[2.800s] [100%] [32m[1mLinking CXX executable server[0m
[2.800s] [100%] [32m[1mLinking CXX executable client[0m
[2.887s] [100%] Built target client
[2.887s] [100%] Built target server
[2.895s] Invoked command in '/home/wbk/wbk_ros_intro/build/cpp_project_onboarding' returned '0': CMAKE_PREFIX_PATH=${CMAKE_PREFIX_PATH}:/opt/ros/jazzy /usr/bin/cmake --build /home/wbk/wbk_ros_intro/build/cpp_project_onboarding -- -j20 -l20
[2.902s] Invoking command in '/home/wbk/wbk_ros_intro/build/cpp_project_onboarding': CMAKE_PREFIX_PATH=${CMAKE_PREFIX_PATH}:/opt/ros/jazzy /usr/bin/cmake --install /home/wbk/wbk_ros_intro/build/cpp_project_onboarding
[2.908s] -- Install configuration: ""
[2.908s] -- Installing: /home/wbk/wbk_ros_intro/install/cpp_project_onboarding/lib/cpp_project_onboarding/server
[2.909s] -- Set non-toolchain portion of runtime path of "/home/wbk/wbk_ros_intro/install/cpp_project_onboarding/lib/cpp_project_onboarding/server" to ""
[2.909s] -- Installing: /home/wbk/wbk_ros_intro/install/cpp_project_onboarding/lib/cpp_project_onboarding/client
[2.909s] -- Set non-toolchain portion of runtime path of "/home/wbk/wbk_ros_intro/install/cpp_project_onboarding/lib/cpp_project_onboarding/client" to ""
[2.909s] -- Installing: /home/wbk/wbk_ros_intro/install/cpp_project_onboarding/share/ament_index/resource_index/package_run_dependencies/cpp_project_onboarding
[2.910s] -- Installing: /home/wbk/wbk_ros_intro/install/cpp_project_onboarding/share/ament_index/resource_index/parent_prefix_path/cpp_project_onboarding
[2.910s] -- Installing: /home/wbk/wbk_ros_intro/install/cpp_project_onboarding/share/cpp_project_onboarding/environment/ament_prefix_path.sh
[2.910s] -- Installing: /home/wbk/wbk_ros_intro/install/cpp_project_onboarding/share/cpp_project_onboarding/environment/ament_prefix_path.dsv
[2.910s] -- Installing: /home/wbk/wbk_ros_intro/install/cpp_project_onboarding/share/cpp_project_onboarding/environment/path.sh
[2.910s] -- Installing: /home/wbk/wbk_ros_intro/install/cpp_project_onboarding/share/cpp_project_onboarding/environment/path.dsv
[2.910s] -- Installing: /home/wbk/wbk_ros_intro/install/cpp_project_onboarding/share/cpp_project_onboarding/local_setup.bash
[2.911s] -- Installing: /home/wbk/wbk_ros_intro/install/cpp_project_onboarding/share/cpp_project_onboarding/local_setup.sh
[2.911s] -- Installing: /home/wbk/wbk_ros_intro/install/cpp_project_onboarding/share/cpp_project_onboarding/local_setup.zsh
[2.911s] -- Installing: /home/wbk/wbk_ros_intro/install/cpp_project_onboarding/share/cpp_project_onboarding/local_setup.dsv
[2.911s] -- Installing: /home/wbk/wbk_ros_intro/install/cpp_project_onboarding/share/cpp_project_onboarding/package.dsv
[2.911s] -- Installing: /home/wbk/wbk_ros_intro/install/cpp_project_onboarding/share/ament_index/resource_index/packages/cpp_project_onboarding
[2.911s] -- Installing: /home/wbk/wbk_ros_intro/install/cpp_project_onboarding/share/cpp_project_onboarding/cmake/cpp_project_onboardingConfig.cmake
[2.911s] -- Installing: /home/wbk/wbk_ros_intro/install/cpp_project_onboarding/share/cpp_project_onboarding/cmake/cpp_project_onboardingConfig-version.cmake
[2.912s] -- Installing: /home/wbk/wbk_ros_intro/install/cpp_project_onboarding/share/cpp_project_onboarding/package.xml
[2.913s] Invoked command in '/home/wbk/wbk_ros_intro/build/cpp_project_onboarding' returned '0': CMAKE_PREFIX_PATH=${CMAKE_PREFIX_PATH}:/opt/ros/jazzy /usr/bin/cmake --install /home/wbk/wbk_ros_intro/build/cpp_project_onboarding
