[0.693s] Invoking command in '/home/wbk/wbk_ros_intro/ros2_ws_practice/src/py_srvcli': PYTHONPATH=/home/wbk/wbk_ros_intro/ros2_ws_practice/build/py_srvcli/prefix_override:/usr/lib/python3/dist-packages/colcon_core/task/python/colcon_distutils_commands:/home/wbk/wbk_ros_intro/ros2_ws_practice/install/py_srvcli/lib/python3.12/site-packages:${PYTHONPATH} /usr/bin/python3 -W ignore:setup.py install is deprecated -W ignore:easy_install command is deprecated setup.py egg_info --egg-base ../../build/py_srvcli build --build-base /home/wbk/wbk_ros_intro/ros2_ws_practice/build/py_srvcli/build install --record /home/wbk/wbk_ros_intro/ros2_ws_practice/build/py_srvcli/install.log --single-version-externally-managed install_data
[0.868s] running egg_info
[0.868s] creating ../../build/py_srvcli/py_srvcli.egg-info
[0.878s] writing ../../build/py_srvcli/py_srvcli.egg-info/PKG-INFO
[0.879s] writing dependency_links to ../../build/py_srvcli/py_srvcli.egg-info/dependency_links.txt
[0.879s] writing requirements to ../../build/py_srvcli/py_srvcli.egg-info/requires.txt
[0.879s] writing top-level names to ../../build/py_srvcli/py_srvcli.egg-info/top_level.txt
[0.879s] writing manifest file '../../build/py_srvcli/py_srvcli.egg-info/SOURCES.txt'
[0.901s] reading manifest file '../../build/py_srvcli/py_srvcli.egg-info/SOURCES.txt'
[0.901s] adding license file 'LICENSE'
[0.901s] writing manifest file '../../build/py_srvcli/py_srvcli.egg-info/SOURCES.txt'
[0.902s] running build
[0.902s] running build_py
[0.902s] creating /home/wbk/wbk_ros_intro/ros2_ws_practice/build/py_srvcli/build
[0.902s] creating /home/wbk/wbk_ros_intro/ros2_ws_practice/build/py_srvcli/build/lib
[0.903s] creating /home/wbk/wbk_ros_intro/ros2_ws_practice/build/py_srvcli/build/lib/py_srvcli
[0.903s] copying py_srvcli/__init__.py -> /home/wbk/wbk_ros_intro/ros2_ws_practice/build/py_srvcli/build/lib/py_srvcli
[0.903s] copying py_srvcli/service_member_function.py -> /home/wbk/wbk_ros_intro/ros2_ws_practice/build/py_srvcli/build/lib/py_srvcli
[0.903s] running install
[0.909s] running install_lib
[0.920s] creating /home/wbk/wbk_ros_intro/ros2_ws_practice/install/py_srvcli/lib/python3.12/site-packages/py_srvcli
[0.920s] copying /home/wbk/wbk_ros_intro/ros2_ws_practice/build/py_srvcli/build/lib/py_srvcli/__init__.py -> /home/wbk/wbk_ros_intro/ros2_ws_practice/install/py_srvcli/lib/python3.12/site-packages/py_srvcli
[0.920s] copying /home/wbk/wbk_ros_intro/ros2_ws_practice/build/py_srvcli/build/lib/py_srvcli/service_member_function.py -> /home/wbk/wbk_ros_intro/ros2_ws_practice/install/py_srvcli/lib/python3.12/site-packages/py_srvcli
[0.921s] byte-compiling /home/wbk/wbk_ros_intro/ros2_ws_practice/install/py_srvcli/lib/python3.12/site-packages/py_srvcli/__init__.py to __init__.cpython-312.pyc
[0.922s] byte-compiling /home/wbk/wbk_ros_intro/ros2_ws_practice/install/py_srvcli/lib/python3.12/site-packages/py_srvcli/service_member_function.py to service_member_function.cpython-312.pyc
[0.922s] running install_data
[0.922s] creating /home/wbk/wbk_ros_intro/ros2_ws_practice/install/py_srvcli/share/ament_index
[0.922s] creating /home/wbk/wbk_ros_intro/ros2_ws_practice/install/py_srvcli/share/ament_index/resource_index
[0.922s] creating /home/wbk/wbk_ros_intro/ros2_ws_practice/install/py_srvcli/share/ament_index/resource_index/packages
[0.923s] copying resource/py_srvcli -> /home/wbk/wbk_ros_intro/ros2_ws_practice/install/py_srvcli/share/ament_index/resource_index/packages
[0.923s] copying package.xml -> /home/wbk/wbk_ros_intro/ros2_ws_practice/install/py_srvcli/share/py_srvcli
[0.923s] running install_egg_info
[0.935s] Copying ../../build/py_srvcli/py_srvcli.egg-info to /home/wbk/wbk_ros_intro/ros2_ws_practice/install/py_srvcli/lib/python3.12/site-packages/py_srvcli-0.0.0-py3.12.egg-info
[0.936s] running install_scripts
[1.019s] writing list of installed files to '/home/wbk/wbk_ros_intro/ros2_ws_practice/build/py_srvcli/install.log'
[1.046s] Invoked command in '/home/wbk/wbk_ros_intro/ros2_ws_practice/src/py_srvcli' returned '0': PYTHONPATH=/home/wbk/wbk_ros_intro/ros2_ws_practice/build/py_srvcli/prefix_override:/usr/lib/python3/dist-packages/colcon_core/task/python/colcon_distutils_commands:/home/wbk/wbk_ros_intro/ros2_ws_practice/install/py_srvcli/lib/python3.12/site-packages:${PYTHONPATH} /usr/bin/python3 -W ignore:setup.py install is deprecated -W ignore:easy_install command is deprecated setup.py egg_info --egg-base ../../build/py_srvcli build --build-base /home/wbk/wbk_ros_intro/ros2_ws_practice/build/py_srvcli/build install --record /home/wbk/wbk_ros_intro/ros2_ws_practice/build/py_srvcli/install.log --single-version-externally-managed install_data
