[0.019s] Invoking command in '/home/wbk/wbk_ros_intro/build/interfaces': CMAKE_PREFIX_PATH=${CMAKE_PREFIX_PATH}:/opt/ros/jazzy /usr/bin/cmake /home/wbk/wbk_ros_intro/ros2_ws/src/interfaces -DCMAKE_INSTALL_PREFIX=/home/wbk/wbk_ros_intro/install/interfaces
[0.115s] -- Found ament_cmake: 2.5.4 (/opt/ros/jazzy/share/ament_cmake/cmake)
[0.341s] -- Found geometry_msgs: 5.3.6 (/opt/ros/jazzy/share/geometry_msgs/cmake)
[0.396s] -- Found rosidl_generator_c: 4.6.6 (/opt/ros/jazzy/share/rosidl_generator_c/cmake)
[0.410s] -- Found rosidl_generator_cpp: 4.6.6 (/opt/ros/jazzy/share/rosidl_generator_cpp/cmake)
[0.454s] -- Using all available rosidl_typesupport_c: rosidl_typesupport_fastrtps_c;rosidl_typesupport_introspection_c
[0.475s] -- Using all available rosidl_typesupport_cpp: rosidl_typesupport_fastrtps_cpp;rosidl_typesupport_introspection_cpp
[0.530s] -- Found rosidl_default_generators: 1.6.0 (/opt/ros/jazzy/share/rosidl_default_generators/cmake)
[0.541s] -- Found rosidl_adapter: 4.6.6 (/opt/ros/jazzy/share/rosidl_adapter/cmake)
[1.148s] -- Found ament_cmake_ros: 0.12.0 (/opt/ros/jazzy/share/ament_cmake_ros/cmake)
[1.846s] -- Using all available rosidl_typesupport_c: rosidl_typesupport_fastrtps_c;rosidl_typesupport_introspection_c
[2.114s] -- Using all available rosidl_typesupport_cpp: rosidl_typesupport_fastrtps_cpp;rosidl_typesupport_introspection_cpp
[2.118s] -- Found python_cmake_module: 0.11.1 (/opt/ros/jazzy/share/python_cmake_module/cmake)
[2.234s] -- Found PythonExtra: /usr/bin/python3  
[2.678s] -- Found Python3: /usr/bin/python3 (found version "3.12.3") found components: Interpreter Development NumPy Development.Module Development.Embed 
[2.732s] -- Found ament_lint_auto: 0.17.3 (/opt/ros/jazzy/share/ament_lint_auto/cmake)
[2.765s] -- Added test 'lint_cmake' to check CMake code style
[2.767s] -- Added test 'xmllint' to check XML markup files
[2.770s] -- Configuring done (2.7s)
[2.833s] -- Generating done (0.1s)
[2.844s] -- Build files have been written to: /home/wbk/wbk_ros_intro/build/interfaces
[2.854s] Invoked command in '/home/wbk/wbk_ros_intro/build/interfaces' returned '0': CMAKE_PREFIX_PATH=${CMAKE_PREFIX_PATH}:/opt/ros/jazzy /usr/bin/cmake /home/wbk/wbk_ros_intro/ros2_ws/src/interfaces -DCMAKE_INSTALL_PREFIX=/home/wbk/wbk_ros_intro/install/interfaces
[2.856s] Invoking command in '/home/wbk/wbk_ros_intro/build/interfaces': CMAKE_PREFIX_PATH=${CMAKE_PREFIX_PATH}:/opt/ros/jazzy /usr/bin/cmake --build /home/wbk/wbk_ros_intro/build/interfaces -- -j16 -l16
[2.899s] [  1%] [34m[1mGenerating type hashes for ROS interfaces[0m
[2.906s] [  1%] Built target ament_cmake_python_copy_interfaces
[3.061s] running egg_info
[3.062s] creating interfaces.egg-info
[3.074s] writing interfaces.egg-info/PKG-INFO
[3.074s] writing dependency_links to interfaces.egg-info/dependency_links.txt
[3.074s] writing top-level names to interfaces.egg-info/top_level.txt
[3.074s] writing manifest file 'interfaces.egg-info/SOURCES.txt'
[3.110s] reading manifest file 'interfaces.egg-info/SOURCES.txt'
[3.110s] writing manifest file 'interfaces.egg-info/SOURCES.txt'
[3.123s] [  1%] Built target interfaces__rosidl_generator_type_description
[3.135s] [  3%] [34m[1mGenerating C code for ROS interfaces[0m
[3.142s] [  3%] Built target ament_cmake_python_build_interfaces_egg
[3.149s] [  4%] [34m[1mGenerating C++ code for ROS interfaces[0m
[3.575s] [  4%] Built target interfaces__cpp
[3.626s] [  6%] [32mBuilding C object CMakeFiles/interfaces__rosidl_generator_c.dir/rosidl_generator_c/interfaces/msg/detail/num__description.c.o[0m
[3.627s] [  7%] [32mBuilding C object CMakeFiles/interfaces__rosidl_generator_c.dir/rosidl_generator_c/interfaces/msg/detail/num__functions.c.o[0m
[3.627s] [  9%] [32mBuilding C object CMakeFiles/interfaces__rosidl_generator_c.dir/rosidl_generator_c/interfaces/msg/detail/concert_info__description.c.o[0m
[3.628s] [ 10%] [32mBuilding C object CMakeFiles/interfaces__rosidl_generator_c.dir/rosidl_generator_c/interfaces/msg/detail/num__type_support.c.o[0m
[3.630s] [ 12%] [32mBuilding C object CMakeFiles/interfaces__rosidl_generator_c.dir/rosidl_generator_c/interfaces/msg/detail/concert_info__type_support.c.o[0m
[3.631s] [ 14%] [32mBuilding C object CMakeFiles/interfaces__rosidl_generator_c.dir/rosidl_generator_c/interfaces/action/detail/ticket_sale__functions.c.o[0m
[3.632s] [ 15%] [32mBuilding C object CMakeFiles/interfaces__rosidl_generator_c.dir/rosidl_generator_c/interfaces/srv/detail/ticket__type_support.c.o[0m
[3.632s] [ 17%] [32mBuilding C object CMakeFiles/interfaces__rosidl_generator_c.dir/rosidl_generator_c/interfaces/srv/detail/ticket__functions.c.o[0m
[3.634s] [ 20%] [32mBuilding C object CMakeFiles/interfaces__rosidl_generator_c.dir/rosidl_generator_c/interfaces/srv/detail/ticket__description.c.o[0m
[3.634s] [ 20%] [32mBuilding C object CMakeFiles/interfaces__rosidl_generator_c.dir/rosidl_generator_c/interfaces/msg/detail/concert_info__functions.c.o[0m
[3.636s] [ 21%] [32mBuilding C object CMakeFiles/interfaces__rosidl_generator_c.dir/rosidl_generator_c/interfaces/action/detail/ticket_sale__description.c.o[0m
[3.636s] [ 23%] [32mBuilding C object CMakeFiles/interfaces__rosidl_generator_c.dir/rosidl_generator_c/interfaces/action/detail/ticket_sale__type_support.c.o[0m
[3.825s] [ 25%] [32m[1mLinking C shared library libinterfaces__rosidl_generator_c.so[0m
[3.873s] [ 25%] Built target interfaces__rosidl_generator_c
[3.886s] [ 28%] [34m[1mGenerating C++ type support for eProsima Fast-RTPS[0m
[3.886s] [ 28%] [34m[1mGenerating C type support for eProsima Fast-RTPS[0m
[3.887s] [ 29%] [34m[1mGenerating C type support dispatch for ROS interfaces[0m
[3.887s] [ 31%] [34m[1mGenerating C++ introspection for ROS interfaces[0m
[3.889s] [ 32%] [34m[1mGenerating C introspection for ROS interfaces[0m
[3.891s] [ 34%] [34m[1mGenerating C++ type support dispatch for ROS interfaces[0m
[4.208s] [ 35%] [32mBuilding CXX object CMakeFiles/interfaces__rosidl_typesupport_cpp.dir/rosidl_typesupport_cpp/interfaces/srv/ticket__type_support.cpp.o[0m
[4.209s] [ 37%] [32mBuilding CXX object CMakeFiles/interfaces__rosidl_typesupport_cpp.dir/rosidl_typesupport_cpp/interfaces/msg/num__type_support.cpp.o[0m
[4.211s] [ 39%] [32mBuilding CXX object CMakeFiles/interfaces__rosidl_typesupport_cpp.dir/rosidl_typesupport_cpp/interfaces/msg/concert_info__type_support.cpp.o[0m
[4.213s] [ 40%] [32mBuilding CXX object CMakeFiles/interfaces__rosidl_typesupport_cpp.dir/rosidl_typesupport_cpp/interfaces/action/ticket_sale__type_support.cpp.o[0m
[4.260s] [ 42%] [32mBuilding CXX object CMakeFiles/interfaces__rosidl_typesupport_c.dir/rosidl_typesupport_c/interfaces/msg/num__type_support.cpp.o[0m
[4.262s] [ 43%] [32mBuilding CXX object CMakeFiles/interfaces__rosidl_typesupport_c.dir/rosidl_typesupport_c/interfaces/srv/ticket__type_support.cpp.o[0m
[4.262s] [ 45%] [32mBuilding CXX object CMakeFiles/interfaces__rosidl_typesupport_c.dir/rosidl_typesupport_c/interfaces/action/ticket_sale__type_support.cpp.o[0m
[4.264s] [ 46%] [32mBuilding CXX object CMakeFiles/interfaces__rosidl_typesupport_c.dir/rosidl_typesupport_c/interfaces/msg/concert_info__type_support.cpp.o[0m
[4.344s] [ 48%] [32mBuilding C object CMakeFiles/interfaces__rosidl_typesupport_introspection_c.dir/rosidl_typesupport_introspection_c/interfaces/msg/detail/num__type_support.c.o[0m
[4.345s] [ 50%] [32mBuilding C object CMakeFiles/interfaces__rosidl_typesupport_introspection_c.dir/rosidl_typesupport_introspection_c/interfaces/msg/detail/concert_info__type_support.c.o[0m
[4.346s] [ 51%] [32mBuilding C object CMakeFiles/interfaces__rosidl_typesupport_introspection_c.dir/rosidl_typesupport_introspection_c/interfaces/action/detail/ticket_sale__type_support.c.o[0m
[4.347s] [ 53%] [32mBuilding C object CMakeFiles/interfaces__rosidl_typesupport_introspection_c.dir/rosidl_typesupport_introspection_c/interfaces/srv/detail/ticket__type_support.c.o[0m
[4.378s] [ 54%] [32mBuilding CXX object CMakeFiles/interfaces__rosidl_typesupport_introspection_cpp.dir/rosidl_typesupport_introspection_cpp/interfaces/msg/detail/concert_info__type_support.cpp.o[0m
[4.379s] [ 57%] [32mBuilding CXX object CMakeFiles/interfaces__rosidl_typesupport_introspection_cpp.dir/rosidl_typesupport_introspection_cpp/interfaces/msg/detail/num__type_support.cpp.o[0m
[4.379s] [ 57%] [32m[1mLinking CXX shared library libinterfaces__rosidl_typesupport_c.so[0m
[4.380s] [ 59%] [32mBuilding CXX object CMakeFiles/interfaces__rosidl_typesupport_introspection_cpp.dir/rosidl_typesupport_introspection_cpp/interfaces/srv/detail/ticket__type_support.cpp.o[0m
[4.381s] [ 60%] [32mBuilding CXX object CMakeFiles/interfaces__rosidl_typesupport_introspection_cpp.dir/rosidl_typesupport_introspection_cpp/interfaces/action/detail/ticket_sale__type_support.cpp.o[0m
[4.458s] [ 60%] Built target interfaces__rosidl_typesupport_c
[4.458s] [ 62%] [32m[1mLinking C shared library libinterfaces__rosidl_typesupport_introspection_c.so[0m
[4.511s] [ 62%] Built target interfaces__rosidl_typesupport_introspection_c
[4.560s] [ 64%] [32mBuilding CXX object CMakeFiles/interfaces__rosidl_typesupport_fastrtps_cpp.dir/rosidl_typesupport_fastrtps_cpp/interfaces/msg/detail/dds_fastrtps/concert_info__type_support.cpp.o[0m
[4.561s] [ 65%] [32mBuilding CXX object CMakeFiles/interfaces__rosidl_typesupport_fastrtps_cpp.dir/rosidl_typesupport_fastrtps_cpp/interfaces/action/detail/dds_fastrtps/ticket_sale__type_support.cpp.o[0m
[4.564s] [ 67%] [32mBuilding CXX object CMakeFiles/interfaces__rosidl_typesupport_fastrtps_cpp.dir/rosidl_typesupport_fastrtps_cpp/interfaces/msg/detail/dds_fastrtps/num__type_support.cpp.o[0m
[4.565s] [ 68%] [32mBuilding CXX object CMakeFiles/interfaces__rosidl_typesupport_fastrtps_cpp.dir/rosidl_typesupport_fastrtps_cpp/interfaces/srv/detail/dds_fastrtps/ticket__type_support.cpp.o[0m
[4.578s] [ 71%] [32mBuilding CXX object CMakeFiles/interfaces__rosidl_typesupport_fastrtps_c.dir/rosidl_typesupport_fastrtps_c/interfaces/srv/detail/ticket__type_support_c.cpp.o[0m
[4.578s] [ 71%] [32mBuilding CXX object CMakeFiles/interfaces__rosidl_typesupport_fastrtps_c.dir/rosidl_typesupport_fastrtps_c/interfaces/msg/detail/num__type_support_c.cpp.o[0m
[4.578s] [ 73%] [32mBuilding CXX object CMakeFiles/interfaces__rosidl_typesupport_fastrtps_c.dir/rosidl_typesupport_fastrtps_c/interfaces/action/detail/ticket_sale__type_support_c.cpp.o[0m
[4.578s] [ 75%] [32mBuilding CXX object CMakeFiles/interfaces__rosidl_typesupport_fastrtps_c.dir/rosidl_typesupport_fastrtps_c/interfaces/msg/detail/concert_info__type_support_c.cpp.o[0m
[5.453s] [ 76%] [32m[1mLinking CXX shared library libinterfaces__rosidl_typesupport_cpp.so[0m
[5.458s] [ 78%] [32m[1mLinking CXX shared library libinterfaces__rosidl_typesupport_introspection_cpp.so[0m
[5.515s] [ 79%] [32m[1mLinking CXX shared library libinterfaces__rosidl_typesupport_fastrtps_c.so[0m
[5.542s] [ 79%] Built target interfaces__rosidl_typesupport_cpp
[5.543s] [ 79%] Built target interfaces__rosidl_typesupport_introspection_cpp
[5.594s] [ 79%] Built target interfaces__rosidl_typesupport_fastrtps_c
[5.776s] [ 81%] [32m[1mLinking CXX shared library libinterfaces__rosidl_typesupport_fastrtps_cpp.so[0m
[5.853s] [ 81%] Built target interfaces__rosidl_typesupport_fastrtps_cpp
[5.872s] [ 81%] Built target interfaces
[5.891s] [ 82%] [34m[1mGenerating Python code for ROS interfaces[0m
[6.549s] [ 82%] Built target interfaces__py
[6.568s] [ 87%] [32mBuilding C object CMakeFiles/interfaces__rosidl_generator_py.dir/rosidl_generator_py/interfaces/srv/_ticket_s.c.o[0m
[6.568s] [ 87%] [32mBuilding C object CMakeFiles/interfaces__rosidl_generator_py.dir/rosidl_generator_py/interfaces/msg/_concert_info_s.c.o[0m
[6.568s] [ 89%] [32mBuilding C object CMakeFiles/interfaces__rosidl_generator_py.dir/rosidl_generator_py/interfaces/action/_ticket_sale_s.c.o[0m
[6.568s] [ 89%] [32mBuilding C object CMakeFiles/interfaces__rosidl_generator_py.dir/rosidl_generator_py/interfaces/msg/_num_s.c.o[0m
[6.789s] [ 90%] [32m[1mLinking C shared library libinterfaces__rosidl_generator_py.so[0m
[6.836s] [ 90%] Built target interfaces__rosidl_generator_py
[6.856s] [ 93%] [32mBuilding C object CMakeFiles/interfaces_s__rosidl_typesupport_c.dir/rosidl_generator_py/interfaces/_interfaces_s.ep.rosidl_typesupport_c.c.o[0m
[6.856s] [ 93%] [32mBuilding C object CMakeFiles/interfaces_s__rosidl_typesupport_introspection_c.dir/rosidl_generator_py/interfaces/_interfaces_s.ep.rosidl_typesupport_introspection_c.c.o[0m
[6.856s] [ 95%] [32mBuilding C object CMakeFiles/interfaces_s__rosidl_typesupport_fastrtps_c.dir/rosidl_generator_py/interfaces/_interfaces_s.ep.rosidl_typesupport_fastrtps_c.c.o[0m
[6.969s] [100%] [32m[1mLinking C shared module rosidl_generator_py/interfaces/interfaces_s__rosidl_typesupport_fastrtps_c.so[0m
[6.969s] [100%] [32m[1mLinking C shared module rosidl_generator_py/interfaces/interfaces_s__rosidl_typesupport_introspection_c.so[0m
[6.969s] [100%] [32m[1mLinking C shared module rosidl_generator_py/interfaces/interfaces_s__rosidl_typesupport_c.so[0m
[6.998s] [100%] Built target interfaces_s__rosidl_typesupport_c
[6.998s] [100%] Built target interfaces_s__rosidl_typesupport_introspection_c
[6.998s] [100%] Built target interfaces_s__rosidl_typesupport_fastrtps_c
[7.009s] Invoked command in '/home/wbk/wbk_ros_intro/build/interfaces' returned '0': CMAKE_PREFIX_PATH=${CMAKE_PREFIX_PATH}:/opt/ros/jazzy /usr/bin/cmake --build /home/wbk/wbk_ros_intro/build/interfaces -- -j16 -l16
[7.017s] Invoking command in '/home/wbk/wbk_ros_intro/build/interfaces': CMAKE_PREFIX_PATH=${CMAKE_PREFIX_PATH}:/opt/ros/jazzy /usr/bin/cmake --install /home/wbk/wbk_ros_intro/build/interfaces
[7.024s] -- Install configuration: ""
[7.024s] -- Installing: /home/wbk/wbk_ros_intro/install/interfaces/share/ament_index/resource_index/rosidl_interfaces/interfaces
[7.024s] -- Installing: /home/wbk/wbk_ros_intro/install/interfaces/share/interfaces/msg/Num.json
[7.025s] -- Installing: /home/wbk/wbk_ros_intro/install/interfaces/share/interfaces/msg/ConcertInfo.json
[7.025s] -- Installing: /home/wbk/wbk_ros_intro/install/interfaces/share/interfaces/srv/Ticket.json
[7.025s] -- Installing: /home/wbk/wbk_ros_intro/install/interfaces/share/interfaces/action/TicketSale.json
[7.025s] -- Installing: /home/wbk/wbk_ros_intro/install/interfaces/include/interfaces/interfaces
[7.026s] -- Installing: /home/wbk/wbk_ros_intro/install/interfaces/include/interfaces/interfaces/action
[7.026s] -- Installing: /home/wbk/wbk_ros_intro/install/interfaces/include/interfaces/interfaces/action/detail
[7.026s] -- Installing: /home/wbk/wbk_ros_intro/install/interfaces/include/interfaces/interfaces/action/detail/ticket_sale__functions.c
[7.026s] -- Installing: /home/wbk/wbk_ros_intro/install/interfaces/include/interfaces/interfaces/action/detail/ticket_sale__type_support.c
[7.026s] -- Installing: /home/wbk/wbk_ros_intro/install/interfaces/include/interfaces/interfaces/action/detail/ticket_sale__description.c
[7.026s] -- Installing: /home/wbk/wbk_ros_intro/install/interfaces/include/interfaces/interfaces/action/detail/ticket_sale__functions.h
[7.027s] -- Installing: /home/wbk/wbk_ros_intro/install/interfaces/include/interfaces/interfaces/action/detail/ticket_sale__struct.h
[7.027s] -- Installing: /home/wbk/wbk_ros_intro/install/interfaces/include/interfaces/interfaces/action/detail/ticket_sale__type_support.h
[7.027s] -- Installing: /home/wbk/wbk_ros_intro/install/interfaces/include/interfaces/interfaces/action/ticket_sale.h
[7.027s] -- Installing: /home/wbk/wbk_ros_intro/install/interfaces/include/interfaces/interfaces/srv
[7.027s] -- Installing: /home/wbk/wbk_ros_intro/install/interfaces/include/interfaces/interfaces/srv/detail
[7.027s] -- Installing: /home/wbk/wbk_ros_intro/install/interfaces/include/interfaces/interfaces/srv/detail/ticket__struct.h
[7.027s] -- Installing: /home/wbk/wbk_ros_intro/install/interfaces/include/interfaces/interfaces/srv/detail/ticket__description.c
[7.027s] -- Installing: /home/wbk/wbk_ros_intro/install/interfaces/include/interfaces/interfaces/srv/detail/ticket__type_support.h
[7.027s] -- Installing: /home/wbk/wbk_ros_intro/install/interfaces/include/interfaces/interfaces/srv/detail/ticket__functions.c
[7.027s] -- Installing: /home/wbk/wbk_ros_intro/install/interfaces/include/interfaces/interfaces/srv/detail/ticket__type_support.c
[7.027s] -- Installing: /home/wbk/wbk_ros_intro/install/interfaces/include/interfaces/interfaces/srv/detail/ticket__functions.h
[7.027s] -- Installing: /home/wbk/wbk_ros_intro/install/interfaces/include/interfaces/interfaces/srv/ticket.h
[7.028s] -- Installing: /home/wbk/wbk_ros_intro/install/interfaces/include/interfaces/interfaces/msg
[7.028s] -- Installing: /home/wbk/wbk_ros_intro/install/interfaces/include/interfaces/interfaces/msg/detail
[7.028s] -- Installing: /home/wbk/wbk_ros_intro/install/interfaces/include/interfaces/interfaces/msg/detail/num__type_support.c
[7.028s] -- Installing: /home/wbk/wbk_ros_intro/install/interfaces/include/interfaces/interfaces/msg/detail/num__type_support.h
[7.028s] -- Installing: /home/wbk/wbk_ros_intro/install/interfaces/include/interfaces/interfaces/msg/detail/num__description.c
[7.028s] -- Installing: /home/wbk/wbk_ros_intro/install/interfaces/include/interfaces/interfaces/msg/detail/num__struct.h
[7.028s] -- Installing: /home/wbk/wbk_ros_intro/install/interfaces/include/interfaces/interfaces/msg/detail/concert_info__type_support.h
[7.028s] -- Installing: /home/wbk/wbk_ros_intro/install/interfaces/include/interfaces/interfaces/msg/detail/concert_info__description.c
[7.028s] -- Installing: /home/wbk/wbk_ros_intro/install/interfaces/include/interfaces/interfaces/msg/detail/concert_info__struct.h
[7.029s] -- Installing: /home/wbk/wbk_ros_intro/install/interfaces/include/interfaces/interfaces/msg/detail/num__functions.h
[7.029s] -- Installing: /home/wbk/wbk_ros_intro/install/interfaces/include/interfaces/interfaces/msg/detail/concert_info__functions.h
[7.029s] -- Installing: /home/wbk/wbk_ros_intro/install/interfaces/include/interfaces/interfaces/msg/detail/num__functions.c
[7.029s] -- Installing: /home/wbk/wbk_ros_intro/install/interfaces/include/interfaces/interfaces/msg/detail/concert_info__type_support.c
[7.029s] -- Installing: /home/wbk/wbk_ros_intro/install/interfaces/include/interfaces/interfaces/msg/detail/concert_info__functions.c
[7.029s] -- Installing: /home/wbk/wbk_ros_intro/install/interfaces/include/interfaces/interfaces/msg/num.h
[7.029s] -- Installing: /home/wbk/wbk_ros_intro/install/interfaces/include/interfaces/interfaces/msg/concert_info.h
[7.029s] -- Installing: /home/wbk/wbk_ros_intro/install/interfaces/include/interfaces/interfaces/msg/rosidl_generator_c__visibility_control.h
[7.029s] -- Installing: /home/wbk/wbk_ros_intro/install/interfaces/share/interfaces/environment/library_path.sh
[7.029s] -- Installing: /home/wbk/wbk_ros_intro/install/interfaces/share/interfaces/environment/library_path.dsv
[7.029s] -- Installing: /home/wbk/wbk_ros_intro/install/interfaces/lib/libinterfaces__rosidl_generator_c.so
[7.030s] -- Set non-toolchain portion of runtime path of "/home/wbk/wbk_ros_intro/install/interfaces/lib/libinterfaces__rosidl_generator_c.so" to ""
[7.030s] -- Up-to-date: /home/wbk/wbk_ros_intro/install/interfaces/include/interfaces/interfaces
[7.030s] -- Up-to-date: /home/wbk/wbk_ros_intro/install/interfaces/include/interfaces/interfaces/action
[7.030s] -- Up-to-date: /home/wbk/wbk_ros_intro/install/interfaces/include/interfaces/interfaces/action/detail
[7.030s] -- Installing: /home/wbk/wbk_ros_intro/install/interfaces/include/interfaces/interfaces/action/detail/ticket_sale__rosidl_typesupport_fastrtps_c.h
[7.030s] -- Up-to-date: /home/wbk/wbk_ros_intro/install/interfaces/include/interfaces/interfaces/srv
[7.030s] -- Up-to-date: /home/wbk/wbk_ros_intro/install/interfaces/include/interfaces/interfaces/srv/detail
[7.030s] -- Installing: /home/wbk/wbk_ros_intro/install/interfaces/include/interfaces/interfaces/srv/detail/ticket__rosidl_typesupport_fastrtps_c.h
[7.031s] -- Up-to-date: /home/wbk/wbk_ros_intro/install/interfaces/include/interfaces/interfaces/msg
[7.031s] -- Up-to-date: /home/wbk/wbk_ros_intro/install/interfaces/include/interfaces/interfaces/msg/detail
[7.031s] -- Installing: /home/wbk/wbk_ros_intro/install/interfaces/include/interfaces/interfaces/msg/detail/num__rosidl_typesupport_fastrtps_c.h
[7.031s] -- Installing: /home/wbk/wbk_ros_intro/install/interfaces/include/interfaces/interfaces/msg/detail/concert_info__rosidl_typesupport_fastrtps_c.h
[7.031s] -- Installing: /home/wbk/wbk_ros_intro/install/interfaces/include/interfaces/interfaces/msg/rosidl_typesupport_fastrtps_c__visibility_control.h
[7.031s] -- Installing: /home/wbk/wbk_ros_intro/install/interfaces/lib/libinterfaces__rosidl_typesupport_fastrtps_c.so
[7.031s] -- Set non-toolchain portion of runtime path of "/home/wbk/wbk_ros_intro/install/interfaces/lib/libinterfaces__rosidl_typesupport_fastrtps_c.so" to ""
[7.031s] -- Up-to-date: /home/wbk/wbk_ros_intro/install/interfaces/include/interfaces/interfaces
[7.031s] -- Up-to-date: /home/wbk/wbk_ros_intro/install/interfaces/include/interfaces/interfaces/action
[7.031s] -- Up-to-date: /home/wbk/wbk_ros_intro/install/interfaces/include/interfaces/interfaces/action/detail
[7.032s] -- Installing: /home/wbk/wbk_ros_intro/install/interfaces/include/interfaces/interfaces/action/detail/ticket_sale__type_support.hpp
[7.032s] -- Installing: /home/wbk/wbk_ros_intro/install/interfaces/include/interfaces/interfaces/action/detail/ticket_sale__struct.hpp
[7.032s] -- Installing: /home/wbk/wbk_ros_intro/install/interfaces/include/interfaces/interfaces/action/detail/ticket_sale__builder.hpp
[7.032s] -- Installing: /home/wbk/wbk_ros_intro/install/interfaces/include/interfaces/interfaces/action/detail/ticket_sale__traits.hpp
[7.032s] -- Installing: /home/wbk/wbk_ros_intro/install/interfaces/include/interfaces/interfaces/action/ticket_sale.hpp
[7.032s] -- Up-to-date: /home/wbk/wbk_ros_intro/install/interfaces/include/interfaces/interfaces/srv
[7.032s] -- Up-to-date: /home/wbk/wbk_ros_intro/install/interfaces/include/interfaces/interfaces/srv/detail
[7.032s] -- Installing: /home/wbk/wbk_ros_intro/install/interfaces/include/interfaces/interfaces/srv/detail/ticket__traits.hpp
[7.032s] -- Installing: /home/wbk/wbk_ros_intro/install/interfaces/include/interfaces/interfaces/srv/detail/ticket__struct.hpp
[7.032s] -- Installing: /home/wbk/wbk_ros_intro/install/interfaces/include/interfaces/interfaces/srv/detail/ticket__type_support.hpp
[7.032s] -- Installing: /home/wbk/wbk_ros_intro/install/interfaces/include/interfaces/interfaces/srv/detail/ticket__builder.hpp
[7.033s] -- Installing: /home/wbk/wbk_ros_intro/install/interfaces/include/interfaces/interfaces/srv/ticket.hpp
[7.033s] -- Up-to-date: /home/wbk/wbk_ros_intro/install/interfaces/include/interfaces/interfaces/msg
[7.033s] -- Installing: /home/wbk/wbk_ros_intro/install/interfaces/include/interfaces/interfaces/msg/rosidl_generator_cpp__visibility_control.hpp
[7.033s] -- Up-to-date: /home/wbk/wbk_ros_intro/install/interfaces/include/interfaces/interfaces/msg/detail
[7.033s] -- Installing: /home/wbk/wbk_ros_intro/install/interfaces/include/interfaces/interfaces/msg/detail/num__struct.hpp
[7.033s] -- Installing: /home/wbk/wbk_ros_intro/install/interfaces/include/interfaces/interfaces/msg/detail/concert_info__type_support.hpp
[7.033s] -- Installing: /home/wbk/wbk_ros_intro/install/interfaces/include/interfaces/interfaces/msg/detail/concert_info__traits.hpp
[7.033s] -- Installing: /home/wbk/wbk_ros_intro/install/interfaces/include/interfaces/interfaces/msg/detail/num__builder.hpp
[7.033s] -- Installing: /home/wbk/wbk_ros_intro/install/interfaces/include/interfaces/interfaces/msg/detail/num__type_support.hpp
[7.033s] -- Installing: /home/wbk/wbk_ros_intro/install/interfaces/include/interfaces/interfaces/msg/detail/concert_info__struct.hpp
[7.034s] -- Installing: /home/wbk/wbk_ros_intro/install/interfaces/include/interfaces/interfaces/msg/detail/concert_info__builder.hpp
[7.034s] -- Installing: /home/wbk/wbk_ros_intro/install/interfaces/include/interfaces/interfaces/msg/detail/num__traits.hpp
[7.034s] -- Installing: /home/wbk/wbk_ros_intro/install/interfaces/include/interfaces/interfaces/msg/concert_info.hpp
[7.034s] -- Installing: /home/wbk/wbk_ros_intro/install/interfaces/include/interfaces/interfaces/msg/num.hpp
[7.034s] -- Up-to-date: /home/wbk/wbk_ros_intro/install/interfaces/include/interfaces/interfaces
[7.034s] -- Up-to-date: /home/wbk/wbk_ros_intro/install/interfaces/include/interfaces/interfaces/action
[7.034s] -- Up-to-date: /home/wbk/wbk_ros_intro/install/interfaces/include/interfaces/interfaces/action/detail
[7.034s] -- Installing: /home/wbk/wbk_ros_intro/install/interfaces/include/interfaces/interfaces/action/detail/dds_fastrtps
[7.034s] -- Installing: /home/wbk/wbk_ros_intro/install/interfaces/include/interfaces/interfaces/action/detail/ticket_sale__rosidl_typesupport_fastrtps_cpp.hpp
[7.035s] -- Up-to-date: /home/wbk/wbk_ros_intro/install/interfaces/include/interfaces/interfaces/srv
[7.035s] -- Up-to-date: /home/wbk/wbk_ros_intro/install/interfaces/include/interfaces/interfaces/srv/detail
[7.035s] -- Installing: /home/wbk/wbk_ros_intro/install/interfaces/include/interfaces/interfaces/srv/detail/ticket__rosidl_typesupport_fastrtps_cpp.hpp
[7.035s] -- Installing: /home/wbk/wbk_ros_intro/install/interfaces/include/interfaces/interfaces/srv/detail/dds_fastrtps
[7.035s] -- Up-to-date: /home/wbk/wbk_ros_intro/install/interfaces/include/interfaces/interfaces/msg
[7.035s] -- Up-to-date: /home/wbk/wbk_ros_intro/install/interfaces/include/interfaces/interfaces/msg/detail
[7.035s] -- Installing: /home/wbk/wbk_ros_intro/install/interfaces/include/interfaces/interfaces/msg/detail/concert_info__rosidl_typesupport_fastrtps_cpp.hpp
[7.035s] -- Installing: /home/wbk/wbk_ros_intro/install/interfaces/include/interfaces/interfaces/msg/detail/num__rosidl_typesupport_fastrtps_cpp.hpp
[7.035s] -- Installing: /home/wbk/wbk_ros_intro/install/interfaces/include/interfaces/interfaces/msg/detail/dds_fastrtps
[7.035s] -- Installing: /home/wbk/wbk_ros_intro/install/interfaces/include/interfaces/interfaces/msg/rosidl_typesupport_fastrtps_cpp__visibility_control.h
[7.035s] -- Installing: /home/wbk/wbk_ros_intro/install/interfaces/lib/libinterfaces__rosidl_typesupport_fastrtps_cpp.so
[7.036s] -- Set non-toolchain portion of runtime path of "/home/wbk/wbk_ros_intro/install/interfaces/lib/libinterfaces__rosidl_typesupport_fastrtps_cpp.so" to ""
[7.036s] -- Up-to-date: /home/wbk/wbk_ros_intro/install/interfaces/include/interfaces/interfaces
[7.036s] -- Up-to-date: /home/wbk/wbk_ros_intro/install/interfaces/include/interfaces/interfaces/action
[7.036s] -- Up-to-date: /home/wbk/wbk_ros_intro/install/interfaces/include/interfaces/interfaces/action/detail
[7.036s] -- Up-to-date: /home/wbk/wbk_ros_intro/install/interfaces/include/interfaces/interfaces/action/detail/ticket_sale__type_support.c
[7.036s] -- Installing: /home/wbk/wbk_ros_intro/install/interfaces/include/interfaces/interfaces/action/detail/ticket_sale__rosidl_typesupport_introspection_c.h
[7.036s] -- Up-to-date: /home/wbk/wbk_ros_intro/install/interfaces/include/interfaces/interfaces/srv
[7.036s] -- Up-to-date: /home/wbk/wbk_ros_intro/install/interfaces/include/interfaces/interfaces/srv/detail
[7.037s] -- Installing: /home/wbk/wbk_ros_intro/install/interfaces/include/interfaces/interfaces/srv/detail/ticket__rosidl_typesupport_introspection_c.h
[7.037s] -- Up-to-date: /home/wbk/wbk_ros_intro/install/interfaces/include/interfaces/interfaces/srv/detail/ticket__type_support.c
[7.037s] -- Up-to-date: /home/wbk/wbk_ros_intro/install/interfaces/include/interfaces/interfaces/msg
[7.037s] -- Up-to-date: /home/wbk/wbk_ros_intro/install/interfaces/include/interfaces/interfaces/msg/detail
[7.037s] -- Up-to-date: /home/wbk/wbk_ros_intro/install/interfaces/include/interfaces/interfaces/msg/detail/num__type_support.c
[7.037s] -- Installing: /home/wbk/wbk_ros_intro/install/interfaces/include/interfaces/interfaces/msg/detail/num__rosidl_typesupport_introspection_c.h
[7.037s] -- Installing: /home/wbk/wbk_ros_intro/install/interfaces/include/interfaces/interfaces/msg/detail/concert_info__rosidl_typesupport_introspection_c.h
[7.037s] -- Up-to-date: /home/wbk/wbk_ros_intro/install/interfaces/include/interfaces/interfaces/msg/detail/concert_info__type_support.c
[7.037s] -- Installing: /home/wbk/wbk_ros_intro/install/interfaces/include/interfaces/interfaces/msg/rosidl_typesupport_introspection_c__visibility_control.h
[7.037s] -- Installing: /home/wbk/wbk_ros_intro/install/interfaces/lib/libinterfaces__rosidl_typesupport_introspection_c.so
[7.037s] -- Set non-toolchain portion of runtime path of "/home/wbk/wbk_ros_intro/install/interfaces/lib/libinterfaces__rosidl_typesupport_introspection_c.so" to ""
[7.037s] -- Installing: /home/wbk/wbk_ros_intro/install/interfaces/lib/libinterfaces__rosidl_typesupport_c.so
[7.037s] -- Set non-toolchain portion of runtime path of "/home/wbk/wbk_ros_intro/install/interfaces/lib/libinterfaces__rosidl_typesupport_c.so" to ""
[7.037s] -- Up-to-date: /home/wbk/wbk_ros_intro/install/interfaces/include/interfaces/interfaces
[7.037s] -- Up-to-date: /home/wbk/wbk_ros_intro/install/interfaces/include/interfaces/interfaces/action
[7.037s] -- Up-to-date: /home/wbk/wbk_ros_intro/install/interfaces/include/interfaces/interfaces/action/detail
[7.037s] -- Installing: /home/wbk/wbk_ros_intro/install/interfaces/include/interfaces/interfaces/action/detail/ticket_sale__type_support.cpp
[7.037s] -- Installing: /home/wbk/wbk_ros_intro/install/interfaces/include/interfaces/interfaces/action/detail/ticket_sale__rosidl_typesupport_introspection_cpp.hpp
[7.037s] -- Up-to-date: /home/wbk/wbk_ros_intro/install/interfaces/include/interfaces/interfaces/srv
[7.037s] -- Up-to-date: /home/wbk/wbk_ros_intro/install/interfaces/include/interfaces/interfaces/srv/detail
[7.037s] -- Installing: /home/wbk/wbk_ros_intro/install/interfaces/include/interfaces/interfaces/srv/detail/ticket__type_support.cpp
[7.038s] -- Installing: /home/wbk/wbk_ros_intro/install/interfaces/include/interfaces/interfaces/srv/detail/ticket__rosidl_typesupport_introspection_cpp.hpp
[7.038s] -- Up-to-date: /home/wbk/wbk_ros_intro/install/interfaces/include/interfaces/interfaces/msg
[7.038s] -- Up-to-date: /home/wbk/wbk_ros_intro/install/interfaces/include/interfaces/interfaces/msg/detail
[7.039s] -- Installing: /home/wbk/wbk_ros_intro/install/interfaces/include/interfaces/interfaces/msg/detail/num__rosidl_typesupport_introspection_cpp.hpp
[7.039s] -- Installing: /home/wbk/wbk_ros_intro/install/interfaces/include/interfaces/interfaces/msg/detail/concert_info__rosidl_typesupport_introspection_cpp.hpp
[7.039s] -- Installing: /home/wbk/wbk_ros_intro/install/interfaces/include/interfaces/interfaces/msg/detail/concert_info__type_support.cpp
[7.040s] -- Installing: /home/wbk/wbk_ros_intro/install/interfaces/include/interfaces/interfaces/msg/detail/num__type_support.cpp
[7.040s] -- Installing: /home/wbk/wbk_ros_intro/install/interfaces/lib/libinterfaces__rosidl_typesupport_introspection_cpp.so
[7.040s] -- Set non-toolchain portion of runtime path of "/home/wbk/wbk_ros_intro/install/interfaces/lib/libinterfaces__rosidl_typesupport_introspection_cpp.so" to ""
[7.040s] -- Installing: /home/wbk/wbk_ros_intro/install/interfaces/lib/libinterfaces__rosidl_typesupport_cpp.so
[7.040s] -- Set non-toolchain portion of runtime path of "/home/wbk/wbk_ros_intro/install/interfaces/lib/libinterfaces__rosidl_typesupport_cpp.so" to ""
[7.040s] -- Installing: /home/wbk/wbk_ros_intro/install/interfaces/share/interfaces/environment/pythonpath.sh
[7.040s] -- Installing: /home/wbk/wbk_ros_intro/install/interfaces/share/interfaces/environment/pythonpath.dsv
[7.040s] -- Installing: /home/wbk/wbk_ros_intro/install/interfaces/lib/python3.12/site-packages/interfaces-0.0.0-py3.12.egg-info
[7.040s] -- Installing: /home/wbk/wbk_ros_intro/install/interfaces/lib/python3.12/site-packages/interfaces-0.0.0-py3.12.egg-info/PKG-INFO
[7.040s] -- Installing: /home/wbk/wbk_ros_intro/install/interfaces/lib/python3.12/site-packages/interfaces-0.0.0-py3.12.egg-info/top_level.txt
[7.040s] -- Installing: /home/wbk/wbk_ros_intro/install/interfaces/lib/python3.12/site-packages/interfaces-0.0.0-py3.12.egg-info/SOURCES.txt
[7.041s] -- Installing: /home/wbk/wbk_ros_intro/install/interfaces/lib/python3.12/site-packages/interfaces-0.0.0-py3.12.egg-info/dependency_links.txt
[7.041s] -- Installing: /home/wbk/wbk_ros_intro/install/interfaces/lib/python3.12/site-packages/interfaces
[7.041s] -- Installing: /home/wbk/wbk_ros_intro/install/interfaces/lib/python3.12/site-packages/interfaces/interfaces_s__rosidl_typesupport_c.so
[7.041s] -- Installing: /home/wbk/wbk_ros_intro/install/interfaces/lib/python3.12/site-packages/interfaces/action
[7.041s] -- Installing: /home/wbk/wbk_ros_intro/install/interfaces/lib/python3.12/site-packages/interfaces/action/__init__.py
[7.041s] -- Installing: /home/wbk/wbk_ros_intro/install/interfaces/lib/python3.12/site-packages/interfaces/action/_ticket_sale.py
[7.041s] -- Installing: /home/wbk/wbk_ros_intro/install/interfaces/lib/python3.12/site-packages/interfaces/action/_ticket_sale_s.c
[7.041s] -- Installing: /home/wbk/wbk_ros_intro/install/interfaces/lib/python3.12/site-packages/interfaces/interfaces_s__rosidl_typesupport_fastrtps_c.so
[7.041s] -- Installing: /home/wbk/wbk_ros_intro/install/interfaces/lib/python3.12/site-packages/interfaces/srv
[7.041s] -- Installing: /home/wbk/wbk_ros_intro/install/interfaces/lib/python3.12/site-packages/interfaces/srv/_ticket_s.c
[7.041s] -- Installing: /home/wbk/wbk_ros_intro/install/interfaces/lib/python3.12/site-packages/interfaces/srv/_ticket.py
[7.041s] -- Installing: /home/wbk/wbk_ros_intro/install/interfaces/lib/python3.12/site-packages/interfaces/srv/__init__.py
[7.041s] -- Installing: /home/wbk/wbk_ros_intro/install/interfaces/lib/python3.12/site-packages/interfaces/__init__.py
[7.041s] -- Installing: /home/wbk/wbk_ros_intro/install/interfaces/lib/python3.12/site-packages/interfaces/msg
[7.041s] -- Installing: /home/wbk/wbk_ros_intro/install/interfaces/lib/python3.12/site-packages/interfaces/msg/_num.py
[7.041s] -- Installing: /home/wbk/wbk_ros_intro/install/interfaces/lib/python3.12/site-packages/interfaces/msg/__init__.py
[7.041s] -- Installing: /home/wbk/wbk_ros_intro/install/interfaces/lib/python3.12/site-packages/interfaces/msg/_concert_info_s.c
[7.041s] -- Installing: /home/wbk/wbk_ros_intro/install/interfaces/lib/python3.12/site-packages/interfaces/msg/_num_s.c
[7.041s] -- Installing: /home/wbk/wbk_ros_intro/install/interfaces/lib/python3.12/site-packages/interfaces/msg/_concert_info.py
[7.041s] -- Installing: /home/wbk/wbk_ros_intro/install/interfaces/lib/python3.12/site-packages/interfaces/_interfaces_s.ep.rosidl_typesupport_fastrtps_c.c
[7.041s] -- Installing: /home/wbk/wbk_ros_intro/install/interfaces/lib/python3.12/site-packages/interfaces/_interfaces_s.ep.rosidl_typesupport_c.c
[7.041s] -- Installing: /home/wbk/wbk_ros_intro/install/interfaces/lib/python3.12/site-packages/interfaces/_interfaces_s.ep.rosidl_typesupport_introspection_c.c
[7.041s] -- Installing: /home/wbk/wbk_ros_intro/install/interfaces/lib/python3.12/site-packages/interfaces/interfaces_s__rosidl_typesupport_introspection_c.so
[7.089s] Listing '/home/wbk/wbk_ros_intro/install/interfaces/lib/python3.12/site-packages/interfaces'...
[7.089s] Compiling '/home/wbk/wbk_ros_intro/install/interfaces/lib/python3.12/site-packages/interfaces/__init__.py'...
[7.089s] Listing '/home/wbk/wbk_ros_intro/install/interfaces/lib/python3.12/site-packages/interfaces/action'...
[7.089s] Compiling '/home/wbk/wbk_ros_intro/install/interfaces/lib/python3.12/site-packages/interfaces/action/__init__.py'...
[7.089s] Compiling '/home/wbk/wbk_ros_intro/install/interfaces/lib/python3.12/site-packages/interfaces/action/_ticket_sale.py'...
[7.089s] Listing '/home/wbk/wbk_ros_intro/install/interfaces/lib/python3.12/site-packages/interfaces/msg'...
[7.089s] Compiling '/home/wbk/wbk_ros_intro/install/interfaces/lib/python3.12/site-packages/interfaces/msg/__init__.py'...
[7.089s] Compiling '/home/wbk/wbk_ros_intro/install/interfaces/lib/python3.12/site-packages/interfaces/msg/_concert_info.py'...
[7.089s] Compiling '/home/wbk/wbk_ros_intro/install/interfaces/lib/python3.12/site-packages/interfaces/msg/_num.py'...
[7.090s] Listing '/home/wbk/wbk_ros_intro/install/interfaces/lib/python3.12/site-packages/interfaces/srv'...
[7.090s] Compiling '/home/wbk/wbk_ros_intro/install/interfaces/lib/python3.12/site-packages/interfaces/srv/__init__.py'...
[7.090s] Compiling '/home/wbk/wbk_ros_intro/install/interfaces/lib/python3.12/site-packages/interfaces/srv/_ticket.py'...
[7.095s] -- Installing: /home/wbk/wbk_ros_intro/install/interfaces/lib/python3.12/site-packages/interfaces/interfaces_s__rosidl_typesupport_fastrtps_c.so
[7.095s] -- Set non-toolchain portion of runtime path of "/home/wbk/wbk_ros_intro/install/interfaces/lib/python3.12/site-packages/interfaces/interfaces_s__rosidl_typesupport_fastrtps_c.so" to ""
[7.095s] -- Installing: /home/wbk/wbk_ros_intro/install/interfaces/lib/python3.12/site-packages/interfaces/interfaces_s__rosidl_typesupport_introspection_c.so
[7.095s] -- Set non-toolchain portion of runtime path of "/home/wbk/wbk_ros_intro/install/interfaces/lib/python3.12/site-packages/interfaces/interfaces_s__rosidl_typesupport_introspection_c.so" to ""
[7.096s] -- Installing: /home/wbk/wbk_ros_intro/install/interfaces/lib/python3.12/site-packages/interfaces/interfaces_s__rosidl_typesupport_c.so
[7.096s] -- Set non-toolchain portion of runtime path of "/home/wbk/wbk_ros_intro/install/interfaces/lib/python3.12/site-packages/interfaces/interfaces_s__rosidl_typesupport_c.so" to ""
[7.096s] -- Installing: /home/wbk/wbk_ros_intro/install/interfaces/lib/libinterfaces__rosidl_generator_py.so
[7.096s] -- Set non-toolchain portion of runtime path of "/home/wbk/wbk_ros_intro/install/interfaces/lib/libinterfaces__rosidl_generator_py.so" to ""
[7.096s] -- Installing: /home/wbk/wbk_ros_intro/install/interfaces/share/interfaces/msg/Num.idl
[7.096s] -- Installing: /home/wbk/wbk_ros_intro/install/interfaces/share/interfaces/msg/ConcertInfo.idl
[7.096s] -- Installing: /home/wbk/wbk_ros_intro/install/interfaces/share/interfaces/srv/Ticket.idl
[7.096s] -- Installing: /home/wbk/wbk_ros_intro/install/interfaces/share/interfaces/action/TicketSale.idl
[7.096s] -- Installing: /home/wbk/wbk_ros_intro/install/interfaces/share/interfaces/msg/Num.msg
[7.097s] -- Installing: /home/wbk/wbk_ros_intro/install/interfaces/share/interfaces/msg/ConcertInfo.msg
[7.097s] -- Installing: /home/wbk/wbk_ros_intro/install/interfaces/share/interfaces/srv/Ticket.srv
[7.097s] -- Installing: /home/wbk/wbk_ros_intro/install/interfaces/share/interfaces/action/TicketSale.action
[7.099s] -- Installing: /home/wbk/wbk_ros_intro/install/interfaces/share/ament_index/resource_index/package_run_dependencies/interfaces
[7.099s] -- Installing: /home/wbk/wbk_ros_intro/install/interfaces/share/ament_index/resource_index/parent_prefix_path/interfaces
[7.099s] -- Installing: /home/wbk/wbk_ros_intro/install/interfaces/share/interfaces/environment/ament_prefix_path.sh
[7.099s] -- Installing: /home/wbk/wbk_ros_intro/install/interfaces/share/interfaces/environment/ament_prefix_path.dsv
[7.099s] -- Installing: /home/wbk/wbk_ros_intro/install/interfaces/share/interfaces/environment/path.sh
[7.100s] -- Installing: /home/wbk/wbk_ros_intro/install/interfaces/share/interfaces/environment/path.dsv
[7.100s] -- Installing: /home/wbk/wbk_ros_intro/install/interfaces/share/interfaces/local_setup.bash
[7.100s] -- Installing: /home/wbk/wbk_ros_intro/install/interfaces/share/interfaces/local_setup.sh
[7.100s] -- Installing: /home/wbk/wbk_ros_intro/install/interfaces/share/interfaces/local_setup.zsh
[7.100s] -- Installing: /home/wbk/wbk_ros_intro/install/interfaces/share/interfaces/local_setup.dsv
[7.100s] -- Installing: /home/wbk/wbk_ros_intro/install/interfaces/share/interfaces/package.dsv
[7.100s] -- Installing: /home/wbk/wbk_ros_intro/install/interfaces/share/ament_index/resource_index/packages/interfaces
[7.100s] -- Installing: /home/wbk/wbk_ros_intro/install/interfaces/share/interfaces/cmake/export_interfaces__rosidl_generator_cExport.cmake
[7.100s] -- Installing: /home/wbk/wbk_ros_intro/install/interfaces/share/interfaces/cmake/export_interfaces__rosidl_generator_cExport-noconfig.cmake
[7.101s] -- Installing: /home/wbk/wbk_ros_intro/install/interfaces/share/interfaces/cmake/export_interfaces__rosidl_typesupport_fastrtps_cExport.cmake
[7.101s] -- Installing: /home/wbk/wbk_ros_intro/install/interfaces/share/interfaces/cmake/export_interfaces__rosidl_typesupport_fastrtps_cExport-noconfig.cmake
[7.101s] -- Installing: /home/wbk/wbk_ros_intro/install/interfaces/share/interfaces/cmake/export_interfaces__rosidl_generator_cppExport.cmake
[7.101s] -- Installing: /home/wbk/wbk_ros_intro/install/interfaces/share/interfaces/cmake/export_interfaces__rosidl_typesupport_fastrtps_cppExport.cmake
[7.101s] -- Installing: /home/wbk/wbk_ros_intro/install/interfaces/share/interfaces/cmake/export_interfaces__rosidl_typesupport_fastrtps_cppExport-noconfig.cmake
[7.101s] -- Installing: /home/wbk/wbk_ros_intro/install/interfaces/share/interfaces/cmake/interfaces__rosidl_typesupport_introspection_cExport.cmake
[7.101s] -- Installing: /home/wbk/wbk_ros_intro/install/interfaces/share/interfaces/cmake/interfaces__rosidl_typesupport_introspection_cExport-noconfig.cmake
[7.101s] -- Installing: /home/wbk/wbk_ros_intro/install/interfaces/share/interfaces/cmake/interfaces__rosidl_typesupport_cExport.cmake
[7.101s] -- Installing: /home/wbk/wbk_ros_intro/install/interfaces/share/interfaces/cmake/interfaces__rosidl_typesupport_cExport-noconfig.cmake
[7.101s] -- Installing: /home/wbk/wbk_ros_intro/install/interfaces/share/interfaces/cmake/interfaces__rosidl_typesupport_introspection_cppExport.cmake
[7.101s] -- Installing: /home/wbk/wbk_ros_intro/install/interfaces/share/interfaces/cmake/interfaces__rosidl_typesupport_introspection_cppExport-noconfig.cmake
[7.101s] -- Installing: /home/wbk/wbk_ros_intro/install/interfaces/share/interfaces/cmake/interfaces__rosidl_typesupport_cppExport.cmake
[7.101s] -- Installing: /home/wbk/wbk_ros_intro/install/interfaces/share/interfaces/cmake/interfaces__rosidl_typesupport_cppExport-noconfig.cmake
[7.101s] -- Installing: /home/wbk/wbk_ros_intro/install/interfaces/share/interfaces/cmake/export_interfaces__rosidl_generator_pyExport.cmake
[7.101s] -- Installing: /home/wbk/wbk_ros_intro/install/interfaces/share/interfaces/cmake/export_interfaces__rosidl_generator_pyExport-noconfig.cmake
[7.101s] -- Installing: /home/wbk/wbk_ros_intro/install/interfaces/share/interfaces/cmake/rosidl_cmake-extras.cmake
[7.101s] -- Installing: /home/wbk/wbk_ros_intro/install/interfaces/share/interfaces/cmake/ament_cmake_export_dependencies-extras.cmake
[7.101s] -- Installing: /home/wbk/wbk_ros_intro/install/interfaces/share/interfaces/cmake/ament_cmake_export_include_directories-extras.cmake
[7.101s] -- Installing: /home/wbk/wbk_ros_intro/install/interfaces/share/interfaces/cmake/ament_cmake_export_libraries-extras.cmake
[7.101s] -- Installing: /home/wbk/wbk_ros_intro/install/interfaces/share/interfaces/cmake/ament_cmake_export_targets-extras.cmake
[7.101s] -- Installing: /home/wbk/wbk_ros_intro/install/interfaces/share/interfaces/cmake/rosidl_cmake_export_typesupport_targets-extras.cmake
[7.101s] -- Installing: /home/wbk/wbk_ros_intro/install/interfaces/share/interfaces/cmake/rosidl_cmake_export_typesupport_libraries-extras.cmake
[7.102s] -- Installing: /home/wbk/wbk_ros_intro/install/interfaces/share/interfaces/cmake/interfacesConfig.cmake
[7.102s] -- Installing: /home/wbk/wbk_ros_intro/install/interfaces/share/interfaces/cmake/interfacesConfig-version.cmake
[7.102s] -- Installing: /home/wbk/wbk_ros_intro/install/interfaces/share/interfaces/package.xml
[7.103s] Invoked command in '/home/wbk/wbk_ros_intro/build/interfaces' returned '0': CMAKE_PREFIX_PATH=${CMAKE_PREFIX_PATH}:/opt/ros/jazzy /usr/bin/cmake --install /home/wbk/wbk_ros_intro/build/interfaces
