[0.009s] Invoking command in '/home/wbk/wbk_ros_intro/build/more_interfaces': CMAKE_PREFIX_PATH=${CMAKE_PREFIX_PATH}:/opt/ros/jazzy /usr/bin/cmake /home/wbk/wbk_ros_intro/src/more_interfaces -DCMAKE_INSTALL_PREFIX=/home/wbk/wbk_ros_intro/install/more_interfaces
[0.019s] -- Found rosidl_default_generators: 1.6.0 (/opt/ros/jazzy/share/rosidl_default_generators/cmake)
[0.160s] -- Using all available rosidl_typesupport_c: rosidl_typesupport_fastrtps_c;rosidl_typesupport_introspection_c
[0.187s] -- Using all available rosidl_typesupport_cpp: rosidl_typesupport_fastrtps_cpp;rosidl_typesupport_introspection_cpp
[0.205s] -- Found rosidl_adapter: 4.6.6 (/opt/ros/jazzy/share/rosidl_adapter/cmake)
[0.638s] -- Found ament_cmake_ros: 0.12.0 (/opt/ros/jazzy/share/ament_cmake_ros/cmake)
[0.955s] -- Using all available rosidl_typesupport_c: rosidl_typesupport_fastrtps_c;rosidl_typesupport_introspection_c
[1.335s] -- Using all available rosidl_typesupport_cpp: rosidl_typesupport_fastrtps_cpp;rosidl_typesupport_introspection_cpp
[1.341s] -- Found python_cmake_module: 0.11.1 (/opt/ros/jazzy/share/python_cmake_module/cmake)
[1.437s] -- Found PythonExtra: /usr/bin/python3  
[1.825s] -- Found Python3: /usr/bin/python3 (found version "3.12.3") found components: Interpreter Development NumPy Development.Module Development.Embed 
[1.853s] -- Found rclcpp: 28.1.11 (/opt/ros/jazzy/share/rclcpp/cmake)
[1.941s] -- Found rmw_implementation_cmake: 7.3.2 (/opt/ros/jazzy/share/rmw_implementation_cmake/cmake)
[1.943s] -- Found rmw_fastrtps_cpp: 8.4.3 (/opt/ros/jazzy/share/rmw_fastrtps_cpp/cmake)
[2.035s] -- Using RMW implementation 'rmw_fastrtps_cpp' as default
[2.132s] -- Configuring done (2.1s)
[2.168s] -- Generating done (0.0s)
[2.178s] -- Build files have been written to: /home/wbk/wbk_ros_intro/build/more_interfaces
[2.183s] Invoked command in '/home/wbk/wbk_ros_intro/build/more_interfaces' returned '0': CMAKE_PREFIX_PATH=${CMAKE_PREFIX_PATH}:/opt/ros/jazzy /usr/bin/cmake /home/wbk/wbk_ros_intro/src/more_interfaces -DCMAKE_INSTALL_PREFIX=/home/wbk/wbk_ros_intro/install/more_interfaces
[2.184s] Invoking command in '/home/wbk/wbk_ros_intro/build/more_interfaces': CMAKE_PREFIX_PATH=${CMAKE_PREFIX_PATH}:/opt/ros/jazzy /usr/bin/cmake --build /home/wbk/wbk_ros_intro/build/more_interfaces -- -j20 -l20
[2.218s] [  2%] [34m[1mGenerating type hashes for ROS interfaces[0m
[2.223s] [  2%] Built target ament_cmake_python_copy_more_interfaces
[2.353s] running egg_info
[2.355s] creating more_interfaces.egg-info
[2.358s] [  2%] Built target more_interfaces__rosidl_generator_type_description
[2.366s] writing more_interfaces.egg-info/PKG-INFO
[2.367s] writing dependency_links to more_interfaces.egg-info/dependency_links.txt
[2.367s] writing top-level names to more_interfaces.egg-info/top_level.txt
[2.367s] writing manifest file 'more_interfaces.egg-info/SOURCES.txt'
[2.368s] [  5%] [34m[1mGenerating C code for ROS interfaces[0m
[2.375s] [  8%] [34m[1mGenerating C++ code for ROS interfaces[0m
[2.395s] reading manifest file 'more_interfaces.egg-info/SOURCES.txt'
[2.396s] writing manifest file 'more_interfaces.egg-info/SOURCES.txt'
[2.416s] [  8%] Built target ament_cmake_python_build_more_interfaces_egg
[2.539s] [  8%] Built target more_interfaces__cpp
[2.550s] [ 11%] [32mBuilding C object CMakeFiles/more_interfaces__rosidl_generator_c.dir/rosidl_generator_c/more_interfaces/msg/detail/concert_info__description.c.o[0m
[2.550s] [ 13%] [32mBuilding C object CMakeFiles/more_interfaces__rosidl_generator_c.dir/rosidl_generator_c/more_interfaces/msg/detail/concert_info__functions.c.o[0m
[2.550s] [ 16%] [32mBuilding C object CMakeFiles/more_interfaces__rosidl_generator_c.dir/rosidl_generator_c/more_interfaces/msg/detail/concert_info__type_support.c.o[0m
[2.657s] [ 19%] [32m[1mLinking C shared library libmore_interfaces__rosidl_generator_c.so[0m
[2.692s] [ 19%] Built target more_interfaces__rosidl_generator_c
[2.699s] [ 25%] [34m[1mGenerating C type support for eProsima Fast-RTPS[0m
[2.699s] [ 27%] [34m[1mGenerating C type support dispatch for ROS interfaces[0m
[2.700s] [ 27%] [34m[1mGenerating C introspection for ROS interfaces[0m
[2.700s] [ 30%] [34m[1mGenerating C++ type support dispatch for ROS interfaces[0m
[2.700s] [ 33%] [34m[1mGenerating C++ type support for eProsima Fast-RTPS[0m
[2.700s] [ 36%] [34m[1mGenerating C++ introspection for ROS interfaces[0m
[2.881s] [ 38%] [32mBuilding CXX object CMakeFiles/more_interfaces__rosidl_typesupport_cpp.dir/rosidl_typesupport_cpp/more_interfaces/msg/concert_info__type_support.cpp.o[0m
[2.886s] [ 41%] [32mBuilding CXX object CMakeFiles/more_interfaces__rosidl_typesupport_c.dir/rosidl_typesupport_c/more_interfaces/msg/concert_info__type_support.cpp.o[0m
[2.889s] [ 44%] [32mBuilding CXX object CMakeFiles/more_interfaces__rosidl_typesupport_introspection_cpp.dir/rosidl_typesupport_introspection_cpp/more_interfaces/msg/detail/concert_info__type_support.cpp.o[0m
[2.902s] [ 47%] [32mBuilding C object CMakeFiles/more_interfaces__rosidl_typesupport_introspection_c.dir/rosidl_typesupport_introspection_c/more_interfaces/msg/detail/concert_info__type_support.c.o[0m
[2.907s] [ 50%] [32mBuilding CXX object CMakeFiles/more_interfaces__rosidl_typesupport_fastrtps_cpp.dir/rosidl_typesupport_fastrtps_cpp/more_interfaces/msg/detail/dds_fastrtps/concert_info__type_support.cpp.o[0m
[2.911s] [ 52%] [32mBuilding CXX object CMakeFiles/more_interfaces__rosidl_typesupport_fastrtps_c.dir/rosidl_typesupport_fastrtps_c/more_interfaces/msg/detail/concert_info__type_support_c.cpp.o[0m
[2.942s] [ 55%] [32m[1mLinking C shared library libmore_interfaces__rosidl_typesupport_introspection_c.so[0m
[2.968s] [ 55%] Built target more_interfaces__rosidl_typesupport_introspection_c
[2.984s] [ 58%] [32m[1mLinking CXX shared library libmore_interfaces__rosidl_typesupport_c.so[0m
[3.020s] [ 58%] Built target more_interfaces__rosidl_typesupport_c
[3.152s] [ 61%] [32m[1mLinking CXX shared library libmore_interfaces__rosidl_typesupport_cpp.so[0m
[3.183s] [ 61%] Built target more_interfaces__rosidl_typesupport_cpp
[3.200s] [ 63%] [32mBuilding CXX object CMakeFiles/server.dir/src/server.cpp.o[0m
[3.231s] [ 66%] [32m[1mLinking CXX shared library libmore_interfaces__rosidl_typesupport_introspection_cpp.so[0m
[3.283s] [ 66%] Built target more_interfaces__rosidl_typesupport_introspection_cpp
[3.284s] [ 69%] [32m[1mLinking CXX shared library libmore_interfaces__rosidl_typesupport_fastrtps_c.so[0m
[3.324s] [ 72%] [32m[1mLinking CXX shared library libmore_interfaces__rosidl_typesupport_fastrtps_cpp.so[0m
[3.337s] [ 72%] Built target more_interfaces__rosidl_typesupport_fastrtps_c
[3.374s] [ 72%] Built target more_interfaces__rosidl_typesupport_fastrtps_cpp
[3.389s] [ 72%] Built target more_interfaces
[3.404s] [ 75%] [34m[1mGenerating Python code for ROS interfaces[0m
[3.560s] [01m[K/home/wbk/wbk_ros_intro/src/more_interfaces/src/server.cpp:5:10:[m[K [01;31m[Kfatal error: [m[Kmore_interfaces/msg/ConcertInfo.hpp: No such file or directory
[3.561s]     5 | #include [01;31m[K"more_interfaces/msg/ConcertInfo.hpp"[m[K
[3.561s]       |          [01;31m[K^~~~~~~~~~~~~~~~~~~~~~~~~~~~~~~~~~~~~[m[K
[3.561s] compilation terminated.
[3.563s] gmake[2]: *** [CMakeFiles/server.dir/build.make:76: CMakeFiles/server.dir/src/server.cpp.o] Error 1
[3.563s] gmake[1]: *** [CMakeFiles/Makefile2:625: CMakeFiles/server.dir/all] Error 2
[3.563s] gmake[1]: *** Waiting for unfinished jobs....
[3.600s] [ 75%] Built target more_interfaces__py
[3.601s] gmake: *** [Makefile:146: all] Error 2
[3.602s] Invoked command in '/home/wbk/wbk_ros_intro/build/more_interfaces' returned '2': CMAKE_PREFIX_PATH=${CMAKE_PREFIX_PATH}:/opt/ros/jazzy /usr/bin/cmake --build /home/wbk/wbk_ros_intro/build/more_interfaces -- -j20 -l20
