[0.020s] Invoking command in '/home/wbk/wbk_ros_intro/ros2_ws/build/interfaces': CMAKE_PREFIX_PATH=${CMAKE_PREFIX_PATH}:/home/wbk/wbk_ros_intro/ros2_ws/install/service_client:/opt/ros/jazzy /usr/bin/cmake --build /home/wbk/wbk_ros_intro/ros2_ws/build/interfaces -- -j16 -l16
[0.105s] [  2%] Built target interfaces__rosidl_generator_type_description
[0.123s] [  2%] Built target ament_cmake_python_copy_interfaces
[0.158s] [  4%] Built target interfaces__cpp
[0.163s] [ 22%] Built target interfaces__rosidl_generator_c
[0.242s] [ 31%] Built target interfaces__rosidl_typesupport_introspection_c
[0.249s] [ 40%] Built target interfaces__rosidl_typesupport_fastrtps_cpp
[0.259s] [ 50%] Built target interfaces__rosidl_typesupport_introspection_cpp
[0.265s] [ 59%] Built target interfaces__rosidl_typesupport_cpp
[0.265s] [ 68%] Built target interfaces__rosidl_typesupport_c
[0.272s] [ 77%] Built target interfaces__rosidl_typesupport_fastrtps_c
[0.323s] [ 77%] Built target interfaces
[0.372s] [ 79%] Built target interfaces__py
[0.421s] [ 86%] Built target interfaces__rosidl_generator_py
[0.489s] [ 90%] Built target interfaces_s__rosidl_typesupport_c
[0.490s] [ 95%] Built target interfaces_s__rosidl_typesupport_fastrtps_c
[0.492s] [100%] Built target interfaces_s__rosidl_typesupport_introspection_c
[0.649s] running egg_info
[0.677s] writing interfaces.egg-info/PKG-INFO
[0.677s] writing dependency_links to interfaces.egg-info/dependency_links.txt
[0.678s] writing top-level names to interfaces.egg-info/top_level.txt
[0.742s] reading manifest file 'interfaces.egg-info/SOURCES.txt'
[0.742s] writing manifest file 'interfaces.egg-info/SOURCES.txt'
[0.775s] [100%] Built target ament_cmake_python_build_interfaces_egg
[0.790s] Invoked command in '/home/wbk/wbk_ros_intro/ros2_ws/build/interfaces' returned '0': CMAKE_PREFIX_PATH=${CMAKE_PREFIX_PATH}:/home/wbk/wbk_ros_intro/ros2_ws/install/service_client:/opt/ros/jazzy /usr/bin/cmake --build /home/wbk/wbk_ros_intro/ros2_ws/build/interfaces -- -j16 -l16
[0.802s] Invoking command in '/home/wbk/wbk_ros_intro/ros2_ws/build/interfaces': CMAKE_PREFIX_PATH=${CMAKE_PREFIX_PATH}:/home/wbk/wbk_ros_intro/ros2_ws/install/service_client:/opt/ros/jazzy /usr/bin/cmake --install /home/wbk/wbk_ros_intro/ros2_ws/build/interfaces
[0.812s] -- Install configuration: ""
[0.812s] -- Up-to-date: /home/wbk/wbk_ros_intro/ros2_ws/install/interfaces/share/ament_index/resource_index/rosidl_interfaces/interfaces
[0.813s] -- Up-to-date: /home/wbk/wbk_ros_intro/ros2_ws/install/interfaces/share/interfaces/msg/Num.json
[0.813s] -- Up-to-date: /home/wbk/wbk_ros_intro/ros2_ws/install/interfaces/share/interfaces/srv/Ticket.json
[0.813s] -- Up-to-date: /home/wbk/wbk_ros_intro/ros2_ws/install/interfaces/include/interfaces/interfaces
[0.813s] -- Up-to-date: /home/wbk/wbk_ros_intro/ros2_ws/install/interfaces/include/interfaces/interfaces/srv
[0.813s] -- Up-to-date: /home/wbk/wbk_ros_intro/ros2_ws/install/interfaces/include/interfaces/interfaces/srv/detail
[0.814s] -- Up-to-date: /home/wbk/wbk_ros_intro/ros2_ws/install/interfaces/include/interfaces/interfaces/srv/detail/ticket__struct.h
[0.814s] -- Up-to-date: /home/wbk/wbk_ros_intro/ros2_ws/install/interfaces/include/interfaces/interfaces/srv/detail/ticket__description.c
[0.814s] -- Up-to-date: /home/wbk/wbk_ros_intro/ros2_ws/install/interfaces/include/interfaces/interfaces/srv/detail/ticket__type_support.h
[0.814s] -- Up-to-date: /home/wbk/wbk_ros_intro/ros2_ws/install/interfaces/include/interfaces/interfaces/srv/detail/ticket__functions.c
[0.815s] -- Up-to-date: /home/wbk/wbk_ros_intro/ros2_ws/install/interfaces/include/interfaces/interfaces/srv/detail/ticket__type_support.c
[0.815s] -- Up-to-date: /home/wbk/wbk_ros_intro/ros2_ws/install/interfaces/include/interfaces/interfaces/srv/detail/ticket__functions.h
[0.815s] -- Up-to-date: /home/wbk/wbk_ros_intro/ros2_ws/install/interfaces/include/interfaces/interfaces/srv/ticket.h
[0.815s] -- Up-to-date: /home/wbk/wbk_ros_intro/ros2_ws/install/interfaces/include/interfaces/interfaces/msg
[0.816s] -- Up-to-date: /home/wbk/wbk_ros_intro/ros2_ws/install/interfaces/include/interfaces/interfaces/msg/detail
[0.816s] -- Up-to-date: /home/wbk/wbk_ros_intro/ros2_ws/install/interfaces/include/interfaces/interfaces/msg/detail/num__type_support.c
[0.816s] -- Up-to-date: /home/wbk/wbk_ros_intro/ros2_ws/install/interfaces/include/interfaces/interfaces/msg/detail/num__type_support.h
[0.816s] -- Up-to-date: /home/wbk/wbk_ros_intro/ros2_ws/install/interfaces/include/interfaces/interfaces/msg/detail/num__description.c
[0.816s] -- Up-to-date: /home/wbk/wbk_ros_intro/ros2_ws/install/interfaces/include/interfaces/interfaces/msg/detail/num__struct.h
[0.816s] -- Up-to-date: /home/wbk/wbk_ros_intro/ros2_ws/install/interfaces/include/interfaces/interfaces/msg/detail/num__functions.h
[0.816s] -- Up-to-date: /home/wbk/wbk_ros_intro/ros2_ws/install/interfaces/include/interfaces/interfaces/msg/detail/num__functions.c
[0.817s] -- Up-to-date: /home/wbk/wbk_ros_intro/ros2_ws/install/interfaces/include/interfaces/interfaces/msg/num.h
[0.817s] -- Up-to-date: /home/wbk/wbk_ros_intro/ros2_ws/install/interfaces/include/interfaces/interfaces/msg/rosidl_generator_c__visibility_control.h
[0.817s] -- Up-to-date: /home/wbk/wbk_ros_intro/ros2_ws/install/interfaces/share/interfaces/environment/library_path.sh
[0.817s] -- Up-to-date: /home/wbk/wbk_ros_intro/ros2_ws/install/interfaces/share/interfaces/environment/library_path.dsv
[0.817s] -- Up-to-date: /home/wbk/wbk_ros_intro/ros2_ws/install/interfaces/lib/libinterfaces__rosidl_generator_c.so
[0.817s] -- Up-to-date: /home/wbk/wbk_ros_intro/ros2_ws/install/interfaces/include/interfaces/interfaces
[0.817s] -- Up-to-date: /home/wbk/wbk_ros_intro/ros2_ws/install/interfaces/include/interfaces/interfaces/srv
[0.818s] -- Up-to-date: /home/wbk/wbk_ros_intro/ros2_ws/install/interfaces/include/interfaces/interfaces/srv/detail
[0.818s] -- Up-to-date: /home/wbk/wbk_ros_intro/ros2_ws/install/interfaces/include/interfaces/interfaces/srv/detail/ticket__rosidl_typesupport_fastrtps_c.h
[0.818s] -- Up-to-date: /home/wbk/wbk_ros_intro/ros2_ws/install/interfaces/include/interfaces/interfaces/msg
[0.818s] -- Up-to-date: /home/wbk/wbk_ros_intro/ros2_ws/install/interfaces/include/interfaces/interfaces/msg/detail
[0.818s] -- Up-to-date: /home/wbk/wbk_ros_intro/ros2_ws/install/interfaces/include/interfaces/interfaces/msg/detail/num__rosidl_typesupport_fastrtps_c.h
[0.818s] -- Up-to-date: /home/wbk/wbk_ros_intro/ros2_ws/install/interfaces/include/interfaces/interfaces/msg/rosidl_typesupport_fastrtps_c__visibility_control.h
[0.818s] -- Up-to-date: /home/wbk/wbk_ros_intro/ros2_ws/install/interfaces/lib/libinterfaces__rosidl_typesupport_fastrtps_c.so
[0.819s] -- Up-to-date: /home/wbk/wbk_ros_intro/ros2_ws/install/interfaces/include/interfaces/interfaces
[0.819s] -- Up-to-date: /home/wbk/wbk_ros_intro/ros2_ws/install/interfaces/include/interfaces/interfaces/srv
[0.819s] -- Up-to-date: /home/wbk/wbk_ros_intro/ros2_ws/install/interfaces/include/interfaces/interfaces/srv/detail
[0.819s] -- Up-to-date: /home/wbk/wbk_ros_intro/ros2_ws/install/interfaces/include/interfaces/interfaces/srv/detail/ticket__traits.hpp
[0.819s] -- Up-to-date: /home/wbk/wbk_ros_intro/ros2_ws/install/interfaces/include/interfaces/interfaces/srv/detail/ticket__struct.hpp
[0.819s] -- Up-to-date: /home/wbk/wbk_ros_intro/ros2_ws/install/interfaces/include/interfaces/interfaces/srv/detail/ticket__type_support.hpp
[0.820s] -- Up-to-date: /home/wbk/wbk_ros_intro/ros2_ws/install/interfaces/include/interfaces/interfaces/srv/detail/ticket__builder.hpp
[0.820s] -- Up-to-date: /home/wbk/wbk_ros_intro/ros2_ws/install/interfaces/include/interfaces/interfaces/srv/ticket.hpp
[0.820s] -- Up-to-date: /home/wbk/wbk_ros_intro/ros2_ws/install/interfaces/include/interfaces/interfaces/msg
[0.820s] -- Up-to-date: /home/wbk/wbk_ros_intro/ros2_ws/install/interfaces/include/interfaces/interfaces/msg/rosidl_generator_cpp__visibility_control.hpp
[0.820s] -- Up-to-date: /home/wbk/wbk_ros_intro/ros2_ws/install/interfaces/include/interfaces/interfaces/msg/detail
[0.821s] -- Up-to-date: /home/wbk/wbk_ros_intro/ros2_ws/install/interfaces/include/interfaces/interfaces/msg/detail/num__struct.hpp
[0.821s] -- Up-to-date: /home/wbk/wbk_ros_intro/ros2_ws/install/interfaces/include/interfaces/interfaces/msg/detail/num__builder.hpp
[0.821s] -- Up-to-date: /home/wbk/wbk_ros_intro/ros2_ws/install/interfaces/include/interfaces/interfaces/msg/detail/num__type_support.hpp
[0.821s] -- Up-to-date: /home/wbk/wbk_ros_intro/ros2_ws/install/interfaces/include/interfaces/interfaces/msg/detail/num__traits.hpp
[0.821s] -- Up-to-date: /home/wbk/wbk_ros_intro/ros2_ws/install/interfaces/include/interfaces/interfaces/msg/num.hpp
[0.822s] -- Up-to-date: /home/wbk/wbk_ros_intro/ros2_ws/install/interfaces/include/interfaces/interfaces
[0.822s] -- Up-to-date: /home/wbk/wbk_ros_intro/ros2_ws/install/interfaces/include/interfaces/interfaces/srv
[0.822s] -- Up-to-date: /home/wbk/wbk_ros_intro/ros2_ws/install/interfaces/include/interfaces/interfaces/srv/detail
[0.822s] -- Up-to-date: /home/wbk/wbk_ros_intro/ros2_ws/install/interfaces/include/interfaces/interfaces/srv/detail/ticket__rosidl_typesupport_fastrtps_cpp.hpp
[0.822s] -- Up-to-date: /home/wbk/wbk_ros_intro/ros2_ws/install/interfaces/include/interfaces/interfaces/srv/detail/dds_fastrtps
[0.823s] -- Up-to-date: /home/wbk/wbk_ros_intro/ros2_ws/install/interfaces/include/interfaces/interfaces/msg
[0.823s] -- Up-to-date: /home/wbk/wbk_ros_intro/ros2_ws/install/interfaces/include/interfaces/interfaces/msg/detail
[0.823s] -- Up-to-date: /home/wbk/wbk_ros_intro/ros2_ws/install/interfaces/include/interfaces/interfaces/msg/detail/num__rosidl_typesupport_fastrtps_cpp.hpp
[0.823s] -- Up-to-date: /home/wbk/wbk_ros_intro/ros2_ws/install/interfaces/include/interfaces/interfaces/msg/detail/dds_fastrtps
[0.823s] -- Up-to-date: /home/wbk/wbk_ros_intro/ros2_ws/install/interfaces/include/interfaces/interfaces/msg/rosidl_typesupport_fastrtps_cpp__visibility_control.h
[0.823s] -- Up-to-date: /home/wbk/wbk_ros_intro/ros2_ws/install/interfaces/lib/libinterfaces__rosidl_typesupport_fastrtps_cpp.so
[0.824s] -- Up-to-date: /home/wbk/wbk_ros_intro/ros2_ws/install/interfaces/include/interfaces/interfaces
[0.824s] -- Up-to-date: /home/wbk/wbk_ros_intro/ros2_ws/install/interfaces/include/interfaces/interfaces/srv
[0.824s] -- Up-to-date: /home/wbk/wbk_ros_intro/ros2_ws/install/interfaces/include/interfaces/interfaces/srv/detail
[0.824s] -- Up-to-date: /home/wbk/wbk_ros_intro/ros2_ws/install/interfaces/include/interfaces/interfaces/srv/detail/ticket__rosidl_typesupport_introspection_c.h
[0.824s] -- Up-to-date: /home/wbk/wbk_ros_intro/ros2_ws/install/interfaces/include/interfaces/interfaces/srv/detail/ticket__type_support.c
[0.824s] -- Up-to-date: /home/wbk/wbk_ros_intro/ros2_ws/install/interfaces/include/interfaces/interfaces/msg
[0.824s] -- Up-to-date: /home/wbk/wbk_ros_intro/ros2_ws/install/interfaces/include/interfaces/interfaces/msg/detail
[0.824s] -- Up-to-date: /home/wbk/wbk_ros_intro/ros2_ws/install/interfaces/include/interfaces/interfaces/msg/detail/num__type_support.c
[0.824s] -- Up-to-date: /home/wbk/wbk_ros_intro/ros2_ws/install/interfaces/include/interfaces/interfaces/msg/detail/num__rosidl_typesupport_introspection_c.h
[0.824s] -- Up-to-date: /home/wbk/wbk_ros_intro/ros2_ws/install/interfaces/include/interfaces/interfaces/msg/rosidl_typesupport_introspection_c__visibility_control.h
[0.824s] -- Up-to-date: /home/wbk/wbk_ros_intro/ros2_ws/install/interfaces/lib/libinterfaces__rosidl_typesupport_introspection_c.so
[0.825s] -- Up-to-date: /home/wbk/wbk_ros_intro/ros2_ws/install/interfaces/lib/libinterfaces__rosidl_typesupport_c.so
[0.825s] -- Up-to-date: /home/wbk/wbk_ros_intro/ros2_ws/install/interfaces/include/interfaces/interfaces
[0.825s] -- Up-to-date: /home/wbk/wbk_ros_intro/ros2_ws/install/interfaces/include/interfaces/interfaces/srv
[0.825s] -- Up-to-date: /home/wbk/wbk_ros_intro/ros2_ws/install/interfaces/include/interfaces/interfaces/srv/detail
[0.825s] -- Up-to-date: /home/wbk/wbk_ros_intro/ros2_ws/install/interfaces/include/interfaces/interfaces/srv/detail/ticket__type_support.cpp
[0.825s] -- Up-to-date: /home/wbk/wbk_ros_intro/ros2_ws/install/interfaces/include/interfaces/interfaces/srv/detail/ticket__rosidl_typesupport_introspection_cpp.hpp
[0.825s] -- Up-to-date: /home/wbk/wbk_ros_intro/ros2_ws/install/interfaces/include/interfaces/interfaces/msg
[0.825s] -- Up-to-date: /home/wbk/wbk_ros_intro/ros2_ws/install/interfaces/include/interfaces/interfaces/msg/detail
[0.825s] -- Up-to-date: /home/wbk/wbk_ros_intro/ros2_ws/install/interfaces/include/interfaces/interfaces/msg/detail/num__rosidl_typesupport_introspection_cpp.hpp
[0.825s] -- Up-to-date: /home/wbk/wbk_ros_intro/ros2_ws/install/interfaces/include/interfaces/interfaces/msg/detail/num__type_support.cpp
[0.825s] -- Up-to-date: /home/wbk/wbk_ros_intro/ros2_ws/install/interfaces/lib/libinterfaces__rosidl_typesupport_introspection_cpp.so
[0.825s] -- Up-to-date: /home/wbk/wbk_ros_intro/ros2_ws/install/interfaces/lib/libinterfaces__rosidl_typesupport_cpp.so
[0.825s] -- Up-to-date: /home/wbk/wbk_ros_intro/ros2_ws/install/interfaces/share/interfaces/environment/pythonpath.sh
[0.825s] -- Up-to-date: /home/wbk/wbk_ros_intro/ros2_ws/install/interfaces/share/interfaces/environment/pythonpath.dsv
[0.825s] -- Up-to-date: /home/wbk/wbk_ros_intro/ros2_ws/install/interfaces/lib/python3.12/site-packages/interfaces-0.0.0-py3.12.egg-info
[0.825s] -- Installing: /home/wbk/wbk_ros_intro/ros2_ws/install/interfaces/lib/python3.12/site-packages/interfaces-0.0.0-py3.12.egg-info/PKG-INFO
[0.826s] -- Installing: /home/wbk/wbk_ros_intro/ros2_ws/install/interfaces/lib/python3.12/site-packages/interfaces-0.0.0-py3.12.egg-info/top_level.txt
[0.826s] -- Installing: /home/wbk/wbk_ros_intro/ros2_ws/install/interfaces/lib/python3.12/site-packages/interfaces-0.0.0-py3.12.egg-info/SOURCES.txt
[0.826s] -- Installing: /home/wbk/wbk_ros_intro/ros2_ws/install/interfaces/lib/python3.12/site-packages/interfaces-0.0.0-py3.12.egg-info/dependency_links.txt
[0.826s] -- Up-to-date: /home/wbk/wbk_ros_intro/ros2_ws/install/interfaces/lib/python3.12/site-packages/interfaces
[0.826s] -- Up-to-date: /home/wbk/wbk_ros_intro/ros2_ws/install/interfaces/lib/python3.12/site-packages/interfaces/interfaces_s__rosidl_typesupport_c.so
[0.826s] -- Up-to-date: /home/wbk/wbk_ros_intro/ros2_ws/install/interfaces/lib/python3.12/site-packages/interfaces/interfaces_s__rosidl_typesupport_fastrtps_c.so
[0.826s] -- Up-to-date: /home/wbk/wbk_ros_intro/ros2_ws/install/interfaces/lib/python3.12/site-packages/interfaces/srv
[0.826s] -- Up-to-date: /home/wbk/wbk_ros_intro/ros2_ws/install/interfaces/lib/python3.12/site-packages/interfaces/srv/_ticket_s.c
[0.826s] -- Up-to-date: /home/wbk/wbk_ros_intro/ros2_ws/install/interfaces/lib/python3.12/site-packages/interfaces/srv/_ticket.py
[0.826s] -- Up-to-date: /home/wbk/wbk_ros_intro/ros2_ws/install/interfaces/lib/python3.12/site-packages/interfaces/srv/__init__.py
[0.826s] -- Up-to-date: /home/wbk/wbk_ros_intro/ros2_ws/install/interfaces/lib/python3.12/site-packages/interfaces/__init__.py
[0.827s] -- Up-to-date: /home/wbk/wbk_ros_intro/ros2_ws/install/interfaces/lib/python3.12/site-packages/interfaces/msg
[0.827s] -- Up-to-date: /home/wbk/wbk_ros_intro/ros2_ws/install/interfaces/lib/python3.12/site-packages/interfaces/msg/_num.py
[0.827s] -- Up-to-date: /home/wbk/wbk_ros_intro/ros2_ws/install/interfaces/lib/python3.12/site-packages/interfaces/msg/__init__.py
[0.827s] -- Up-to-date: /home/wbk/wbk_ros_intro/ros2_ws/install/interfaces/lib/python3.12/site-packages/interfaces/msg/_num_s.c
[0.827s] -- Up-to-date: /home/wbk/wbk_ros_intro/ros2_ws/install/interfaces/lib/python3.12/site-packages/interfaces/_interfaces_s.ep.rosidl_typesupport_fastrtps_c.c
[0.827s] -- Up-to-date: /home/wbk/wbk_ros_intro/ros2_ws/install/interfaces/lib/python3.12/site-packages/interfaces/_interfaces_s.ep.rosidl_typesupport_c.c
[0.827s] -- Up-to-date: /home/wbk/wbk_ros_intro/ros2_ws/install/interfaces/lib/python3.12/site-packages/interfaces/_interfaces_s.ep.rosidl_typesupport_introspection_c.c
[0.828s] -- Up-to-date: /home/wbk/wbk_ros_intro/ros2_ws/install/interfaces/lib/python3.12/site-packages/interfaces/interfaces_s__rosidl_typesupport_introspection_c.so
[0.870s] Listing '/home/wbk/wbk_ros_intro/ros2_ws/install/interfaces/lib/python3.12/site-packages/interfaces'...
[0.870s] Listing '/home/wbk/wbk_ros_intro/ros2_ws/install/interfaces/lib/python3.12/site-packages/interfaces/msg'...
[0.870s] Listing '/home/wbk/wbk_ros_intro/ros2_ws/install/interfaces/lib/python3.12/site-packages/interfaces/srv'...
[0.876s] -- Up-to-date: /home/wbk/wbk_ros_intro/ros2_ws/install/interfaces/lib/python3.12/site-packages/interfaces/interfaces_s__rosidl_typesupport_fastrtps_c.so
[0.877s] -- Up-to-date: /home/wbk/wbk_ros_intro/ros2_ws/install/interfaces/lib/python3.12/site-packages/interfaces/interfaces_s__rosidl_typesupport_introspection_c.so
[0.877s] -- Up-to-date: /home/wbk/wbk_ros_intro/ros2_ws/install/interfaces/lib/python3.12/site-packages/interfaces/interfaces_s__rosidl_typesupport_c.so
[0.877s] -- Up-to-date: /home/wbk/wbk_ros_intro/ros2_ws/install/interfaces/lib/libinterfaces__rosidl_generator_py.so
[0.877s] -- Up-to-date: /home/wbk/wbk_ros_intro/ros2_ws/install/interfaces/share/interfaces/msg/Num.idl
[0.878s] -- Up-to-date: /home/wbk/wbk_ros_intro/ros2_ws/install/interfaces/share/interfaces/srv/Ticket.idl
[0.878s] -- Up-to-date: /home/wbk/wbk_ros_intro/ros2_ws/install/interfaces/share/interfaces/msg/Num.msg
[0.878s] -- Up-to-date: /home/wbk/wbk_ros_intro/ros2_ws/install/interfaces/share/interfaces/srv/Ticket.srv
[0.878s] -- Up-to-date: /home/wbk/wbk_ros_intro/ros2_ws/install/interfaces/share/ament_index/resource_index/package_run_dependencies/interfaces
[0.879s] -- Up-to-date: /home/wbk/wbk_ros_intro/ros2_ws/install/interfaces/share/ament_index/resource_index/parent_prefix_path/interfaces
[0.879s] -- Up-to-date: /home/wbk/wbk_ros_intro/ros2_ws/install/interfaces/share/interfaces/environment/ament_prefix_path.sh
[0.879s] -- Up-to-date: /home/wbk/wbk_ros_intro/ros2_ws/install/interfaces/share/interfaces/environment/ament_prefix_path.dsv
[0.879s] -- Up-to-date: /home/wbk/wbk_ros_intro/ros2_ws/install/interfaces/share/interfaces/environment/path.sh
[0.880s] -- Up-to-date: /home/wbk/wbk_ros_intro/ros2_ws/install/interfaces/share/interfaces/environment/path.dsv
[0.880s] -- Up-to-date: /home/wbk/wbk_ros_intro/ros2_ws/install/interfaces/share/interfaces/local_setup.bash
[0.880s] -- Up-to-date: /home/wbk/wbk_ros_intro/ros2_ws/install/interfaces/share/interfaces/local_setup.sh
[0.881s] -- Up-to-date: /home/wbk/wbk_ros_intro/ros2_ws/install/interfaces/share/interfaces/local_setup.zsh
[0.881s] -- Up-to-date: /home/wbk/wbk_ros_intro/ros2_ws/install/interfaces/share/interfaces/local_setup.dsv
[0.881s] -- Installing: /home/wbk/wbk_ros_intro/ros2_ws/install/interfaces/share/interfaces/package.dsv
[0.881s] -- Up-to-date: /home/wbk/wbk_ros_intro/ros2_ws/install/interfaces/share/ament_index/resource_index/packages/interfaces
[0.881s] -- Up-to-date: /home/wbk/wbk_ros_intro/ros2_ws/install/interfaces/share/interfaces/cmake/export_interfaces__rosidl_generator_cExport.cmake
[0.882s] -- Up-to-date: /home/wbk/wbk_ros_intro/ros2_ws/install/interfaces/share/interfaces/cmake/export_interfaces__rosidl_generator_cExport-noconfig.cmake
[0.882s] -- Up-to-date: /home/wbk/wbk_ros_intro/ros2_ws/install/interfaces/share/interfaces/cmake/export_interfaces__rosidl_typesupport_fastrtps_cExport.cmake
[0.882s] -- Up-to-date: /home/wbk/wbk_ros_intro/ros2_ws/install/interfaces/share/interfaces/cmake/export_interfaces__rosidl_typesupport_fastrtps_cExport-noconfig.cmake
[0.882s] -- Up-to-date: /home/wbk/wbk_ros_intro/ros2_ws/install/interfaces/share/interfaces/cmake/export_interfaces__rosidl_generator_cppExport.cmake
[0.883s] -- Up-to-date: /home/wbk/wbk_ros_intro/ros2_ws/install/interfaces/share/interfaces/cmake/export_interfaces__rosidl_typesupport_fastrtps_cppExport.cmake
[0.883s] -- Up-to-date: /home/wbk/wbk_ros_intro/ros2_ws/install/interfaces/share/interfaces/cmake/export_interfaces__rosidl_typesupport_fastrtps_cppExport-noconfig.cmake
[0.883s] -- Up-to-date: /home/wbk/wbk_ros_intro/ros2_ws/install/interfaces/share/interfaces/cmake/interfaces__rosidl_typesupport_introspection_cExport.cmake
[0.883s] -- Up-to-date: /home/wbk/wbk_ros_intro/ros2_ws/install/interfaces/share/interfaces/cmake/interfaces__rosidl_typesupport_introspection_cExport-noconfig.cmake
[0.884s] -- Up-to-date: /home/wbk/wbk_ros_intro/ros2_ws/install/interfaces/share/interfaces/cmake/interfaces__rosidl_typesupport_cExport.cmake
[0.884s] -- Up-to-date: /home/wbk/wbk_ros_intro/ros2_ws/install/interfaces/share/interfaces/cmake/interfaces__rosidl_typesupport_cExport-noconfig.cmake
[0.884s] -- Up-to-date: /home/wbk/wbk_ros_intro/ros2_ws/install/interfaces/share/interfaces/cmake/interfaces__rosidl_typesupport_introspection_cppExport.cmake
[0.884s] -- Up-to-date: /home/wbk/wbk_ros_intro/ros2_ws/install/interfaces/share/interfaces/cmake/interfaces__rosidl_typesupport_introspection_cppExport-noconfig.cmake
[0.884s] -- Up-to-date: /home/wbk/wbk_ros_intro/ros2_ws/install/interfaces/share/interfaces/cmake/interfaces__rosidl_typesupport_cppExport.cmake
[0.884s] -- Up-to-date: /home/wbk/wbk_ros_intro/ros2_ws/install/interfaces/share/interfaces/cmake/interfaces__rosidl_typesupport_cppExport-noconfig.cmake
[0.885s] -- Up-to-date: /home/wbk/wbk_ros_intro/ros2_ws/install/interfaces/share/interfaces/cmake/export_interfaces__rosidl_generator_pyExport.cmake
[0.885s] -- Up-to-date: /home/wbk/wbk_ros_intro/ros2_ws/install/interfaces/share/interfaces/cmake/export_interfaces__rosidl_generator_pyExport-noconfig.cmake
[0.885s] -- Up-to-date: /home/wbk/wbk_ros_intro/ros2_ws/install/interfaces/share/interfaces/cmake/rosidl_cmake-extras.cmake
[0.885s] -- Up-to-date: /home/wbk/wbk_ros_intro/ros2_ws/install/interfaces/share/interfaces/cmake/ament_cmake_export_dependencies-extras.cmake
[0.885s] -- Up-to-date: /home/wbk/wbk_ros_intro/ros2_ws/install/interfaces/share/interfaces/cmake/ament_cmake_export_include_directories-extras.cmake
[0.886s] -- Up-to-date: /home/wbk/wbk_ros_intro/ros2_ws/install/interfaces/share/interfaces/cmake/ament_cmake_export_libraries-extras.cmake
[0.886s] -- Up-to-date: /home/wbk/wbk_ros_intro/ros2_ws/install/interfaces/share/interfaces/cmake/ament_cmake_export_targets-extras.cmake
[0.886s] -- Up-to-date: /home/wbk/wbk_ros_intro/ros2_ws/install/interfaces/share/interfaces/cmake/rosidl_cmake_export_typesupport_targets-extras.cmake
[0.887s] -- Up-to-date: /home/wbk/wbk_ros_intro/ros2_ws/install/interfaces/share/interfaces/cmake/rosidl_cmake_export_typesupport_libraries-extras.cmake
[0.887s] -- Up-to-date: /home/wbk/wbk_ros_intro/ros2_ws/install/interfaces/share/interfaces/cmake/interfacesConfig.cmake
[0.887s] -- Up-to-date: /home/wbk/wbk_ros_intro/ros2_ws/install/interfaces/share/interfaces/cmake/interfacesConfig-version.cmake
[0.887s] -- Up-to-date: /home/wbk/wbk_ros_intro/ros2_ws/install/interfaces/share/interfaces/package.xml
[0.888s] Invoked command in '/home/wbk/wbk_ros_intro/ros2_ws/build/interfaces' returned '0': CMAKE_PREFIX_PATH=${CMAKE_PREFIX_PATH}:/home/wbk/wbk_ros_intro/ros2_ws/install/service_client:/opt/ros/jazzy /usr/bin/cmake --install /home/wbk/wbk_ros_intro/ros2_ws/build/interfaces
