[0.785s] Invoking command in '/home/wbk/wbk_ros_intro/ros2_ws/src/service_client': PYTHONPATH=/home/wbk/wbk_ros_intro/ros2_ws/build/service_client/prefix_override:/usr/lib/python3/dist-packages/colcon_core/task/python/colcon_distutils_commands:/home/wbk/wbk_ros_intro/ros2_ws/install/service_client/lib/python3.12/site-packages:${PYTHONPATH} /usr/bin/python3 -W ignore:setup.py install is deprecated -W ignore:easy_install command is deprecated setup.py egg_info --egg-base ../../build/service_client build --build-base /home/wbk/wbk_ros_intro/ros2_ws/build/service_client/build install --record /home/wbk/wbk_ros_intro/ros2_ws/build/service_client/install.log --single-version-externally-managed install_data
[0.955s] running egg_info
[0.955s] creating ../../build/service_client/service_client.egg-info
[0.965s] writing ../../build/service_client/service_client.egg-info/PKG-INFO
[0.965s] writing dependency_links to ../../build/service_client/service_client.egg-info/dependency_links.txt
[0.965s] writing requirements to ../../build/service_client/service_client.egg-info/requires.txt
[0.966s] writing top-level names to ../../build/service_client/service_client.egg-info/top_level.txt
[0.966s] writing manifest file '../../build/service_client/service_client.egg-info/SOURCES.txt'
[0.987s] reading manifest file '../../build/service_client/service_client.egg-info/SOURCES.txt'
[0.988s] adding license file 'LICENSE'
[0.988s] writing manifest file '../../build/service_client/service_client.egg-info/SOURCES.txt'
[0.988s] running build
[0.988s] running build_py
[0.988s] creating /home/wbk/wbk_ros_intro/ros2_ws/build/service_client/build
[0.988s] creating /home/wbk/wbk_ros_intro/ros2_ws/build/service_client/build/lib
[0.989s] creating /home/wbk/wbk_ros_intro/ros2_ws/build/service_client/build/lib/service_client
[0.989s] copying service_client/client_node.py -> /home/wbk/wbk_ros_intro/ros2_ws/build/service_client/build/lib/service_client
[0.989s] copying service_client/__init__.py -> /home/wbk/wbk_ros_intro/ros2_ws/build/service_client/build/lib/service_client
[0.989s] copying service_client/server_node.py -> /home/wbk/wbk_ros_intro/ros2_ws/build/service_client/build/lib/service_client
[0.990s] running install
[0.994s] running install_lib
[1.005s] creating /home/wbk/wbk_ros_intro/ros2_ws/install/service_client/lib/python3.12/site-packages/service_client
[1.006s] copying /home/wbk/wbk_ros_intro/ros2_ws/build/service_client/build/lib/service_client/client_node.py -> /home/wbk/wbk_ros_intro/ros2_ws/install/service_client/lib/python3.12/site-packages/service_client
[1.006s] copying /home/wbk/wbk_ros_intro/ros2_ws/build/service_client/build/lib/service_client/__init__.py -> /home/wbk/wbk_ros_intro/ros2_ws/install/service_client/lib/python3.12/site-packages/service_client
[1.006s] copying /home/wbk/wbk_ros_intro/ros2_ws/build/service_client/build/lib/service_client/server_node.py -> /home/wbk/wbk_ros_intro/ros2_ws/install/service_client/lib/python3.12/site-packages/service_client
[1.006s] byte-compiling /home/wbk/wbk_ros_intro/ros2_ws/install/service_client/lib/python3.12/site-packages/service_client/client_node.py to client_node.cpython-312.pyc
[1.007s] byte-compiling /home/wbk/wbk_ros_intro/ros2_ws/install/service_client/lib/python3.12/site-packages/service_client/__init__.py to __init__.cpython-312.pyc
[1.007s] byte-compiling /home/wbk/wbk_ros_intro/ros2_ws/install/service_client/lib/python3.12/site-packages/service_client/server_node.py to server_node.cpython-312.pyc
[1.008s] running install_data
[1.008s] creating /home/wbk/wbk_ros_intro/ros2_ws/install/service_client/share/ament_index
[1.008s] creating /home/wbk/wbk_ros_intro/ros2_ws/install/service_client/share/ament_index/resource_index
[1.009s] creating /home/wbk/wbk_ros_intro/ros2_ws/install/service_client/share/ament_index/resource_index/packages
[1.009s] copying resource/service_client -> /home/wbk/wbk_ros_intro/ros2_ws/install/service_client/share/ament_index/resource_index/packages
[1.009s] copying package.xml -> /home/wbk/wbk_ros_intro/ros2_ws/install/service_client/share/service_client
[1.009s] running install_egg_info
[1.020s] Copying ../../build/service_client/service_client.egg-info to /home/wbk/wbk_ros_intro/ros2_ws/install/service_client/lib/python3.12/site-packages/service_client-0.0.0-py3.12.egg-info
[1.021s] running install_scripts
[1.100s] writing list of installed files to '/home/wbk/wbk_ros_intro/ros2_ws/build/service_client/install.log'
[1.123s] Invoked command in '/home/wbk/wbk_ros_intro/ros2_ws/src/service_client' returned '0': PYTHONPATH=/home/wbk/wbk_ros_intro/ros2_ws/build/service_client/prefix_override:/usr/lib/python3/dist-packages/colcon_core/task/python/colcon_distutils_commands:/home/wbk/wbk_ros_intro/ros2_ws/install/service_client/lib/python3.12/site-packages:${PYTHONPATH} /usr/bin/python3 -W ignore:setup.py install is deprecated -W ignore:easy_install command is deprecated setup.py egg_info --egg-base ../../build/service_client build --build-base /home/wbk/wbk_ros_intro/ros2_ws/build/service_client/build install --record /home/wbk/wbk_ros_intro/ros2_ws/build/service_client/install.log --single-version-externally-managed install_data
