[0.014s] Invoking command in '/home/wbk/wbk_ros_intro/build/more_interfaces': CMAKE_PREFIX_PATH=${CMAKE_PREFIX_PATH}:/opt/ros/jazzy /usr/bin/cmake --build /home/wbk/wbk_ros_intro/build/more_interfaces -- -j20 -l20
[0.046s] [  2%] Built target more_interfaces__rosidl_generator_type_description
[0.053s] [  2%] Built target ament_cmake_python_copy_more_interfaces
[0.061s] [  5%] Built target more_interfaces__cpp
[0.062s] [ 19%] Built target more_interfaces__rosidl_generator_c
[0.080s] [ 27%] Built target more_interfaces__rosidl_typesupport_cpp
[0.080s] [ 36%] Built target more_interfaces__rosidl_typesupport_c
[0.081s] [ 44%] Built target more_interfaces__rosidl_typesupport_fastrtps_cpp
[0.082s] [ 52%] Built target more_interfaces__rosidl_typesupport_introspection_c
[0.083s] [ 61%] Built target more_interfaces__rosidl_typesupport_fastrtps_c
[0.084s] [ 69%] Built target more_interfaces__rosidl_typesupport_introspection_cpp
[0.098s] [ 69%] Built target more_interfaces
[0.103s] [ 72%] [32mBuilding CXX object CMakeFiles/server.dir/src/server.cpp.o[0m
[0.114s] [ 75%] Built target more_interfaces__py
[0.132s] [ 80%] Built target more_interfaces__rosidl_generator_py
[0.150s] [ 91%] Built target more_interfaces_s__rosidl_typesupport_fastrtps_c
[0.150s] [ 88%] Built target more_interfaces_s__rosidl_typesupport_c
[0.150s] [ 97%] Built target more_interfaces_s__rosidl_typesupport_introspection_c
[0.191s] running egg_info
[0.200s] writing more_interfaces.egg-info/PKG-INFO
[0.201s] writing dependency_links to more_interfaces.egg-info/dependency_links.txt
[0.201s] writing top-level names to more_interfaces.egg-info/top_level.txt
[0.230s] reading manifest file 'more_interfaces.egg-info/SOURCES.txt'
[0.230s] writing manifest file 'more_interfaces.egg-info/SOURCES.txt'
[0.257s] [ 97%] Built target ament_cmake_python_build_more_interfaces_egg
[1.689s] [01m[K/home/wbk/wbk_ros_intro/src/more_interfaces/src/server.cpp:42:23:[m[K [01;31m[Kerror: [m[K‘[01m[Kmore_interfaces[m[K’ was not declared in this scope; did you mean ‘[01m[Krcl_interfaces[m[K’?
[1.689s]    42 |     rclcpp::Publisher<[01;31m[Kmore_interfaces[m[K::msg::ConcertInfo>::SharedPtr ServerForConcerts_;
[1.689s]       |                       [01;31m[K^~~~~~~~~~~~~~~[m[K
[1.689s]       |                       [32m[Krcl_interfaces[m[K
[1.689s] [01m[K/home/wbk/wbk_ros_intro/src/more_interfaces/src/server.cpp:42:56:[m[K [01;31m[Kerror: [m[Ktemplate argument 1 is invalid
[1.689s]    42 |     rclcpp::Publisher<more_interfaces::msg::ConcertInfo[01;31m[K>[m[K::SharedPtr ServerForConcerts_;
[1.689s]       |                                                        [01;31m[K^[m[K
[1.689s] [01m[K/home/wbk/wbk_ros_intro/src/more_interfaces/src/server.cpp:42:59:[m[K [01;31m[Kerror: [m[Kexpected ‘[01m[K;[m[K’ at end of member declaration
[1.689s]    42 |     rclcpp::Publisher<more_interfaces::msg::ConcertInfo>::[01;31m[KSharedPtr[m[K ServerForConcerts_;
[1.689s]       |                                                           [01;31m[K^~~~~~~~~[m[K
[1.689s]       |                                                                    [32m[K;[m[K
[1.690s] [01m[K/home/wbk/wbk_ros_intro/src/more_interfaces/src/server.cpp:42:69:[m[K [01;31m[Kerror: [m[K‘[01m[KServerForConcerts_[m[K’ does not name a type; did you mean ‘[01m[KServerForConcerts[m[K’?
[1.690s]    42 |     rclcpp::Publisher<more_interfaces::msg::ConcertInfo>::SharedPtr [01;31m[KServerForConcerts_[m[K;
[1.690s]       |                                                                     [01;31m[K^~~~~~~~~~~~~~~~~~[m[K
[1.690s]       |                                                                     [32m[KServerForConcerts[m[K
[1.690s] [01m[K/home/wbk/wbk_ros_intro/src/more_interfaces/src/server.cpp:44:2:[m[K [01;31m[Kerror: [m[Kexpected ‘[01m[K;[m[K’ after class definition
[1.690s]    44 | }
[1.690s]       |  [01;31m[K^[m[K
[1.690s]       |  [32m[K;[m[K
[1.694s] [01m[K/home/wbk/wbk_ros_intro/src/more_interfaces/src/server.cpp:[m[K In constructor ‘[01m[KServerForConcerts::[01;32m[KServerForConcerts[m[K()[m[K’:
[1.694s] [01m[K/home/wbk/wbk_ros_intro/src/more_interfaces/src/server.cpp:15:13:[m[K [01;31m[Kerror: [m[K‘[01m[KServerForConcerts_[m[K’ was not declared in this scope; did you mean ‘[01m[KServerForConcerts[m[K’?
[1.694s]    15 |             [01;31m[KServerForConcerts_[m[K = this->create_publisher<more_interfaces::msg::ConcertInfo>("concert_info");
[1.694s]       |             [01;31m[K^~~~~~~~~~~~~~~~~~[m[K
[1.694s]       |             [32m[KServerForConcerts[m[K
[1.699s] [01m[K/home/wbk/wbk_ros_intro/src/more_interfaces/src/server.cpp:15:57:[m[K [01;31m[Kerror: [m[K‘[01m[Kmore_interfaces[m[K’ was not declared in this scope; did you mean ‘[01m[Krcl_interfaces[m[K’?
[1.699s]    15 |             ServerForConcerts_ = this->create_publisher<[01;31m[Kmore_interfaces[m[K::msg::ConcertInfo>("concert_info");
[1.699s]       |                                                         [01;31m[K^~~~~~~~~~~~~~~[m[K
[1.699s]       |                                                         [32m[Krcl_interfaces[m[K
[1.699s] [01m[K/home/wbk/wbk_ros_intro/src/more_interfaces/src/server.cpp:15:40:[m[K [01;31m[Kerror: [m[Kparse error in template argument list
[1.699s]    15 |             ServerForConcerts_ = this->[01;31m[Kcreate_publisher<more_interfaces::msg::ConcertInfo>[m[K("concert_info");
[1.699s]       |                                        [01;31m[K^~~~~~~~~~~~~~~~~~~~~~~~~~~~~~~~~~~~~~~~~~~~~~~~~~~[m[K
[1.699s] [01m[K/home/wbk/wbk_ros_intro/src/more_interfaces/src/server.cpp:15:91:[m[K [01;31m[Kerror: [m[Kno matching function for call to ‘[01m[KServerForConcerts::create_publisher<<expression error> >(const char [13])[m[K’
[1.699s]    15 |             ServerForConcerts_ = [01;31m[Kthis->create_publisher<more_interfaces::msg::ConcertInfo>("concert_info")[m[K;
[1.699s]       |                                  [01;31m[K~~~~~~~~~~~~~~~~~~~~~~~~~~~~~~~~~~~~~~~~~~~~~~~~~~~~~~~~~^~~~~~~~~~~~~~~~[m[K
[1.699s] In file included from [01m[K/opt/ros/jazzy/include/rclcpp/rclcpp/executors/single_threaded_executor.hpp:28[m[K,
[1.699s]                  from [01m[K/opt/ros/jazzy/include/rclcpp/rclcpp/executors.hpp:22[m[K,
[1.699s]                  from [01m[K/opt/ros/jazzy/include/rclcpp/rclcpp/rclcpp.hpp:172[m[K,
[1.699s]                  from [01m[K/home/wbk/wbk_ros_intro/src/more_interfaces/src/server.cpp:4[m[K:
[1.699s] [01m[K/opt/ros/jazzy/include/rclcpp/rclcpp/node.hpp:197:3:[m[K [01;36m[Knote: [m[Kcandidate: ‘[01m[Ktemplate<class MessageT, class AllocatorT, class PublisherT> std::shared_ptr<PublisherT> rclcpp::Node::[01;32m[Kcreate_publisher[m[K(const std::string&, const rclcpp::QoS&, const rclcpp::PublisherOptionsWithAllocator<AllocatorT>&)[m[K’
[1.699s]   197 |   [01;36m[Kcreate_publisher[m[K(
[1.699s]       |   [01;36m[K^~~~~~~~~~~~~~~~[m[K
[1.700s] [01m[K/opt/ros/jazzy/include/rclcpp/rclcpp/node.hpp:197:3:[m[K [01;36m[Knote: [m[K  candidate expects 2 arguments, 1 provided
[1.700s] [01m[K/home/wbk/wbk_ros_intro/src/more_interfaces/src/server.cpp:[m[K In lambda function:
[1.700s] [01m[K/home/wbk/wbk_ros_intro/src/more_interfaces/src/server.cpp:19:32:[m[K [01;31m[Kerror: [m[K‘[01m[Kmore_interfaces[m[K’ is not a class, namespace, or enumeration
[1.700s]    19 |                 auto message = [01;31m[Kmore_interfaces[m[K::msg::ConcertInfo();
[1.700s]       |                                [01;31m[K^~~~~~~~~~~~~~~[m[K
[1.700s] [01m[K/home/wbk/wbk_ros_intro/src/more_interfaces/src/server.cpp:34:17:[m[K [01;31m[Kerror: [m[K‘[01m[Kmstd[m[K’ has not been declared
[1.700s]    34 |                 [01;31m[Kmstd[m[K::endl;
[1.700s]       |                 [01;31m[K^~~~[m[K
[1.700s] [01m[K/home/wbk/wbk_ros_intro/src/more_interfaces/src/server.cpp:36:23:[m[K [01;31m[Kerror: [m[K‘[01m[Kclass ServerForConcerts[m[K’ has no member named ‘[01m[KServerForConcerts_[m[K’; did you mean ‘[01m[KServerForConcerts[m[K’?
[1.700s]    36 |                 this->[01;31m[KServerForConcerts_[m[K->publish(message);
[1.700s]       |                       [01;31m[K^~~~~~~~~~~~~~~~~~[m[K
[1.700s]       |                       [32m[KServerForConcerts[m[K
[2.165s] gmake[2]: *** [CMakeFiles/server.dir/build.make:76: CMakeFiles/server.dir/src/server.cpp.o] Error 1
[2.166s] gmake[1]: *** [CMakeFiles/Makefile2:625: CMakeFiles/server.dir/all] Error 2
[2.166s] gmake: *** [Makefile:146: all] Error 2
[2.168s] Invoked command in '/home/wbk/wbk_ros_intro/build/more_interfaces' returned '2': CMAKE_PREFIX_PATH=${CMAKE_PREFIX_PATH}:/opt/ros/jazzy /usr/bin/cmake --build /home/wbk/wbk_ros_intro/build/more_interfaces -- -j20 -l20
