running egg_info
writing ../../build/py_srvcli/py_srvcli.egg-info/PKG-INFO
writing dependency_links to ../../build/py_srvcli/py_srvcli.egg-info/dependency_links.txt
writing requirements to ../../build/py_srvcli/py_srvcli.egg-info/requires.txt
writing top-level names to ../../build/py_srvcli/py_srvcli.egg-info/top_level.txt
reading manifest file '../../build/py_srvcli/py_srvcli.egg-info/SOURCES.txt'
adding license file 'LICENSE'
writing manifest file '../../build/py_srvcli/py_srvcli.egg-info/SOURCES.txt'
running build
running build_py
copying py_srvcli/client_member_function.py -> /home/wbk/wbk_ros_intro/ros2_ws_practice/build/py_srvcli/build/lib/py_srvcli
running install
running install_lib
copying /home/wbk/wbk_ros_intro/ros2_ws_practice/build/py_srvcli/build/lib/py_srvcli/client_member_function.py -> /home/wbk/wbk_ros_intro/ros2_ws_practice/install/py_srvcli/lib/python3.12/site-packages/py_srvcli
byte-compiling /home/wbk/wbk_ros_intro/ros2_ws_practice/install/py_srvcli/lib/python3.12/site-packages/py_srvcli/client_member_function.py to client_member_function.cpython-312.pyc
running install_data
running install_egg_info
removing '/home/wbk/wbk_ros_intro/ros2_ws_practice/install/py_srvcli/lib/python3.12/site-packages/py_srvcli-0.0.0-py3.12.egg-info' (and everything under it)
Copying ../../build/py_srvcli/py_srvcli.egg-info to /home/wbk/wbk_ros_intro/ros2_ws_practice/install/py_srvcli/lib/python3.12/site-packages/py_srvcli-0.0.0-py3.12.egg-info
running install_scripts
writing list of installed files to '/home/wbk/wbk_ros_intro/ros2_ws_practice/build/py_srvcli/install.log'
