[0.558s] Invoking command in '/home/wbk/wbk_ros_intro/ros2_ws_practice/src/py_srvcli': PYTHONPATH=/home/wbk/wbk_ros_intro/ros2_ws_practice/build/py_srvcli/prefix_override:/usr/lib/python3/dist-packages/colcon_core/task/python/colcon_distutils_commands:/home/wbk/wbk_ros_intro/ros2_ws_practice/install/py_srvcli/lib/python3.12/site-packages:${PYTHONPATH} /usr/bin/python3 -W ignore:setup.py install is deprecated -W ignore:easy_install command is deprecated setup.py egg_info --egg-base ../../build/py_srvcli build --build-base /home/wbk/wbk_ros_intro/ros2_ws_practice/build/py_srvcli/build install --record /home/wbk/wbk_ros_intro/ros2_ws_practice/build/py_srvcli/install.log --single-version-externally-managed install_data
[0.740s] running egg_info
[0.750s] writing ../../build/py_srvcli/py_srvcli.egg-info/PKG-INFO
[0.751s] writing dependency_links to ../../build/py_srvcli/py_srvcli.egg-info/dependency_links.txt
[0.751s] writing requirements to ../../build/py_srvcli/py_srvcli.egg-info/requires.txt
[0.751s] writing top-level names to ../../build/py_srvcli/py_srvcli.egg-info/top_level.txt
[0.772s] reading manifest file '../../build/py_srvcli/py_srvcli.egg-info/SOURCES.txt'
[0.772s] adding license file 'LICENSE'
[0.772s] writing manifest file '../../build/py_srvcli/py_srvcli.egg-info/SOURCES.txt'
[0.773s] running build
[0.773s] running build_py
[0.773s] copying py_srvcli/client_member_function.py -> /home/wbk/wbk_ros_intro/ros2_ws_practice/build/py_srvcli/build/lib/py_srvcli
[0.773s] running install
[0.778s] running install_lib
[0.789s] copying /home/wbk/wbk_ros_intro/ros2_ws_practice/build/py_srvcli/build/lib/py_srvcli/client_member_function.py -> /home/wbk/wbk_ros_intro/ros2_ws_practice/install/py_srvcli/lib/python3.12/site-packages/py_srvcli
[0.790s] byte-compiling /home/wbk/wbk_ros_intro/ros2_ws_practice/install/py_srvcli/lib/python3.12/site-packages/py_srvcli/client_member_function.py to client_member_function.cpython-312.pyc
[0.790s] running install_data
[0.790s] running install_egg_info
[0.802s] removing '/home/wbk/wbk_ros_intro/ros2_ws_practice/install/py_srvcli/lib/python3.12/site-packages/py_srvcli-0.0.0-py3.12.egg-info' (and everything under it)
[0.803s] Copying ../../build/py_srvcli/py_srvcli.egg-info to /home/wbk/wbk_ros_intro/ros2_ws_practice/install/py_srvcli/lib/python3.12/site-packages/py_srvcli-0.0.0-py3.12.egg-info
[0.803s] running install_scripts
[0.884s] writing list of installed files to '/home/wbk/wbk_ros_intro/ros2_ws_practice/build/py_srvcli/install.log'
[0.906s] Invoked command in '/home/wbk/wbk_ros_intro/ros2_ws_practice/src/py_srvcli' returned '0': PYTHONPATH=/home/wbk/wbk_ros_intro/ros2_ws_practice/build/py_srvcli/prefix_override:/usr/lib/python3/dist-packages/colcon_core/task/python/colcon_distutils_commands:/home/wbk/wbk_ros_intro/ros2_ws_practice/install/py_srvcli/lib/python3.12/site-packages:${PYTHONPATH} /usr/bin/python3 -W ignore:setup.py install is deprecated -W ignore:easy_install command is deprecated setup.py egg_info --egg-base ../../build/py_srvcli build --build-base /home/wbk/wbk_ros_intro/ros2_ws_practice/build/py_srvcli/build install --record /home/wbk/wbk_ros_intro/ros2_ws_practice/build/py_srvcli/install.log --single-version-externally-managed install_data
