[1.371s] Invoking command in '/home/wbk/wbk_ros_intro/ros2_ws_practice/src/my_package': PYTHONPATH=/home/wbk/wbk_ros_intro/build/my_package/prefix_override:/usr/lib/python3/dist-packages/colcon_core/task/python/colcon_distutils_commands:/home/wbk/wbk_ros_intro/install/my_package/lib/python3.12/site-packages:${PYTHONPATH} /usr/bin/python3 -W ignore:setup.py install is deprecated -W ignore:easy_install command is deprecated setup.py egg_info --egg-base ../../../build/my_package build --build-base /home/wbk/wbk_ros_intro/build/my_package/build install --record /home/wbk/wbk_ros_intro/build/my_package/install.log --single-version-externally-managed install_data
[1.591s] running egg_info
[1.591s] creating ../../../build/my_package/my_package.egg-info
[1.606s] writing ../../../build/my_package/my_package.egg-info/PKG-INFO
[1.607s] writing dependency_links to ../../../build/my_package/my_package.egg-info/dependency_links.txt
[1.607s] writing entry points to ../../../build/my_package/my_package.egg-info/entry_points.txt
[1.607s] writing requirements to ../../../build/my_package/my_package.egg-info/requires.txt
[1.608s] writing top-level names to ../../../build/my_package/my_package.egg-info/top_level.txt
[1.608s] writing manifest file '../../../build/my_package/my_package.egg-info/SOURCES.txt'
[1.635s] reading manifest file '../../../build/my_package/my_package.egg-info/SOURCES.txt'
[1.635s] adding license file 'LICENSE'
[1.636s] writing manifest file '../../../build/my_package/my_package.egg-info/SOURCES.txt'
[1.636s] running build
[1.636s] running build_py
[1.636s] creating /home/wbk/wbk_ros_intro/build/my_package/build
[1.636s] creating /home/wbk/wbk_ros_intro/build/my_package/build/lib
[1.636s] creating /home/wbk/wbk_ros_intro/build/my_package/build/lib/my_package
[1.637s] copying my_package/my_node.py -> /home/wbk/wbk_ros_intro/build/my_package/build/lib/my_package
[1.637s] copying my_package/__init__.py -> /home/wbk/wbk_ros_intro/build/my_package/build/lib/my_package
[1.637s] running install
[1.643s] running install_lib
[1.657s] creating /home/wbk/wbk_ros_intro/install/my_package/lib/python3.12/site-packages/my_package
[1.657s] copying /home/wbk/wbk_ros_intro/build/my_package/build/lib/my_package/my_node.py -> /home/wbk/wbk_ros_intro/install/my_package/lib/python3.12/site-packages/my_package
[1.657s] copying /home/wbk/wbk_ros_intro/build/my_package/build/lib/my_package/__init__.py -> /home/wbk/wbk_ros_intro/install/my_package/lib/python3.12/site-packages/my_package
[1.659s] byte-compiling /home/wbk/wbk_ros_intro/install/my_package/lib/python3.12/site-packages/my_package/my_node.py to my_node.cpython-312.pyc
[1.660s] byte-compiling /home/wbk/wbk_ros_intro/install/my_package/lib/python3.12/site-packages/my_package/__init__.py to __init__.cpython-312.pyc
[1.660s] running install_data
[1.661s] creating /home/wbk/wbk_ros_intro/install/my_package/share/ament_index
[1.662s] creating /home/wbk/wbk_ros_intro/install/my_package/share/ament_index/resource_index
[1.662s] creating /home/wbk/wbk_ros_intro/install/my_package/share/ament_index/resource_index/packages
[1.662s] copying resource/my_package -> /home/wbk/wbk_ros_intro/install/my_package/share/ament_index/resource_index/packages
[1.662s] copying package.xml -> /home/wbk/wbk_ros_intro/install/my_package/share/my_package
[1.662s] running install_egg_info
[1.676s] Copying ../../../build/my_package/my_package.egg-info to /home/wbk/wbk_ros_intro/install/my_package/lib/python3.12/site-packages/my_package-0.0.0-py3.12.egg-info
[1.677s] running install_scripts
[1.814s] Installing my_node script to /home/wbk/wbk_ros_intro/install/my_package/lib/my_package
[1.815s] writing list of installed files to '/home/wbk/wbk_ros_intro/build/my_package/install.log'
