[0.010s] Invoking command in '/home/wbk/wbk_ros_intro/build/more_interfaces': /usr/bin/cmake /home/wbk/wbk_ros_intro/src/more_interfaces -DCMAKE_INSTALL_PREFIX=/home/wbk/wbk_ros_intro/install/more_interfaces
[0.019s] -- Found rosidl_default_generators: 1.6.0 (/opt/ros/jazzy/share/rosidl_default_generators/cmake)
[0.171s] -- Using all available rosidl_typesupport_c: rosidl_typesupport_fastrtps_c;rosidl_typesupport_introspection_c
[0.202s] -- Using all available rosidl_typesupport_cpp: rosidl_typesupport_fastrtps_cpp;rosidl_typesupport_introspection_cpp
[0.222s] -- Found rosidl_adapter: 4.6.6 (/opt/ros/jazzy/share/rosidl_adapter/cmake)
[0.360s] [31mCMake Error at /opt/ros/jazzy/share/rosidl_adapter/cmake/rosidl_adapt_interfaces.cmake:57 (message):
[0.360s]   execute_process(/usr/bin/python3 -m rosidl_adapter --package-name
[0.360s]   more_interfaces --arguments-file
[0.360s]   /home/wbk/wbk_ros_intro/build/more_interfaces/rosidl_adapter__arguments__more_interfaces.json
[0.360s]   --output-dir
[0.360s]   /home/wbk/wbk_ros_intro/build/more_interfaces/rosidl_adapter/more_interfaces
[0.360s]   --output-file
[0.360s]   /home/wbk/wbk_ros_intro/build/more_interfaces/rosidl_adapter/more_interfaces.idls)
[0.360s]   returned error code 1:
[0.360s] 
[0.360s]   Error processing 'uint concert_count' of 'more_interfaces/ConcertInfo':
[0.360s]   ''uint' is an invalid message name.  It should have the pattern
[0.360s]   '^[A-Z][A-Za-z0-9]*$''
[0.360s] 
[0.360s]   Traceback (most recent call last):
[0.361s] 
[0.361s]     File "<frozen runpy>", line 198, in _run_module_as_main
[0.361s]     File "<frozen runpy>", line 88, in _run_code
[0.361s]     File "/opt/ros/jazzy/lib/python3.12/site-packages/rosidl_adapter/__main__.py", line 19, in <module>
[0.361s]       sys.exit(main())
[0.361s]                ^^^^^^
[0.361s]     File "/opt/ros/jazzy/lib/python3.12/site-packages/rosidl_adapter/main.py", line 53, in main
[0.361s]       abs_idl_file = convert_to_idl(
[0.361s]                      ^^^^^^^^^^^^^^^
[0.361s]     File "/opt/ros/jazzy/lib/python3.12/site-packages/rosidl_adapter/__init__.py", line 19, in convert_to_idl
[0.361s]       return convert_msg_to_idl(
[0.361s]              ^^^^^^^^^^^^^^^^^^^
[0.361s]     File "/opt/ros/jazzy/lib/python3.12/site-packages/rosidl_adapter/msg/__init__.py", line 28, in convert_msg_to_idl
[0.361s]       msg = parse_message_string(package_name, input_file.stem, content)
[0.361s]             ^^^^^^^^^^^^^^^^^^^^^^^^^^^^^^^^^^^^^^^^^^^^^^^^^^^^^^^^^^^^
[0.361s]     File "/opt/ros/jazzy/lib/python3.12/site-packages/rosidl_adapter/parser.py", line 521, in parse_message_string
[0.361s]       Type(type_string, context_package_name=pkg_name),
[0.361s]       ^^^^^^^^^^^^^^^^^^^^^^^^^^^^^^^^^^^^^^^^^^^^^^^^
[0.361s]     File "/opt/ros/jazzy/lib/python3.12/site-packages/rosidl_adapter/parser.py", line 278, in __init__
[0.361s]       super(Type, self).__init__(
[0.361s]     File "/opt/ros/jazzy/lib/python3.12/site-packages/rosidl_adapter/parser.py", line 206, in __init__
[0.361s]       raise InvalidResourceName(
[0.361s] 
[0.361s]   rosidl_adapter.parser.InvalidResourceName: 'uint' is an invalid message
[0.361s]   name.  It should have the pattern '^[A-Z][A-Za-z0-9]*$'
[0.361s] 
[0.361s] Call Stack (most recent call first):
[0.361s]   /opt/ros/jazzy/share/rosidl_cmake/cmake/rosidl_generate_interfaces.cmake:132 (rosidl_adapt_interfaces)
[0.362s]   CMakeLists.txt:14 (rosidl_generate_interfaces)
[0.362s] 
[0.362s] [0m
[0.362s] -- Configuring incomplete, errors occurred!
[0.364s] Invoked command in '/home/wbk/wbk_ros_intro/build/more_interfaces' returned '1': /usr/bin/cmake /home/wbk/wbk_ros_intro/src/more_interfaces -DCMAKE_INSTALL_PREFIX=/home/wbk/wbk_ros_intro/install/more_interfaces
