[0.043s] Invoking command in '/home/wbk/wbk_ros_intro/build/tutorial_interfaces': CMAKE_PREFIX_PATH=${CMAKE_PREFIX_PATH}:/home/wbk/wbk_ros_intro/ros2_ws/install/service_client:/opt/ros/jazzy /usr/bin/cmake /home/wbk/wbk_ros_intro/ros2_ws_practice/src/tutorial_interfaces -DCMAKE_INSTALL_PREFIX=/home/wbk/wbk_ros_intro/install/tutorial_interfaces
[0.303s] -- The C compiler identification is GNU 13.3.0
[0.453s] -- The CXX compiler identification is GNU 13.3.0
[0.483s] -- Detecting C compiler ABI info
[0.613s] -- Detecting C compiler ABI info - done
[0.628s] -- Check for working C compiler: /usr/bin/cc - skipped
[0.628s] -- Detecting C compile features
[0.629s] -- Detecting C compile features - done
[0.639s] -- Detecting CXX compiler ABI info
[0.765s] -- Detecting CXX compiler ABI info - done
[0.775s] -- Check for working CXX compiler: /usr/bin/c++ - skipped
[0.775s] -- Detecting CXX compile features
[0.776s] -- Detecting CXX compile features - done
[0.797s] -- Found ament_cmake: 2.5.4 (/opt/ros/jazzy/share/ament_cmake/cmake)
[0.977s] -- Found Python3: /usr/bin/python3 (found version "3.12.3") found components: Interpreter 
[1.139s] -- Found ament_lint_auto: 0.17.3 (/opt/ros/jazzy/share/ament_lint_auto/cmake)
[1.289s] -- Found geometry_msgs: 5.3.6 (/opt/ros/jazzy/share/geometry_msgs/cmake)
[1.336s] -- Found rosidl_generator_c: 4.6.6 (/opt/ros/jazzy/share/rosidl_generator_c/cmake)
[1.351s] -- Found rosidl_generator_cpp: 4.6.6 (/opt/ros/jazzy/share/rosidl_generator_cpp/cmake)
[1.369s] -- Using all available rosidl_typesupport_c: rosidl_typesupport_fastrtps_c;rosidl_typesupport_introspection_c
[1.394s] -- Using all available rosidl_typesupport_cpp: rosidl_typesupport_fastrtps_cpp;rosidl_typesupport_introspection_cpp
[1.443s] -- Found rosidl_default_generators: 1.6.0 (/opt/ros/jazzy/share/rosidl_default_generators/cmake)
[1.458s] -- Found rosidl_adapter: 4.6.6 (/opt/ros/jazzy/share/rosidl_adapter/cmake)
[1.538s] [31mCMake Error at CMakeLists.txt:28 (find_package):
[1.538s]   By not providing "Findtutorial_interfaces.cmake" in CMAKE_MODULE_PATH this
[1.538s]   project has asked CMake to find a package configuration file provided by
[1.538s]   "tutorial_interfaces", but CMake did not find one.
[1.538s] 
[1.539s]   Could not find a package configuration file provided by
[1.539s]   "tutorial_interfaces" with any of the following names:
[1.539s] 
[1.539s]     tutorial_interfacesConfig.cmake
[1.539s]     tutorial_interfaces-config.cmake
[1.539s] 
[1.539s]   Add the installation prefix of "tutorial_interfaces" to CMAKE_PREFIX_PATH
[1.539s]   or set "tutorial_interfaces_DIR" to a directory containing one of the above
[1.539s]   files.  If "tutorial_interfaces" provides a separate development package or
[1.540s]   SDK, be sure it has been installed.
[1.540s] 
[1.540s] [0m
[1.540s] -- Configuring incomplete, errors occurred!
[1.544s] Invoked command in '/home/wbk/wbk_ros_intro/build/tutorial_interfaces' returned '1': CMAKE_PREFIX_PATH=${CMAKE_PREFIX_PATH}:/home/wbk/wbk_ros_intro/ros2_ws/install/service_client:/opt/ros/jazzy /usr/bin/cmake /home/wbk/wbk_ros_intro/ros2_ws_practice/src/tutorial_interfaces -DCMAKE_INSTALL_PREFIX=/home/wbk/wbk_ros_intro/install/tutorial_interfaces
