-- Found rosidl_default_generators: 1.6.0 (/opt/ros/jazzy/share/rosidl_default_generators/cmake)
-- Using all available rosidl_typesupport_c: rosidl_typesupport_fastrtps_c;rosidl_typesupport_introspection_c
-- Using all available rosidl_typesupport_cpp: rosidl_typesupport_fastrtps_cpp;rosidl_typesupport_introspection_cpp
-- Found rosidl_adapter: 4.6.6 (/opt/ros/jazzy/share/rosidl_adapter/cmake)
Error parsing '/home/wbk/wbk_ros_intro/src/more_interfaces/package.xml':
Traceback (most recent call last):
  File "/usr/lib/python3/dist-packages/catkin_pkg/package.py", line 610, in parse_package_string
    root = dom.parseString(data)
           ^^^^^^^^^^^^^^^^^^^^^
  File "/usr/lib/python3.12/xml/dom/minidom.py", line 2000, in parseString
    return expatbuilder.parseString(string)
           ^^^^^^^^^^^^^^^^^^^^^^^^^^^^^^^^
  File "/usr/lib/python3.12/xml/dom/expatbuilder.py", line 922, in parseString
    return builder.parseString(string)
           ^^^^^^^^^^^^^^^^^^^^^^^^^^^
  File "/usr/lib/python3.12/xml/dom/expatbuilder.py", line 220, in parseString
    parser.Parse(string, True)
xml.parsers.expat.ExpatError: junk after document element: line 20, column 0

During handling of the above exception, another exception occurred:

Traceback (most recent call last):
  File "/opt/ros/jazzy/share/ament_cmake_core/cmake/core/package_xml_2_cmake.py", line 150, in <module>
    main()
  File "/opt/ros/jazzy/share/ament_cmake_core/cmake/core/package_xml_2_cmake.py", line 53, in main
    raise e
  File "/opt/ros/jazzy/share/ament_cmake_core/cmake/core/package_xml_2_cmake.py", line 49, in main
    package = parse_package_string(
              ^^^^^^^^^^^^^^^^^^^^^
  File "/usr/lib/python3/dist-packages/catkin_pkg/package.py", line 612, in parse_package_string
    raise InvalidPackage('The manifest contains invalid XML:\n%s' % ex, filename)
catkin_pkg.package.InvalidPackage: Error(s) in package '/home/wbk/wbk_ros_intro/src/more_interfaces/package.xml':
The manifest contains invalid XML:
junk after document element: line 20, column 0
[31mCMake Error at /opt/ros/jazzy/share/ament_cmake_core/cmake/core/ament_package_xml.cmake:95 (message):
  execute_process(/usr/bin/python3
  /opt/ros/jazzy/share/ament_cmake_core/cmake/core/package_xml_2_cmake.py
  /home/wbk/wbk_ros_intro/src/more_interfaces/package.xml
  /home/wbk/wbk_ros_intro/build/more_interfaces/ament_cmake_core/package.cmake)
  returned error code 1
Call Stack (most recent call first):
  /opt/ros/jazzy/share/ament_cmake_core/cmake/core/ament_package_xml.cmake:49 (_ament_package_xml)
  /opt/ros/jazzy/share/rosidl_cmake/cmake/rosidl_generate_interfaces.cmake:220 (ament_package_xml)
  CMakeLists.txt:14 (rosidl_generate_interfaces)

[0m
-- Configuring incomplete, errors occurred!
