[1.029s] Invoking command in '/home/wbk/wbk_ros_intro/ros2_ws_practice/build/practice_package': PYTHONPATH=/home/wbk/wbk_ros_intro/ros2_ws_practice/build/practice_package/prefix_override:/usr/lib/python3/dist-packages/colcon_core/task/python/colcon_distutils_commands:/home/wbk/wbk_ros_intro/ros2_ws_practice/install/practice_package/lib/python3.12/site-packages:${PYTHONPATH} /usr/bin/python3 -W ignore:setup.py install is deprecated -W ignore:easy_install command is deprecated setup.py develop --editable --build-directory /home/wbk/wbk_ros_intro/ros2_ws_practice/build/practice_package/build --no-deps symlink_data
[1.241s] running develop
[1.345s] running egg_info
[1.345s] creating practice_package.egg-info
[1.356s] writing practice_package.egg-info/PKG-INFO
[1.357s] writing dependency_links to practice_package.egg-info/dependency_links.txt
[1.357s] writing requirements to practice_package.egg-info/requires.txt
[1.357s] writing top-level names to practice_package.egg-info/top_level.txt
[1.357s] writing manifest file 'practice_package.egg-info/SOURCES.txt'
[1.379s] reading manifest file 'practice_package.egg-info/SOURCES.txt'
[1.379s] writing manifest file 'practice_package.egg-info/SOURCES.txt'
[1.392s] running build_ext
[1.393s] Creating /home/wbk/wbk_ros_intro/ros2_ws_practice/install/practice_package/lib/python3.12/site-packages/practice-package.egg-link (link to .)
[1.395s] 
[1.395s] Installed /home/wbk/wbk_ros_intro/ros2_ws_practice/build/practice_package
[1.395s] running symlink_data
[1.395s] creating /home/wbk/wbk_ros_intro/ros2_ws_practice/install/practice_package/share/ament_index
[1.395s] creating /home/wbk/wbk_ros_intro/ros2_ws_practice/install/practice_package/share/ament_index/resource_index
[1.395s] creating /home/wbk/wbk_ros_intro/ros2_ws_practice/install/practice_package/share/ament_index/resource_index/packages
[1.395s] symbolically linking /home/wbk/wbk_ros_intro/ros2_ws_practice/build/practice_package/resource/practice_package -> /home/wbk/wbk_ros_intro/ros2_ws_practice/install/practice_package/share/ament_index/resource_index/packages
[1.395s] symbolically linking /home/wbk/wbk_ros_intro/ros2_ws_practice/build/practice_package/package.xml -> /home/wbk/wbk_ros_intro/ros2_ws_practice/install/practice_package/share/practice_package
[1.450s] Invoked command in '/home/wbk/wbk_ros_intro/ros2_ws_practice/build/practice_package' returned '0': PYTHONPATH=/home/wbk/wbk_ros_intro/ros2_ws_practice/build/practice_package/prefix_override:/usr/lib/python3/dist-packages/colcon_core/task/python/colcon_distutils_commands:/home/wbk/wbk_ros_intro/ros2_ws_practice/install/practice_package/lib/python3.12/site-packages:${PYTHONPATH} /usr/bin/python3 -W ignore:setup.py install is deprecated -W ignore:easy_install command is deprecated setup.py develop --editable --build-directory /home/wbk/wbk_ros_intro/ros2_ws_practice/build/practice_package/build --no-deps symlink_data
