[ 33%] Built target musician
[ 83%] [32mBuilding CXX object CMakeFiles/concertserverpublisher.dir/src/concertserver.cpp.o[0m
[ 83%] Built target customersubscriber
[01m[K/home/wbk/wbk_ros_intro/src/cpp_project_onboarding/src/concertserver.cpp:[m[K In constructor ‘[01m[KConcertServerPublisher::[01;32m[KConcertServerPublisher[m[K()[m[K’:
[01m[K/home/wbk/wbk_ros_intro/src/cpp_project_onboarding/src/concertserver.cpp:38:49:[m[K [01;31m[Kerror: [m[Kno matching function for call to ‘[01m[KConcertServerPublisher::create_wall_timer(int, ConcertServerPublisher::ConcertServerPublisher()::<lambda()>&)[m[K’
   38 |                 timer_ = [01;31m[Kthis->create_wall_timer(500, timer_callback)[m[K;
      |                          [01;31m[K~~~~~~~~~~~~~~~~~~~~~~~^~~~~~~~~~~~~~~~~~~~~[m[K
In file included from [01m[K/opt/ros/jazzy/include/rclcpp/rclcpp/executors/single_threaded_executor.hpp:28[m[K,
                 from [01m[K/opt/ros/jazzy/include/rclcpp/rclcpp/executors.hpp:22[m[K,
                 from [01m[K/opt/ros/jazzy/include/rclcpp/rclcpp/rclcpp.hpp:172[m[K,
                 from [01m[K/home/wbk/wbk_ros_intro/src/cpp_project_onboarding/src/concertserver.cpp:1[m[K:
[01m[K/opt/ros/jazzy/include/rclcpp/rclcpp/node.hpp:241:3:[m[K [01;36m[Knote: [m[Kcandidate: ‘[01m[Ktemplate<class DurationRepT, class DurationT, class CallbackT> typename rclcpp::WallTimer<CallbackT>::SharedPtr rclcpp::Node::[01;32m[Kcreate_wall_timer[m[K(std::chrono::duration<_Rep1, _Period1>, CallbackT, rclcpp::CallbackGroup::SharedPtr, bool)[m[K’
  241 |   [01;36m[Kcreate_wall_timer[m[K(
      |   [01;36m[K^~~~~~~~~~~~~~~~~[m[K
[01m[K/opt/ros/jazzy/include/rclcpp/rclcpp/node.hpp:241:3:[m[K [01;36m[Knote: [m[K  template argument deduction/substitution failed:
[01m[K/home/wbk/wbk_ros_intro/src/cpp_project_onboarding/src/concertserver.cpp:38:49:[m[K [01;36m[Knote: [m[K  mismatched types ‘[01m[Kstd::chrono::duration<_Rep1, _Period1>[m[K’ and ‘[01m[Kint[m[K’
   38 |                 timer_ = [01;36m[Kthis->create_wall_timer(500, timer_callback)[m[K;
      |                          [01;36m[K~~~~~~~~~~~~~~~~~~~~~~~^~~~~~~~~~~~~~~~~~~~~[m[K
gmake[2]: *** [CMakeFiles/concertserverpublisher.dir/build.make:76: CMakeFiles/concertserverpublisher.dir/src/concertserver.cpp.o] Error 1
gmake[1]: *** [CMakeFiles/Makefile2:141: CMakeFiles/concertserverpublisher.dir/all] Error 2
gmake: *** [Makefile:146: all] Error 2
