[0.007s] Invoking command in '/home/wbk/wbk_ros_intro/build/cpp_project_onboarding': CMAKE_PREFIX_PATH=${CMAKE_PREFIX_PATH}:/opt/ros/jazzy /usr/bin/cmake --build /home/wbk/wbk_ros_intro/build/cpp_project_onboarding -- -j20 -l20
[0.047s] [ 33%] Built target musician
[0.050s] [ 83%] [32mBuilding CXX object CMakeFiles/concertserverpublisher.dir/src/concertserver.cpp.o[0m
[0.050s] [ 83%] Built target customersubscriber
[1.478s] [01m[K/home/wbk/wbk_ros_intro/src/cpp_project_onboarding/src/concertserver.cpp:[m[K In constructor ‘[01m[KConcertServerPublisher::[01;32m[KConcertServerPublisher[m[K()[m[K’:
[1.478s] [01m[K/home/wbk/wbk_ros_intro/src/cpp_project_onboarding/src/concertserver.cpp:38:49:[m[K [01;31m[Kerror: [m[Kno matching function for call to ‘[01m[KConcertServerPublisher::create_wall_timer(int, ConcertServerPublisher::ConcertServerPublisher()::<lambda()>&)[m[K’
[1.478s]    38 |                 timer_ = [01;31m[Kthis->create_wall_timer(500, timer_callback)[m[K;
[1.478s]       |                          [01;31m[K~~~~~~~~~~~~~~~~~~~~~~~^~~~~~~~~~~~~~~~~~~~~[m[K
[1.478s] In file included from [01m[K/opt/ros/jazzy/include/rclcpp/rclcpp/executors/single_threaded_executor.hpp:28[m[K,
[1.478s]                  from [01m[K/opt/ros/jazzy/include/rclcpp/rclcpp/executors.hpp:22[m[K,
[1.478s]                  from [01m[K/opt/ros/jazzy/include/rclcpp/rclcpp/rclcpp.hpp:172[m[K,
[1.478s]                  from [01m[K/home/wbk/wbk_ros_intro/src/cpp_project_onboarding/src/concertserver.cpp:1[m[K:
[1.478s] [01m[K/opt/ros/jazzy/include/rclcpp/rclcpp/node.hpp:241:3:[m[K [01;36m[Knote: [m[Kcandidate: ‘[01m[Ktemplate<class DurationRepT, class DurationT, class CallbackT> typename rclcpp::WallTimer<CallbackT>::SharedPtr rclcpp::Node::[01;32m[Kcreate_wall_timer[m[K(std::chrono::duration<_Rep1, _Period1>, CallbackT, rclcpp::CallbackGroup::SharedPtr, bool)[m[K’
[1.478s]   241 |   [01;36m[Kcreate_wall_timer[m[K(
[1.478s]       |   [01;36m[K^~~~~~~~~~~~~~~~~[m[K
[1.478s] [01m[K/opt/ros/jazzy/include/rclcpp/rclcpp/node.hpp:241:3:[m[K [01;36m[Knote: [m[K  template argument deduction/substitution failed:
[1.478s] [01m[K/home/wbk/wbk_ros_intro/src/cpp_project_onboarding/src/concertserver.cpp:38:49:[m[K [01;36m[Knote: [m[K  mismatched types ‘[01m[Kstd::chrono::duration<_Rep1, _Period1>[m[K’ and ‘[01m[Kint[m[K’
[1.478s]    38 |                 timer_ = [01;36m[Kthis->create_wall_timer(500, timer_callback)[m[K;
[1.479s]       |                          [01;36m[K~~~~~~~~~~~~~~~~~~~~~~~^~~~~~~~~~~~~~~~~~~~~[m[K
[2.099s] gmake[2]: *** [CMakeFiles/concertserverpublisher.dir/build.make:76: CMakeFiles/concertserverpublisher.dir/src/concertserver.cpp.o] Error 1
[2.100s] gmake[1]: *** [CMakeFiles/Makefile2:141: CMakeFiles/concertserverpublisher.dir/all] Error 2
[2.100s] gmake: *** [Makefile:146: all] Error 2
[2.102s] Invoked command in '/home/wbk/wbk_ros_intro/build/cpp_project_onboarding' returned '2': CMAKE_PREFIX_PATH=${CMAKE_PREFIX_PATH}:/opt/ros/jazzy /usr/bin/cmake --build /home/wbk/wbk_ros_intro/build/cpp_project_onboarding -- -j20 -l20
