[0.019s] Invoking command in '/home/wbk/wbk_ros_intro/ros2_ws/build/interfaces': CMAKE_PREFIX_PATH=${CMAKE_PREFIX_PATH}:/home/wbk/wbk_ros_intro/ros2_ws/install/service_client:/opt/ros/jazzy /usr/bin/cmake --build /home/wbk/wbk_ros_intro/ros2_ws/build/interfaces -- -j16 -l16
[0.119s] -- Found ament_cmake: 2.5.4 (/opt/ros/jazzy/share/ament_cmake/cmake)
[0.149s] -- Found Python3: /usr/bin/python3 (found version "3.12.3") found components: Interpreter 
[0.243s] -- Found geometry_msgs: 5.3.6 (/opt/ros/jazzy/share/geometry_msgs/cmake)
[0.295s] -- Found rosidl_generator_c: 4.6.6 (/opt/ros/jazzy/share/rosidl_generator_c/cmake)
[0.309s] -- Found rosidl_generator_cpp: 4.6.6 (/opt/ros/jazzy/share/rosidl_generator_cpp/cmake)
[0.327s] -- Using all available rosidl_typesupport_c: rosidl_typesupport_fastrtps_c;rosidl_typesupport_introspection_c
[0.345s] -- Using all available rosidl_typesupport_cpp: rosidl_typesupport_fastrtps_cpp;rosidl_typesupport_introspection_cpp
[0.396s] -- Found rosidl_default_generators: 1.6.0 (/opt/ros/jazzy/share/rosidl_default_generators/cmake)
[0.406s] -- Found rosidl_adapter: 4.6.6 (/opt/ros/jazzy/share/rosidl_adapter/cmake)
[0.677s] -- Found ament_cmake_ros: 0.12.0 (/opt/ros/jazzy/share/ament_cmake_ros/cmake)
[0.914s] -- Using all available rosidl_typesupport_c: rosidl_typesupport_fastrtps_c;rosidl_typesupport_introspection_c
[1.003s] -- Using all available rosidl_typesupport_cpp: rosidl_typesupport_fastrtps_cpp;rosidl_typesupport_introspection_cpp
[1.006s] -- Found python_cmake_module: 0.11.1 (/opt/ros/jazzy/share/python_cmake_module/cmake)
[1.255s] -- Found Python3: /usr/bin/python3 (found version "3.12.3") found components: Interpreter Development NumPy Development.Module Development.Embed 
[1.284s] -- Found ament_lint_auto: 0.17.3 (/opt/ros/jazzy/share/ament_lint_auto/cmake)
[1.305s] -- Added test 'lint_cmake' to check CMake code style
[1.307s] -- Added test 'xmllint' to check XML markup files
[1.311s] -- Configuring done (1.2s)
[1.372s] -- Generating done (0.0s)
[1.385s] -- Build files have been written to: /home/wbk/wbk_ros_intro/ros2_ws/build/interfaces
[1.420s] [  2%] [34m[1mGenerating type hashes for ROS interfaces[0m
[1.434s] [  2%] Built target ament_cmake_python_copy_interfaces
[1.583s] [  2%] Built target interfaces__rosidl_generator_type_description
[1.593s] [  4%] [34m[1mGenerating C code for ROS interfaces[0m
[1.599s] running egg_info
[1.604s] [  6%] [34m[1mGenerating C++ code for ROS interfaces[0m
[1.610s] writing interfaces.egg-info/PKG-INFO
[1.610s] writing dependency_links to interfaces.egg-info/dependency_links.txt
[1.610s] writing top-level names to interfaces.egg-info/top_level.txt
[1.644s] reading manifest file 'interfaces.egg-info/SOURCES.txt'
[1.646s] writing manifest file 'interfaces.egg-info/SOURCES.txt'
[1.671s] [  6%] Built target ament_cmake_python_build_interfaces_egg
[1.841s] [  6%] Built target interfaces__cpp
[1.863s] [ 11%] [32mBuilding C object CMakeFiles/interfaces__rosidl_generator_c.dir/rosidl_generator_c/interfaces/msg/detail/num__functions.c.o[0m
[1.864s] [ 11%] [32mBuilding C object CMakeFiles/interfaces__rosidl_generator_c.dir/rosidl_generator_c/interfaces/msg/detail/num__type_support.c.o[0m
[1.864s] [ 13%] [32mBuilding C object CMakeFiles/interfaces__rosidl_generator_c.dir/rosidl_generator_c/interfaces/srv/detail/ticket__functions.c.o[0m
[1.864s] [ 15%] [32mBuilding C object CMakeFiles/interfaces__rosidl_generator_c.dir/rosidl_generator_c/interfaces/msg/detail/num__description.c.o[0m
[1.866s] [ 18%] [32mBuilding C object CMakeFiles/interfaces__rosidl_generator_c.dir/rosidl_generator_c/interfaces/srv/detail/ticket__description.c.o[0m
[1.866s] [ 20%] [32mBuilding C object CMakeFiles/interfaces__rosidl_generator_c.dir/rosidl_generator_c/interfaces/srv/detail/ticket__type_support.c.o[0m
[1.978s] [ 22%] [32m[1mLinking C shared library libinterfaces__rosidl_generator_c.so[0m
[2.019s] [ 22%] Built target interfaces__rosidl_generator_c
[2.030s] [ 27%] [34m[1mGenerating C type support for eProsima Fast-RTPS[0m
[2.030s] [ 31%] [34m[1mGenerating C type support dispatch for ROS interfaces[0m
[2.031s] [ 31%] [34m[1mGenerating C introspection for ROS interfaces[0m
[2.031s] [ 31%] [34m[1mGenerating C++ type support for eProsima Fast-RTPS[0m
[2.034s] [ 36%] [34m[1mGenerating C++ type support dispatch for ROS interfaces[0m
[2.034s] [ 36%] [34m[1mGenerating C++ introspection for ROS interfaces[0m
[2.277s] [ 38%] [32mBuilding CXX object CMakeFiles/interfaces__rosidl_typesupport_c.dir/rosidl_typesupport_c/interfaces/msg/num__type_support.cpp.o[0m
[2.283s] [ 40%] [32mBuilding C object CMakeFiles/interfaces__rosidl_typesupport_introspection_c.dir/rosidl_typesupport_introspection_c/interfaces/srv/detail/ticket__type_support.c.o[0m
[2.284s] [ 43%] [32mBuilding CXX object CMakeFiles/interfaces__rosidl_typesupport_c.dir/rosidl_typesupport_c/interfaces/srv/ticket__type_support.cpp.o[0m
[2.288s] [ 45%] [32mBuilding C object CMakeFiles/interfaces__rosidl_typesupport_introspection_c.dir/rosidl_typesupport_introspection_c/interfaces/msg/detail/num__type_support.c.o[0m
[2.292s] [ 47%] [32mBuilding CXX object CMakeFiles/interfaces__rosidl_typesupport_cpp.dir/rosidl_typesupport_cpp/interfaces/msg/num__type_support.cpp.o[0m
[2.295s] [ 50%] [32mBuilding CXX object CMakeFiles/interfaces__rosidl_typesupport_cpp.dir/rosidl_typesupport_cpp/interfaces/srv/ticket__type_support.cpp.o[0m
[2.341s] [ 52%] [32m[1mLinking C shared library libinterfaces__rosidl_typesupport_introspection_c.so[0m
[2.345s] [ 54%] [32mBuilding CXX object CMakeFiles/interfaces__rosidl_typesupport_fastrtps_c.dir/rosidl_typesupport_fastrtps_c/interfaces/msg/detail/num__type_support_c.cpp.o[0m
[2.348s] [ 56%] [32mBuilding CXX object CMakeFiles/interfaces__rosidl_typesupport_fastrtps_c.dir/rosidl_typesupport_fastrtps_c/interfaces/srv/detail/ticket__type_support_c.cpp.o[0m
[2.362s] [ 59%] [32mBuilding CXX object CMakeFiles/interfaces__rosidl_typesupport_introspection_cpp.dir/rosidl_typesupport_introspection_cpp/interfaces/srv/detail/ticket__type_support.cpp.o[0m
[2.362s] [ 61%] [32mBuilding CXX object CMakeFiles/interfaces__rosidl_typesupport_introspection_cpp.dir/rosidl_typesupport_introspection_cpp/interfaces/msg/detail/num__type_support.cpp.o[0m
[2.366s] [ 63%] [32mBuilding CXX object CMakeFiles/interfaces__rosidl_typesupport_fastrtps_cpp.dir/rosidl_typesupport_fastrtps_cpp/interfaces/msg/detail/dds_fastrtps/num__type_support.cpp.o[0m
[2.367s] [ 65%] [32mBuilding CXX object CMakeFiles/interfaces__rosidl_typesupport_fastrtps_cpp.dir/rosidl_typesupport_fastrtps_cpp/interfaces/srv/detail/dds_fastrtps/ticket__type_support.cpp.o[0m
[2.378s] [ 65%] Built target interfaces__rosidl_typesupport_introspection_c
[2.417s] [ 68%] [32m[1mLinking CXX shared library libinterfaces__rosidl_typesupport_c.so[0m
[2.484s] [ 68%] Built target interfaces__rosidl_typesupport_c
[2.821s] [ 70%] [32m[1mLinking CXX shared library libinterfaces__rosidl_typesupport_cpp.so[0m
[2.835s] [ 72%] [32m[1mLinking CXX shared library libinterfaces__rosidl_typesupport_introspection_cpp.so[0m
[2.913s] [ 72%] Built target interfaces__rosidl_typesupport_cpp
[2.917s] [ 72%] Built target interfaces__rosidl_typesupport_introspection_cpp
[2.953s] [ 75%] [32m[1mLinking CXX shared library libinterfaces__rosidl_typesupport_fastrtps_c.so[0m
[2.980s] [ 77%] [32m[1mLinking CXX shared library libinterfaces__rosidl_typesupport_fastrtps_cpp.so[0m
[2.996s] [ 77%] Built target interfaces__rosidl_typesupport_fastrtps_c
[3.045s] [ 77%] Built target interfaces__rosidl_typesupport_fastrtps_cpp
[3.062s] [ 77%] Built target interfaces
[3.080s] [ 79%] [34m[1mGenerating Python code for ROS interfaces[0m
[3.360s] [ 79%] Built target interfaces__py
[3.383s] [ 81%] [32mBuilding C object CMakeFiles/interfaces__rosidl_generator_py.dir/rosidl_generator_py/interfaces/msg/_num_s.c.o[0m
[3.383s] [ 84%] [32mBuilding C object CMakeFiles/interfaces__rosidl_generator_py.dir/rosidl_generator_py/interfaces/srv/_ticket_s.c.o[0m
[3.538s] [ 86%] [32m[1mLinking C shared library libinterfaces__rosidl_generator_py.so[0m
[3.578s] [ 86%] Built target interfaces__rosidl_generator_py
[3.600s] [ 93%] [32mBuilding C object CMakeFiles/interfaces_s__rosidl_typesupport_fastrtps_c.dir/rosidl_generator_py/interfaces/_interfaces_s.ep.rosidl_typesupport_fastrtps_c.c.o[0m
[3.600s] [ 93%] [32mBuilding C object CMakeFiles/interfaces_s__rosidl_typesupport_introspection_c.dir/rosidl_generator_py/interfaces/_interfaces_s.ep.rosidl_typesupport_introspection_c.c.o[0m
[3.601s] [ 93%] [32mBuilding C object CMakeFiles/interfaces_s__rosidl_typesupport_c.dir/rosidl_generator_py/interfaces/_interfaces_s.ep.rosidl_typesupport_c.c.o[0m
[3.689s] [ 97%] [32m[1mLinking C shared module rosidl_generator_py/interfaces/interfaces_s__rosidl_typesupport_c.so[0m
[3.690s] [ 97%] [32m[1mLinking C shared module rosidl_generator_py/interfaces/interfaces_s__rosidl_typesupport_introspection_c.so[0m
[3.695s] [100%] [32m[1mLinking C shared module rosidl_generator_py/interfaces/interfaces_s__rosidl_typesupport_fastrtps_c.so[0m
[3.718s] [100%] Built target interfaces_s__rosidl_typesupport_c
[3.718s] [100%] Built target interfaces_s__rosidl_typesupport_introspection_c
[3.727s] [100%] Built target interfaces_s__rosidl_typesupport_fastrtps_c
[3.739s] Invoked command in '/home/wbk/wbk_ros_intro/ros2_ws/build/interfaces' returned '0': CMAKE_PREFIX_PATH=${CMAKE_PREFIX_PATH}:/home/wbk/wbk_ros_intro/ros2_ws/install/service_client:/opt/ros/jazzy /usr/bin/cmake --build /home/wbk/wbk_ros_intro/ros2_ws/build/interfaces -- -j16 -l16
[3.747s] Invoking command in '/home/wbk/wbk_ros_intro/ros2_ws/build/interfaces': CMAKE_PREFIX_PATH=${CMAKE_PREFIX_PATH}:/home/wbk/wbk_ros_intro/ros2_ws/install/service_client:/opt/ros/jazzy /usr/bin/cmake --install /home/wbk/wbk_ros_intro/ros2_ws/build/interfaces
[3.754s] -- Install configuration: ""
[3.754s] -- Installing: /home/wbk/wbk_ros_intro/ros2_ws/install/interfaces/share/ament_index/resource_index/rosidl_interfaces/interfaces
[3.755s] -- Installing: /home/wbk/wbk_ros_intro/ros2_ws/install/interfaces/share/interfaces/msg/Num.json
[3.757s] -- Installing: /home/wbk/wbk_ros_intro/ros2_ws/install/interfaces/share/interfaces/srv/Ticket.json
[3.757s] -- Up-to-date: /home/wbk/wbk_ros_intro/ros2_ws/install/interfaces/include/interfaces/interfaces
[3.757s] -- Up-to-date: /home/wbk/wbk_ros_intro/ros2_ws/install/interfaces/include/interfaces/interfaces/srv
[3.757s] -- Up-to-date: /home/wbk/wbk_ros_intro/ros2_ws/install/interfaces/include/interfaces/interfaces/srv/detail
[3.757s] -- Up-to-date: /home/wbk/wbk_ros_intro/ros2_ws/install/interfaces/include/interfaces/interfaces/srv/detail/buy_ticket__description.c
[3.758s] -- Installing: /home/wbk/wbk_ros_intro/ros2_ws/install/interfaces/include/interfaces/interfaces/srv/detail/ticket__struct.h
[3.758s] -- Up-to-date: /home/wbk/wbk_ros_intro/ros2_ws/install/interfaces/include/interfaces/interfaces/srv/detail/buy_ticket__struct.h
[3.758s] -- Up-to-date: /home/wbk/wbk_ros_intro/ros2_ws/install/interfaces/include/interfaces/interfaces/srv/detail/buy_ticket__functions.h
[3.758s] -- Up-to-date: /home/wbk/wbk_ros_intro/ros2_ws/install/interfaces/include/interfaces/interfaces/srv/detail/buy_ticket__functions.c
[3.758s] -- Installing: /home/wbk/wbk_ros_intro/ros2_ws/install/interfaces/include/interfaces/interfaces/srv/detail/ticket__description.c
[3.758s] -- Up-to-date: /home/wbk/wbk_ros_intro/ros2_ws/install/interfaces/include/interfaces/interfaces/srv/detail/buy_ticket__type_support.c
[3.758s] -- Installing: /home/wbk/wbk_ros_intro/ros2_ws/install/interfaces/include/interfaces/interfaces/srv/detail/ticket__type_support.h
[3.758s] -- Up-to-date: /home/wbk/wbk_ros_intro/ros2_ws/install/interfaces/include/interfaces/interfaces/srv/detail/buy_ticket__type_support.h
[3.758s] -- Installing: /home/wbk/wbk_ros_intro/ros2_ws/install/interfaces/include/interfaces/interfaces/srv/detail/ticket__functions.c
[3.758s] -- Installing: /home/wbk/wbk_ros_intro/ros2_ws/install/interfaces/include/interfaces/interfaces/srv/detail/ticket__type_support.c
[3.758s] -- Installing: /home/wbk/wbk_ros_intro/ros2_ws/install/interfaces/include/interfaces/interfaces/srv/detail/ticket__functions.h
[3.759s] -- Up-to-date: /home/wbk/wbk_ros_intro/ros2_ws/install/interfaces/include/interfaces/interfaces/srv/buy_ticket.h
[3.759s] -- Installing: /home/wbk/wbk_ros_intro/ros2_ws/install/interfaces/include/interfaces/interfaces/srv/ticket.h
[3.759s] -- Up-to-date: /home/wbk/wbk_ros_intro/ros2_ws/install/interfaces/include/interfaces/interfaces/msg
[3.759s] -- Up-to-date: /home/wbk/wbk_ros_intro/ros2_ws/install/interfaces/include/interfaces/interfaces/msg/detail
[3.759s] -- Installing: /home/wbk/wbk_ros_intro/ros2_ws/install/interfaces/include/interfaces/interfaces/msg/detail/num__type_support.c
[3.760s] -- Installing: /home/wbk/wbk_ros_intro/ros2_ws/install/interfaces/include/interfaces/interfaces/msg/detail/num__type_support.h
[3.760s] -- Installing: /home/wbk/wbk_ros_intro/ros2_ws/install/interfaces/include/interfaces/interfaces/msg/detail/num__description.c
[3.760s] -- Installing: /home/wbk/wbk_ros_intro/ros2_ws/install/interfaces/include/interfaces/interfaces/msg/detail/num__struct.h
[3.761s] -- Installing: /home/wbk/wbk_ros_intro/ros2_ws/install/interfaces/include/interfaces/interfaces/msg/detail/num__functions.h
[3.761s] -- Installing: /home/wbk/wbk_ros_intro/ros2_ws/install/interfaces/include/interfaces/interfaces/msg/detail/num__functions.c
[3.761s] -- Installing: /home/wbk/wbk_ros_intro/ros2_ws/install/interfaces/include/interfaces/interfaces/msg/num.h
[3.761s] -- Up-to-date: /home/wbk/wbk_ros_intro/ros2_ws/install/interfaces/include/interfaces/interfaces/msg/rosidl_generator_c__visibility_control.h
[3.761s] -- Up-to-date: /home/wbk/wbk_ros_intro/ros2_ws/install/interfaces/share/interfaces/environment/library_path.sh
[3.761s] -- Up-to-date: /home/wbk/wbk_ros_intro/ros2_ws/install/interfaces/share/interfaces/environment/library_path.dsv
[3.761s] -- Installing: /home/wbk/wbk_ros_intro/ros2_ws/install/interfaces/lib/libinterfaces__rosidl_generator_c.so
[3.761s] -- Set non-toolchain portion of runtime path of "/home/wbk/wbk_ros_intro/ros2_ws/install/interfaces/lib/libinterfaces__rosidl_generator_c.so" to ""
[3.762s] -- Up-to-date: /home/wbk/wbk_ros_intro/ros2_ws/install/interfaces/include/interfaces/interfaces
[3.762s] -- Up-to-date: /home/wbk/wbk_ros_intro/ros2_ws/install/interfaces/include/interfaces/interfaces/srv
[3.762s] -- Up-to-date: /home/wbk/wbk_ros_intro/ros2_ws/install/interfaces/include/interfaces/interfaces/srv/detail
[3.762s] -- Up-to-date: /home/wbk/wbk_ros_intro/ros2_ws/install/interfaces/include/interfaces/interfaces/srv/detail/buy_ticket__rosidl_typesupport_fastrtps_c.h
[3.762s] -- Installing: /home/wbk/wbk_ros_intro/ros2_ws/install/interfaces/include/interfaces/interfaces/srv/detail/ticket__rosidl_typesupport_fastrtps_c.h
[3.762s] -- Up-to-date: /home/wbk/wbk_ros_intro/ros2_ws/install/interfaces/include/interfaces/interfaces/msg
[3.762s] -- Up-to-date: /home/wbk/wbk_ros_intro/ros2_ws/install/interfaces/include/interfaces/interfaces/msg/detail
[3.762s] -- Installing: /home/wbk/wbk_ros_intro/ros2_ws/install/interfaces/include/interfaces/interfaces/msg/detail/num__rosidl_typesupport_fastrtps_c.h
[3.762s] -- Up-to-date: /home/wbk/wbk_ros_intro/ros2_ws/install/interfaces/include/interfaces/interfaces/msg/rosidl_typesupport_fastrtps_c__visibility_control.h
[3.763s] -- Installing: /home/wbk/wbk_ros_intro/ros2_ws/install/interfaces/lib/libinterfaces__rosidl_typesupport_fastrtps_c.so
[3.763s] -- Set non-toolchain portion of runtime path of "/home/wbk/wbk_ros_intro/ros2_ws/install/interfaces/lib/libinterfaces__rosidl_typesupport_fastrtps_c.so" to ""
[3.763s] -- Up-to-date: /home/wbk/wbk_ros_intro/ros2_ws/install/interfaces/include/interfaces/interfaces
[3.763s] -- Up-to-date: /home/wbk/wbk_ros_intro/ros2_ws/install/interfaces/include/interfaces/interfaces/srv
[3.763s] -- Up-to-date: /home/wbk/wbk_ros_intro/ros2_ws/install/interfaces/include/interfaces/interfaces/srv/detail
[3.763s] -- Installing: /home/wbk/wbk_ros_intro/ros2_ws/install/interfaces/include/interfaces/interfaces/srv/detail/ticket__traits.hpp
[3.763s] -- Installing: /home/wbk/wbk_ros_intro/ros2_ws/install/interfaces/include/interfaces/interfaces/srv/detail/ticket__struct.hpp
[3.764s] -- Up-to-date: /home/wbk/wbk_ros_intro/ros2_ws/install/interfaces/include/interfaces/interfaces/srv/detail/buy_ticket__type_support.hpp
[3.764s] -- Up-to-date: /home/wbk/wbk_ros_intro/ros2_ws/install/interfaces/include/interfaces/interfaces/srv/detail/buy_ticket__struct.hpp
[3.764s] -- Up-to-date: /home/wbk/wbk_ros_intro/ros2_ws/install/interfaces/include/interfaces/interfaces/srv/detail/buy_ticket__traits.hpp
[3.764s] -- Up-to-date: /home/wbk/wbk_ros_intro/ros2_ws/install/interfaces/include/interfaces/interfaces/srv/detail/buy_ticket__builder.hpp
[3.764s] -- Installing: /home/wbk/wbk_ros_intro/ros2_ws/install/interfaces/include/interfaces/interfaces/srv/detail/ticket__type_support.hpp
[3.764s] -- Installing: /home/wbk/wbk_ros_intro/ros2_ws/install/interfaces/include/interfaces/interfaces/srv/detail/ticket__builder.hpp
[3.764s] -- Up-to-date: /home/wbk/wbk_ros_intro/ros2_ws/install/interfaces/include/interfaces/interfaces/srv/buy_ticket.hpp
[3.764s] -- Installing: /home/wbk/wbk_ros_intro/ros2_ws/install/interfaces/include/interfaces/interfaces/srv/ticket.hpp
[3.764s] -- Up-to-date: /home/wbk/wbk_ros_intro/ros2_ws/install/interfaces/include/interfaces/interfaces/msg
[3.765s] -- Installing: /home/wbk/wbk_ros_intro/ros2_ws/install/interfaces/include/interfaces/interfaces/msg/rosidl_generator_cpp__visibility_control.hpp
[3.765s] -- Up-to-date: /home/wbk/wbk_ros_intro/ros2_ws/install/interfaces/include/interfaces/interfaces/msg/detail
[3.765s] -- Installing: /home/wbk/wbk_ros_intro/ros2_ws/install/interfaces/include/interfaces/interfaces/msg/detail/num__struct.hpp
[3.765s] -- Installing: /home/wbk/wbk_ros_intro/ros2_ws/install/interfaces/include/interfaces/interfaces/msg/detail/num__builder.hpp
[3.765s] -- Installing: /home/wbk/wbk_ros_intro/ros2_ws/install/interfaces/include/interfaces/interfaces/msg/detail/num__type_support.hpp
[3.765s] -- Installing: /home/wbk/wbk_ros_intro/ros2_ws/install/interfaces/include/interfaces/interfaces/msg/detail/num__traits.hpp
[3.765s] -- Installing: /home/wbk/wbk_ros_intro/ros2_ws/install/interfaces/include/interfaces/interfaces/msg/num.hpp
[3.766s] -- Up-to-date: /home/wbk/wbk_ros_intro/ros2_ws/install/interfaces/include/interfaces/interfaces
[3.766s] -- Up-to-date: /home/wbk/wbk_ros_intro/ros2_ws/install/interfaces/include/interfaces/interfaces/srv
[3.766s] -- Up-to-date: /home/wbk/wbk_ros_intro/ros2_ws/install/interfaces/include/interfaces/interfaces/srv/detail
[3.766s] -- Installing: /home/wbk/wbk_ros_intro/ros2_ws/install/interfaces/include/interfaces/interfaces/srv/detail/ticket__rosidl_typesupport_fastrtps_cpp.hpp
[3.766s] -- Up-to-date: /home/wbk/wbk_ros_intro/ros2_ws/install/interfaces/include/interfaces/interfaces/srv/detail/buy_ticket__rosidl_typesupport_fastrtps_cpp.hpp
[3.766s] -- Up-to-date: /home/wbk/wbk_ros_intro/ros2_ws/install/interfaces/include/interfaces/interfaces/srv/detail/dds_fastrtps
[3.766s] -- Up-to-date: /home/wbk/wbk_ros_intro/ros2_ws/install/interfaces/include/interfaces/interfaces/msg
[3.766s] -- Up-to-date: /home/wbk/wbk_ros_intro/ros2_ws/install/interfaces/include/interfaces/interfaces/msg/detail
[3.766s] -- Installing: /home/wbk/wbk_ros_intro/ros2_ws/install/interfaces/include/interfaces/interfaces/msg/detail/num__rosidl_typesupport_fastrtps_cpp.hpp
[3.767s] -- Up-to-date: /home/wbk/wbk_ros_intro/ros2_ws/install/interfaces/include/interfaces/interfaces/msg/detail/dds_fastrtps
[3.767s] -- Up-to-date: /home/wbk/wbk_ros_intro/ros2_ws/install/interfaces/include/interfaces/interfaces/msg/rosidl_typesupport_fastrtps_cpp__visibility_control.h
[3.767s] -- Installing: /home/wbk/wbk_ros_intro/ros2_ws/install/interfaces/lib/libinterfaces__rosidl_typesupport_fastrtps_cpp.so
[3.767s] -- Set non-toolchain portion of runtime path of "/home/wbk/wbk_ros_intro/ros2_ws/install/interfaces/lib/libinterfaces__rosidl_typesupport_fastrtps_cpp.so" to ""
[3.767s] -- Up-to-date: /home/wbk/wbk_ros_intro/ros2_ws/install/interfaces/include/interfaces/interfaces
[3.767s] -- Up-to-date: /home/wbk/wbk_ros_intro/ros2_ws/install/interfaces/include/interfaces/interfaces/srv
[3.767s] -- Up-to-date: /home/wbk/wbk_ros_intro/ros2_ws/install/interfaces/include/interfaces/interfaces/srv/detail
[3.768s] -- Up-to-date: /home/wbk/wbk_ros_intro/ros2_ws/install/interfaces/include/interfaces/interfaces/srv/detail/buy_ticket__rosidl_typesupport_introspection_c.h
[3.768s] -- Installing: /home/wbk/wbk_ros_intro/ros2_ws/install/interfaces/include/interfaces/interfaces/srv/detail/ticket__rosidl_typesupport_introspection_c.h
[3.768s] -- Up-to-date: /home/wbk/wbk_ros_intro/ros2_ws/install/interfaces/include/interfaces/interfaces/srv/detail/buy_ticket__type_support.c
[3.768s] -- Installing: /home/wbk/wbk_ros_intro/ros2_ws/install/interfaces/include/interfaces/interfaces/srv/detail/ticket__type_support.c
[3.768s] -- Up-to-date: /home/wbk/wbk_ros_intro/ros2_ws/install/interfaces/include/interfaces/interfaces/msg
[3.768s] -- Up-to-date: /home/wbk/wbk_ros_intro/ros2_ws/install/interfaces/include/interfaces/interfaces/msg/detail
[3.768s] -- Installing: /home/wbk/wbk_ros_intro/ros2_ws/install/interfaces/include/interfaces/interfaces/msg/detail/num__type_support.c
[3.769s] -- Installing: /home/wbk/wbk_ros_intro/ros2_ws/install/interfaces/include/interfaces/interfaces/msg/detail/num__rosidl_typesupport_introspection_c.h
[3.769s] -- Up-to-date: /home/wbk/wbk_ros_intro/ros2_ws/install/interfaces/include/interfaces/interfaces/msg/rosidl_typesupport_introspection_c__visibility_control.h
[3.769s] -- Installing: /home/wbk/wbk_ros_intro/ros2_ws/install/interfaces/lib/libinterfaces__rosidl_typesupport_introspection_c.so
[3.769s] -- Set non-toolchain portion of runtime path of "/home/wbk/wbk_ros_intro/ros2_ws/install/interfaces/lib/libinterfaces__rosidl_typesupport_introspection_c.so" to ""
[3.769s] -- Installing: /home/wbk/wbk_ros_intro/ros2_ws/install/interfaces/lib/libinterfaces__rosidl_typesupport_c.so
[3.769s] -- Set non-toolchain portion of runtime path of "/home/wbk/wbk_ros_intro/ros2_ws/install/interfaces/lib/libinterfaces__rosidl_typesupport_c.so" to ""
[3.769s] -- Up-to-date: /home/wbk/wbk_ros_intro/ros2_ws/install/interfaces/include/interfaces/interfaces
[3.770s] -- Up-to-date: /home/wbk/wbk_ros_intro/ros2_ws/install/interfaces/include/interfaces/interfaces/srv
[3.770s] -- Up-to-date: /home/wbk/wbk_ros_intro/ros2_ws/install/interfaces/include/interfaces/interfaces/srv/detail
[3.770s] -- Installing: /home/wbk/wbk_ros_intro/ros2_ws/install/interfaces/include/interfaces/interfaces/srv/detail/ticket__type_support.cpp
[3.770s] -- Up-to-date: /home/wbk/wbk_ros_intro/ros2_ws/install/interfaces/include/interfaces/interfaces/srv/detail/buy_ticket__type_support.cpp
[3.770s] -- Up-to-date: /home/wbk/wbk_ros_intro/ros2_ws/install/interfaces/include/interfaces/interfaces/srv/detail/buy_ticket__rosidl_typesupport_introspection_cpp.hpp
[3.771s] -- Installing: /home/wbk/wbk_ros_intro/ros2_ws/install/interfaces/include/interfaces/interfaces/srv/detail/ticket__rosidl_typesupport_introspection_cpp.hpp
[3.771s] -- Up-to-date: /home/wbk/wbk_ros_intro/ros2_ws/install/interfaces/include/interfaces/interfaces/msg
[3.771s] -- Up-to-date: /home/wbk/wbk_ros_intro/ros2_ws/install/interfaces/include/interfaces/interfaces/msg/detail
[3.771s] -- Installing: /home/wbk/wbk_ros_intro/ros2_ws/install/interfaces/include/interfaces/interfaces/msg/detail/num__rosidl_typesupport_introspection_cpp.hpp
[3.771s] -- Installing: /home/wbk/wbk_ros_intro/ros2_ws/install/interfaces/include/interfaces/interfaces/msg/detail/num__type_support.cpp
[3.771s] -- Installing: /home/wbk/wbk_ros_intro/ros2_ws/install/interfaces/lib/libinterfaces__rosidl_typesupport_introspection_cpp.so
[3.772s] -- Set non-toolchain portion of runtime path of "/home/wbk/wbk_ros_intro/ros2_ws/install/interfaces/lib/libinterfaces__rosidl_typesupport_introspection_cpp.so" to ""
[3.772s] -- Installing: /home/wbk/wbk_ros_intro/ros2_ws/install/interfaces/lib/libinterfaces__rosidl_typesupport_cpp.so
[3.773s] -- Set non-toolchain portion of runtime path of "/home/wbk/wbk_ros_intro/ros2_ws/install/interfaces/lib/libinterfaces__rosidl_typesupport_cpp.so" to ""
[3.773s] -- Up-to-date: /home/wbk/wbk_ros_intro/ros2_ws/install/interfaces/share/interfaces/environment/pythonpath.sh
[3.773s] -- Up-to-date: /home/wbk/wbk_ros_intro/ros2_ws/install/interfaces/share/interfaces/environment/pythonpath.dsv
[3.773s] -- Up-to-date: /home/wbk/wbk_ros_intro/ros2_ws/install/interfaces/lib/python3.12/site-packages/interfaces-0.0.0-py3.12.egg-info
[3.773s] -- Installing: /home/wbk/wbk_ros_intro/ros2_ws/install/interfaces/lib/python3.12/site-packages/interfaces-0.0.0-py3.12.egg-info/PKG-INFO
[3.773s] -- Installing: /home/wbk/wbk_ros_intro/ros2_ws/install/interfaces/lib/python3.12/site-packages/interfaces-0.0.0-py3.12.egg-info/top_level.txt
[3.774s] -- Installing: /home/wbk/wbk_ros_intro/ros2_ws/install/interfaces/lib/python3.12/site-packages/interfaces-0.0.0-py3.12.egg-info/SOURCES.txt
[3.774s] -- Installing: /home/wbk/wbk_ros_intro/ros2_ws/install/interfaces/lib/python3.12/site-packages/interfaces-0.0.0-py3.12.egg-info/dependency_links.txt
[3.774s] -- Up-to-date: /home/wbk/wbk_ros_intro/ros2_ws/install/interfaces/lib/python3.12/site-packages/interfaces
[3.774s] -- Installing: /home/wbk/wbk_ros_intro/ros2_ws/install/interfaces/lib/python3.12/site-packages/interfaces/interfaces_s__rosidl_typesupport_c.so
[3.775s] -- Installing: /home/wbk/wbk_ros_intro/ros2_ws/install/interfaces/lib/python3.12/site-packages/interfaces/interfaces_s__rosidl_typesupport_fastrtps_c.so
[3.775s] -- Up-to-date: /home/wbk/wbk_ros_intro/ros2_ws/install/interfaces/lib/python3.12/site-packages/interfaces/srv
[3.775s] -- Installing: /home/wbk/wbk_ros_intro/ros2_ws/install/interfaces/lib/python3.12/site-packages/interfaces/srv/_ticket_s.c
[3.775s] -- Installing: /home/wbk/wbk_ros_intro/ros2_ws/install/interfaces/lib/python3.12/site-packages/interfaces/srv/_ticket.py
[3.775s] -- Installing: /home/wbk/wbk_ros_intro/ros2_ws/install/interfaces/lib/python3.12/site-packages/interfaces/srv/__init__.py
[3.775s] -- Up-to-date: /home/wbk/wbk_ros_intro/ros2_ws/install/interfaces/lib/python3.12/site-packages/interfaces/srv/_buy_ticket.py
[3.775s] -- Up-to-date: /home/wbk/wbk_ros_intro/ros2_ws/install/interfaces/lib/python3.12/site-packages/interfaces/srv/_buy_ticket_s.c
[3.775s] -- Installing: /home/wbk/wbk_ros_intro/ros2_ws/install/interfaces/lib/python3.12/site-packages/interfaces/__init__.py
[3.776s] -- Up-to-date: /home/wbk/wbk_ros_intro/ros2_ws/install/interfaces/lib/python3.12/site-packages/interfaces/msg
[3.776s] -- Installing: /home/wbk/wbk_ros_intro/ros2_ws/install/interfaces/lib/python3.12/site-packages/interfaces/msg/_num.py
[3.776s] -- Installing: /home/wbk/wbk_ros_intro/ros2_ws/install/interfaces/lib/python3.12/site-packages/interfaces/msg/__init__.py
[3.776s] -- Installing: /home/wbk/wbk_ros_intro/ros2_ws/install/interfaces/lib/python3.12/site-packages/interfaces/msg/_num_s.c
[3.776s] -- Installing: /home/wbk/wbk_ros_intro/ros2_ws/install/interfaces/lib/python3.12/site-packages/interfaces/_interfaces_s.ep.rosidl_typesupport_fastrtps_c.c
[3.776s] -- Installing: /home/wbk/wbk_ros_intro/ros2_ws/install/interfaces/lib/python3.12/site-packages/interfaces/_interfaces_s.ep.rosidl_typesupport_c.c
[3.776s] -- Installing: /home/wbk/wbk_ros_intro/ros2_ws/install/interfaces/lib/python3.12/site-packages/interfaces/_interfaces_s.ep.rosidl_typesupport_introspection_c.c
[3.776s] -- Installing: /home/wbk/wbk_ros_intro/ros2_ws/install/interfaces/lib/python3.12/site-packages/interfaces/interfaces_s__rosidl_typesupport_introspection_c.so
[3.813s] Listing '/home/wbk/wbk_ros_intro/ros2_ws/install/interfaces/lib/python3.12/site-packages/interfaces'...
[3.813s] Compiling '/home/wbk/wbk_ros_intro/ros2_ws/install/interfaces/lib/python3.12/site-packages/interfaces/__init__.py'...
[3.813s] Listing '/home/wbk/wbk_ros_intro/ros2_ws/install/interfaces/lib/python3.12/site-packages/interfaces/msg'...
[3.813s] Compiling '/home/wbk/wbk_ros_intro/ros2_ws/install/interfaces/lib/python3.12/site-packages/interfaces/msg/__init__.py'...
[3.813s] Compiling '/home/wbk/wbk_ros_intro/ros2_ws/install/interfaces/lib/python3.12/site-packages/interfaces/msg/_num.py'...
[3.813s] Listing '/home/wbk/wbk_ros_intro/ros2_ws/install/interfaces/lib/python3.12/site-packages/interfaces/srv'...
[3.813s] Compiling '/home/wbk/wbk_ros_intro/ros2_ws/install/interfaces/lib/python3.12/site-packages/interfaces/srv/__init__.py'...
[3.813s] Compiling '/home/wbk/wbk_ros_intro/ros2_ws/install/interfaces/lib/python3.12/site-packages/interfaces/srv/_ticket.py'...
[3.817s] -- Installing: /home/wbk/wbk_ros_intro/ros2_ws/install/interfaces/lib/python3.12/site-packages/interfaces/interfaces_s__rosidl_typesupport_fastrtps_c.so
[3.818s] -- Set non-toolchain portion of runtime path of "/home/wbk/wbk_ros_intro/ros2_ws/install/interfaces/lib/python3.12/site-packages/interfaces/interfaces_s__rosidl_typesupport_fastrtps_c.so" to ""
[3.818s] -- Installing: /home/wbk/wbk_ros_intro/ros2_ws/install/interfaces/lib/python3.12/site-packages/interfaces/interfaces_s__rosidl_typesupport_introspection_c.so
[3.818s] -- Set non-toolchain portion of runtime path of "/home/wbk/wbk_ros_intro/ros2_ws/install/interfaces/lib/python3.12/site-packages/interfaces/interfaces_s__rosidl_typesupport_introspection_c.so" to ""
[3.818s] -- Installing: /home/wbk/wbk_ros_intro/ros2_ws/install/interfaces/lib/python3.12/site-packages/interfaces/interfaces_s__rosidl_typesupport_c.so
[3.818s] -- Set non-toolchain portion of runtime path of "/home/wbk/wbk_ros_intro/ros2_ws/install/interfaces/lib/python3.12/site-packages/interfaces/interfaces_s__rosidl_typesupport_c.so" to ""
[3.818s] -- Installing: /home/wbk/wbk_ros_intro/ros2_ws/install/interfaces/lib/libinterfaces__rosidl_generator_py.so
[3.819s] -- Set non-toolchain portion of runtime path of "/home/wbk/wbk_ros_intro/ros2_ws/install/interfaces/lib/libinterfaces__rosidl_generator_py.so" to ""
[3.819s] -- Up-to-date: /home/wbk/wbk_ros_intro/ros2_ws/install/interfaces/share/interfaces/msg/Num.idl
[3.819s] -- Installing: /home/wbk/wbk_ros_intro/ros2_ws/install/interfaces/share/interfaces/srv/Ticket.idl
[3.819s] -- Up-to-date: /home/wbk/wbk_ros_intro/ros2_ws/install/interfaces/share/interfaces/msg/Num.msg
[3.819s] -- Installing: /home/wbk/wbk_ros_intro/ros2_ws/install/interfaces/share/interfaces/srv/Ticket.srv
[3.819s] -- Up-to-date: /home/wbk/wbk_ros_intro/ros2_ws/install/interfaces/share/ament_index/resource_index/package_run_dependencies/interfaces
[3.819s] -- Up-to-date: /home/wbk/wbk_ros_intro/ros2_ws/install/interfaces/share/ament_index/resource_index/parent_prefix_path/interfaces
[3.819s] -- Up-to-date: /home/wbk/wbk_ros_intro/ros2_ws/install/interfaces/share/interfaces/environment/ament_prefix_path.sh
[3.819s] -- Up-to-date: /home/wbk/wbk_ros_intro/ros2_ws/install/interfaces/share/interfaces/environment/ament_prefix_path.dsv
[3.819s] -- Up-to-date: /home/wbk/wbk_ros_intro/ros2_ws/install/interfaces/share/interfaces/environment/path.sh
[3.819s] -- Up-to-date: /home/wbk/wbk_ros_intro/ros2_ws/install/interfaces/share/interfaces/environment/path.dsv
[3.820s] -- Up-to-date: /home/wbk/wbk_ros_intro/ros2_ws/install/interfaces/share/interfaces/local_setup.bash
[3.820s] -- Up-to-date: /home/wbk/wbk_ros_intro/ros2_ws/install/interfaces/share/interfaces/local_setup.sh
[3.820s] -- Up-to-date: /home/wbk/wbk_ros_intro/ros2_ws/install/interfaces/share/interfaces/local_setup.zsh
[3.820s] -- Up-to-date: /home/wbk/wbk_ros_intro/ros2_ws/install/interfaces/share/interfaces/local_setup.dsv
[3.820s] -- Installing: /home/wbk/wbk_ros_intro/ros2_ws/install/interfaces/share/interfaces/package.dsv
[3.820s] -- Up-to-date: /home/wbk/wbk_ros_intro/ros2_ws/install/interfaces/share/ament_index/resource_index/packages/interfaces
[3.821s] -- Up-to-date: /home/wbk/wbk_ros_intro/ros2_ws/install/interfaces/share/interfaces/cmake/export_interfaces__rosidl_generator_cExport.cmake
[3.821s] -- Up-to-date: /home/wbk/wbk_ros_intro/ros2_ws/install/interfaces/share/interfaces/cmake/export_interfaces__rosidl_generator_cExport-noconfig.cmake
[3.822s] -- Up-to-date: /home/wbk/wbk_ros_intro/ros2_ws/install/interfaces/share/interfaces/cmake/export_interfaces__rosidl_typesupport_fastrtps_cExport.cmake
[3.822s] -- Up-to-date: /home/wbk/wbk_ros_intro/ros2_ws/install/interfaces/share/interfaces/cmake/export_interfaces__rosidl_typesupport_fastrtps_cExport-noconfig.cmake
[3.822s] -- Up-to-date: /home/wbk/wbk_ros_intro/ros2_ws/install/interfaces/share/interfaces/cmake/export_interfaces__rosidl_generator_cppExport.cmake
[3.822s] -- Up-to-date: /home/wbk/wbk_ros_intro/ros2_ws/install/interfaces/share/interfaces/cmake/export_interfaces__rosidl_typesupport_fastrtps_cppExport.cmake
[3.822s] -- Up-to-date: /home/wbk/wbk_ros_intro/ros2_ws/install/interfaces/share/interfaces/cmake/export_interfaces__rosidl_typesupport_fastrtps_cppExport-noconfig.cmake
[3.822s] -- Up-to-date: /home/wbk/wbk_ros_intro/ros2_ws/install/interfaces/share/interfaces/cmake/interfaces__rosidl_typesupport_introspection_cExport.cmake
[3.823s] -- Up-to-date: /home/wbk/wbk_ros_intro/ros2_ws/install/interfaces/share/interfaces/cmake/interfaces__rosidl_typesupport_introspection_cExport-noconfig.cmake
[3.823s] -- Up-to-date: /home/wbk/wbk_ros_intro/ros2_ws/install/interfaces/share/interfaces/cmake/interfaces__rosidl_typesupport_cExport.cmake
[3.823s] -- Up-to-date: /home/wbk/wbk_ros_intro/ros2_ws/install/interfaces/share/interfaces/cmake/interfaces__rosidl_typesupport_cExport-noconfig.cmake
[3.823s] -- Up-to-date: /home/wbk/wbk_ros_intro/ros2_ws/install/interfaces/share/interfaces/cmake/interfaces__rosidl_typesupport_introspection_cppExport.cmake
[3.823s] -- Up-to-date: /home/wbk/wbk_ros_intro/ros2_ws/install/interfaces/share/interfaces/cmake/interfaces__rosidl_typesupport_introspection_cppExport-noconfig.cmake
[3.824s] -- Up-to-date: /home/wbk/wbk_ros_intro/ros2_ws/install/interfaces/share/interfaces/cmake/interfaces__rosidl_typesupport_cppExport.cmake
[3.824s] -- Up-to-date: /home/wbk/wbk_ros_intro/ros2_ws/install/interfaces/share/interfaces/cmake/interfaces__rosidl_typesupport_cppExport-noconfig.cmake
[3.824s] -- Up-to-date: /home/wbk/wbk_ros_intro/ros2_ws/install/interfaces/share/interfaces/cmake/export_interfaces__rosidl_generator_pyExport.cmake
[3.824s] -- Up-to-date: /home/wbk/wbk_ros_intro/ros2_ws/install/interfaces/share/interfaces/cmake/export_interfaces__rosidl_generator_pyExport-noconfig.cmake
[3.824s] -- Installing: /home/wbk/wbk_ros_intro/ros2_ws/install/interfaces/share/interfaces/cmake/rosidl_cmake-extras.cmake
[3.825s] -- Up-to-date: /home/wbk/wbk_ros_intro/ros2_ws/install/interfaces/share/interfaces/cmake/ament_cmake_export_dependencies-extras.cmake
[3.825s] -- Up-to-date: /home/wbk/wbk_ros_intro/ros2_ws/install/interfaces/share/interfaces/cmake/ament_cmake_export_include_directories-extras.cmake
[3.825s] -- Up-to-date: /home/wbk/wbk_ros_intro/ros2_ws/install/interfaces/share/interfaces/cmake/ament_cmake_export_libraries-extras.cmake
[3.825s] -- Up-to-date: /home/wbk/wbk_ros_intro/ros2_ws/install/interfaces/share/interfaces/cmake/ament_cmake_export_targets-extras.cmake
[3.825s] -- Up-to-date: /home/wbk/wbk_ros_intro/ros2_ws/install/interfaces/share/interfaces/cmake/rosidl_cmake_export_typesupport_targets-extras.cmake
[3.825s] -- Up-to-date: /home/wbk/wbk_ros_intro/ros2_ws/install/interfaces/share/interfaces/cmake/rosidl_cmake_export_typesupport_libraries-extras.cmake
[3.825s] -- Up-to-date: /home/wbk/wbk_ros_intro/ros2_ws/install/interfaces/share/interfaces/cmake/interfacesConfig.cmake
[3.825s] -- Up-to-date: /home/wbk/wbk_ros_intro/ros2_ws/install/interfaces/share/interfaces/cmake/interfacesConfig-version.cmake
[3.825s] -- Up-to-date: /home/wbk/wbk_ros_intro/ros2_ws/install/interfaces/share/interfaces/package.xml
[3.828s] Invoked command in '/home/wbk/wbk_ros_intro/ros2_ws/build/interfaces' returned '0': CMAKE_PREFIX_PATH=${CMAKE_PREFIX_PATH}:/home/wbk/wbk_ros_intro/ros2_ws/install/service_client:/opt/ros/jazzy /usr/bin/cmake --install /home/wbk/wbk_ros_intro/ros2_ws/build/interfaces
