[0.088s] DEBUG:colcon:Command line arguments: ['/usr/bin/colcon', 'build', '--symlink-install']
[0.089s] DEBUG:colcon:Parsed command line arguments: Namespace(log_base=None, log_level=None, verb_name='build', build_base='build', install_base='install', merge_install=False, symlink_install=True, test_result_base=None, continue_on_error=False, executor='parallel', parallel_workers=16, event_handlers=None, ignore_user_meta=False, metas=['./colcon.meta'], base_paths=['.'], packages_ignore=None, packages_ignore_regex=None, paths=None, packages_up_to=None, packages_up_to_regex=None, packages_above=None, packages_above_and_dependencies=None, packages_above_depth=None, packages_select_by_dep=None, packages_skip_by_dep=None, packages_skip_up_to=None, packages_select_build_failed=False, packages_skip_build_finished=False, packages_select_test_failures=False, packages_skip_test_passed=False, packages_select=None, packages_skip=None, packages_select_regex=None, packages_skip_regex=None, packages_start=None, packages_end=None, cmake_args=None, cmake_target=None, cmake_target_skip_unavailable=False, cmake_clean_cache=False, cmake_clean_first=False, cmake_force_configure=False, ament_cmake_args=None, catkin_cmake_args=None, catkin_skip_building_tests=False, mixin_files=None, mixin=None, verb_parser=<colcon_mixin.mixin.mixin_argument.MixinArgumentDecorator object at 0x72aa650dc5c0>, verb_extension=<colcon_core.verb.build.BuildVerb object at 0x72aa650dc290>, main=<bound method BuildVerb.main of <colcon_core.verb.build.BuildVerb object at 0x72aa650dc290>>, mixin_verb=('build',))
[0.123s] Level 1:colcon.colcon_core.package_discovery:discover_packages(colcon_meta) check parameters
[0.123s] Level 1:colcon.colcon_core.package_discovery:discover_packages(recursive) check parameters
[0.123s] Level 1:colcon.colcon_core.package_discovery:discover_packages(ignore) check parameters
[0.123s] Level 1:colcon.colcon_core.package_discovery:discover_packages(path) check parameters
[0.123s] Level 1:colcon.colcon_core.package_discovery:discover_packages(colcon_meta) discover
[0.123s] Level 1:colcon.colcon_core.package_discovery:discover_packages(recursive) discover
[0.124s] INFO:colcon.colcon_core.package_discovery:Crawling recursively for packages in '/home/wbk/wbk_ros_intro/ros2_ws_practice'
[0.124s] Level 1:colcon.colcon_core.package_identification:_identify(.) by extensions ['ignore', 'ignore_ament_install']
[0.124s] Level 1:colcon.colcon_core.package_identification:_identify(.) by extension 'ignore'
[0.124s] Level 1:colcon.colcon_core.package_identification:_identify(.) by extension 'ignore_ament_install'
[0.124s] Level 1:colcon.colcon_core.package_identification:_identify(.) by extensions ['colcon_pkg']
[0.124s] Level 1:colcon.colcon_core.package_identification:_identify(.) by extension 'colcon_pkg'
[0.124s] Level 1:colcon.colcon_core.package_identification:_identify(.) by extensions ['colcon_meta']
[0.124s] Level 1:colcon.colcon_core.package_identification:_identify(.) by extension 'colcon_meta'
[0.124s] Level 1:colcon.colcon_core.package_identification:_identify(.) by extensions ['ros']
[0.124s] Level 1:colcon.colcon_core.package_identification:_identify(.) by extension 'ros'
[0.145s] Level 1:colcon.colcon_core.package_identification:_identify(.) by extensions ['cmake', 'python']
[0.145s] Level 1:colcon.colcon_core.package_identification:_identify(.) by extension 'cmake'
[0.145s] Level 1:colcon.colcon_core.package_identification:_identify(.) by extension 'python'
[0.145s] Level 1:colcon.colcon_core.package_identification:_identify(.) by extensions ['python_setup_py']
[0.146s] Level 1:colcon.colcon_core.package_identification:_identify(.) by extension 'python_setup_py'
[0.146s] Level 1:colcon.colcon_core.package_identification:_identify(build) by extensions ['ignore', 'ignore_ament_install']
[0.146s] Level 1:colcon.colcon_core.package_identification:_identify(build) by extension 'ignore'
[0.146s] Level 1:colcon.colcon_core.package_identification:_identify(build) ignored
[0.146s] Level 1:colcon.colcon_core.package_identification:_identify(install) by extensions ['ignore', 'ignore_ament_install']
[0.146s] Level 1:colcon.colcon_core.package_identification:_identify(install) by extension 'ignore'
[0.146s] Level 1:colcon.colcon_core.package_identification:_identify(install) ignored
[0.146s] Level 1:colcon.colcon_core.package_identification:_identify(log) by extensions ['ignore', 'ignore_ament_install']
[0.146s] Level 1:colcon.colcon_core.package_identification:_identify(log) by extension 'ignore'
[0.146s] Level 1:colcon.colcon_core.package_identification:_identify(log) ignored
[0.146s] Level 1:colcon.colcon_core.package_identification:_identify(src) by extensions ['ignore', 'ignore_ament_install']
[0.146s] Level 1:colcon.colcon_core.package_identification:_identify(src) by extension 'ignore'
[0.146s] Level 1:colcon.colcon_core.package_identification:_identify(src) by extension 'ignore_ament_install'
[0.147s] Level 1:colcon.colcon_core.package_identification:_identify(src) by extensions ['colcon_pkg']
[0.147s] Level 1:colcon.colcon_core.package_identification:_identify(src) by extension 'colcon_pkg'
[0.147s] Level 1:colcon.colcon_core.package_identification:_identify(src) by extensions ['colcon_meta']
[0.147s] Level 1:colcon.colcon_core.package_identification:_identify(src) by extension 'colcon_meta'
[0.147s] Level 1:colcon.colcon_core.package_identification:_identify(src) by extensions ['ros']
[0.147s] Level 1:colcon.colcon_core.package_identification:_identify(src) by extension 'ros'
[0.147s] Level 1:colcon.colcon_core.package_identification:_identify(src) by extensions ['cmake', 'python']
[0.147s] Level 1:colcon.colcon_core.package_identification:_identify(src) by extension 'cmake'
[0.147s] Level 1:colcon.colcon_core.package_identification:_identify(src) by extension 'python'
[0.147s] Level 1:colcon.colcon_core.package_identification:_identify(src) by extensions ['python_setup_py']
[0.147s] Level 1:colcon.colcon_core.package_identification:_identify(src) by extension 'python_setup_py'
[0.147s] Level 1:colcon.colcon_core.package_identification:_identify(src/my_package) by extensions ['ignore', 'ignore_ament_install']
[0.147s] Level 1:colcon.colcon_core.package_identification:_identify(src/my_package) by extension 'ignore'
[0.147s] Level 1:colcon.colcon_core.package_identification:_identify(src/my_package) by extension 'ignore_ament_install'
[0.147s] Level 1:colcon.colcon_core.package_identification:_identify(src/my_package) by extensions ['colcon_pkg']
[0.147s] Level 1:colcon.colcon_core.package_identification:_identify(src/my_package) by extension 'colcon_pkg'
[0.147s] Level 1:colcon.colcon_core.package_identification:_identify(src/my_package) by extensions ['colcon_meta']
[0.147s] Level 1:colcon.colcon_core.package_identification:_identify(src/my_package) by extension 'colcon_meta'
[0.147s] Level 1:colcon.colcon_core.package_identification:_identify(src/my_package) by extensions ['ros']
[0.147s] Level 1:colcon.colcon_core.package_identification:_identify(src/my_package) by extension 'ros'
[0.149s] DEBUG:colcon.colcon_core.package_identification:Package 'src/my_package' with type 'ros.ament_python' and name 'my_package'
[0.149s] Level 1:colcon.colcon_core.package_identification:_identify(src/practice_package) by extensions ['ignore', 'ignore_ament_install']
[0.149s] Level 1:colcon.colcon_core.package_identification:_identify(src/practice_package) by extension 'ignore'
[0.149s] Level 1:colcon.colcon_core.package_identification:_identify(src/practice_package) by extension 'ignore_ament_install'
[0.149s] Level 1:colcon.colcon_core.package_identification:_identify(src/practice_package) by extensions ['colcon_pkg']
[0.149s] Level 1:colcon.colcon_core.package_identification:_identify(src/practice_package) by extension 'colcon_pkg'
[0.149s] Level 1:colcon.colcon_core.package_identification:_identify(src/practice_package) by extensions ['colcon_meta']
[0.149s] Level 1:colcon.colcon_core.package_identification:_identify(src/practice_package) by extension 'colcon_meta'
[0.150s] Level 1:colcon.colcon_core.package_identification:_identify(src/practice_package) by extensions ['ros']
[0.150s] Level 1:colcon.colcon_core.package_identification:_identify(src/practice_package) by extension 'ros'
[0.150s] DEBUG:colcon.colcon_core.package_identification:Package 'src/practice_package' with type 'ros.ament_python' and name 'practice_package'
[0.150s] Level 1:colcon.colcon_core.package_identification:_identify(src/ros_tutorials) by extensions ['ignore', 'ignore_ament_install']
[0.150s] Level 1:colcon.colcon_core.package_identification:_identify(src/ros_tutorials) by extension 'ignore'
[0.150s] Level 1:colcon.colcon_core.package_identification:_identify(src/ros_tutorials) by extension 'ignore_ament_install'
[0.150s] Level 1:colcon.colcon_core.package_identification:_identify(src/ros_tutorials) by extensions ['colcon_pkg']
[0.150s] Level 1:colcon.colcon_core.package_identification:_identify(src/ros_tutorials) by extension 'colcon_pkg'
[0.150s] Level 1:colcon.colcon_core.package_identification:_identify(src/ros_tutorials) by extensions ['colcon_meta']
[0.150s] Level 1:colcon.colcon_core.package_identification:_identify(src/ros_tutorials) by extension 'colcon_meta'
[0.150s] Level 1:colcon.colcon_core.package_identification:_identify(src/ros_tutorials) by extensions ['ros']
[0.150s] Level 1:colcon.colcon_core.package_identification:_identify(src/ros_tutorials) by extension 'ros'
[0.150s] Level 1:colcon.colcon_core.package_identification:_identify(src/ros_tutorials) by extensions ['cmake', 'python']
[0.150s] Level 1:colcon.colcon_core.package_identification:_identify(src/ros_tutorials) by extension 'cmake'
[0.150s] Level 1:colcon.colcon_core.package_identification:_identify(src/ros_tutorials) by extension 'python'
[0.150s] Level 1:colcon.colcon_core.package_identification:_identify(src/ros_tutorials) by extensions ['python_setup_py']
[0.150s] Level 1:colcon.colcon_core.package_identification:_identify(src/ros_tutorials) by extension 'python_setup_py'
[0.150s] Level 1:colcon.colcon_core.package_identification:_identify(src/ros_tutorials/turtlesim) by extensions ['ignore', 'ignore_ament_install']
[0.150s] Level 1:colcon.colcon_core.package_identification:_identify(src/ros_tutorials/turtlesim) by extension 'ignore'
[0.151s] Level 1:colcon.colcon_core.package_identification:_identify(src/ros_tutorials/turtlesim) by extension 'ignore_ament_install'
[0.151s] Level 1:colcon.colcon_core.package_identification:_identify(src/ros_tutorials/turtlesim) by extensions ['colcon_pkg']
[0.151s] Level 1:colcon.colcon_core.package_identification:_identify(src/ros_tutorials/turtlesim) by extension 'colcon_pkg'
[0.151s] Level 1:colcon.colcon_core.package_identification:_identify(src/ros_tutorials/turtlesim) by extensions ['colcon_meta']
[0.151s] Level 1:colcon.colcon_core.package_identification:_identify(src/ros_tutorials/turtlesim) by extension 'colcon_meta'
[0.151s] Level 1:colcon.colcon_core.package_identification:_identify(src/ros_tutorials/turtlesim) by extensions ['ros']
[0.151s] Level 1:colcon.colcon_core.package_identification:_identify(src/ros_tutorials/turtlesim) by extension 'ros'
[0.151s] DEBUG:colcon.colcon_core.package_identification:Package 'src/ros_tutorials/turtlesim' with type 'ros.ament_cmake' and name 'turtlesim'
[0.152s] Level 1:colcon.colcon_core.package_discovery:discover_packages(recursive) using defaults
[0.152s] Level 1:colcon.colcon_core.package_discovery:discover_packages(ignore) discover
[0.152s] Level 1:colcon.colcon_core.package_discovery:discover_packages(ignore) using defaults
[0.152s] Level 1:colcon.colcon_core.package_discovery:discover_packages(path) discover
[0.152s] Level 1:colcon.colcon_core.package_discovery:discover_packages(path) using defaults
[0.167s] Level 5:colcon.colcon_core.verb:set package 'my_package' build argument 'cmake_args' from command line to 'None'
[0.167s] Level 5:colcon.colcon_core.verb:set package 'my_package' build argument 'cmake_target' from command line to 'None'
[0.168s] Level 5:colcon.colcon_core.verb:set package 'my_package' build argument 'cmake_target_skip_unavailable' from command line to 'False'
[0.168s] Level 5:colcon.colcon_core.verb:set package 'my_package' build argument 'cmake_clean_cache' from command line to 'False'
[0.168s] Level 5:colcon.colcon_core.verb:set package 'my_package' build argument 'cmake_clean_first' from command line to 'False'
[0.168s] Level 5:colcon.colcon_core.verb:set package 'my_package' build argument 'cmake_force_configure' from command line to 'False'
[0.168s] Level 5:colcon.colcon_core.verb:set package 'my_package' build argument 'ament_cmake_args' from command line to 'None'
[0.168s] Level 5:colcon.colcon_core.verb:set package 'my_package' build argument 'catkin_cmake_args' from command line to 'None'
[0.168s] Level 5:colcon.colcon_core.verb:set package 'my_package' build argument 'catkin_skip_building_tests' from command line to 'False'
[0.168s] DEBUG:colcon.colcon_core.verb:Building package 'my_package' with the following arguments: {'ament_cmake_args': None, 'build_base': '/home/wbk/wbk_ros_intro/ros2_ws_practice/build/my_package', 'catkin_cmake_args': None, 'catkin_skip_building_tests': False, 'cmake_args': None, 'cmake_clean_cache': False, 'cmake_clean_first': False, 'cmake_force_configure': False, 'cmake_target': None, 'cmake_target_skip_unavailable': False, 'install_base': '/home/wbk/wbk_ros_intro/ros2_ws_practice/install/my_package', 'merge_install': False, 'path': '/home/wbk/wbk_ros_intro/ros2_ws_practice/src/my_package', 'symlink_install': True, 'test_result_base': None}
[0.168s] Level 5:colcon.colcon_core.verb:set package 'practice_package' build argument 'cmake_args' from command line to 'None'
[0.168s] Level 5:colcon.colcon_core.verb:set package 'practice_package' build argument 'cmake_target' from command line to 'None'
[0.168s] Level 5:colcon.colcon_core.verb:set package 'practice_package' build argument 'cmake_target_skip_unavailable' from command line to 'False'
[0.168s] Level 5:colcon.colcon_core.verb:set package 'practice_package' build argument 'cmake_clean_cache' from command line to 'False'
[0.168s] Level 5:colcon.colcon_core.verb:set package 'practice_package' build argument 'cmake_clean_first' from command line to 'False'
[0.168s] Level 5:colcon.colcon_core.verb:set package 'practice_package' build argument 'cmake_force_configure' from command line to 'False'
[0.168s] Level 5:colcon.colcon_core.verb:set package 'practice_package' build argument 'ament_cmake_args' from command line to 'None'
[0.168s] Level 5:colcon.colcon_core.verb:set package 'practice_package' build argument 'catkin_cmake_args' from command line to 'None'
[0.168s] Level 5:colcon.colcon_core.verb:set package 'practice_package' build argument 'catkin_skip_building_tests' from command line to 'False'
[0.168s] DEBUG:colcon.colcon_core.verb:Building package 'practice_package' with the following arguments: {'ament_cmake_args': None, 'build_base': '/home/wbk/wbk_ros_intro/ros2_ws_practice/build/practice_package', 'catkin_cmake_args': None, 'catkin_skip_building_tests': False, 'cmake_args': None, 'cmake_clean_cache': False, 'cmake_clean_first': False, 'cmake_force_configure': False, 'cmake_target': None, 'cmake_target_skip_unavailable': False, 'install_base': '/home/wbk/wbk_ros_intro/ros2_ws_practice/install/practice_package', 'merge_install': False, 'path': '/home/wbk/wbk_ros_intro/ros2_ws_practice/src/practice_package', 'symlink_install': True, 'test_result_base': None}
[0.168s] Level 5:colcon.colcon_core.verb:set package 'turtlesim' build argument 'cmake_args' from command line to 'None'
[0.168s] Level 5:colcon.colcon_core.verb:set package 'turtlesim' build argument 'cmake_target' from command line to 'None'
[0.168s] Level 5:colcon.colcon_core.verb:set package 'turtlesim' build argument 'cmake_target_skip_unavailable' from command line to 'False'
[0.168s] Level 5:colcon.colcon_core.verb:set package 'turtlesim' build argument 'cmake_clean_cache' from command line to 'False'
[0.168s] Level 5:colcon.colcon_core.verb:set package 'turtlesim' build argument 'cmake_clean_first' from command line to 'False'
[0.168s] Level 5:colcon.colcon_core.verb:set package 'turtlesim' build argument 'cmake_force_configure' from command line to 'False'
[0.168s] Level 5:colcon.colcon_core.verb:set package 'turtlesim' build argument 'ament_cmake_args' from command line to 'None'
[0.168s] Level 5:colcon.colcon_core.verb:set package 'turtlesim' build argument 'catkin_cmake_args' from command line to 'None'
[0.168s] Level 5:colcon.colcon_core.verb:set package 'turtlesim' build argument 'catkin_skip_building_tests' from command line to 'False'
[0.168s] DEBUG:colcon.colcon_core.verb:Building package 'turtlesim' with the following arguments: {'ament_cmake_args': None, 'build_base': '/home/wbk/wbk_ros_intro/ros2_ws_practice/build/turtlesim', 'catkin_cmake_args': None, 'catkin_skip_building_tests': False, 'cmake_args': None, 'cmake_clean_cache': False, 'cmake_clean_first': False, 'cmake_force_configure': False, 'cmake_target': None, 'cmake_target_skip_unavailable': False, 'install_base': '/home/wbk/wbk_ros_intro/ros2_ws_practice/install/turtlesim', 'merge_install': False, 'path': '/home/wbk/wbk_ros_intro/ros2_ws_practice/src/ros_tutorials/turtlesim', 'symlink_install': True, 'test_result_base': None}
[0.168s] INFO:colcon.colcon_core.executor:Executing jobs using 'parallel' executor
[0.170s] DEBUG:colcon.colcon_parallel_executor.executor.parallel:run_until_complete
[0.170s] INFO:colcon.colcon_ros.task.ament_python.build:Building ROS package in '/home/wbk/wbk_ros_intro/ros2_ws_practice/src/my_package' with build type 'ament_python'
[0.171s] Level 1:colcon.colcon_core.shell:create_environment_hook('my_package', 'ament_prefix_path')
[0.172s] INFO:colcon.colcon_core.plugin_system:Skipping extension 'colcon_core.shell.bat': Not used on non-Windows systems
[0.172s] INFO:colcon.colcon_core.shell:Creating environment hook '/home/wbk/wbk_ros_intro/ros2_ws_practice/install/my_package/share/my_package/hook/ament_prefix_path.ps1'
[0.173s] INFO:colcon.colcon_core.shell:Creating environment descriptor '/home/wbk/wbk_ros_intro/ros2_ws_practice/install/my_package/share/my_package/hook/ament_prefix_path.dsv'
[0.173s] INFO:colcon.colcon_core.shell:Creating environment hook '/home/wbk/wbk_ros_intro/ros2_ws_practice/install/my_package/share/my_package/hook/ament_prefix_path.sh'
[0.174s] INFO:colcon.colcon_core.shell:Skip shell extension 'powershell' for command environment: Not usable outside of PowerShell
[0.174s] DEBUG:colcon.colcon_core.shell:Skip shell extension 'dsv' for command environment
[0.178s] INFO:colcon.colcon_ros.task.ament_python.build:Building ROS package in '/home/wbk/wbk_ros_intro/ros2_ws_practice/src/practice_package' with build type 'ament_python'
[0.178s] Level 1:colcon.colcon_core.shell:create_environment_hook('practice_package', 'ament_prefix_path')
[0.179s] INFO:colcon.colcon_core.shell:Creating environment hook '/home/wbk/wbk_ros_intro/ros2_ws_practice/install/practice_package/share/practice_package/hook/ament_prefix_path.ps1'
[0.180s] INFO:colcon.colcon_core.shell:Creating environment descriptor '/home/wbk/wbk_ros_intro/ros2_ws_practice/install/practice_package/share/practice_package/hook/ament_prefix_path.dsv'
[0.180s] INFO:colcon.colcon_core.shell:Creating environment hook '/home/wbk/wbk_ros_intro/ros2_ws_practice/install/practice_package/share/practice_package/hook/ament_prefix_path.sh'
[0.181s] INFO:colcon.colcon_core.shell:Skip shell extension 'powershell' for command environment: Not usable outside of PowerShell
[0.181s] DEBUG:colcon.colcon_core.shell:Skip shell extension 'dsv' for command environment
[0.184s] INFO:colcon.colcon_ros.task.ament_cmake.build:Building ROS package in '/home/wbk/wbk_ros_intro/ros2_ws_practice/src/ros_tutorials/turtlesim' with build type 'ament_cmake'
[0.184s] INFO:colcon.colcon_cmake.task.cmake.build:Building CMake package in '/home/wbk/wbk_ros_intro/ros2_ws_practice/src/ros_tutorials/turtlesim'
[0.184s] INFO:colcon.colcon_core.shell:Skip shell extension 'powershell' for command environment: Not usable outside of PowerShell
[0.184s] DEBUG:colcon.colcon_core.shell:Skip shell extension 'dsv' for command environment
[0.354s] INFO:colcon.colcon_core.task.python.build:Building Python package in '/home/wbk/wbk_ros_intro/ros2_ws_practice/src/my_package'
[0.354s] INFO:colcon.colcon_core.shell:Skip shell extension 'powershell' for command environment: Not usable outside of PowerShell
[0.354s] DEBUG:colcon.colcon_core.shell:Skip shell extension 'dsv' for command environment
[0.518s] INFO:colcon.colcon_core.task.python.build:Building Python package in '/home/wbk/wbk_ros_intro/ros2_ws_practice/src/practice_package'
[0.519s] INFO:colcon.colcon_core.shell:Skip shell extension 'powershell' for command environment: Not usable outside of PowerShell
[0.519s] DEBUG:colcon.colcon_core.shell:Skip shell extension 'dsv' for command environment
[0.526s] DEBUG:colcon.colcon_core.event_handler.log_command:Invoking command in '/home/wbk/wbk_ros_intro/ros2_ws_practice/build/turtlesim': CMAKE_PREFIX_PATH=${CMAKE_PREFIX_PATH}:/home/wbk/wbk_ros_intro/ros2_ws_practice/install/practice_package:/home/wbk/wbk_ros_intro/ros2_ws_practice/install/my_package:/opt/ros/jazzy /usr/bin/cmake --build /home/wbk/wbk_ros_intro/ros2_ws_practice/build/turtlesim -- -j16 -l16
[0.928s] DEBUG:colcon.colcon_core.event_handler.log_command:Invoked command in '/home/wbk/wbk_ros_intro/ros2_ws_practice/build/turtlesim' returned '0': CMAKE_PREFIX_PATH=${CMAKE_PREFIX_PATH}:/home/wbk/wbk_ros_intro/ros2_ws_practice/install/practice_package:/home/wbk/wbk_ros_intro/ros2_ws_practice/install/my_package:/opt/ros/jazzy /usr/bin/cmake --build /home/wbk/wbk_ros_intro/ros2_ws_practice/build/turtlesim -- -j16 -l16
[0.939s] DEBUG:colcon.colcon_core.event_handler.log_command:Invoking command in '/home/wbk/wbk_ros_intro/ros2_ws_practice/build/turtlesim': CMAKE_PREFIX_PATH=${CMAKE_PREFIX_PATH}:/home/wbk/wbk_ros_intro/ros2_ws_practice/install/practice_package:/home/wbk/wbk_ros_intro/ros2_ws_practice/install/my_package:/opt/ros/jazzy /usr/bin/cmake --install /home/wbk/wbk_ros_intro/ros2_ws_practice/build/turtlesim
[1.031s] Level 1:colcon.colcon_core.environment:create_environment_scripts_only(turtlesim)
[1.031s] DEBUG:colcon.colcon_core.event_handler.log_command:Invoked command in '/home/wbk/wbk_ros_intro/ros2_ws_practice/build/turtlesim' returned '0': CMAKE_PREFIX_PATH=${CMAKE_PREFIX_PATH}:/home/wbk/wbk_ros_intro/ros2_ws_practice/install/practice_package:/home/wbk/wbk_ros_intro/ros2_ws_practice/install/my_package:/opt/ros/jazzy /usr/bin/cmake --install /home/wbk/wbk_ros_intro/ros2_ws_practice/build/turtlesim
[1.033s] Level 1:colcon.colcon_core.environment:checking '/home/wbk/wbk_ros_intro/ros2_ws_practice/install/turtlesim' for CMake module files
[1.033s] Level 1:colcon.colcon_core.environment:checking '/home/wbk/wbk_ros_intro/ros2_ws_practice/install/turtlesim' for CMake config files
[1.034s] Level 1:colcon.colcon_core.shell:create_environment_hook('turtlesim', 'cmake_prefix_path')
[1.034s] INFO:colcon.colcon_core.shell:Creating environment hook '/home/wbk/wbk_ros_intro/ros2_ws_practice/install/turtlesim/share/turtlesim/hook/cmake_prefix_path.ps1'
[1.034s] INFO:colcon.colcon_core.shell:Creating environment descriptor '/home/wbk/wbk_ros_intro/ros2_ws_practice/install/turtlesim/share/turtlesim/hook/cmake_prefix_path.dsv'
[1.035s] INFO:colcon.colcon_core.shell:Creating environment hook '/home/wbk/wbk_ros_intro/ros2_ws_practice/install/turtlesim/share/turtlesim/hook/cmake_prefix_path.sh'
[1.035s] Level 1:colcon.colcon_core.environment:checking '/home/wbk/wbk_ros_intro/ros2_ws_practice/install/turtlesim/lib'
[1.036s] Level 1:colcon.colcon_core.shell:create_environment_hook('turtlesim', 'ld_library_path_lib')
[1.036s] INFO:colcon.colcon_core.shell:Creating environment hook '/home/wbk/wbk_ros_intro/ros2_ws_practice/install/turtlesim/share/turtlesim/hook/ld_library_path_lib.ps1'
[1.036s] INFO:colcon.colcon_core.shell:Creating environment descriptor '/home/wbk/wbk_ros_intro/ros2_ws_practice/install/turtlesim/share/turtlesim/hook/ld_library_path_lib.dsv'
[1.036s] INFO:colcon.colcon_core.shell:Creating environment hook '/home/wbk/wbk_ros_intro/ros2_ws_practice/install/turtlesim/share/turtlesim/hook/ld_library_path_lib.sh'
[1.037s] Level 1:colcon.colcon_core.environment:checking '/home/wbk/wbk_ros_intro/ros2_ws_practice/install/turtlesim/bin'
[1.037s] Level 1:colcon.colcon_core.environment:checking '/home/wbk/wbk_ros_intro/ros2_ws_practice/install/turtlesim/lib/pkgconfig/turtlesim.pc'
[1.037s] Level 1:colcon.colcon_core.environment:checking '/home/wbk/wbk_ros_intro/ros2_ws_practice/install/turtlesim/lib/python3.12/site-packages'
[1.037s] Level 1:colcon.colcon_core.shell:create_environment_hook('turtlesim', 'pythonpath')
[1.037s] INFO:colcon.colcon_core.shell:Creating environment hook '/home/wbk/wbk_ros_intro/ros2_ws_practice/install/turtlesim/share/turtlesim/hook/pythonpath.ps1'
[1.038s] INFO:colcon.colcon_core.shell:Creating environment descriptor '/home/wbk/wbk_ros_intro/ros2_ws_practice/install/turtlesim/share/turtlesim/hook/pythonpath.dsv'
[1.038s] INFO:colcon.colcon_core.shell:Creating environment hook '/home/wbk/wbk_ros_intro/ros2_ws_practice/install/turtlesim/share/turtlesim/hook/pythonpath.sh'
[1.038s] Level 1:colcon.colcon_core.environment:checking '/home/wbk/wbk_ros_intro/ros2_ws_practice/install/turtlesim/bin'
[1.039s] INFO:colcon.colcon_core.shell:Creating package script '/home/wbk/wbk_ros_intro/ros2_ws_practice/install/turtlesim/share/turtlesim/package.ps1'
[1.039s] INFO:colcon.colcon_core.shell:Creating package descriptor '/home/wbk/wbk_ros_intro/ros2_ws_practice/install/turtlesim/share/turtlesim/package.dsv'
[1.040s] INFO:colcon.colcon_core.shell:Creating package script '/home/wbk/wbk_ros_intro/ros2_ws_practice/install/turtlesim/share/turtlesim/package.sh'
[1.040s] INFO:colcon.colcon_core.shell:Creating package script '/home/wbk/wbk_ros_intro/ros2_ws_practice/install/turtlesim/share/turtlesim/package.bash'
[1.041s] INFO:colcon.colcon_core.shell:Creating package script '/home/wbk/wbk_ros_intro/ros2_ws_practice/install/turtlesim/share/turtlesim/package.zsh'
[1.041s] Level 1:colcon.colcon_core.environment:create_file_with_runtime_dependencies(/home/wbk/wbk_ros_intro/ros2_ws_practice/install/turtlesim/share/colcon-core/packages/turtlesim)
[1.042s] Level 1:colcon.colcon_core.environment:create_environment_scripts_only(turtlesim)
[1.042s] Level 1:colcon.colcon_core.environment:checking '/home/wbk/wbk_ros_intro/ros2_ws_practice/install/turtlesim' for CMake module files
[1.042s] Level 1:colcon.colcon_core.environment:checking '/home/wbk/wbk_ros_intro/ros2_ws_practice/install/turtlesim' for CMake config files
[1.043s] Level 1:colcon.colcon_core.shell:create_environment_hook('turtlesim', 'cmake_prefix_path')
[1.043s] INFO:colcon.colcon_core.shell:Creating environment hook '/home/wbk/wbk_ros_intro/ros2_ws_practice/install/turtlesim/share/turtlesim/hook/cmake_prefix_path.ps1'
[1.043s] INFO:colcon.colcon_core.shell:Creating environment descriptor '/home/wbk/wbk_ros_intro/ros2_ws_practice/install/turtlesim/share/turtlesim/hook/cmake_prefix_path.dsv'
[1.044s] INFO:colcon.colcon_core.shell:Creating environment hook '/home/wbk/wbk_ros_intro/ros2_ws_practice/install/turtlesim/share/turtlesim/hook/cmake_prefix_path.sh'
[1.044s] Level 1:colcon.colcon_core.environment:checking '/home/wbk/wbk_ros_intro/ros2_ws_practice/install/turtlesim/lib'
[1.044s] Level 1:colcon.colcon_core.shell:create_environment_hook('turtlesim', 'ld_library_path_lib')
[1.044s] INFO:colcon.colcon_core.shell:Creating environment hook '/home/wbk/wbk_ros_intro/ros2_ws_practice/install/turtlesim/share/turtlesim/hook/ld_library_path_lib.ps1'
[1.044s] INFO:colcon.colcon_core.shell:Creating environment descriptor '/home/wbk/wbk_ros_intro/ros2_ws_practice/install/turtlesim/share/turtlesim/hook/ld_library_path_lib.dsv'
[1.045s] INFO:colcon.colcon_core.shell:Creating environment hook '/home/wbk/wbk_ros_intro/ros2_ws_practice/install/turtlesim/share/turtlesim/hook/ld_library_path_lib.sh'
[1.045s] Level 1:colcon.colcon_core.environment:checking '/home/wbk/wbk_ros_intro/ros2_ws_practice/install/turtlesim/bin'
[1.045s] Level 1:colcon.colcon_core.environment:checking '/home/wbk/wbk_ros_intro/ros2_ws_practice/install/turtlesim/lib/pkgconfig/turtlesim.pc'
[1.045s] Level 1:colcon.colcon_core.environment:checking '/home/wbk/wbk_ros_intro/ros2_ws_practice/install/turtlesim/lib/python3.12/site-packages'
[1.045s] Level 1:colcon.colcon_core.shell:create_environment_hook('turtlesim', 'pythonpath')
[1.045s] INFO:colcon.colcon_core.shell:Creating environment hook '/home/wbk/wbk_ros_intro/ros2_ws_practice/install/turtlesim/share/turtlesim/hook/pythonpath.ps1'
[1.046s] INFO:colcon.colcon_core.shell:Creating environment descriptor '/home/wbk/wbk_ros_intro/ros2_ws_practice/install/turtlesim/share/turtlesim/hook/pythonpath.dsv'
[1.047s] INFO:colcon.colcon_core.shell:Creating environment hook '/home/wbk/wbk_ros_intro/ros2_ws_practice/install/turtlesim/share/turtlesim/hook/pythonpath.sh'
[1.048s] Level 1:colcon.colcon_core.environment:checking '/home/wbk/wbk_ros_intro/ros2_ws_practice/install/turtlesim/bin'
[1.048s] INFO:colcon.colcon_core.shell:Creating package script '/home/wbk/wbk_ros_intro/ros2_ws_practice/install/turtlesim/share/turtlesim/package.ps1'
[1.048s] INFO:colcon.colcon_core.shell:Creating package descriptor '/home/wbk/wbk_ros_intro/ros2_ws_practice/install/turtlesim/share/turtlesim/package.dsv'
[1.048s] INFO:colcon.colcon_core.shell:Creating package script '/home/wbk/wbk_ros_intro/ros2_ws_practice/install/turtlesim/share/turtlesim/package.sh'
[1.049s] INFO:colcon.colcon_core.shell:Creating package script '/home/wbk/wbk_ros_intro/ros2_ws_practice/install/turtlesim/share/turtlesim/package.bash'
[1.049s] INFO:colcon.colcon_core.shell:Creating package script '/home/wbk/wbk_ros_intro/ros2_ws_practice/install/turtlesim/share/turtlesim/package.zsh'
[1.049s] Level 1:colcon.colcon_core.environment:create_file_with_runtime_dependencies(/home/wbk/wbk_ros_intro/ros2_ws_practice/install/turtlesim/share/colcon-core/packages/turtlesim)
[1.053s] DEBUG:colcon.colcon_core.event_handler.log_command:Invoking command in '/home/wbk/wbk_ros_intro/ros2_ws_practice/build/my_package': PYTHONPATH=/home/wbk/wbk_ros_intro/ros2_ws_practice/build/my_package/prefix_override:/usr/lib/python3/dist-packages/colcon_core/task/python/colcon_distutils_commands:/home/wbk/wbk_ros_intro/ros2_ws_practice/install/my_package/lib/python3.12/site-packages:${PYTHONPATH} /usr/bin/python3 -W ignore:setup.py install is deprecated -W ignore:easy_install command is deprecated setup.py develop --editable --build-directory /home/wbk/wbk_ros_intro/ros2_ws_practice/build/my_package/build --no-deps symlink_data
[1.060s] DEBUG:colcon.colcon_core.event_handler.log_command:Invoking command in '/home/wbk/wbk_ros_intro/ros2_ws_practice/build/practice_package': PYTHONPATH=/home/wbk/wbk_ros_intro/ros2_ws_practice/build/practice_package/prefix_override:/usr/lib/python3/dist-packages/colcon_core/task/python/colcon_distutils_commands:/home/wbk/wbk_ros_intro/ros2_ws_practice/install/practice_package/lib/python3.12/site-packages:${PYTHONPATH} /usr/bin/python3 -W ignore:setup.py install is deprecated -W ignore:easy_install command is deprecated setup.py develop --editable --build-directory /home/wbk/wbk_ros_intro/ros2_ws_practice/build/practice_package/build --no-deps symlink_data
[1.502s] Level 1:colcon.colcon_core.shell:create_environment_hook('my_package', 'pythonpath_develop')
[1.503s] INFO:colcon.colcon_core.shell:Creating environment hook '/home/wbk/wbk_ros_intro/ros2_ws_practice/build/my_package/share/my_package/hook/pythonpath_develop.ps1'
[1.503s] DEBUG:colcon.colcon_core.event_handler.log_command:Invoked command in '/home/wbk/wbk_ros_intro/ros2_ws_practice/build/my_package' returned '0': PYTHONPATH=/home/wbk/wbk_ros_intro/ros2_ws_practice/build/my_package/prefix_override:/usr/lib/python3/dist-packages/colcon_core/task/python/colcon_distutils_commands:/home/wbk/wbk_ros_intro/ros2_ws_practice/install/my_package/lib/python3.12/site-packages:${PYTHONPATH} /usr/bin/python3 -W ignore:setup.py install is deprecated -W ignore:easy_install command is deprecated setup.py develop --editable --build-directory /home/wbk/wbk_ros_intro/ros2_ws_practice/build/my_package/build --no-deps symlink_data
[1.504s] INFO:colcon.colcon_core.shell:Creating environment descriptor '/home/wbk/wbk_ros_intro/ros2_ws_practice/build/my_package/share/my_package/hook/pythonpath_develop.dsv'
[1.504s] INFO:colcon.colcon_core.shell:Creating environment hook '/home/wbk/wbk_ros_intro/ros2_ws_practice/build/my_package/share/my_package/hook/pythonpath_develop.sh'
[1.505s] Level 1:colcon.colcon_core.environment:checking '/home/wbk/wbk_ros_intro/ros2_ws_practice/install/my_package' for CMake module files
[1.505s] Level 1:colcon.colcon_core.environment:checking '/home/wbk/wbk_ros_intro/ros2_ws_practice/install/my_package' for CMake config files
[1.505s] Level 1:colcon.colcon_core.environment:checking '/home/wbk/wbk_ros_intro/ros2_ws_practice/install/my_package/lib'
[1.505s] Level 1:colcon.colcon_core.environment:checking '/home/wbk/wbk_ros_intro/ros2_ws_practice/install/my_package/bin'
[1.506s] Level 1:colcon.colcon_core.environment:checking '/home/wbk/wbk_ros_intro/ros2_ws_practice/install/my_package/lib/pkgconfig/my_package.pc'
[1.506s] Level 1:colcon.colcon_core.environment:checking '/home/wbk/wbk_ros_intro/ros2_ws_practice/install/my_package/lib/python3.12/site-packages'
[1.506s] Level 1:colcon.colcon_core.shell:create_environment_hook('my_package', 'pythonpath')
[1.506s] INFO:colcon.colcon_core.shell:Creating environment hook '/home/wbk/wbk_ros_intro/ros2_ws_practice/install/my_package/share/my_package/hook/pythonpath.ps1'
[1.506s] INFO:colcon.colcon_core.shell:Creating environment descriptor '/home/wbk/wbk_ros_intro/ros2_ws_practice/install/my_package/share/my_package/hook/pythonpath.dsv'
[1.507s] INFO:colcon.colcon_core.shell:Creating environment hook '/home/wbk/wbk_ros_intro/ros2_ws_practice/install/my_package/share/my_package/hook/pythonpath.sh'
[1.507s] Level 1:colcon.colcon_core.environment:checking '/home/wbk/wbk_ros_intro/ros2_ws_practice/install/my_package/bin'
[1.507s] Level 1:colcon.colcon_core.environment:create_environment_scripts_only(my_package)
[1.507s] INFO:colcon.colcon_core.shell:Creating package script '/home/wbk/wbk_ros_intro/ros2_ws_practice/install/my_package/share/my_package/package.ps1'
[1.508s] INFO:colcon.colcon_core.shell:Creating package descriptor '/home/wbk/wbk_ros_intro/ros2_ws_practice/install/my_package/share/my_package/package.dsv'
[1.508s] INFO:colcon.colcon_core.shell:Creating package script '/home/wbk/wbk_ros_intro/ros2_ws_practice/install/my_package/share/my_package/package.sh'
[1.509s] INFO:colcon.colcon_core.shell:Creating package script '/home/wbk/wbk_ros_intro/ros2_ws_practice/install/my_package/share/my_package/package.bash'
[1.509s] INFO:colcon.colcon_core.shell:Creating package script '/home/wbk/wbk_ros_intro/ros2_ws_practice/install/my_package/share/my_package/package.zsh'
[1.509s] Level 1:colcon.colcon_core.environment:create_file_with_runtime_dependencies(/home/wbk/wbk_ros_intro/ros2_ws_practice/install/my_package/share/colcon-core/packages/my_package)
[1.524s] Level 1:colcon.colcon_core.shell:create_environment_hook('practice_package', 'pythonpath_develop')
[1.524s] INFO:colcon.colcon_core.shell:Creating environment hook '/home/wbk/wbk_ros_intro/ros2_ws_practice/build/practice_package/share/practice_package/hook/pythonpath_develop.ps1'
[1.525s] DEBUG:colcon.colcon_core.event_handler.log_command:Invoked command in '/home/wbk/wbk_ros_intro/ros2_ws_practice/build/practice_package' returned '0': PYTHONPATH=/home/wbk/wbk_ros_intro/ros2_ws_practice/build/practice_package/prefix_override:/usr/lib/python3/dist-packages/colcon_core/task/python/colcon_distutils_commands:/home/wbk/wbk_ros_intro/ros2_ws_practice/install/practice_package/lib/python3.12/site-packages:${PYTHONPATH} /usr/bin/python3 -W ignore:setup.py install is deprecated -W ignore:easy_install command is deprecated setup.py develop --editable --build-directory /home/wbk/wbk_ros_intro/ros2_ws_practice/build/practice_package/build --no-deps symlink_data
[1.525s] INFO:colcon.colcon_core.shell:Creating environment descriptor '/home/wbk/wbk_ros_intro/ros2_ws_practice/build/practice_package/share/practice_package/hook/pythonpath_develop.dsv'
[1.526s] INFO:colcon.colcon_core.shell:Creating environment hook '/home/wbk/wbk_ros_intro/ros2_ws_practice/build/practice_package/share/practice_package/hook/pythonpath_develop.sh'
[1.527s] Level 1:colcon.colcon_core.environment:checking '/home/wbk/wbk_ros_intro/ros2_ws_practice/install/practice_package' for CMake module files
[1.527s] Level 1:colcon.colcon_core.environment:checking '/home/wbk/wbk_ros_intro/ros2_ws_practice/install/practice_package' for CMake config files
[1.527s] Level 1:colcon.colcon_core.environment:checking '/home/wbk/wbk_ros_intro/ros2_ws_practice/install/practice_package/lib'
[1.527s] Level 1:colcon.colcon_core.environment:checking '/home/wbk/wbk_ros_intro/ros2_ws_practice/install/practice_package/bin'
[1.528s] Level 1:colcon.colcon_core.environment:checking '/home/wbk/wbk_ros_intro/ros2_ws_practice/install/practice_package/lib/pkgconfig/practice_package.pc'
[1.528s] Level 1:colcon.colcon_core.environment:checking '/home/wbk/wbk_ros_intro/ros2_ws_practice/install/practice_package/lib/python3.12/site-packages'
[1.528s] Level 1:colcon.colcon_core.shell:create_environment_hook('practice_package', 'pythonpath')
[1.528s] INFO:colcon.colcon_core.shell:Creating environment hook '/home/wbk/wbk_ros_intro/ros2_ws_practice/install/practice_package/share/practice_package/hook/pythonpath.ps1'
[1.528s] INFO:colcon.colcon_core.shell:Creating environment descriptor '/home/wbk/wbk_ros_intro/ros2_ws_practice/install/practice_package/share/practice_package/hook/pythonpath.dsv'
[1.529s] INFO:colcon.colcon_core.shell:Creating environment hook '/home/wbk/wbk_ros_intro/ros2_ws_practice/install/practice_package/share/practice_package/hook/pythonpath.sh'
[1.529s] Level 1:colcon.colcon_core.environment:checking '/home/wbk/wbk_ros_intro/ros2_ws_practice/install/practice_package/bin'
[1.529s] Level 1:colcon.colcon_core.environment:create_environment_scripts_only(practice_package)
[1.529s] INFO:colcon.colcon_core.shell:Creating package script '/home/wbk/wbk_ros_intro/ros2_ws_practice/install/practice_package/share/practice_package/package.ps1'
[1.530s] INFO:colcon.colcon_core.shell:Creating package descriptor '/home/wbk/wbk_ros_intro/ros2_ws_practice/install/practice_package/share/practice_package/package.dsv'
[1.530s] INFO:colcon.colcon_core.shell:Creating package script '/home/wbk/wbk_ros_intro/ros2_ws_practice/install/practice_package/share/practice_package/package.sh'
[1.531s] INFO:colcon.colcon_core.shell:Creating package script '/home/wbk/wbk_ros_intro/ros2_ws_practice/install/practice_package/share/practice_package/package.bash'
[1.531s] INFO:colcon.colcon_core.shell:Creating package script '/home/wbk/wbk_ros_intro/ros2_ws_practice/install/practice_package/share/practice_package/package.zsh'
[1.531s] Level 1:colcon.colcon_core.environment:create_file_with_runtime_dependencies(/home/wbk/wbk_ros_intro/ros2_ws_practice/install/practice_package/share/colcon-core/packages/practice_package)
[1.531s] DEBUG:colcon.colcon_parallel_executor.executor.parallel:closing loop
[1.532s] DEBUG:colcon.colcon_parallel_executor.executor.parallel:loop closed
[1.533s] DEBUG:colcon.colcon_parallel_executor.executor.parallel:run_until_complete finished with '0'
[1.533s] DEBUG:colcon.colcon_core.event_reactor:joining thread
[1.538s] INFO:colcon.colcon_core.plugin_system:Skipping extension 'colcon_notification.desktop_notification.notify_send': Could not find 'notify-send'
[1.538s] INFO:colcon.colcon_core.plugin_system:Skipping extension 'colcon_notification.desktop_notification.terminal_notifier': Not used on non-Darwin systems
[1.538s] INFO:colcon.colcon_core.plugin_system:Skipping extension 'colcon_notification.desktop_notification.win32': Not used on non-Windows systems
[1.538s] INFO:colcon.colcon_notification.desktop_notification:Sending desktop notification using 'notify2'
[1.540s] DEBUG:colcon.colcon_notification.desktop_notification.notify2:Failed to initialize notify2: org.freedesktop.DBus.Error.Spawn.ExecFailed: /usr/bin/dbus-launch terminated abnormally without any error message
[1.540s] DEBUG:colcon.colcon_core.event_reactor:joined thread
[1.541s] INFO:colcon.colcon_core.shell:Creating prefix script '/home/wbk/wbk_ros_intro/ros2_ws_practice/install/local_setup.ps1'
[1.542s] INFO:colcon.colcon_core.shell:Creating prefix util module '/home/wbk/wbk_ros_intro/ros2_ws_practice/install/_local_setup_util_ps1.py'
[1.543s] INFO:colcon.colcon_core.shell:Creating prefix chain script '/home/wbk/wbk_ros_intro/ros2_ws_practice/install/setup.ps1'
[1.544s] INFO:colcon.colcon_core.shell:Creating prefix script '/home/wbk/wbk_ros_intro/ros2_ws_practice/install/local_setup.sh'
[1.544s] INFO:colcon.colcon_core.shell:Creating prefix util module '/home/wbk/wbk_ros_intro/ros2_ws_practice/install/_local_setup_util_sh.py'
[1.545s] INFO:colcon.colcon_core.shell:Creating prefix chain script '/home/wbk/wbk_ros_intro/ros2_ws_practice/install/setup.sh'
[1.546s] INFO:colcon.colcon_core.shell:Creating prefix script '/home/wbk/wbk_ros_intro/ros2_ws_practice/install/local_setup.bash'
[1.546s] INFO:colcon.colcon_core.shell:Creating prefix chain script '/home/wbk/wbk_ros_intro/ros2_ws_practice/install/setup.bash'
[1.547s] INFO:colcon.colcon_core.shell:Creating prefix script '/home/wbk/wbk_ros_intro/ros2_ws_practice/install/local_setup.zsh'
[1.547s] INFO:colcon.colcon_core.shell:Creating prefix chain script '/home/wbk/wbk_ros_intro/ros2_ws_practice/install/setup.zsh'
