[0.020s] Invoking command in '/home/wbk/wbk_ros_intro/ros2_ws/build/interfaces': CMAKE_PREFIX_PATH=${CMAKE_PREFIX_PATH}:/home/wbk/wbk_ros_intro/ros2_ws/install/service_client:/opt/ros/jazzy /usr/bin/cmake /home/wbk/wbk_ros_intro/ros2_ws/src/interfaces -DAMENT_CMAKE_SYMLINK_INSTALL=1 -DCMAKE_INSTALL_PREFIX=/home/wbk/wbk_ros_intro/ros2_ws/install/interfaces
[0.120s] -- Found ament_cmake: 2.5.4 (/opt/ros/jazzy/share/ament_cmake/cmake)
[0.153s] -- Found Python3: /usr/bin/python3 (found version "3.12.3") found components: Interpreter 
[0.235s] -- Override CMake install command with custom implementation using symlinks instead of copying resources
[0.253s] -- Found geometry_msgs: 5.3.6 (/opt/ros/jazzy/share/geometry_msgs/cmake)
[0.309s] -- Found rosidl_generator_c: 4.6.6 (/opt/ros/jazzy/share/rosidl_generator_c/cmake)
[0.322s] -- Found rosidl_generator_cpp: 4.6.6 (/opt/ros/jazzy/share/rosidl_generator_cpp/cmake)
[0.340s] -- Using all available rosidl_typesupport_c: rosidl_typesupport_fastrtps_c;rosidl_typesupport_introspection_c
[0.358s] -- Using all available rosidl_typesupport_cpp: rosidl_typesupport_fastrtps_cpp;rosidl_typesupport_introspection_cpp
[0.416s] -- Found rosidl_default_generators: 1.6.0 (/opt/ros/jazzy/share/rosidl_default_generators/cmake)
[0.427s] -- Found rosidl_adapter: 4.6.6 (/opt/ros/jazzy/share/rosidl_adapter/cmake)
[0.710s] -- Found ament_cmake_ros: 0.12.0 (/opt/ros/jazzy/share/ament_cmake_ros/cmake)
[0.953s] -- Using all available rosidl_typesupport_c: rosidl_typesupport_fastrtps_c;rosidl_typesupport_introspection_c
[1.043s] -- Using all available rosidl_typesupport_cpp: rosidl_typesupport_fastrtps_cpp;rosidl_typesupport_introspection_cpp
[1.047s] -- Found python_cmake_module: 0.11.1 (/opt/ros/jazzy/share/python_cmake_module/cmake)
[1.352s] -- Found Python3: /usr/bin/python3 (found version "3.12.3") found components: Interpreter Development NumPy Development.Module Development.Embed 
[1.383s] -- Found ament_lint_auto: 0.17.3 (/opt/ros/jazzy/share/ament_lint_auto/cmake)
[1.406s] -- Added test 'lint_cmake' to check CMake code style
[1.407s] -- Added test 'xmllint' to check XML markup files
[1.412s] -- Configuring done (1.3s)
[1.473s] -- Generating done (0.0s)
[1.485s] -- Build files have been written to: /home/wbk/wbk_ros_intro/ros2_ws/build/interfaces
[1.495s] Invoked command in '/home/wbk/wbk_ros_intro/ros2_ws/build/interfaces' returned '0': CMAKE_PREFIX_PATH=${CMAKE_PREFIX_PATH}:/home/wbk/wbk_ros_intro/ros2_ws/install/service_client:/opt/ros/jazzy /usr/bin/cmake /home/wbk/wbk_ros_intro/ros2_ws/src/interfaces -DAMENT_CMAKE_SYMLINK_INSTALL=1 -DCMAKE_INSTALL_PREFIX=/home/wbk/wbk_ros_intro/ros2_ws/install/interfaces
[1.496s] Invoking command in '/home/wbk/wbk_ros_intro/ros2_ws/build/interfaces': CMAKE_PREFIX_PATH=${CMAKE_PREFIX_PATH}:/home/wbk/wbk_ros_intro/ros2_ws/install/service_client:/opt/ros/jazzy /usr/bin/cmake --build /home/wbk/wbk_ros_intro/ros2_ws/build/interfaces -- -j16 -l16
[1.543s] failed to create symbolic link '/home/wbk/wbk_ros_intro/ros2_ws/build/interfaces/ament_cmake_python/interfaces/interfaces' because existing path cannot be removed: Is a directory
[1.544s] [  2%] Built target interfaces__rosidl_generator_type_description
[1.544s] gmake[2]: *** [CMakeFiles/ament_cmake_python_symlink_interfaces.dir/build.make:70: CMakeFiles/ament_cmake_python_symlink_interfaces] Error 1
[1.544s] gmake[1]: *** [CMakeFiles/Makefile2:452: CMakeFiles/ament_cmake_python_symlink_interfaces.dir/all] Error 2
[1.544s] gmake[1]: *** Waiting for unfinished jobs....
[1.544s] gmake: *** [Makefile:146: all] Error 2
[1.546s] Invoked command in '/home/wbk/wbk_ros_intro/ros2_ws/build/interfaces' returned '2': CMAKE_PREFIX_PATH=${CMAKE_PREFIX_PATH}:/home/wbk/wbk_ros_intro/ros2_ws/install/service_client:/opt/ros/jazzy /usr/bin/cmake --build /home/wbk/wbk_ros_intro/ros2_ws/build/interfaces -- -j16 -l16
