[0.804s] Invoking command in '/home/wbk/wbk_ros_intro/ros2_ws_practice/src/python_parameters': PYTHONPATH=/home/wbk/wbk_ros_intro/ros2_ws_practice/build/python_parameters/prefix_override:/usr/lib/python3/dist-packages/colcon_core/task/python/colcon_distutils_commands:/home/wbk/wbk_ros_intro/ros2_ws_practice/install/python_parameters/lib/python3.12/site-packages:${PYTHONPATH} /usr/bin/python3 -W ignore:setup.py install is deprecated -W ignore:easy_install command is deprecated setup.py egg_info --egg-base ../../build/python_parameters build --build-base /home/wbk/wbk_ros_intro/ros2_ws_practice/build/python_parameters/build install --record /home/wbk/wbk_ros_intro/ros2_ws_practice/build/python_parameters/install.log --single-version-externally-managed install_data
[0.982s] running egg_info
[0.992s] writing ../../build/python_parameters/python_parameters.egg-info/PKG-INFO
[0.992s] writing dependency_links to ../../build/python_parameters/python_parameters.egg-info/dependency_links.txt
[0.992s] writing entry points to ../../build/python_parameters/python_parameters.egg-info/entry_points.txt
[0.992s] writing requirements to ../../build/python_parameters/python_parameters.egg-info/requires.txt
[0.992s] writing top-level names to ../../build/python_parameters/python_parameters.egg-info/top_level.txt
[1.012s] reading manifest file '../../build/python_parameters/python_parameters.egg-info/SOURCES.txt'
[1.013s] adding license file 'LICENSE'
[1.014s] writing manifest file '../../build/python_parameters/python_parameters.egg-info/SOURCES.txt'
[1.014s] running build
[1.014s] running build_py
[1.014s] running install
[1.019s] running install_lib
[1.030s] running install_data
[1.030s] creating /home/wbk/wbk_ros_intro/ros2_ws_practice/install/python_parameters/share/python_parameters/launch
[1.030s] copying launch/python_parameters_launch.py -> /home/wbk/wbk_ros_intro/ros2_ws_practice/install/python_parameters/share/python_parameters/launch
[1.031s] running install_egg_info
[1.042s] removing '/home/wbk/wbk_ros_intro/ros2_ws_practice/install/python_parameters/lib/python3.12/site-packages/python_parameters-0.0.0-py3.12.egg-info' (and everything under it)
[1.042s] Copying ../../build/python_parameters/python_parameters.egg-info to /home/wbk/wbk_ros_intro/ros2_ws_practice/install/python_parameters/lib/python3.12/site-packages/python_parameters-0.0.0-py3.12.egg-info
[1.044s] running install_scripts
[1.122s] Installing minimal_param_node script to /home/wbk/wbk_ros_intro/ros2_ws_practice/install/python_parameters/lib/python_parameters
[1.122s] writing list of installed files to '/home/wbk/wbk_ros_intro/ros2_ws_practice/build/python_parameters/install.log'
[1.151s] Invoked command in '/home/wbk/wbk_ros_intro/ros2_ws_practice/src/python_parameters' returned '0': PYTHONPATH=/home/wbk/wbk_ros_intro/ros2_ws_practice/build/python_parameters/prefix_override:/usr/lib/python3/dist-packages/colcon_core/task/python/colcon_distutils_commands:/home/wbk/wbk_ros_intro/ros2_ws_practice/install/python_parameters/lib/python3.12/site-packages:${PYTHONPATH} /usr/bin/python3 -W ignore:setup.py install is deprecated -W ignore:easy_install command is deprecated setup.py egg_info --egg-base ../../build/python_parameters build --build-base /home/wbk/wbk_ros_intro/ros2_ws_practice/build/python_parameters/build install --record /home/wbk/wbk_ros_intro/ros2_ws_practice/build/python_parameters/install.log --single-version-externally-managed install_data
