[1.366s] Invoking command in '/home/wbk/wbk_ros_intro/ros2_ws_practice/src/python_parameters': PYTHONPATH=/home/wbk/wbk_ros_intro/build/python_parameters/prefix_override:/usr/lib/python3/dist-packages/colcon_core/task/python/colcon_distutils_commands:/home/wbk/wbk_ros_intro/install/python_parameters/lib/python3.12/site-packages:${PYTHONPATH} /usr/bin/python3 -W ignore:setup.py install is deprecated -W ignore:easy_install command is deprecated setup.py egg_info --egg-base ../../../build/python_parameters build --build-base /home/wbk/wbk_ros_intro/build/python_parameters/build install --record /home/wbk/wbk_ros_intro/build/python_parameters/install.log --single-version-externally-managed install_data
[1.584s] running egg_info
[1.585s] creating ../../../build/python_parameters/python_parameters.egg-info
[1.600s] writing ../../../build/python_parameters/python_parameters.egg-info/PKG-INFO
[1.600s] writing dependency_links to ../../../build/python_parameters/python_parameters.egg-info/dependency_links.txt
[1.600s] writing entry points to ../../../build/python_parameters/python_parameters.egg-info/entry_points.txt
[1.601s] writing requirements to ../../../build/python_parameters/python_parameters.egg-info/requires.txt
[1.601s] writing top-level names to ../../../build/python_parameters/python_parameters.egg-info/top_level.txt
[1.601s] writing manifest file '../../../build/python_parameters/python_parameters.egg-info/SOURCES.txt'
[1.625s] reading manifest file '../../../build/python_parameters/python_parameters.egg-info/SOURCES.txt'
[1.625s] adding license file 'LICENSE'
[1.626s] writing manifest file '../../../build/python_parameters/python_parameters.egg-info/SOURCES.txt'
[1.626s] running build
[1.626s] running build_py
[1.626s] creating /home/wbk/wbk_ros_intro/build/python_parameters/build
[1.627s] creating /home/wbk/wbk_ros_intro/build/python_parameters/build/lib
[1.627s] creating /home/wbk/wbk_ros_intro/build/python_parameters/build/lib/python_parameters
[1.627s] copying python_parameters/__init__.py -> /home/wbk/wbk_ros_intro/build/python_parameters/build/lib/python_parameters
[1.627s] copying python_parameters/python_parameters_node.py -> /home/wbk/wbk_ros_intro/build/python_parameters/build/lib/python_parameters
[1.628s] running install
[1.633s] running install_lib
[1.647s] creating /home/wbk/wbk_ros_intro/install/python_parameters/lib/python3.12/site-packages/python_parameters
[1.647s] copying /home/wbk/wbk_ros_intro/build/python_parameters/build/lib/python_parameters/__init__.py -> /home/wbk/wbk_ros_intro/install/python_parameters/lib/python3.12/site-packages/python_parameters
[1.648s] copying /home/wbk/wbk_ros_intro/build/python_parameters/build/lib/python_parameters/python_parameters_node.py -> /home/wbk/wbk_ros_intro/install/python_parameters/lib/python3.12/site-packages/python_parameters
[1.651s] byte-compiling /home/wbk/wbk_ros_intro/install/python_parameters/lib/python3.12/site-packages/python_parameters/__init__.py to __init__.cpython-312.pyc
[1.653s] byte-compiling /home/wbk/wbk_ros_intro/install/python_parameters/lib/python3.12/site-packages/python_parameters/python_parameters_node.py to python_parameters_node.cpython-312.pyc
[1.654s] running install_data
[1.654s] creating /home/wbk/wbk_ros_intro/install/python_parameters/share/ament_index
[1.654s] creating /home/wbk/wbk_ros_intro/install/python_parameters/share/ament_index/resource_index
[1.655s] creating /home/wbk/wbk_ros_intro/install/python_parameters/share/ament_index/resource_index/packages
[1.655s] copying resource/python_parameters -> /home/wbk/wbk_ros_intro/install/python_parameters/share/ament_index/resource_index/packages
[1.655s] creating /home/wbk/wbk_ros_intro/install/python_parameters/share/python_parameters/launch
[1.655s] copying launch/python_parameters_launch.py -> /home/wbk/wbk_ros_intro/install/python_parameters/share/python_parameters/launch
[1.655s] copying package.xml -> /home/wbk/wbk_ros_intro/install/python_parameters/share/python_parameters
[1.655s] running install_egg_info
[1.670s] Copying ../../../build/python_parameters/python_parameters.egg-info to /home/wbk/wbk_ros_intro/install/python_parameters/lib/python3.12/site-packages/python_parameters-0.0.0-py3.12.egg-info
[1.671s] running install_scripts
[1.801s] Installing minimal_param_node script to /home/wbk/wbk_ros_intro/install/python_parameters/lib/python_parameters
[1.803s] writing list of installed files to '/home/wbk/wbk_ros_intro/build/python_parameters/install.log'
