[1.040s] Invoking command in '/home/wbk/wbk_ros_intro/ros2_ws_practice/build/my_package': PYTHONPATH=/home/wbk/wbk_ros_intro/ros2_ws_practice/build/my_package/prefix_override:/usr/lib/python3/dist-packages/colcon_core/task/python/colcon_distutils_commands:/home/wbk/wbk_ros_intro/ros2_ws_practice/install/my_package/lib/python3.12/site-packages:${PYTHONPATH} /usr/bin/python3 -W ignore:setup.py install is deprecated -W ignore:easy_install command is deprecated setup.py develop --editable --build-directory /home/wbk/wbk_ros_intro/ros2_ws_practice/build/my_package/build --no-deps symlink_data
[1.258s] running develop
[1.361s] running egg_info
[1.361s] creating my_package.egg-info
[1.371s] writing my_package.egg-info/PKG-INFO
[1.372s] writing dependency_links to my_package.egg-info/dependency_links.txt
[1.373s] writing entry points to my_package.egg-info/entry_points.txt
[1.373s] writing requirements to my_package.egg-info/requires.txt
[1.373s] writing top-level names to my_package.egg-info/top_level.txt
[1.373s] writing manifest file 'my_package.egg-info/SOURCES.txt'
[1.394s] reading manifest file 'my_package.egg-info/SOURCES.txt'
[1.395s] writing manifest file 'my_package.egg-info/SOURCES.txt'
[1.408s] running build_ext
[1.408s] Creating /home/wbk/wbk_ros_intro/ros2_ws_practice/install/my_package/lib/python3.12/site-packages/my-package.egg-link (link to .)
[1.410s] Installing my_node script to /home/wbk/wbk_ros_intro/ros2_ws_practice/install/my_package/lib/my_package
[1.410s] 
[1.410s] Installed /home/wbk/wbk_ros_intro/ros2_ws_practice/build/my_package
[1.410s] running symlink_data
[1.410s] creating /home/wbk/wbk_ros_intro/ros2_ws_practice/install/my_package/share/ament_index
[1.411s] creating /home/wbk/wbk_ros_intro/ros2_ws_practice/install/my_package/share/ament_index/resource_index
[1.411s] creating /home/wbk/wbk_ros_intro/ros2_ws_practice/install/my_package/share/ament_index/resource_index/packages
[1.411s] symbolically linking /home/wbk/wbk_ros_intro/ros2_ws_practice/build/my_package/resource/my_package -> /home/wbk/wbk_ros_intro/ros2_ws_practice/install/my_package/share/ament_index/resource_index/packages
[1.411s] symbolically linking /home/wbk/wbk_ros_intro/ros2_ws_practice/build/my_package/package.xml -> /home/wbk/wbk_ros_intro/ros2_ws_practice/install/my_package/share/my_package
[1.450s] Invoked command in '/home/wbk/wbk_ros_intro/ros2_ws_practice/build/my_package' returned '0': PYTHONPATH=/home/wbk/wbk_ros_intro/ros2_ws_practice/build/my_package/prefix_override:/usr/lib/python3/dist-packages/colcon_core/task/python/colcon_distutils_commands:/home/wbk/wbk_ros_intro/ros2_ws_practice/install/my_package/lib/python3.12/site-packages:${PYTHONPATH} /usr/bin/python3 -W ignore:setup.py install is deprecated -W ignore:easy_install command is deprecated setup.py develop --editable --build-directory /home/wbk/wbk_ros_intro/ros2_ws_practice/build/my_package/build --no-deps symlink_data
