[0.844s] Invoking command in '/home/wbk/wbk_ros_intro/ros2_ws_practice/src/py_pubsub': PYTHONPATH=/home/wbk/wbk_ros_intro/ros2_ws_practice/build/py_pubsub/prefix_override:/usr/lib/python3/dist-packages/colcon_core/task/python/colcon_distutils_commands:/home/wbk/wbk_ros_intro/ros2_ws_practice/install/py_pubsub/lib/python3.12/site-packages:/home/wbk/wbk_ros_intro/ros2_ws_practice/install/tutorial_interfaces/lib/python3.12/site-packages:/home/wbk/wbk_ros_intro/ros2_ws_practice/install/py_pubsub/lib/python3.12/site-packages:/home/wbk/wbk_ros_intro/ros2_ws_practice/install/turtlesim/lib/python3.12/site-packages:/home/wbk/wbk_ros_intro/ros2_ws_practice/install/py_srvcli/lib/python3.12/site-packages:/home/wbk/wbk_ros_intro/ros2_ws_practice/build/practice_package:/home/wbk/wbk_ros_intro/ros2_ws_practice/install/practice_package/lib/python3.12/site-packages:/home/wbk/wbk_ros_intro/ros2_ws_practice/install/my_package/lib/python3.12/site-packages:/opt/ros/jazzy/lib/python3.12/site-packages /usr/bin/python3 -W ignore:setup.py install is deprecated -W ignore:easy_install command is deprecated setup.py egg_info --egg-base ../../build/py_pubsub build --build-base /home/wbk/wbk_ros_intro/ros2_ws_practice/build/py_pubsub/build install --record /home/wbk/wbk_ros_intro/ros2_ws_practice/build/py_pubsub/install.log --single-version-externally-managed install_data
[1.028s] running egg_info
[1.039s] writing ../../build/py_pubsub/py_pubsub.egg-info/PKG-INFO
[1.039s] writing dependency_links to ../../build/py_pubsub/py_pubsub.egg-info/dependency_links.txt
[1.039s] writing entry points to ../../build/py_pubsub/py_pubsub.egg-info/entry_points.txt
[1.040s] writing requirements to ../../build/py_pubsub/py_pubsub.egg-info/requires.txt
[1.040s] writing top-level names to ../../build/py_pubsub/py_pubsub.egg-info/top_level.txt
[1.061s] reading manifest file '../../build/py_pubsub/py_pubsub.egg-info/SOURCES.txt'
[1.062s] adding license file 'LICENSE'
[1.062s] writing manifest file '../../build/py_pubsub/py_pubsub.egg-info/SOURCES.txt'
[1.062s] running build
[1.062s] running build_py
[1.063s] copying py_pubsub/subscriber_member_function.py -> /home/wbk/wbk_ros_intro/ros2_ws_practice/build/py_pubsub/build/lib/py_pubsub
[1.063s] running install
[1.068s] running install_lib
[1.079s] copying /home/wbk/wbk_ros_intro/ros2_ws_practice/build/py_pubsub/build/lib/py_pubsub/subscriber_member_function.py -> /home/wbk/wbk_ros_intro/ros2_ws_practice/install/py_pubsub/lib/python3.12/site-packages/py_pubsub
[1.080s] byte-compiling /home/wbk/wbk_ros_intro/ros2_ws_practice/install/py_pubsub/lib/python3.12/site-packages/py_pubsub/subscriber_member_function.py to subscriber_member_function.cpython-312.pyc
[1.080s] running install_data
[1.080s] running install_egg_info
[1.093s] removing '/home/wbk/wbk_ros_intro/ros2_ws_practice/install/py_pubsub/lib/python3.12/site-packages/py_pubsub-0.0.0-py3.12.egg-info' (and everything under it)
[1.093s] Copying ../../build/py_pubsub/py_pubsub.egg-info to /home/wbk/wbk_ros_intro/ros2_ws_practice/install/py_pubsub/lib/python3.12/site-packages/py_pubsub-0.0.0-py3.12.egg-info
[1.094s] running install_scripts
[1.175s] Installing listener script to /home/wbk/wbk_ros_intro/ros2_ws_practice/install/py_pubsub/lib/py_pubsub
[1.176s] Installing talker script to /home/wbk/wbk_ros_intro/ros2_ws_practice/install/py_pubsub/lib/py_pubsub
[1.176s] writing list of installed files to '/home/wbk/wbk_ros_intro/ros2_ws_practice/build/py_pubsub/install.log'
[1.205s] Invoked command in '/home/wbk/wbk_ros_intro/ros2_ws_practice/src/py_pubsub' returned '0': PYTHONPATH=/home/wbk/wbk_ros_intro/ros2_ws_practice/build/py_pubsub/prefix_override:/usr/lib/python3/dist-packages/colcon_core/task/python/colcon_distutils_commands:/home/wbk/wbk_ros_intro/ros2_ws_practice/install/py_pubsub/lib/python3.12/site-packages:/home/wbk/wbk_ros_intro/ros2_ws_practice/install/tutorial_interfaces/lib/python3.12/site-packages:/home/wbk/wbk_ros_intro/ros2_ws_practice/install/py_pubsub/lib/python3.12/site-packages:/home/wbk/wbk_ros_intro/ros2_ws_practice/install/turtlesim/lib/python3.12/site-packages:/home/wbk/wbk_ros_intro/ros2_ws_practice/install/py_srvcli/lib/python3.12/site-packages:/home/wbk/wbk_ros_intro/ros2_ws_practice/build/practice_package:/home/wbk/wbk_ros_intro/ros2_ws_practice/install/practice_package/lib/python3.12/site-packages:/home/wbk/wbk_ros_intro/ros2_ws_practice/install/my_package/lib/python3.12/site-packages:/opt/ros/jazzy/lib/python3.12/site-packages /usr/bin/python3 -W ignore:setup.py install is deprecated -W ignore:easy_install command is deprecated setup.py egg_info --egg-base ../../build/py_pubsub build --build-base /home/wbk/wbk_ros_intro/ros2_ws_practice/build/py_pubsub/build install --record /home/wbk/wbk_ros_intro/ros2_ws_practice/build/py_pubsub/install.log --single-version-externally-managed install_data
