[0.007s] Invoking command in '/home/wbk/wbk_ros_intro/build/cpp_project_onboarding': CMAKE_PREFIX_PATH=${CMAKE_PREFIX_PATH}:/opt/ros/jazzy /usr/bin/cmake --build /home/wbk/wbk_ros_intro/build/cpp_project_onboarding -- -j20 -l20
[0.046s] [ 25%] [32mBuilding CXX object CMakeFiles/server.dir/src/concertserver.cpp.o[0m
[0.052s] [ 50%] [32mBuilding CXX object CMakeFiles/client.dir/src/customer.cpp.o[0m
[0.228s] [01m[K/home/wbk/wbk_ros_intro/src/cpp_project_onboarding/src/concertserver.cpp:2:10:[m[K [01;31m[Kfatal error: [m[Kmore_interfaces/src/server.hpp: No such file or directory
[0.228s]     2 | #include [01;31m[K"more_interfaces/src/server.hpp"[m[K
[0.228s]       |          [01;31m[K^~~~~~~~~~~~~~~~~~~~~~~~~~~~~~~~[m[K
[0.228s] compilation terminated.
[0.230s] gmake[2]: *** [CMakeFiles/server.dir/build.make:76: CMakeFiles/server.dir/src/concertserver.cpp.o] Error 1
[0.230s] gmake[1]: *** [CMakeFiles/Makefile2:139: CMakeFiles/server.dir/all] Error 2
[0.230s] gmake[1]: *** Waiting for unfinished jobs....
[1.583s] [01m[K/home/wbk/wbk_ros_intro/src/cpp_project_onboarding/src/customer.cpp:[m[K In function ‘[01m[Kint[01;32m[K main[m[K(int, char**)[m[K’:
[1.584s] [01m[K/home/wbk/wbk_ros_intro/src/cpp_project_onboarding/src/customer.cpp:15:19:[m[K [01;31m[Kerror: [m[K‘[01m[Kclient[m[K’ was not declared in this scope
[1.584s]    15 |     auto result = [01;31m[Kclient[m[K->async_send_request(request);
[1.584s]       |                   [01;31m[K^~~~~~[m[K
[1.587s] [01m[K/home/wbk/wbk_ros_intro/src/cpp_project_onboarding/src/customer.cpp:15:46:[m[K [01;31m[Kerror: [m[K‘[01m[Krequest[m[K’ was not declared in this scope
[1.587s]    15 |     auto result = client->async_send_request([01;31m[Krequest[m[K);
[1.587s]       |                                              [01;31m[K^~~~~~~[m[K
[2.096s] gmake[2]: *** [CMakeFiles/client.dir/build.make:76: CMakeFiles/client.dir/src/customer.cpp.o] Error 1
[2.096s] gmake[1]: *** [CMakeFiles/Makefile2:165: CMakeFiles/client.dir/all] Error 2
[2.096s] gmake: *** [Makefile:146: all] Error 2
[2.099s] Invoked command in '/home/wbk/wbk_ros_intro/build/cpp_project_onboarding' returned '2': CMAKE_PREFIX_PATH=${CMAKE_PREFIX_PATH}:/opt/ros/jazzy /usr/bin/cmake --build /home/wbk/wbk_ros_intro/build/cpp_project_onboarding -- -j20 -l20
