[0.689s] Invoking command in '/home/wbk/wbk_ros_intro/ros2_ws_practice/src/py_pubsub': PYTHONPATH=/home/wbk/wbk_ros_intro/ros2_ws_practice/build/py_pubsub/prefix_override:/usr/lib/python3/dist-packages/colcon_core/task/python/colcon_distutils_commands:/home/wbk/wbk_ros_intro/ros2_ws_practice/install/py_pubsub/lib/python3.12/site-packages:${PYTHONPATH} /usr/bin/python3 -W ignore:setup.py install is deprecated -W ignore:easy_install command is deprecated setup.py egg_info --egg-base ../../build/py_pubsub build --build-base /home/wbk/wbk_ros_intro/ros2_ws_practice/build/py_pubsub/build install --record /home/wbk/wbk_ros_intro/ros2_ws_practice/build/py_pubsub/install.log --single-version-externally-managed install_data
[0.866s] running egg_info
[0.866s] creating ../../build/py_pubsub/py_pubsub.egg-info
[0.876s] writing ../../build/py_pubsub/py_pubsub.egg-info/PKG-INFO
[0.876s] writing dependency_links to ../../build/py_pubsub/py_pubsub.egg-info/dependency_links.txt
[0.876s] writing requirements to ../../build/py_pubsub/py_pubsub.egg-info/requires.txt
[0.877s] writing top-level names to ../../build/py_pubsub/py_pubsub.egg-info/top_level.txt
[0.877s] writing manifest file '../../build/py_pubsub/py_pubsub.egg-info/SOURCES.txt'
[0.897s] reading manifest file '../../build/py_pubsub/py_pubsub.egg-info/SOURCES.txt'
[0.897s] adding license file 'LICENSE'
[0.897s] writing manifest file '../../build/py_pubsub/py_pubsub.egg-info/SOURCES.txt'
[0.898s] running build
[0.898s] running build_py
[0.899s] creating /home/wbk/wbk_ros_intro/ros2_ws_practice/build/py_pubsub/build
[0.899s] creating /home/wbk/wbk_ros_intro/ros2_ws_practice/build/py_pubsub/build/lib
[0.899s] creating /home/wbk/wbk_ros_intro/ros2_ws_practice/build/py_pubsub/build/lib/py_pubsub
[0.899s] copying py_pubsub/publisher_member_function.py -> /home/wbk/wbk_ros_intro/ros2_ws_practice/build/py_pubsub/build/lib/py_pubsub
[0.899s] copying py_pubsub/__init__.py -> /home/wbk/wbk_ros_intro/ros2_ws_practice/build/py_pubsub/build/lib/py_pubsub
[0.899s] copying py_pubsub/subscriber_member_function.py -> /home/wbk/wbk_ros_intro/ros2_ws_practice/build/py_pubsub/build/lib/py_pubsub
[0.899s] running install
[0.904s] running install_lib
[0.915s] creating /home/wbk/wbk_ros_intro/ros2_ws_practice/install/py_pubsub/lib/python3.12/site-packages/py_pubsub
[0.915s] copying /home/wbk/wbk_ros_intro/ros2_ws_practice/build/py_pubsub/build/lib/py_pubsub/publisher_member_function.py -> /home/wbk/wbk_ros_intro/ros2_ws_practice/install/py_pubsub/lib/python3.12/site-packages/py_pubsub
[0.915s] copying /home/wbk/wbk_ros_intro/ros2_ws_practice/build/py_pubsub/build/lib/py_pubsub/__init__.py -> /home/wbk/wbk_ros_intro/ros2_ws_practice/install/py_pubsub/lib/python3.12/site-packages/py_pubsub
[0.915s] copying /home/wbk/wbk_ros_intro/ros2_ws_practice/build/py_pubsub/build/lib/py_pubsub/subscriber_member_function.py -> /home/wbk/wbk_ros_intro/ros2_ws_practice/install/py_pubsub/lib/python3.12/site-packages/py_pubsub
[0.916s] byte-compiling /home/wbk/wbk_ros_intro/ros2_ws_practice/install/py_pubsub/lib/python3.12/site-packages/py_pubsub/publisher_member_function.py to publisher_member_function.cpython-312.pyc
[0.917s] byte-compiling /home/wbk/wbk_ros_intro/ros2_ws_practice/install/py_pubsub/lib/python3.12/site-packages/py_pubsub/__init__.py to __init__.cpython-312.pyc
[0.917s] byte-compiling /home/wbk/wbk_ros_intro/ros2_ws_practice/install/py_pubsub/lib/python3.12/site-packages/py_pubsub/subscriber_member_function.py to subscriber_member_function.cpython-312.pyc
[0.917s] running install_data
[0.917s] creating /home/wbk/wbk_ros_intro/ros2_ws_practice/install/py_pubsub/share/ament_index
[0.917s] creating /home/wbk/wbk_ros_intro/ros2_ws_practice/install/py_pubsub/share/ament_index/resource_index
[0.918s] creating /home/wbk/wbk_ros_intro/ros2_ws_practice/install/py_pubsub/share/ament_index/resource_index/packages
[0.918s] copying resource/py_pubsub -> /home/wbk/wbk_ros_intro/ros2_ws_practice/install/py_pubsub/share/ament_index/resource_index/packages
[0.918s] copying package.xml -> /home/wbk/wbk_ros_intro/ros2_ws_practice/install/py_pubsub/share/py_pubsub
[0.918s] running install_egg_info
[0.930s] Copying ../../build/py_pubsub/py_pubsub.egg-info to /home/wbk/wbk_ros_intro/ros2_ws_practice/install/py_pubsub/lib/python3.12/site-packages/py_pubsub-0.0.0-py3.12.egg-info
[0.931s] running install_scripts
[1.008s] writing list of installed files to '/home/wbk/wbk_ros_intro/ros2_ws_practice/build/py_pubsub/install.log'
[1.032s] Invoked command in '/home/wbk/wbk_ros_intro/ros2_ws_practice/src/py_pubsub' returned '0': PYTHONPATH=/home/wbk/wbk_ros_intro/ros2_ws_practice/build/py_pubsub/prefix_override:/usr/lib/python3/dist-packages/colcon_core/task/python/colcon_distutils_commands:/home/wbk/wbk_ros_intro/ros2_ws_practice/install/py_pubsub/lib/python3.12/site-packages:${PYTHONPATH} /usr/bin/python3 -W ignore:setup.py install is deprecated -W ignore:easy_install command is deprecated setup.py egg_info --egg-base ../../build/py_pubsub build --build-base /home/wbk/wbk_ros_intro/ros2_ws_practice/build/py_pubsub/build install --record /home/wbk/wbk_ros_intro/ros2_ws_practice/build/py_pubsub/install.log --single-version-externally-managed install_data
