[0.759s] Invoking command in '/home/wbk/wbk_ros_intro/ros2_ws/build/service_client': PYTHONPATH=/home/wbk/wbk_ros_intro/ros2_ws/build/service_client/prefix_override:/usr/lib/python3/dist-packages/colcon_core/task/python/colcon_distutils_commands:/home/wbk/wbk_ros_intro/ros2_ws/install/service_client/lib/python3.12/site-packages:/home/wbk/wbk_ros_intro/ros2_ws/install/interfaces/lib/python3.12/site-packages:/home/wbk/wbk_ros_intro/ros2_ws/build/service_client:/home/wbk/wbk_ros_intro/ros2_ws/install/service_client/lib/python3.12/site-packages:/opt/ros/jazzy/lib/python3.12/site-packages /usr/bin/python3 -W ignore:setup.py install is deprecated -W ignore:easy_install command is deprecated setup.py develop --uninstall --editable --build-directory /home/wbk/wbk_ros_intro/ros2_ws/build/service_client/build
[0.955s] running develop
[1.063s] Removing /home/wbk/wbk_ros_intro/ros2_ws/install/service_client/lib/python3.12/site-packages/service-client.egg-link (link to .)
[1.092s] Invoked command in '/home/wbk/wbk_ros_intro/ros2_ws/build/service_client' returned '0': PYTHONPATH=/home/wbk/wbk_ros_intro/ros2_ws/build/service_client/prefix_override:/usr/lib/python3/dist-packages/colcon_core/task/python/colcon_distutils_commands:/home/wbk/wbk_ros_intro/ros2_ws/install/service_client/lib/python3.12/site-packages:/home/wbk/wbk_ros_intro/ros2_ws/install/interfaces/lib/python3.12/site-packages:/home/wbk/wbk_ros_intro/ros2_ws/build/service_client:/home/wbk/wbk_ros_intro/ros2_ws/install/service_client/lib/python3.12/site-packages:/opt/ros/jazzy/lib/python3.12/site-packages /usr/bin/python3 -W ignore:setup.py install is deprecated -W ignore:easy_install command is deprecated setup.py develop --uninstall --editable --build-directory /home/wbk/wbk_ros_intro/ros2_ws/build/service_client/build
[1.092s] Invoking command in '/home/wbk/wbk_ros_intro/ros2_ws/src/service_client': PYTHONPATH=/home/wbk/wbk_ros_intro/ros2_ws/build/service_client/prefix_override:/usr/lib/python3/dist-packages/colcon_core/task/python/colcon_distutils_commands:/home/wbk/wbk_ros_intro/ros2_ws/install/service_client/lib/python3.12/site-packages:/home/wbk/wbk_ros_intro/ros2_ws/install/interfaces/lib/python3.12/site-packages:/home/wbk/wbk_ros_intro/ros2_ws/build/service_client:/home/wbk/wbk_ros_intro/ros2_ws/install/service_client/lib/python3.12/site-packages:/opt/ros/jazzy/lib/python3.12/site-packages /usr/bin/python3 -W ignore:setup.py install is deprecated -W ignore:easy_install command is deprecated setup.py egg_info --egg-base ../../build/service_client build --build-base /home/wbk/wbk_ros_intro/ros2_ws/build/service_client/build install --record /home/wbk/wbk_ros_intro/ros2_ws/build/service_client/install.log --single-version-externally-managed install_data --force
[1.258s] running egg_info
[1.268s] writing ../../build/service_client/service_client.egg-info/PKG-INFO
[1.269s] writing dependency_links to ../../build/service_client/service_client.egg-info/dependency_links.txt
[1.269s] writing entry points to ../../build/service_client/service_client.egg-info/entry_points.txt
[1.269s] writing requirements to ../../build/service_client/service_client.egg-info/requires.txt
[1.269s] writing top-level names to ../../build/service_client/service_client.egg-info/top_level.txt
[1.291s] reading manifest file '../../build/service_client/service_client.egg-info/SOURCES.txt'
[1.291s] adding license file 'LICENSE'
[1.292s] writing manifest file '../../build/service_client/service_client.egg-info/SOURCES.txt'
[1.292s] running build
[1.292s] running build_py
[1.292s] copying service_client/client_node.py -> /home/wbk/wbk_ros_intro/ros2_ws/build/service_client/build/lib/service_client
[1.293s] copying service_client/server_node.py -> /home/wbk/wbk_ros_intro/ros2_ws/build/service_client/build/lib/service_client
[1.293s] running install
[1.298s] running install_lib
[1.309s] creating /home/wbk/wbk_ros_intro/ros2_ws/install/service_client/lib/python3.12/site-packages/service_client
[1.309s] copying /home/wbk/wbk_ros_intro/ros2_ws/build/service_client/build/lib/service_client/client_node.py -> /home/wbk/wbk_ros_intro/ros2_ws/install/service_client/lib/python3.12/site-packages/service_client
[1.309s] copying /home/wbk/wbk_ros_intro/ros2_ws/build/service_client/build/lib/service_client/__init__.py -> /home/wbk/wbk_ros_intro/ros2_ws/install/service_client/lib/python3.12/site-packages/service_client
[1.309s] copying /home/wbk/wbk_ros_intro/ros2_ws/build/service_client/build/lib/service_client/server_node.py -> /home/wbk/wbk_ros_intro/ros2_ws/install/service_client/lib/python3.12/site-packages/service_client
[1.309s] byte-compiling /home/wbk/wbk_ros_intro/ros2_ws/install/service_client/lib/python3.12/site-packages/service_client/client_node.py to client_node.cpython-312.pyc
[1.310s] byte-compiling /home/wbk/wbk_ros_intro/ros2_ws/install/service_client/lib/python3.12/site-packages/service_client/__init__.py to __init__.cpython-312.pyc
[1.310s] byte-compiling /home/wbk/wbk_ros_intro/ros2_ws/install/service_client/lib/python3.12/site-packages/service_client/server_node.py to server_node.cpython-312.pyc
[1.311s] running install_data
[1.311s] copying resource/service_client -> /home/wbk/wbk_ros_intro/ros2_ws/install/service_client/share/ament_index/resource_index/packages
[1.311s] copying package.xml -> /home/wbk/wbk_ros_intro/ros2_ws/install/service_client/share/service_client
[1.312s] running install_egg_info
[1.323s] Copying ../../build/service_client/service_client.egg-info to /home/wbk/wbk_ros_intro/ros2_ws/install/service_client/lib/python3.12/site-packages/service_client-0.0.0-py3.12.egg-info
[1.324s] running install_scripts
[1.403s] Installing client_node script to /home/wbk/wbk_ros_intro/ros2_ws/install/service_client/lib/service_client
[1.403s] Installing server_node script to /home/wbk/wbk_ros_intro/ros2_ws/install/service_client/lib/service_client
[1.403s] writing list of installed files to '/home/wbk/wbk_ros_intro/ros2_ws/build/service_client/install.log'
[1.426s] Invoked command in '/home/wbk/wbk_ros_intro/ros2_ws/src/service_client' returned '0': PYTHONPATH=/home/wbk/wbk_ros_intro/ros2_ws/build/service_client/prefix_override:/usr/lib/python3/dist-packages/colcon_core/task/python/colcon_distutils_commands:/home/wbk/wbk_ros_intro/ros2_ws/install/service_client/lib/python3.12/site-packages:/home/wbk/wbk_ros_intro/ros2_ws/install/interfaces/lib/python3.12/site-packages:/home/wbk/wbk_ros_intro/ros2_ws/build/service_client:/home/wbk/wbk_ros_intro/ros2_ws/install/service_client/lib/python3.12/site-packages:/opt/ros/jazzy/lib/python3.12/site-packages /usr/bin/python3 -W ignore:setup.py install is deprecated -W ignore:easy_install command is deprecated setup.py egg_info --egg-base ../../build/service_client build --build-base /home/wbk/wbk_ros_intro/ros2_ws/build/service_client/build install --record /home/wbk/wbk_ros_intro/ros2_ws/build/service_client/install.log --single-version-externally-managed install_data --force
