[0.699s] Invoking command in '/home/wbk/wbk_ros_intro/ros2_ws_practice/src/python_parameters': PYTHONPATH=/home/wbk/wbk_ros_intro/ros2_ws_practice/build/python_parameters/prefix_override:/usr/lib/python3/dist-packages/colcon_core/task/python/colcon_distutils_commands:/home/wbk/wbk_ros_intro/ros2_ws_practice/install/python_parameters/lib/python3.12/site-packages:${PYTHONPATH} /usr/bin/python3 -W ignore:setup.py install is deprecated -W ignore:easy_install command is deprecated setup.py egg_info --egg-base ../../build/python_parameters build --build-base /home/wbk/wbk_ros_intro/ros2_ws_practice/build/python_parameters/build install --record /home/wbk/wbk_ros_intro/ros2_ws_practice/build/python_parameters/install.log --single-version-externally-managed install_data
[0.872s] running egg_info
[0.872s] creating ../../build/python_parameters/python_parameters.egg-info
[0.882s] writing ../../build/python_parameters/python_parameters.egg-info/PKG-INFO
[0.882s] writing dependency_links to ../../build/python_parameters/python_parameters.egg-info/dependency_links.txt
[0.882s] writing entry points to ../../build/python_parameters/python_parameters.egg-info/entry_points.txt
[0.883s] writing requirements to ../../build/python_parameters/python_parameters.egg-info/requires.txt
[0.883s] writing top-level names to ../../build/python_parameters/python_parameters.egg-info/top_level.txt
[0.883s] writing manifest file '../../build/python_parameters/python_parameters.egg-info/SOURCES.txt'
[0.903s] reading manifest file '../../build/python_parameters/python_parameters.egg-info/SOURCES.txt'
[0.903s] adding license file 'LICENSE'
[0.904s] writing manifest file '../../build/python_parameters/python_parameters.egg-info/SOURCES.txt'
[0.904s] running build
[0.904s] running build_py
[0.904s] creating /home/wbk/wbk_ros_intro/ros2_ws_practice/build/python_parameters/build
[0.904s] creating /home/wbk/wbk_ros_intro/ros2_ws_practice/build/python_parameters/build/lib
[0.905s] creating /home/wbk/wbk_ros_intro/ros2_ws_practice/build/python_parameters/build/lib/python_parameters
[0.905s] copying python_parameters/__init__.py -> /home/wbk/wbk_ros_intro/ros2_ws_practice/build/python_parameters/build/lib/python_parameters
[0.905s] copying python_parameters/python_parameters_node.py -> /home/wbk/wbk_ros_intro/ros2_ws_practice/build/python_parameters/build/lib/python_parameters
[0.906s] running install
[0.910s] running install_lib
[0.921s] creating /home/wbk/wbk_ros_intro/ros2_ws_practice/install/python_parameters/lib/python3.12/site-packages/python_parameters
[0.922s] copying /home/wbk/wbk_ros_intro/ros2_ws_practice/build/python_parameters/build/lib/python_parameters/__init__.py -> /home/wbk/wbk_ros_intro/ros2_ws_practice/install/python_parameters/lib/python3.12/site-packages/python_parameters
[0.922s] copying /home/wbk/wbk_ros_intro/ros2_ws_practice/build/python_parameters/build/lib/python_parameters/python_parameters_node.py -> /home/wbk/wbk_ros_intro/ros2_ws_practice/install/python_parameters/lib/python3.12/site-packages/python_parameters
[0.922s] byte-compiling /home/wbk/wbk_ros_intro/ros2_ws_practice/install/python_parameters/lib/python3.12/site-packages/python_parameters/__init__.py to __init__.cpython-312.pyc
[0.923s] byte-compiling /home/wbk/wbk_ros_intro/ros2_ws_practice/install/python_parameters/lib/python3.12/site-packages/python_parameters/python_parameters_node.py to python_parameters_node.cpython-312.pyc
[0.923s] running install_data
[0.924s] creating /home/wbk/wbk_ros_intro/ros2_ws_practice/install/python_parameters/share/ament_index
[0.924s] creating /home/wbk/wbk_ros_intro/ros2_ws_practice/install/python_parameters/share/ament_index/resource_index
[0.924s] creating /home/wbk/wbk_ros_intro/ros2_ws_practice/install/python_parameters/share/ament_index/resource_index/packages
[0.924s] copying resource/python_parameters -> /home/wbk/wbk_ros_intro/ros2_ws_practice/install/python_parameters/share/ament_index/resource_index/packages
[0.924s] copying package.xml -> /home/wbk/wbk_ros_intro/ros2_ws_practice/install/python_parameters/share/python_parameters
[0.924s] running install_egg_info
[0.937s] Copying ../../build/python_parameters/python_parameters.egg-info to /home/wbk/wbk_ros_intro/ros2_ws_practice/install/python_parameters/lib/python3.12/site-packages/python_parameters-0.0.0-py3.12.egg-info
[0.938s] running install_scripts
[1.016s] Installing minimal_param_node script to /home/wbk/wbk_ros_intro/ros2_ws_practice/install/python_parameters/lib/python_parameters
[1.016s] writing list of installed files to '/home/wbk/wbk_ros_intro/ros2_ws_practice/build/python_parameters/install.log'
[1.040s] Invoked command in '/home/wbk/wbk_ros_intro/ros2_ws_practice/src/python_parameters' returned '0': PYTHONPATH=/home/wbk/wbk_ros_intro/ros2_ws_practice/build/python_parameters/prefix_override:/usr/lib/python3/dist-packages/colcon_core/task/python/colcon_distutils_commands:/home/wbk/wbk_ros_intro/ros2_ws_practice/install/python_parameters/lib/python3.12/site-packages:${PYTHONPATH} /usr/bin/python3 -W ignore:setup.py install is deprecated -W ignore:easy_install command is deprecated setup.py egg_info --egg-base ../../build/python_parameters build --build-base /home/wbk/wbk_ros_intro/ros2_ws_practice/build/python_parameters/build install --record /home/wbk/wbk_ros_intro/ros2_ws_practice/build/python_parameters/install.log --single-version-externally-managed install_data
