[0.169s] DEBUG:colcon:Command line arguments: ['/usr/bin/colcon', 'build']
[0.169s] DEBUG:colcon:Parsed command line arguments: Namespace(log_base=None, log_level=None, verb_name='build', build_base='build', install_base='install', merge_install=False, symlink_install=False, test_result_base=None, continue_on_error=False, executor='parallel', parallel_workers=16, event_handlers=None, ignore_user_meta=False, metas=['./colcon.meta'], base_paths=['.'], packages_ignore=None, packages_ignore_regex=None, paths=None, packages_up_to=None, packages_up_to_regex=None, packages_above=None, packages_above_and_dependencies=None, packages_above_depth=None, packages_select_by_dep=None, packages_skip_by_dep=None, packages_skip_up_to=None, packages_select_build_failed=False, packages_skip_build_finished=False, packages_select_test_failures=False, packages_skip_test_passed=False, packages_select=None, packages_skip=None, packages_select_regex=None, packages_skip_regex=None, packages_start=None, packages_end=None, cmake_args=None, cmake_target=None, cmake_target_skip_unavailable=False, cmake_clean_cache=False, cmake_clean_first=False, cmake_force_configure=False, ament_cmake_args=None, catkin_cmake_args=None, catkin_skip_building_tests=False, mixin_files=None, mixin=None, verb_parser=<colcon_mixin.mixin.mixin_argument.MixinArgumentDecorator object at 0x73e75f598440>, verb_extension=<colcon_core.verb.build.BuildVerb object at 0x73e75f5980e0>, main=<bound method BuildVerb.main of <colcon_core.verb.build.BuildVerb object at 0x73e75f5980e0>>, mixin_verb=('build',))
[0.233s] Level 1:colcon.colcon_core.package_discovery:discover_packages(colcon_meta) check parameters
[0.233s] Level 1:colcon.colcon_core.package_discovery:discover_packages(recursive) check parameters
[0.233s] Level 1:colcon.colcon_core.package_discovery:discover_packages(ignore) check parameters
[0.233s] Level 1:colcon.colcon_core.package_discovery:discover_packages(path) check parameters
[0.233s] Level 1:colcon.colcon_core.package_discovery:discover_packages(colcon_meta) discover
[0.234s] Level 1:colcon.colcon_core.package_discovery:discover_packages(recursive) discover
[0.234s] INFO:colcon.colcon_core.package_discovery:Crawling recursively for packages in '/home/wbk/wbk_ros_intro/ros2_ws'
[0.234s] Level 1:colcon.colcon_core.package_identification:_identify(.) by extensions ['ignore', 'ignore_ament_install']
[0.234s] Level 1:colcon.colcon_core.package_identification:_identify(.) by extension 'ignore'
[0.234s] Level 1:colcon.colcon_core.package_identification:_identify(.) by extension 'ignore_ament_install'
[0.234s] Level 1:colcon.colcon_core.package_identification:_identify(.) by extensions ['colcon_pkg']
[0.234s] Level 1:colcon.colcon_core.package_identification:_identify(.) by extension 'colcon_pkg'
[0.234s] Level 1:colcon.colcon_core.package_identification:_identify(.) by extensions ['colcon_meta']
[0.234s] Level 1:colcon.colcon_core.package_identification:_identify(.) by extension 'colcon_meta'
[0.234s] Level 1:colcon.colcon_core.package_identification:_identify(.) by extensions ['ros']
[0.234s] Level 1:colcon.colcon_core.package_identification:_identify(.) by extension 'ros'
[0.268s] Level 1:colcon.colcon_core.package_identification:_identify(.) by extensions ['cmake', 'python']
[0.268s] Level 1:colcon.colcon_core.package_identification:_identify(.) by extension 'cmake'
[0.268s] Level 1:colcon.colcon_core.package_identification:_identify(.) by extension 'python'
[0.268s] Level 1:colcon.colcon_core.package_identification:_identify(.) by extensions ['python_setup_py']
[0.268s] Level 1:colcon.colcon_core.package_identification:_identify(.) by extension 'python_setup_py'
[0.269s] Level 1:colcon.colcon_core.package_identification:_identify(build) by extensions ['ignore', 'ignore_ament_install']
[0.269s] Level 1:colcon.colcon_core.package_identification:_identify(build) by extension 'ignore'
[0.269s] Level 1:colcon.colcon_core.package_identification:_identify(build) ignored
[0.270s] Level 1:colcon.colcon_core.package_identification:_identify(install) by extensions ['ignore', 'ignore_ament_install']
[0.270s] Level 1:colcon.colcon_core.package_identification:_identify(install) by extension 'ignore'
[0.270s] Level 1:colcon.colcon_core.package_identification:_identify(install) ignored
[0.270s] Level 1:colcon.colcon_core.package_identification:_identify(log) by extensions ['ignore', 'ignore_ament_install']
[0.270s] Level 1:colcon.colcon_core.package_identification:_identify(log) by extension 'ignore'
[0.270s] Level 1:colcon.colcon_core.package_identification:_identify(log) ignored
[0.270s] Level 1:colcon.colcon_core.package_identification:_identify(src) by extensions ['ignore', 'ignore_ament_install']
[0.270s] Level 1:colcon.colcon_core.package_identification:_identify(src) by extension 'ignore'
[0.270s] Level 1:colcon.colcon_core.package_identification:_identify(src) by extension 'ignore_ament_install'
[0.270s] Level 1:colcon.colcon_core.package_identification:_identify(src) by extensions ['colcon_pkg']
[0.270s] Level 1:colcon.colcon_core.package_identification:_identify(src) by extension 'colcon_pkg'
[0.270s] Level 1:colcon.colcon_core.package_identification:_identify(src) by extensions ['colcon_meta']
[0.270s] Level 1:colcon.colcon_core.package_identification:_identify(src) by extension 'colcon_meta'
[0.270s] Level 1:colcon.colcon_core.package_identification:_identify(src) by extensions ['ros']
[0.270s] Level 1:colcon.colcon_core.package_identification:_identify(src) by extension 'ros'
[0.270s] Level 1:colcon.colcon_core.package_identification:_identify(src) by extensions ['cmake', 'python']
[0.270s] Level 1:colcon.colcon_core.package_identification:_identify(src) by extension 'cmake'
[0.271s] Level 1:colcon.colcon_core.package_identification:_identify(src) by extension 'python'
[0.271s] Level 1:colcon.colcon_core.package_identification:_identify(src) by extensions ['python_setup_py']
[0.271s] Level 1:colcon.colcon_core.package_identification:_identify(src) by extension 'python_setup_py'
[0.271s] Level 1:colcon.colcon_core.package_identification:_identify(src/interfaces) by extensions ['ignore', 'ignore_ament_install']
[0.271s] Level 1:colcon.colcon_core.package_identification:_identify(src/interfaces) by extension 'ignore'
[0.271s] Level 1:colcon.colcon_core.package_identification:_identify(src/interfaces) by extension 'ignore_ament_install'
[0.271s] Level 1:colcon.colcon_core.package_identification:_identify(src/interfaces) by extensions ['colcon_pkg']
[0.271s] Level 1:colcon.colcon_core.package_identification:_identify(src/interfaces) by extension 'colcon_pkg'
[0.271s] Level 1:colcon.colcon_core.package_identification:_identify(src/interfaces) by extensions ['colcon_meta']
[0.271s] Level 1:colcon.colcon_core.package_identification:_identify(src/interfaces) by extension 'colcon_meta'
[0.271s] Level 1:colcon.colcon_core.package_identification:_identify(src/interfaces) by extensions ['ros']
[0.271s] Level 1:colcon.colcon_core.package_identification:_identify(src/interfaces) by extension 'ros'
[0.275s] DEBUG:colcon.colcon_core.package_identification:Package 'src/interfaces' with type 'ros.ament_cmake' and name 'interfaces'
[0.275s] Level 1:colcon.colcon_core.package_identification:_identify(src/service_client) by extensions ['ignore', 'ignore_ament_install']
[0.275s] Level 1:colcon.colcon_core.package_identification:_identify(src/service_client) by extension 'ignore'
[0.275s] Level 1:colcon.colcon_core.package_identification:_identify(src/service_client) by extension 'ignore_ament_install'
[0.275s] Level 1:colcon.colcon_core.package_identification:_identify(src/service_client) by extensions ['colcon_pkg']
[0.275s] Level 1:colcon.colcon_core.package_identification:_identify(src/service_client) by extension 'colcon_pkg'
[0.275s] Level 1:colcon.colcon_core.package_identification:_identify(src/service_client) by extensions ['colcon_meta']
[0.275s] Level 1:colcon.colcon_core.package_identification:_identify(src/service_client) by extension 'colcon_meta'
[0.275s] Level 1:colcon.colcon_core.package_identification:_identify(src/service_client) by extensions ['ros']
[0.275s] Level 1:colcon.colcon_core.package_identification:_identify(src/service_client) by extension 'ros'
[0.276s] DEBUG:colcon.colcon_core.package_identification:Package 'src/service_client' with type 'ros.ament_python' and name 'service_client'
[0.276s] Level 1:colcon.colcon_core.package_discovery:discover_packages(recursive) using defaults
[0.276s] Level 1:colcon.colcon_core.package_discovery:discover_packages(ignore) discover
[0.276s] Level 1:colcon.colcon_core.package_discovery:discover_packages(ignore) using defaults
[0.276s] Level 1:colcon.colcon_core.package_discovery:discover_packages(path) discover
[0.276s] Level 1:colcon.colcon_core.package_discovery:discover_packages(path) using defaults
[0.303s] Level 5:colcon.colcon_core.verb:set package 'interfaces' build argument 'cmake_args' from command line to 'None'
[0.303s] Level 5:colcon.colcon_core.verb:set package 'interfaces' build argument 'cmake_target' from command line to 'None'
[0.303s] Level 5:colcon.colcon_core.verb:set package 'interfaces' build argument 'cmake_target_skip_unavailable' from command line to 'False'
[0.303s] Level 5:colcon.colcon_core.verb:set package 'interfaces' build argument 'cmake_clean_cache' from command line to 'False'
[0.303s] Level 5:colcon.colcon_core.verb:set package 'interfaces' build argument 'cmake_clean_first' from command line to 'False'
[0.303s] Level 5:colcon.colcon_core.verb:set package 'interfaces' build argument 'cmake_force_configure' from command line to 'False'
[0.303s] Level 5:colcon.colcon_core.verb:set package 'interfaces' build argument 'ament_cmake_args' from command line to 'None'
[0.303s] Level 5:colcon.colcon_core.verb:set package 'interfaces' build argument 'catkin_cmake_args' from command line to 'None'
[0.303s] Level 5:colcon.colcon_core.verb:set package 'interfaces' build argument 'catkin_skip_building_tests' from command line to 'False'
[0.303s] DEBUG:colcon.colcon_core.verb:Building package 'interfaces' with the following arguments: {'ament_cmake_args': None, 'build_base': '/home/wbk/wbk_ros_intro/ros2_ws/build/interfaces', 'catkin_cmake_args': None, 'catkin_skip_building_tests': False, 'cmake_args': None, 'cmake_clean_cache': False, 'cmake_clean_first': False, 'cmake_force_configure': False, 'cmake_target': None, 'cmake_target_skip_unavailable': False, 'install_base': '/home/wbk/wbk_ros_intro/ros2_ws/install/interfaces', 'merge_install': False, 'path': '/home/wbk/wbk_ros_intro/ros2_ws/src/interfaces', 'symlink_install': False, 'test_result_base': None}
[0.303s] Level 5:colcon.colcon_core.verb:set package 'service_client' build argument 'cmake_args' from command line to 'None'
[0.303s] Level 5:colcon.colcon_core.verb:set package 'service_client' build argument 'cmake_target' from command line to 'None'
[0.303s] Level 5:colcon.colcon_core.verb:set package 'service_client' build argument 'cmake_target_skip_unavailable' from command line to 'False'
[0.304s] Level 5:colcon.colcon_core.verb:set package 'service_client' build argument 'cmake_clean_cache' from command line to 'False'
[0.304s] Level 5:colcon.colcon_core.verb:set package 'service_client' build argument 'cmake_clean_first' from command line to 'False'
[0.304s] Level 5:colcon.colcon_core.verb:set package 'service_client' build argument 'cmake_force_configure' from command line to 'False'
[0.304s] Level 5:colcon.colcon_core.verb:set package 'service_client' build argument 'ament_cmake_args' from command line to 'None'
[0.304s] Level 5:colcon.colcon_core.verb:set package 'service_client' build argument 'catkin_cmake_args' from command line to 'None'
[0.304s] Level 5:colcon.colcon_core.verb:set package 'service_client' build argument 'catkin_skip_building_tests' from command line to 'False'
[0.304s] DEBUG:colcon.colcon_core.verb:Building package 'service_client' with the following arguments: {'ament_cmake_args': None, 'build_base': '/home/wbk/wbk_ros_intro/ros2_ws/build/service_client', 'catkin_cmake_args': None, 'catkin_skip_building_tests': False, 'cmake_args': None, 'cmake_clean_cache': False, 'cmake_clean_first': False, 'cmake_force_configure': False, 'cmake_target': None, 'cmake_target_skip_unavailable': False, 'install_base': '/home/wbk/wbk_ros_intro/ros2_ws/install/service_client', 'merge_install': False, 'path': '/home/wbk/wbk_ros_intro/ros2_ws/src/service_client', 'symlink_install': False, 'test_result_base': None}
[0.304s] INFO:colcon.colcon_core.executor:Executing jobs using 'parallel' executor
[0.305s] DEBUG:colcon.colcon_parallel_executor.executor.parallel:run_until_complete
[0.305s] INFO:colcon.colcon_ros.task.ament_cmake.build:Building ROS package in '/home/wbk/wbk_ros_intro/ros2_ws/src/interfaces' with build type 'ament_cmake'
[0.305s] INFO:colcon.colcon_cmake.task.cmake.build:Building CMake package in '/home/wbk/wbk_ros_intro/ros2_ws/src/interfaces'
[0.310s] INFO:colcon.colcon_core.plugin_system:Skipping extension 'colcon_core.shell.bat': Not used on non-Windows systems
[0.310s] INFO:colcon.colcon_core.shell:Skip shell extension 'powershell' for command environment: Not usable outside of PowerShell
[0.310s] DEBUG:colcon.colcon_core.shell:Skip shell extension 'dsv' for command environment
[0.325s] DEBUG:colcon.colcon_core.event_handler.log_command:Invoking command in '/home/wbk/wbk_ros_intro/ros2_ws/build/interfaces': CMAKE_PREFIX_PATH=${CMAKE_PREFIX_PATH}:/home/wbk/wbk_ros_intro/ros2_ws/install/service_client:/opt/ros/jazzy /usr/bin/cmake --build /home/wbk/wbk_ros_intro/ros2_ws/build/interfaces -- -j16 -l16
[4.044s] DEBUG:colcon.colcon_core.event_handler.log_command:Invoked command in '/home/wbk/wbk_ros_intro/ros2_ws/build/interfaces' returned '0': CMAKE_PREFIX_PATH=${CMAKE_PREFIX_PATH}:/home/wbk/wbk_ros_intro/ros2_ws/install/service_client:/opt/ros/jazzy /usr/bin/cmake --build /home/wbk/wbk_ros_intro/ros2_ws/build/interfaces -- -j16 -l16
[4.052s] DEBUG:colcon.colcon_core.event_handler.log_command:Invoking command in '/home/wbk/wbk_ros_intro/ros2_ws/build/interfaces': CMAKE_PREFIX_PATH=${CMAKE_PREFIX_PATH}:/home/wbk/wbk_ros_intro/ros2_ws/install/service_client:/opt/ros/jazzy /usr/bin/cmake --install /home/wbk/wbk_ros_intro/ros2_ws/build/interfaces
[4.132s] Level 1:colcon.colcon_core.environment:create_environment_scripts_only(interfaces)
[4.133s] DEBUG:colcon.colcon_core.event_handler.log_command:Invoked command in '/home/wbk/wbk_ros_intro/ros2_ws/build/interfaces' returned '0': CMAKE_PREFIX_PATH=${CMAKE_PREFIX_PATH}:/home/wbk/wbk_ros_intro/ros2_ws/install/service_client:/opt/ros/jazzy /usr/bin/cmake --install /home/wbk/wbk_ros_intro/ros2_ws/build/interfaces
[4.138s] Level 1:colcon.colcon_core.environment:checking '/home/wbk/wbk_ros_intro/ros2_ws/install/interfaces' for CMake module files
[4.138s] Level 1:colcon.colcon_core.environment:checking '/home/wbk/wbk_ros_intro/ros2_ws/install/interfaces' for CMake config files
[4.140s] Level 1:colcon.colcon_core.shell:create_environment_hook('interfaces', 'cmake_prefix_path')
[4.140s] INFO:colcon.colcon_core.shell:Creating environment hook '/home/wbk/wbk_ros_intro/ros2_ws/install/interfaces/share/interfaces/hook/cmake_prefix_path.ps1'
[4.141s] INFO:colcon.colcon_core.shell:Creating environment descriptor '/home/wbk/wbk_ros_intro/ros2_ws/install/interfaces/share/interfaces/hook/cmake_prefix_path.dsv'
[4.141s] INFO:colcon.colcon_core.shell:Creating environment hook '/home/wbk/wbk_ros_intro/ros2_ws/install/interfaces/share/interfaces/hook/cmake_prefix_path.sh'
[4.142s] Level 1:colcon.colcon_core.environment:checking '/home/wbk/wbk_ros_intro/ros2_ws/install/interfaces/lib'
[4.142s] Level 1:colcon.colcon_core.shell:create_environment_hook('interfaces', 'ld_library_path_lib')
[4.142s] INFO:colcon.colcon_core.shell:Creating environment hook '/home/wbk/wbk_ros_intro/ros2_ws/install/interfaces/share/interfaces/hook/ld_library_path_lib.ps1'
[4.143s] INFO:colcon.colcon_core.shell:Creating environment descriptor '/home/wbk/wbk_ros_intro/ros2_ws/install/interfaces/share/interfaces/hook/ld_library_path_lib.dsv'
[4.143s] INFO:colcon.colcon_core.shell:Creating environment hook '/home/wbk/wbk_ros_intro/ros2_ws/install/interfaces/share/interfaces/hook/ld_library_path_lib.sh'
[4.143s] Level 1:colcon.colcon_core.environment:checking '/home/wbk/wbk_ros_intro/ros2_ws/install/interfaces/bin'
[4.143s] Level 1:colcon.colcon_core.environment:checking '/home/wbk/wbk_ros_intro/ros2_ws/install/interfaces/lib/pkgconfig/interfaces.pc'
[4.145s] Level 1:colcon.colcon_core.environment:checking '/home/wbk/wbk_ros_intro/ros2_ws/install/interfaces/lib/python3.12/site-packages'
[4.145s] Level 1:colcon.colcon_core.shell:create_environment_hook('interfaces', 'pythonpath')
[4.145s] INFO:colcon.colcon_core.shell:Creating environment hook '/home/wbk/wbk_ros_intro/ros2_ws/install/interfaces/share/interfaces/hook/pythonpath.ps1'
[4.146s] INFO:colcon.colcon_core.shell:Creating environment descriptor '/home/wbk/wbk_ros_intro/ros2_ws/install/interfaces/share/interfaces/hook/pythonpath.dsv'
[4.146s] INFO:colcon.colcon_core.shell:Creating environment hook '/home/wbk/wbk_ros_intro/ros2_ws/install/interfaces/share/interfaces/hook/pythonpath.sh'
[4.146s] Level 1:colcon.colcon_core.environment:checking '/home/wbk/wbk_ros_intro/ros2_ws/install/interfaces/bin'
[4.147s] INFO:colcon.colcon_core.shell:Creating package script '/home/wbk/wbk_ros_intro/ros2_ws/install/interfaces/share/interfaces/package.ps1'
[4.147s] INFO:colcon.colcon_core.shell:Creating package descriptor '/home/wbk/wbk_ros_intro/ros2_ws/install/interfaces/share/interfaces/package.dsv'
[4.148s] INFO:colcon.colcon_core.shell:Creating package script '/home/wbk/wbk_ros_intro/ros2_ws/install/interfaces/share/interfaces/package.sh'
[4.149s] INFO:colcon.colcon_core.shell:Creating package script '/home/wbk/wbk_ros_intro/ros2_ws/install/interfaces/share/interfaces/package.bash'
[4.149s] INFO:colcon.colcon_core.shell:Creating package script '/home/wbk/wbk_ros_intro/ros2_ws/install/interfaces/share/interfaces/package.zsh'
[4.150s] Level 1:colcon.colcon_core.environment:create_file_with_runtime_dependencies(/home/wbk/wbk_ros_intro/ros2_ws/install/interfaces/share/colcon-core/packages/interfaces)
[4.151s] Level 1:colcon.colcon_core.environment:create_environment_scripts_only(interfaces)
[4.151s] Level 1:colcon.colcon_core.environment:checking '/home/wbk/wbk_ros_intro/ros2_ws/install/interfaces' for CMake module files
[4.151s] Level 1:colcon.colcon_core.environment:checking '/home/wbk/wbk_ros_intro/ros2_ws/install/interfaces' for CMake config files
[4.151s] Level 1:colcon.colcon_core.shell:create_environment_hook('interfaces', 'cmake_prefix_path')
[4.151s] INFO:colcon.colcon_core.shell:Creating environment hook '/home/wbk/wbk_ros_intro/ros2_ws/install/interfaces/share/interfaces/hook/cmake_prefix_path.ps1'
[4.152s] INFO:colcon.colcon_core.shell:Creating environment descriptor '/home/wbk/wbk_ros_intro/ros2_ws/install/interfaces/share/interfaces/hook/cmake_prefix_path.dsv'
[4.152s] INFO:colcon.colcon_core.shell:Creating environment hook '/home/wbk/wbk_ros_intro/ros2_ws/install/interfaces/share/interfaces/hook/cmake_prefix_path.sh'
[4.152s] Level 1:colcon.colcon_core.environment:checking '/home/wbk/wbk_ros_intro/ros2_ws/install/interfaces/lib'
[4.152s] Level 1:colcon.colcon_core.shell:create_environment_hook('interfaces', 'ld_library_path_lib')
[4.153s] INFO:colcon.colcon_core.shell:Creating environment hook '/home/wbk/wbk_ros_intro/ros2_ws/install/interfaces/share/interfaces/hook/ld_library_path_lib.ps1'
[4.153s] INFO:colcon.colcon_core.shell:Creating environment descriptor '/home/wbk/wbk_ros_intro/ros2_ws/install/interfaces/share/interfaces/hook/ld_library_path_lib.dsv'
[4.153s] INFO:colcon.colcon_core.shell:Creating environment hook '/home/wbk/wbk_ros_intro/ros2_ws/install/interfaces/share/interfaces/hook/ld_library_path_lib.sh'
[4.153s] Level 1:colcon.colcon_core.environment:checking '/home/wbk/wbk_ros_intro/ros2_ws/install/interfaces/bin'
[4.154s] Level 1:colcon.colcon_core.environment:checking '/home/wbk/wbk_ros_intro/ros2_ws/install/interfaces/lib/pkgconfig/interfaces.pc'
[4.154s] Level 1:colcon.colcon_core.environment:checking '/home/wbk/wbk_ros_intro/ros2_ws/install/interfaces/lib/python3.12/site-packages'
[4.154s] Level 1:colcon.colcon_core.shell:create_environment_hook('interfaces', 'pythonpath')
[4.154s] INFO:colcon.colcon_core.shell:Creating environment hook '/home/wbk/wbk_ros_intro/ros2_ws/install/interfaces/share/interfaces/hook/pythonpath.ps1'
[4.154s] INFO:colcon.colcon_core.shell:Creating environment descriptor '/home/wbk/wbk_ros_intro/ros2_ws/install/interfaces/share/interfaces/hook/pythonpath.dsv'
[4.154s] INFO:colcon.colcon_core.shell:Creating environment hook '/home/wbk/wbk_ros_intro/ros2_ws/install/interfaces/share/interfaces/hook/pythonpath.sh'
[4.155s] Level 1:colcon.colcon_core.environment:checking '/home/wbk/wbk_ros_intro/ros2_ws/install/interfaces/bin'
[4.155s] INFO:colcon.colcon_core.shell:Creating package script '/home/wbk/wbk_ros_intro/ros2_ws/install/interfaces/share/interfaces/package.ps1'
[4.155s] INFO:colcon.colcon_core.shell:Creating package descriptor '/home/wbk/wbk_ros_intro/ros2_ws/install/interfaces/share/interfaces/package.dsv'
[4.156s] INFO:colcon.colcon_core.shell:Creating package script '/home/wbk/wbk_ros_intro/ros2_ws/install/interfaces/share/interfaces/package.sh'
[4.156s] INFO:colcon.colcon_core.shell:Creating package script '/home/wbk/wbk_ros_intro/ros2_ws/install/interfaces/share/interfaces/package.bash'
[4.156s] INFO:colcon.colcon_core.shell:Creating package script '/home/wbk/wbk_ros_intro/ros2_ws/install/interfaces/share/interfaces/package.zsh'
[4.157s] Level 1:colcon.colcon_core.environment:create_file_with_runtime_dependencies(/home/wbk/wbk_ros_intro/ros2_ws/install/interfaces/share/colcon-core/packages/interfaces)
[4.157s] INFO:colcon.colcon_ros.task.ament_python.build:Building ROS package in '/home/wbk/wbk_ros_intro/ros2_ws/src/service_client' with build type 'ament_python'
[4.157s] Level 1:colcon.colcon_core.shell:create_environment_hook('service_client', 'ament_prefix_path')
[4.158s] INFO:colcon.colcon_core.shell:Creating environment hook '/home/wbk/wbk_ros_intro/ros2_ws/install/service_client/share/service_client/hook/ament_prefix_path.ps1'
[4.158s] INFO:colcon.colcon_core.shell:Creating environment descriptor '/home/wbk/wbk_ros_intro/ros2_ws/install/service_client/share/service_client/hook/ament_prefix_path.dsv'
[4.159s] INFO:colcon.colcon_core.shell:Creating environment hook '/home/wbk/wbk_ros_intro/ros2_ws/install/service_client/share/service_client/hook/ament_prefix_path.sh'
[4.159s] INFO:colcon.colcon_core.shell:Skip shell extension 'powershell' for command environment: Not usable outside of PowerShell
[4.159s] DEBUG:colcon.colcon_core.shell:Skip shell extension 'dsv' for command environment
[4.320s] INFO:colcon.colcon_core.task.python.build:Building Python package in '/home/wbk/wbk_ros_intro/ros2_ws/src/service_client'
[4.320s] INFO:colcon.colcon_core.shell:Skip shell extension 'powershell' for command environment: Not usable outside of PowerShell
[4.320s] DEBUG:colcon.colcon_core.shell:Skip shell extension 'dsv' for command environment
[4.917s] DEBUG:colcon.colcon_core.event_handler.log_command:Invoking command in '/home/wbk/wbk_ros_intro/ros2_ws/build/service_client': PYTHONPATH=/home/wbk/wbk_ros_intro/ros2_ws/build/service_client/prefix_override:/usr/lib/python3/dist-packages/colcon_core/task/python/colcon_distutils_commands:/home/wbk/wbk_ros_intro/ros2_ws/install/service_client/lib/python3.12/site-packages:/home/wbk/wbk_ros_intro/ros2_ws/install/interfaces/lib/python3.12/site-packages:/home/wbk/wbk_ros_intro/ros2_ws/build/service_client:/home/wbk/wbk_ros_intro/ros2_ws/install/service_client/lib/python3.12/site-packages:/opt/ros/jazzy/lib/python3.12/site-packages /usr/bin/python3 -W ignore:setup.py install is deprecated -W ignore:easy_install command is deprecated setup.py develop --uninstall --editable --build-directory /home/wbk/wbk_ros_intro/ros2_ws/build/service_client/build
[5.250s] DEBUG:colcon.colcon_core.event_handler.log_command:Invoked command in '/home/wbk/wbk_ros_intro/ros2_ws/build/service_client' returned '0': PYTHONPATH=/home/wbk/wbk_ros_intro/ros2_ws/build/service_client/prefix_override:/usr/lib/python3/dist-packages/colcon_core/task/python/colcon_distutils_commands:/home/wbk/wbk_ros_intro/ros2_ws/install/service_client/lib/python3.12/site-packages:/home/wbk/wbk_ros_intro/ros2_ws/install/interfaces/lib/python3.12/site-packages:/home/wbk/wbk_ros_intro/ros2_ws/build/service_client:/home/wbk/wbk_ros_intro/ros2_ws/install/service_client/lib/python3.12/site-packages:/opt/ros/jazzy/lib/python3.12/site-packages /usr/bin/python3 -W ignore:setup.py install is deprecated -W ignore:easy_install command is deprecated setup.py develop --uninstall --editable --build-directory /home/wbk/wbk_ros_intro/ros2_ws/build/service_client/build
[5.251s] DEBUG:colcon.colcon_core.event_handler.log_command:Invoking command in '/home/wbk/wbk_ros_intro/ros2_ws/src/service_client': PYTHONPATH=/home/wbk/wbk_ros_intro/ros2_ws/build/service_client/prefix_override:/usr/lib/python3/dist-packages/colcon_core/task/python/colcon_distutils_commands:/home/wbk/wbk_ros_intro/ros2_ws/install/service_client/lib/python3.12/site-packages:/home/wbk/wbk_ros_intro/ros2_ws/install/interfaces/lib/python3.12/site-packages:/home/wbk/wbk_ros_intro/ros2_ws/build/service_client:/home/wbk/wbk_ros_intro/ros2_ws/install/service_client/lib/python3.12/site-packages:/opt/ros/jazzy/lib/python3.12/site-packages /usr/bin/python3 -W ignore:setup.py install is deprecated -W ignore:easy_install command is deprecated setup.py egg_info --egg-base ../../build/service_client build --build-base /home/wbk/wbk_ros_intro/ros2_ws/build/service_client/build install --record /home/wbk/wbk_ros_intro/ros2_ws/build/service_client/install.log --single-version-externally-managed install_data --force
[5.583s] Level 1:colcon.colcon_core.environment:checking '/home/wbk/wbk_ros_intro/ros2_ws/install/service_client' for CMake module files
[5.584s] DEBUG:colcon.colcon_core.event_handler.log_command:Invoked command in '/home/wbk/wbk_ros_intro/ros2_ws/src/service_client' returned '0': PYTHONPATH=/home/wbk/wbk_ros_intro/ros2_ws/build/service_client/prefix_override:/usr/lib/python3/dist-packages/colcon_core/task/python/colcon_distutils_commands:/home/wbk/wbk_ros_intro/ros2_ws/install/service_client/lib/python3.12/site-packages:/home/wbk/wbk_ros_intro/ros2_ws/install/interfaces/lib/python3.12/site-packages:/home/wbk/wbk_ros_intro/ros2_ws/build/service_client:/home/wbk/wbk_ros_intro/ros2_ws/install/service_client/lib/python3.12/site-packages:/opt/ros/jazzy/lib/python3.12/site-packages /usr/bin/python3 -W ignore:setup.py install is deprecated -W ignore:easy_install command is deprecated setup.py egg_info --egg-base ../../build/service_client build --build-base /home/wbk/wbk_ros_intro/ros2_ws/build/service_client/build install --record /home/wbk/wbk_ros_intro/ros2_ws/build/service_client/install.log --single-version-externally-managed install_data --force
[5.585s] Level 1:colcon.colcon_core.environment:checking '/home/wbk/wbk_ros_intro/ros2_ws/install/service_client' for CMake config files
[5.587s] Level 1:colcon.colcon_core.environment:checking '/home/wbk/wbk_ros_intro/ros2_ws/install/service_client/lib'
[5.588s] Level 1:colcon.colcon_core.environment:checking '/home/wbk/wbk_ros_intro/ros2_ws/install/service_client/bin'
[5.588s] Level 1:colcon.colcon_core.environment:checking '/home/wbk/wbk_ros_intro/ros2_ws/install/service_client/lib/pkgconfig/service_client.pc'
[5.588s] Level 1:colcon.colcon_core.environment:checking '/home/wbk/wbk_ros_intro/ros2_ws/install/service_client/lib/python3.12/site-packages'
[5.588s] Level 1:colcon.colcon_core.shell:create_environment_hook('service_client', 'pythonpath')
[5.588s] INFO:colcon.colcon_core.shell:Creating environment hook '/home/wbk/wbk_ros_intro/ros2_ws/install/service_client/share/service_client/hook/pythonpath.ps1'
[5.589s] INFO:colcon.colcon_core.shell:Creating environment descriptor '/home/wbk/wbk_ros_intro/ros2_ws/install/service_client/share/service_client/hook/pythonpath.dsv'
[5.589s] INFO:colcon.colcon_core.shell:Creating environment hook '/home/wbk/wbk_ros_intro/ros2_ws/install/service_client/share/service_client/hook/pythonpath.sh'
[5.589s] Level 1:colcon.colcon_core.environment:checking '/home/wbk/wbk_ros_intro/ros2_ws/install/service_client/bin'
[5.589s] Level 1:colcon.colcon_core.environment:create_environment_scripts_only(service_client)
[5.590s] INFO:colcon.colcon_core.shell:Creating package script '/home/wbk/wbk_ros_intro/ros2_ws/install/service_client/share/service_client/package.ps1'
[5.590s] INFO:colcon.colcon_core.shell:Creating package descriptor '/home/wbk/wbk_ros_intro/ros2_ws/install/service_client/share/service_client/package.dsv'
[5.590s] INFO:colcon.colcon_core.shell:Creating package script '/home/wbk/wbk_ros_intro/ros2_ws/install/service_client/share/service_client/package.sh'
[5.591s] INFO:colcon.colcon_core.shell:Creating package script '/home/wbk/wbk_ros_intro/ros2_ws/install/service_client/share/service_client/package.bash'
[5.591s] INFO:colcon.colcon_core.shell:Creating package script '/home/wbk/wbk_ros_intro/ros2_ws/install/service_client/share/service_client/package.zsh'
[5.591s] Level 1:colcon.colcon_core.environment:create_file_with_runtime_dependencies(/home/wbk/wbk_ros_intro/ros2_ws/install/service_client/share/colcon-core/packages/service_client)
[5.592s] DEBUG:colcon.colcon_parallel_executor.executor.parallel:closing loop
[5.592s] DEBUG:colcon.colcon_parallel_executor.executor.parallel:loop closed
[5.593s] DEBUG:colcon.colcon_parallel_executor.executor.parallel:run_until_complete finished with '0'
[5.593s] DEBUG:colcon.colcon_core.event_reactor:joining thread
[5.605s] INFO:colcon.colcon_core.plugin_system:Skipping extension 'colcon_notification.desktop_notification.notify_send': Could not find 'notify-send'
[5.605s] INFO:colcon.colcon_core.plugin_system:Skipping extension 'colcon_notification.desktop_notification.terminal_notifier': Not used on non-Darwin systems
[5.605s] INFO:colcon.colcon_core.plugin_system:Skipping extension 'colcon_notification.desktop_notification.win32': Not used on non-Windows systems
[5.605s] INFO:colcon.colcon_notification.desktop_notification:Sending desktop notification using 'notify2'
[5.607s] DEBUG:colcon.colcon_notification.desktop_notification.notify2:Failed to initialize notify2: org.freedesktop.DBus.Error.Spawn.ExecFailed: /usr/bin/dbus-launch terminated abnormally without any error message
[5.608s] DEBUG:colcon.colcon_core.event_reactor:joined thread
[5.609s] INFO:colcon.colcon_core.shell:Creating prefix script '/home/wbk/wbk_ros_intro/ros2_ws/install/local_setup.ps1'
[5.610s] INFO:colcon.colcon_core.shell:Creating prefix util module '/home/wbk/wbk_ros_intro/ros2_ws/install/_local_setup_util_ps1.py'
[5.611s] INFO:colcon.colcon_core.shell:Creating prefix chain script '/home/wbk/wbk_ros_intro/ros2_ws/install/setup.ps1'
[5.613s] INFO:colcon.colcon_core.shell:Creating prefix script '/home/wbk/wbk_ros_intro/ros2_ws/install/local_setup.sh'
[5.613s] INFO:colcon.colcon_core.shell:Creating prefix util module '/home/wbk/wbk_ros_intro/ros2_ws/install/_local_setup_util_sh.py'
[5.614s] INFO:colcon.colcon_core.shell:Creating prefix chain script '/home/wbk/wbk_ros_intro/ros2_ws/install/setup.sh'
[5.615s] INFO:colcon.colcon_core.shell:Creating prefix script '/home/wbk/wbk_ros_intro/ros2_ws/install/local_setup.bash'
[5.616s] INFO:colcon.colcon_core.shell:Creating prefix chain script '/home/wbk/wbk_ros_intro/ros2_ws/install/setup.bash'
[5.616s] INFO:colcon.colcon_core.shell:Creating prefix script '/home/wbk/wbk_ros_intro/ros2_ws/install/local_setup.zsh'
[5.617s] INFO:colcon.colcon_core.shell:Creating prefix chain script '/home/wbk/wbk_ros_intro/ros2_ws/install/setup.zsh'
