[0.009s] Invoking command in '/home/wbk/wbk_ros_intro/build/cpp_project_onboarding': CMAKE_PREFIX_PATH=${CMAKE_PREFIX_PATH}:/opt/ros/jazzy /usr/bin/cmake --build /home/wbk/wbk_ros_intro/build/cpp_project_onboarding -- -j20 -l20
[0.053s] [100%] Built target client1
[0.054s] [100%] Built target server
[0.062s] Invoked command in '/home/wbk/wbk_ros_intro/build/cpp_project_onboarding' returned '0': CMAKE_PREFIX_PATH=${CMAKE_PREFIX_PATH}:/opt/ros/jazzy /usr/bin/cmake --build /home/wbk/wbk_ros_intro/build/cpp_project_onboarding -- -j20 -l20
[0.069s] Invoking command in '/home/wbk/wbk_ros_intro/build/cpp_project_onboarding': CMAKE_PREFIX_PATH=${CMAKE_PREFIX_PATH}:/opt/ros/jazzy /usr/bin/cmake --install /home/wbk/wbk_ros_intro/build/cpp_project_onboarding
[0.075s] -- Install configuration: ""
[0.075s] -- Up-to-date: /home/wbk/wbk_ros_intro/install/cpp_project_onboarding/lib/cpp_project_onboarding/server
[0.075s] -- Up-to-date: /home/wbk/wbk_ros_intro/install/cpp_project_onboarding/lib/cpp_project_onboarding/client1
[0.076s] -- Up-to-date: /home/wbk/wbk_ros_intro/install/cpp_project_onboarding/share/ament_index/resource_index/package_run_dependencies/cpp_project_onboarding
[0.076s] -- Up-to-date: /home/wbk/wbk_ros_intro/install/cpp_project_onboarding/share/ament_index/resource_index/parent_prefix_path/cpp_project_onboarding
[0.076s] -- Up-to-date: /home/wbk/wbk_ros_intro/install/cpp_project_onboarding/share/cpp_project_onboarding/environment/ament_prefix_path.sh
[0.076s] -- Up-to-date: /home/wbk/wbk_ros_intro/install/cpp_project_onboarding/share/cpp_project_onboarding/environment/ament_prefix_path.dsv
[0.076s] -- Up-to-date: /home/wbk/wbk_ros_intro/install/cpp_project_onboarding/share/cpp_project_onboarding/environment/path.sh
[0.076s] -- Up-to-date: /home/wbk/wbk_ros_intro/install/cpp_project_onboarding/share/cpp_project_onboarding/environment/path.dsv
[0.076s] -- Up-to-date: /home/wbk/wbk_ros_intro/install/cpp_project_onboarding/share/cpp_project_onboarding/local_setup.bash
[0.076s] -- Up-to-date: /home/wbk/wbk_ros_intro/install/cpp_project_onboarding/share/cpp_project_onboarding/local_setup.sh
[0.076s] -- Up-to-date: /home/wbk/wbk_ros_intro/install/cpp_project_onboarding/share/cpp_project_onboarding/local_setup.zsh
[0.076s] -- Up-to-date: /home/wbk/wbk_ros_intro/install/cpp_project_onboarding/share/cpp_project_onboarding/local_setup.dsv
[0.076s] -- Installing: /home/wbk/wbk_ros_intro/install/cpp_project_onboarding/share/cpp_project_onboarding/package.dsv
[0.076s] -- Up-to-date: /home/wbk/wbk_ros_intro/install/cpp_project_onboarding/share/ament_index/resource_index/packages/cpp_project_onboarding
[0.076s] -- Up-to-date: /home/wbk/wbk_ros_intro/install/cpp_project_onboarding/share/cpp_project_onboarding/cmake/cpp_project_onboardingConfig.cmake
[0.076s] -- Up-to-date: /home/wbk/wbk_ros_intro/install/cpp_project_onboarding/share/cpp_project_onboarding/cmake/cpp_project_onboardingConfig-version.cmake
[0.076s] -- Up-to-date: /home/wbk/wbk_ros_intro/install/cpp_project_onboarding/share/cpp_project_onboarding/package.xml
[0.077s] Invoked command in '/home/wbk/wbk_ros_intro/build/cpp_project_onboarding' returned '0': CMAKE_PREFIX_PATH=${CMAKE_PREFIX_PATH}:/opt/ros/jazzy /usr/bin/cmake --install /home/wbk/wbk_ros_intro/build/cpp_project_onboarding
