[0.010s] Invoking command in '/home/wbk/wbk_ros_intro/build/cpp_project_onboarding': CMAKE_PREFIX_PATH=${CMAKE_PREFIX_PATH}:/opt/ros/jazzy /usr/bin/cmake --build /home/wbk/wbk_ros_intro/build/cpp_project_onboarding -- -j20 -l20
[0.030s] -- Found ament_cmake: 2.5.4 (/opt/ros/jazzy/share/ament_cmake/cmake)
[0.176s] -- Found rclcpp: 28.1.11 (/opt/ros/jazzy/share/rclcpp/cmake)
[0.193s] -- Found rosidl_generator_c: 4.6.6 (/opt/ros/jazzy/share/rosidl_generator_c/cmake)
[0.199s] -- Found rosidl_generator_cpp: 4.6.6 (/opt/ros/jazzy/share/rosidl_generator_cpp/cmake)
[0.207s] -- Using all available rosidl_typesupport_c: rosidl_typesupport_fastrtps_c;rosidl_typesupport_introspection_c
[0.216s] -- Using all available rosidl_typesupport_cpp: rosidl_typesupport_fastrtps_cpp;rosidl_typesupport_introspection_cpp
[0.258s] -- Found rmw_implementation_cmake: 7.3.2 (/opt/ros/jazzy/share/rmw_implementation_cmake/cmake)
[0.259s] -- Found rmw_fastrtps_cpp: 8.4.3 (/opt/ros/jazzy/share/rmw_fastrtps_cpp/cmake)
[0.303s] -- Using RMW implementation 'rmw_fastrtps_cpp' as default
[0.419s] -- Configuring done (0.4s)
[0.430s] -- Generating done (0.0s)
[0.435s] -- Build files have been written to: /home/wbk/wbk_ros_intro/build/cpp_project_onboarding
[0.464s] [ 16%] [32mBuilding CXX object CMakeFiles/musician.dir/src/musician.cpp.o[0m
[0.471s] [ 50%] Built target concertserver
[0.471s] [ 83%] Built target customer
[2.453s] [100%] [32m[1mLinking CXX executable musician[0m
[2.528s] [100%] Built target musician
[2.537s] Invoked command in '/home/wbk/wbk_ros_intro/build/cpp_project_onboarding' returned '0': CMAKE_PREFIX_PATH=${CMAKE_PREFIX_PATH}:/opt/ros/jazzy /usr/bin/cmake --build /home/wbk/wbk_ros_intro/build/cpp_project_onboarding -- -j20 -l20
[2.544s] Invoking command in '/home/wbk/wbk_ros_intro/build/cpp_project_onboarding': CMAKE_PREFIX_PATH=${CMAKE_PREFIX_PATH}:/opt/ros/jazzy /usr/bin/cmake --install /home/wbk/wbk_ros_intro/build/cpp_project_onboarding
[2.549s] -- Install configuration: ""
[2.549s] -- Installing: /home/wbk/wbk_ros_intro/install/cpp_project_onboarding/lib/cpp_project_onboarding/concertserver
[2.550s] -- Set non-toolchain portion of runtime path of "/home/wbk/wbk_ros_intro/install/cpp_project_onboarding/lib/cpp_project_onboarding/concertserver" to ""
[2.550s] -- Installing: /home/wbk/wbk_ros_intro/install/cpp_project_onboarding/lib/cpp_project_onboarding/customer
[2.550s] -- Set non-toolchain portion of runtime path of "/home/wbk/wbk_ros_intro/install/cpp_project_onboarding/lib/cpp_project_onboarding/customer" to ""
[2.550s] -- Installing: /home/wbk/wbk_ros_intro/install/cpp_project_onboarding/lib/cpp_project_onboarding/musician
[2.551s] -- Set non-toolchain portion of runtime path of "/home/wbk/wbk_ros_intro/install/cpp_project_onboarding/lib/cpp_project_onboarding/musician" to ""
[2.551s] -- Up-to-date: /home/wbk/wbk_ros_intro/install/cpp_project_onboarding/share/ament_index/resource_index/package_run_dependencies/cpp_project_onboarding
[2.551s] -- Up-to-date: /home/wbk/wbk_ros_intro/install/cpp_project_onboarding/share/ament_index/resource_index/parent_prefix_path/cpp_project_onboarding
[2.551s] -- Up-to-date: /home/wbk/wbk_ros_intro/install/cpp_project_onboarding/share/cpp_project_onboarding/environment/ament_prefix_path.sh
[2.551s] -- Up-to-date: /home/wbk/wbk_ros_intro/install/cpp_project_onboarding/share/cpp_project_onboarding/environment/ament_prefix_path.dsv
[2.551s] -- Up-to-date: /home/wbk/wbk_ros_intro/install/cpp_project_onboarding/share/cpp_project_onboarding/environment/path.sh
[2.551s] -- Up-to-date: /home/wbk/wbk_ros_intro/install/cpp_project_onboarding/share/cpp_project_onboarding/environment/path.dsv
[2.551s] -- Up-to-date: /home/wbk/wbk_ros_intro/install/cpp_project_onboarding/share/cpp_project_onboarding/local_setup.bash
[2.551s] -- Up-to-date: /home/wbk/wbk_ros_intro/install/cpp_project_onboarding/share/cpp_project_onboarding/local_setup.sh
[2.551s] -- Up-to-date: /home/wbk/wbk_ros_intro/install/cpp_project_onboarding/share/cpp_project_onboarding/local_setup.zsh
[2.551s] -- Up-to-date: /home/wbk/wbk_ros_intro/install/cpp_project_onboarding/share/cpp_project_onboarding/local_setup.dsv
[2.551s] -- Installing: /home/wbk/wbk_ros_intro/install/cpp_project_onboarding/share/cpp_project_onboarding/package.dsv
[2.552s] -- Up-to-date: /home/wbk/wbk_ros_intro/install/cpp_project_onboarding/share/ament_index/resource_index/packages/cpp_project_onboarding
[2.552s] -- Up-to-date: /home/wbk/wbk_ros_intro/install/cpp_project_onboarding/share/cpp_project_onboarding/cmake/cpp_project_onboardingConfig.cmake
[2.552s] -- Up-to-date: /home/wbk/wbk_ros_intro/install/cpp_project_onboarding/share/cpp_project_onboarding/cmake/cpp_project_onboardingConfig-version.cmake
[2.552s] -- Up-to-date: /home/wbk/wbk_ros_intro/install/cpp_project_onboarding/share/cpp_project_onboarding/package.xml
[2.553s] Invoked command in '/home/wbk/wbk_ros_intro/build/cpp_project_onboarding' returned '0': CMAKE_PREFIX_PATH=${CMAKE_PREFIX_PATH}:/opt/ros/jazzy /usr/bin/cmake --install /home/wbk/wbk_ros_intro/build/cpp_project_onboarding
