[0.777s] Invoking command in '/home/wbk/wbk_ros_intro/ros2_ws_practice/src/py_pubsub': PYTHONPATH=/home/wbk/wbk_ros_intro/ros2_ws_practice/build/py_pubsub/prefix_override:/usr/lib/python3/dist-packages/colcon_core/task/python/colcon_distutils_commands:/home/wbk/wbk_ros_intro/ros2_ws_practice/install/py_pubsub/lib/python3.12/site-packages:${PYTHONPATH} /usr/bin/python3 -W ignore:setup.py install is deprecated -W ignore:easy_install command is deprecated setup.py egg_info --egg-base ../../build/py_pubsub build --build-base /home/wbk/wbk_ros_intro/ros2_ws_practice/build/py_pubsub/build install --record /home/wbk/wbk_ros_intro/ros2_ws_practice/build/py_pubsub/install.log --single-version-externally-managed install_data
[0.958s] running egg_info
[0.969s] writing ../../build/py_pubsub/py_pubsub.egg-info/PKG-INFO
[0.969s] writing dependency_links to ../../build/py_pubsub/py_pubsub.egg-info/dependency_links.txt
[0.969s] writing entry points to ../../build/py_pubsub/py_pubsub.egg-info/entry_points.txt
[0.969s] writing requirements to ../../build/py_pubsub/py_pubsub.egg-info/requires.txt
[0.969s] writing top-level names to ../../build/py_pubsub/py_pubsub.egg-info/top_level.txt
[0.991s] reading manifest file '../../build/py_pubsub/py_pubsub.egg-info/SOURCES.txt'
[0.992s] adding license file 'LICENSE'
[0.993s] writing manifest file '../../build/py_pubsub/py_pubsub.egg-info/SOURCES.txt'
[0.993s] running build
[0.993s] running build_py
[0.993s] copying py_pubsub/publisher_member_function.py -> /home/wbk/wbk_ros_intro/ros2_ws_practice/build/py_pubsub/build/lib/py_pubsub
[0.993s] copying py_pubsub/subscriber_member_function.py -> /home/wbk/wbk_ros_intro/ros2_ws_practice/build/py_pubsub/build/lib/py_pubsub
[0.993s] running install
[0.999s] running install_lib
[1.009s] copying /home/wbk/wbk_ros_intro/ros2_ws_practice/build/py_pubsub/build/lib/py_pubsub/publisher_member_function.py -> /home/wbk/wbk_ros_intro/ros2_ws_practice/install/py_pubsub/lib/python3.12/site-packages/py_pubsub
[1.010s] copying /home/wbk/wbk_ros_intro/ros2_ws_practice/build/py_pubsub/build/lib/py_pubsub/subscriber_member_function.py -> /home/wbk/wbk_ros_intro/ros2_ws_practice/install/py_pubsub/lib/python3.12/site-packages/py_pubsub
[1.010s] byte-compiling /home/wbk/wbk_ros_intro/ros2_ws_practice/install/py_pubsub/lib/python3.12/site-packages/py_pubsub/publisher_member_function.py to publisher_member_function.cpython-312.pyc
[1.011s] byte-compiling /home/wbk/wbk_ros_intro/ros2_ws_practice/install/py_pubsub/lib/python3.12/site-packages/py_pubsub/subscriber_member_function.py to subscriber_member_function.cpython-312.pyc
[1.011s] running install_data
[1.011s] copying package.xml -> /home/wbk/wbk_ros_intro/ros2_ws_practice/install/py_pubsub/share/py_pubsub
[1.011s] running install_egg_info
[1.024s] removing '/home/wbk/wbk_ros_intro/ros2_ws_practice/install/py_pubsub/lib/python3.12/site-packages/py_pubsub-0.0.0-py3.12.egg-info' (and everything under it)
[1.025s] Copying ../../build/py_pubsub/py_pubsub.egg-info to /home/wbk/wbk_ros_intro/ros2_ws_practice/install/py_pubsub/lib/python3.12/site-packages/py_pubsub-0.0.0-py3.12.egg-info
[1.026s] running install_scripts
[1.111s] Installing listener script to /home/wbk/wbk_ros_intro/ros2_ws_practice/install/py_pubsub/lib/py_pubsub
[1.111s] Installing talker script to /home/wbk/wbk_ros_intro/ros2_ws_practice/install/py_pubsub/lib/py_pubsub
[1.111s] writing list of installed files to '/home/wbk/wbk_ros_intro/ros2_ws_practice/build/py_pubsub/install.log'
[1.137s] Invoked command in '/home/wbk/wbk_ros_intro/ros2_ws_practice/src/py_pubsub' returned '0': PYTHONPATH=/home/wbk/wbk_ros_intro/ros2_ws_practice/build/py_pubsub/prefix_override:/usr/lib/python3/dist-packages/colcon_core/task/python/colcon_distutils_commands:/home/wbk/wbk_ros_intro/ros2_ws_practice/install/py_pubsub/lib/python3.12/site-packages:${PYTHONPATH} /usr/bin/python3 -W ignore:setup.py install is deprecated -W ignore:easy_install command is deprecated setup.py egg_info --egg-base ../../build/py_pubsub build --build-base /home/wbk/wbk_ros_intro/ros2_ws_practice/build/py_pubsub/build install --record /home/wbk/wbk_ros_intro/ros2_ws_practice/build/py_pubsub/install.log --single-version-externally-managed install_data
