[0.028s] Invoking command in '/home/wbk/wbk_ros_intro/ros2_ws/build/interfaces': CMAKE_PREFIX_PATH=${CMAKE_PREFIX_PATH}:/home/wbk/wbk_ros_intro/ros2_ws/install/service_client:/opt/ros/jazzy /usr/bin/cmake --build /home/wbk/wbk_ros_intro/ros2_ws/build/interfaces -- -j16 -l16
[0.072s] -- Found ament_cmake: 2.5.4 (/opt/ros/jazzy/share/ament_cmake/cmake)
[0.106s] -- Found Python3: /usr/bin/python3 (found version "3.12.3") found components: Interpreter 
[0.230s] -- Found geometry_msgs: 5.3.6 (/opt/ros/jazzy/share/geometry_msgs/cmake)
[0.265s] -- Found rosidl_generator_c: 4.6.6 (/opt/ros/jazzy/share/rosidl_generator_c/cmake)
[0.276s] -- Found rosidl_generator_cpp: 4.6.6 (/opt/ros/jazzy/share/rosidl_generator_cpp/cmake)
[0.290s] -- Using all available rosidl_typesupport_c: rosidl_typesupport_fastrtps_c;rosidl_typesupport_introspection_c
[0.305s] -- Using all available rosidl_typesupport_cpp: rosidl_typesupport_fastrtps_cpp;rosidl_typesupport_introspection_cpp
[0.359s] -- Found rosidl_default_generators: 1.6.0 (/opt/ros/jazzy/share/rosidl_default_generators/cmake)
[0.371s] -- Found rosidl_adapter: 4.6.6 (/opt/ros/jazzy/share/rosidl_adapter/cmake)
[0.513s] [31mCMake Error at /opt/ros/jazzy/share/rosidl_adapter/cmake/rosidl_adapt_interfaces.cmake:57 (message):
[0.513s]   execute_process(/usr/bin/python3 -m rosidl_adapter --package-name
[0.513s]   interfaces --arguments-file
[0.513s]   /home/wbk/wbk_ros_intro/ros2_ws/build/interfaces/rosidl_adapter__arguments__interfaces.json
[0.514s]   --output-dir
[0.514s]   /home/wbk/wbk_ros_intro/ros2_ws/build/interfaces/rosidl_adapter/interfaces
[0.514s]   --output-file
[0.514s]   /home/wbk/wbk_ros_intro/ros2_ws/build/interfaces/rosidl_adapter/interfaces.idls)
[0.514s]   returned error code 1:
[0.514s] 
[0.514s]   Error processing 'uint id' of 'interfaces/Ticket_Request': ''uint' is an
[0.514s]   invalid message name.  It should have the pattern '^[A-Z][A-Za-z0-9]*$''
[0.514s] 
[0.514s]   Traceback (most recent call last):
[0.515s] 
[0.515s]     File "<frozen runpy>", line 198, in _run_module_as_main
[0.515s]     File "<frozen runpy>", line 88, in _run_code
[0.515s]     File "/opt/ros/jazzy/lib/python3.12/site-packages/rosidl_adapter/__main__.py", line 19, in <module>
[0.515s]       sys.exit(main())
[0.515s]                ^^^^^^
[0.515s]     File "/opt/ros/jazzy/lib/python3.12/site-packages/rosidl_adapter/main.py", line 53, in main
[0.515s]       abs_idl_file = convert_to_idl(
[0.515s]                      ^^^^^^^^^^^^^^^
[0.515s]     File "/opt/ros/jazzy/lib/python3.12/site-packages/rosidl_adapter/__init__.py", line 24, in convert_to_idl
[0.515s]       return convert_srv_to_idl(
[0.516s]              ^^^^^^^^^^^^^^^^^^^
[0.516s]     File "/opt/ros/jazzy/lib/python3.12/site-packages/rosidl_adapter/srv/__init__.py", line 28, in convert_srv_to_idl
[0.516s]       srv = parse_service_string(package_name, input_file.stem, content)
[0.516s]             ^^^^^^^^^^^^^^^^^^^^^^^^^^^^^^^^^^^^^^^^^^^^^^^^^^^^^^^^^^^^
[0.516s]     File "/opt/ros/jazzy/lib/python3.12/site-packages/rosidl_adapter/parser.py", line 860, in parse_service_string
[0.516s]       request_message = parse_message_string(
[0.516s]                         ^^^^^^^^^^^^^^^^^^^^^
[0.516s]     File "/opt/ros/jazzy/lib/python3.12/site-packages/rosidl_adapter/parser.py", line 521, in parse_message_string
[0.516s]       Type(type_string, context_package_name=pkg_name),
[0.517s]       ^^^^^^^^^^^^^^^^^^^^^^^^^^^^^^^^^^^^^^^^^^^^^^^^
[0.517s]     File "/opt/ros/jazzy/lib/python3.12/site-packages/rosidl_adapter/parser.py", line 278, in __init__
[0.517s]       super(Type, self).__init__(
[0.517s]     File "/opt/ros/jazzy/lib/python3.12/site-packages/rosidl_adapter/parser.py", line 206, in __init__
[0.517s]       raise InvalidResourceName(
[0.517s] 
[0.517s]   rosidl_adapter.parser.InvalidResourceName: 'uint' is an invalid message
[0.517s]   name.  It should have the pattern '^[A-Z][A-Za-z0-9]*$'
[0.518s] 
[0.518s] Call Stack (most recent call first):
[0.518s]   /opt/ros/jazzy/share/rosidl_cmake/cmake/rosidl_generate_interfaces.cmake:132 (rosidl_adapt_interfaces)
[0.518s]   CMakeLists.txt:13 (rosidl_generate_interfaces)
[0.518s] 
[0.518s] [0m
[0.518s] -- Configuring incomplete, errors occurred!
[0.521s] gmake: *** [Makefile:1085: cmake_check_build_system] Error 1
[0.524s] Invoked command in '/home/wbk/wbk_ros_intro/ros2_ws/build/interfaces' returned '2': CMAKE_PREFIX_PATH=${CMAKE_PREFIX_PATH}:/home/wbk/wbk_ros_intro/ros2_ws/install/service_client:/opt/ros/jazzy /usr/bin/cmake --build /home/wbk/wbk_ros_intro/ros2_ws/build/interfaces -- -j16 -l16
