[  2%] Built target more_interfaces__rosidl_generator_type_description
[  2%] Built target ament_cmake_python_copy_more_interfaces
[  5%] Built target more_interfaces__cpp
[ 19%] Built target more_interfaces__rosidl_generator_c
[ 27%] Built target more_interfaces__rosidl_typesupport_fastrtps_c
[ 36%] Built target more_interfaces__rosidl_typesupport_cpp
[ 44%] Built target more_interfaces__rosidl_typesupport_introspection_c
[ 61%] Built target more_interfaces__rosidl_typesupport_c
[ 61%] Built target more_interfaces__rosidl_typesupport_introspection_cpp
[ 69%] Built target more_interfaces__rosidl_typesupport_fastrtps_cpp
[ 72%] [32mBuilding CXX object CMakeFiles/server.dir/src/server.cpp.o[0m
[ 72%] Built target more_interfaces
[ 75%] Built target more_interfaces__py
[ 80%] Built target more_interfaces__rosidl_generator_py
[ 86%] [32mBuilding C object CMakeFiles/more_interfaces_s__rosidl_typesupport_fastrtps_c.dir/rosidl_generator_py/more_interfaces/_more_interfaces_s.ep.rosidl_typesupport_fastrtps_c.c.o[0m
[ 86%] [32mBuilding C object CMakeFiles/more_interfaces_s__rosidl_typesupport_c.dir/rosidl_generator_py/more_interfaces/_more_interfaces_s.ep.rosidl_typesupport_c.c.o[0m
[ 88%] [32mBuilding C object CMakeFiles/more_interfaces_s__rosidl_typesupport_introspection_c.dir/rosidl_generator_py/more_interfaces/_more_interfaces_s.ep.rosidl_typesupport_introspection_c.c.o[0m
running egg_info
writing more_interfaces.egg-info/PKG-INFO
writing dependency_links to more_interfaces.egg-info/dependency_links.txt
writing top-level names to more_interfaces.egg-info/top_level.txt
reading manifest file 'more_interfaces.egg-info/SOURCES.txt'
writing manifest file 'more_interfaces.egg-info/SOURCES.txt'
[ 88%] Built target ament_cmake_python_build_more_interfaces_egg
[ 97%] [32m[1mLinking C shared module rosidl_generator_py/more_interfaces/more_interfaces_s__rosidl_typesupport_introspection_c.so[0m
[ 97%] [32m[1mLinking C shared module rosidl_generator_py/more_interfaces/more_interfaces_s__rosidl_typesupport_fastrtps_c.so[0m
[ 97%] [32m[1mLinking C shared module rosidl_generator_py/more_interfaces/more_interfaces_s__rosidl_typesupport_c.so[0m
[ 97%] Built target more_interfaces_s__rosidl_typesupport_introspection_c
[ 97%] Built target more_interfaces_s__rosidl_typesupport_c
[ 97%] Built target more_interfaces_s__rosidl_typesupport_fastrtps_c
[01m[K/home/wbk/wbk_ros_intro/src/more_interfaces/src/server.cpp:9:34:[m[K [01;31m[Kerror: [m[K‘[01m[Krclpp[m[K’ has not been declared
    9 | class ServerForConcerts : public [01;31m[Krclpp[m[K::Node
      |                                  [01;31m[K^~~~~[m[K
[01m[K/home/wbk/wbk_ros_intro/src/more_interfaces/src/server.cpp:9:41:[m[K [01;31m[Kerror: [m[Kexpected ‘[01m[K{[m[K’ before ‘[01m[KNode[m[K’
    9 | class ServerForConcerts : public rclpp::[01;31m[KNode[m[K
      |                                         [01;31m[K^~~~[m[K
[01m[K/home/wbk/wbk_ros_intro/src/more_interfaces/src/server.cpp:11:1:[m[K [01;31m[Kerror: [m[Kexpected primary-expression before ‘[01m[Kpublic[m[K’
   11 | [01;31m[Kpublic[m[K:
      | [01;31m[K^~~~~~[m[K
[01m[K/home/wbk/wbk_ros_intro/src/more_interfaces/src/server.cpp:11:1:[m[K [01;31m[Kerror: [m[Kexpected ‘[01m[K}[m[K’ before ‘[01m[Kpublic[m[K’
[01m[K/home/wbk/wbk_ros_intro/src/more_interfaces/src/server.cpp:10:1:[m[K [01;36m[Knote: [m[Kto match this ‘[01m[K{[m[K’
   10 | [01;36m[K{[m[K
      | [01;36m[K^[m[K
[01m[K/home/wbk/wbk_ros_intro/src/more_interfaces/src/server.cpp:41:1:[m[K [01;31m[Kerror: [m[Kexpected unqualified-id before ‘[01m[Kprivate[m[K’
   41 | [01;31m[Kprivate[m[K:
      | [01;31m[K^~~~~~~[m[K
[01m[K/home/wbk/wbk_ros_intro/src/more_interfaces/src/server.cpp:44:1:[m[K [01;31m[Kerror: [m[Kexpected declaration before ‘[01m[K}[m[K’ token
   44 | [01;31m[K}[m[K
      | [01;31m[K^[m[K
[01m[K/home/wbk/wbk_ros_intro/src/more_interfaces/src/server.cpp:[m[K In function ‘[01m[Kint[01;32m[K main[m[K(int, char**)[m[K’:
[01m[K/home/wbk/wbk_ros_intro/src/more_interfaces/src/server.cpp:49:15:[m[K [01;31m[Kerror: [m[Kno matching function for call to ‘[01m[Kspin(std::shared_ptr<ServerForConcerts>)[m[K’
   49 |   [01;31m[Krclcpp::spin(std::make_shared<ServerForConcerts>())[m[K;
      |   [01;31m[K~~~~~~~~~~~~^~~~~~~~~~~~~~~~~~~~~~~~~~~~~~~~~~~~~~~[m[K
In file included from [01m[K/opt/ros/jazzy/include/rclcpp/rclcpp/rclcpp.hpp:172[m[K,
                 from [01m[K/home/wbk/wbk_ros_intro/src/more_interfaces/src/server.cpp:4[m[K:
[01m[K/opt/ros/jazzy/include/rclcpp/rclcpp/executors.hpp:58:1:[m[K [01;36m[Knote: [m[Kcandidate: ‘[01m[Kvoid rclcpp::[01;32m[Kspin[m[K(node_interfaces::NodeBaseInterface::SharedPtr)[m[K’
   58 | [01;36m[Kspin[m[K(rclcpp::node_interfaces::NodeBaseInterface::SharedPtr node_ptr);
      | [01;36m[K^~~~[m[K
[01m[K/opt/ros/jazzy/include/rclcpp/rclcpp/executors.hpp:58:60:[m[K [01;36m[Knote: [m[K  no known conversion for argument 1 from ‘[01m[Kshared_ptr<[01;32m[KServerForConcerts[m[K>[m[K’ to ‘[01m[Kshared_ptr<[01;32m[Krclcpp::node_interfaces::NodeBaseInterface[m[K>[m[K’
   58 | spin([01;36m[Krclcpp::node_interfaces::NodeBaseInterface::SharedPtr node_ptr[m[K);
      |      [01;36m[K~~~~~~~~~~~~~~~~~~~~~~~~~~~~~~~~~~~~~~~~~~~~~~~~~~~~~~^~~~~~~~[m[K
[01m[K/opt/ros/jazzy/include/rclcpp/rclcpp/executors.hpp:62:1:[m[K [01;36m[Knote: [m[Kcandidate: ‘[01m[Kvoid rclcpp::[01;32m[Kspin[m[K(Node::SharedPtr)[m[K’
   62 | [01;36m[Kspin[m[K(rclcpp::Node::SharedPtr node_ptr);
      | [01;36m[K^~~~[m[K
[01m[K/opt/ros/jazzy/include/rclcpp/rclcpp/executors.hpp:62:30:[m[K [01;36m[Knote: [m[K  no known conversion for argument 1 from ‘[01m[Kshared_ptr<[01;32m[KServerForConcerts[m[K>[m[K’ to ‘[01m[Kshared_ptr<[01;32m[Krclcpp::Node[m[K>[m[K’
   62 | spin([01;36m[Krclcpp::Node::SharedPtr node_ptr[m[K);
      |      [01;36m[K~~~~~~~~~~~~~~~~~~~~~~~~^~~~~~~~[m[K
In file included from [01m[K/usr/include/c++/13/bits/shared_ptr_base.h:60[m[K,
                 from [01m[K/usr/include/c++/13/bits/shared_ptr.h:53[m[K,
                 from [01m[K/usr/include/c++/13/memory:80[m[K,
                 from [01m[K/home/wbk/wbk_ros_intro/src/more_interfaces/src/server.cpp:2[m[K:
/usr/include/c++/13/ext/aligned_buffer.h: In instantiation of ‘[01m[Kstruct __gnu_cxx::__aligned_buffer<ServerForConcerts>[m[K’:
[01m[K/usr/include/c++/13/bits/shared_ptr_base.h:591:35:[m[K   required from ‘[01m[Kclass std::_Sp_counted_ptr_inplace<ServerForConcerts, std::allocator<void>, __gnu_cxx::_S_atomic>::_Impl[m[K’
[01m[K/usr/include/c++/13/bits/shared_ptr_base.h:652:13:[m[K   required from ‘[01m[Kclass std::_Sp_counted_ptr_inplace<ServerForConcerts, std::allocator<void>, __gnu_cxx::_S_atomic>[m[K’
[01m[K/usr/include/c++/13/bits/shared_ptr_base.h:968:43:[m[K   required from ‘[01m[Kstd::__shared_count<_Lp>::[01;32m[K__shared_count[m[K(_Tp*&, std::_Sp_alloc_shared_tag<_Alloc>, _Args&& ...) [35m[K[with _Tp = ServerForConcerts; _Alloc = std::allocator<void>; _Args = {}; __gnu_cxx::_Lock_policy _Lp = __gnu_cxx::_S_atomic][m[K[m[K’
[01m[K/usr/include/c++/13/bits/shared_ptr_base.h:1712:14:[m[K   required from ‘[01m[Kstd::__shared_ptr<_Tp, _Lp>::[01;32m[K__shared_ptr[m[K(std::_Sp_alloc_shared_tag<_Tp>, _Args&& ...) [35m[K[with _Alloc = std::allocator<void>; _Args = {}; _Tp = ServerForConcerts; __gnu_cxx::_Lock_policy _Lp = __gnu_cxx::_S_atomic][m[K[m[K’
[01m[K/usr/include/c++/13/bits/shared_ptr.h:464:59:[m[K   required from ‘[01m[Kstd::shared_ptr<_Tp>::[01;32m[Kshared_ptr[m[K(std::_Sp_alloc_shared_tag<_Tp>, _Args&& ...) [35m[K[with _Alloc = std::allocator<void>; _Args = {}; _Tp = ServerForConcerts][m[K[m[K’
[01m[K/usr/include/c++/13/bits/shared_ptr.h:1009:14:[m[K   required from ‘[01m[Kstd::shared_ptr<typename std::enable_if<(! std::is_array< <template-parameter-1-1> >::value), _Tp>::type> std::[01;32m[Kmake_shared[m[K(_Args&& ...) [35m[K[with _Tp = ServerForConcerts; _Args = {}; typename enable_if<(! is_array< <template-parameter-1-1> >::value), _Tp>::type = ServerForConcerts][m[K[m[K’
[01m[K/home/wbk/wbk_ros_intro/src/more_interfaces/src/server.cpp:49:51:[m[K   required from here
[01m[K/usr/include/c++/13/ext/aligned_buffer.h:93:28:[m[K [01;31m[Kerror: [m[Kinvalid application of ‘[01m[Ksizeof[m[K’ to incomplete type ‘[01m[KServerForConcerts[m[K’
   93 |     : std::aligned_storage<[01;31m[Ksizeof(_Tp)[m[K, __alignof__(_Tp)>
      |                            [01;31m[K^~~~~~~~~~~[m[K
[01m[K/usr/include/c++/13/ext/aligned_buffer.h:93:28:[m[K [01;31m[Kerror: [m[Kinvalid application of ‘[01m[Ksizeof[m[K’ to incomplete type ‘[01m[KServerForConcerts[m[K’
gmake[2]: *** [CMakeFiles/server.dir/build.make:76: CMakeFiles/server.dir/src/server.cpp.o] Error 1
gmake[1]: *** [CMakeFiles/Makefile2:625: CMakeFiles/server.dir/all] Error 2
gmake: *** [Makefile:146: all] Error 2
