[0.548s] Invoking command in '/home/wbk/wbk_ros_intro/ros2_ws_practice/src/python_parameters': PYTHONPATH=/home/wbk/wbk_ros_intro/ros2_ws_practice/build/python_parameters/prefix_override:/usr/lib/python3/dist-packages/colcon_core/task/python/colcon_distutils_commands:/home/wbk/wbk_ros_intro/ros2_ws_practice/install/python_parameters/lib/python3.12/site-packages:${PYTHONPATH} /usr/bin/python3 -W ignore:setup.py install is deprecated -W ignore:easy_install command is deprecated setup.py egg_info --egg-base ../../build/python_parameters build --build-base /home/wbk/wbk_ros_intro/ros2_ws_practice/build/python_parameters/build install --record /home/wbk/wbk_ros_intro/ros2_ws_practice/build/python_parameters/install.log --single-version-externally-managed install_data
[0.726s] running egg_info
[0.736s] writing ../../build/python_parameters/python_parameters.egg-info/PKG-INFO
[0.737s] writing dependency_links to ../../build/python_parameters/python_parameters.egg-info/dependency_links.txt
[0.737s] writing entry points to ../../build/python_parameters/python_parameters.egg-info/entry_points.txt
[0.737s] writing requirements to ../../build/python_parameters/python_parameters.egg-info/requires.txt
[0.737s] writing top-level names to ../../build/python_parameters/python_parameters.egg-info/top_level.txt
[0.757s] reading manifest file '../../build/python_parameters/python_parameters.egg-info/SOURCES.txt'
[0.757s] adding license file 'LICENSE'
[0.758s] writing manifest file '../../build/python_parameters/python_parameters.egg-info/SOURCES.txt'
[0.758s] running build
[0.758s] running build_py
[0.758s] copying python_parameters/python_parameters_node.py -> /home/wbk/wbk_ros_intro/ros2_ws_practice/build/python_parameters/build/lib/python_parameters
[0.759s] running install
[0.763s] running install_lib
[0.773s] copying /home/wbk/wbk_ros_intro/ros2_ws_practice/build/python_parameters/build/lib/python_parameters/python_parameters_node.py -> /home/wbk/wbk_ros_intro/ros2_ws_practice/install/python_parameters/lib/python3.12/site-packages/python_parameters
[0.774s] byte-compiling /home/wbk/wbk_ros_intro/ros2_ws_practice/install/python_parameters/lib/python3.12/site-packages/python_parameters/python_parameters_node.py to python_parameters_node.cpython-312.pyc
[0.774s] running install_data
[0.775s] running install_egg_info
[0.786s] removing '/home/wbk/wbk_ros_intro/ros2_ws_practice/install/python_parameters/lib/python3.12/site-packages/python_parameters-0.0.0-py3.12.egg-info' (and everything under it)
[0.787s] Copying ../../build/python_parameters/python_parameters.egg-info to /home/wbk/wbk_ros_intro/ros2_ws_practice/install/python_parameters/lib/python3.12/site-packages/python_parameters-0.0.0-py3.12.egg-info
[0.788s] running install_scripts
[0.867s] Installing minimal_param_node script to /home/wbk/wbk_ros_intro/ros2_ws_practice/install/python_parameters/lib/python_parameters
[0.867s] writing list of installed files to '/home/wbk/wbk_ros_intro/ros2_ws_practice/build/python_parameters/install.log'
[0.890s] Invoked command in '/home/wbk/wbk_ros_intro/ros2_ws_practice/src/python_parameters' returned '0': PYTHONPATH=/home/wbk/wbk_ros_intro/ros2_ws_practice/build/python_parameters/prefix_override:/usr/lib/python3/dist-packages/colcon_core/task/python/colcon_distutils_commands:/home/wbk/wbk_ros_intro/ros2_ws_practice/install/python_parameters/lib/python3.12/site-packages:${PYTHONPATH} /usr/bin/python3 -W ignore:setup.py install is deprecated -W ignore:easy_install command is deprecated setup.py egg_info --egg-base ../../build/python_parameters build --build-base /home/wbk/wbk_ros_intro/ros2_ws_practice/build/python_parameters/build install --record /home/wbk/wbk_ros_intro/ros2_ws_practice/build/python_parameters/install.log --single-version-externally-managed install_data
