[0.008s] Invoking command in '/home/wbk/wbk_ros_intro/build/cpp_project_onboarding': CMAKE_PREFIX_PATH=${CMAKE_PREFIX_PATH}:/opt/ros/jazzy /usr/bin/cmake --build /home/wbk/wbk_ros_intro/build/cpp_project_onboarding -- -j20 -l20
[0.051s] [ 33%] Built target musician
[0.054s] [ 66%] [32mBuilding CXX object CMakeFiles/concertserverpublisher.dir/src/concertserver.cpp.o[0m
[0.054s] [ 66%] [32mBuilding CXX object CMakeFiles/customersubscriber.dir/src/customer.cpp.o[0m
[1.591s] [01m[K/home/wbk/wbk_ros_intro/src/cpp_project_onboarding/src/concertserver.cpp:[m[K In constructor ‘[01m[KConcertServerPublisher::[01;32m[KConcertServerPublisher[m[K()[m[K’:
[1.591s] [01m[K/home/wbk/wbk_ros_intro/src/cpp_project_onboarding/src/concertserver.cpp:38:50:[m[K [01;31m[Kerror: [m[Kunable to find numeric literal operator ‘[01m[Koperator""ms[m[K’
[1.591s]    38 |                 timer_ = this->create_wall_timer([01;31m[K500ms[m[K, timer_callback);
[1.591s]       |                                                  [01;31m[K^~~~~[m[K
[1.608s] [01m[K/home/wbk/wbk_ros_intro/src/cpp_project_onboarding/src/customer.cpp:[m[K In constructor ‘[01m[KConcertServerPublisher::[01;32m[KConcertServerPublisher[m[K()[m[K’:
[1.608s] [01m[K/home/wbk/wbk_ros_intro/src/cpp_project_onboarding/src/customer.cpp:23:17:[m[K [01;31m[Kerror: [m[K‘[01m[Ksubscription[m[K’ was not declared in this scope; did you mean ‘[01m[Ksubscription_[m[K’?
[1.608s]    23 |                 [01;31m[Ksubscription[m[K =
[1.608s]       |                 [01;31m[K^~~~~~~~~~~~[m[K
[1.608s]       |                 [32m[Ksubscription_[m[K
[1.613s] [01m[K/home/wbk/wbk_ros_intro/src/cpp_project_onboarding/src/customer.cpp:[m[K In function ‘[01m[Kint[01;32m[K main[m[K(int, char**)[m[K’:
[1.613s] [01m[K/home/wbk/wbk_ros_intro/src/cpp_project_onboarding/src/customer.cpp:49:18:[m[K [01;31m[Kerror: [m[K‘[01m[Knode[m[K’ was not declared in this scope
[1.613s]    49 |     rclcpp::spin([01;31m[Knode[m[K);
[1.613s]       |                  [01;31m[K^~~~[m[K
[2.345s] gmake[2]: *** [CMakeFiles/concertserverpublisher.dir/build.make:76: CMakeFiles/concertserverpublisher.dir/src/concertserver.cpp.o] Error 1
[2.345s] gmake[1]: *** [CMakeFiles/Makefile2:141: CMakeFiles/concertserverpublisher.dir/all] Error 2
[2.345s] gmake[1]: *** Waiting for unfinished jobs....
[2.927s] gmake[2]: *** [CMakeFiles/customersubscriber.dir/build.make:76: CMakeFiles/customersubscriber.dir/src/customer.cpp.o] Error 1
[2.927s] gmake[1]: *** [CMakeFiles/Makefile2:167: CMakeFiles/customersubscriber.dir/all] Error 2
[2.928s] gmake: *** [Makefile:146: all] Error 2
[2.930s] Invoked command in '/home/wbk/wbk_ros_intro/build/cpp_project_onboarding' returned '2': CMAKE_PREFIX_PATH=${CMAKE_PREFIX_PATH}:/opt/ros/jazzy /usr/bin/cmake --build /home/wbk/wbk_ros_intro/build/cpp_project_onboarding -- -j20 -l20
