[0.898s] Invoking command in '/home/wbk/wbk_ros_intro/ros2_ws_practice/src/py_srvcli': PYTHONPATH=/home/wbk/wbk_ros_intro/ros2_ws_practice/build/py_srvcli/prefix_override:/usr/lib/python3/dist-packages/colcon_core/task/python/colcon_distutils_commands:/home/wbk/wbk_ros_intro/ros2_ws_practice/install/py_srvcli/lib/python3.12/site-packages:/home/wbk/wbk_ros_intro/ros2_ws_practice/install/tutorial_interfaces/lib/python3.12/site-packages:/home/wbk/wbk_ros_intro/ros2_ws_practice/install/py_pubsub/lib/python3.12/site-packages:/home/wbk/wbk_ros_intro/ros2_ws_practice/install/turtlesim/lib/python3.12/site-packages:/home/wbk/wbk_ros_intro/ros2_ws_practice/install/py_srvcli/lib/python3.12/site-packages:/home/wbk/wbk_ros_intro/ros2_ws_practice/build/practice_package:/home/wbk/wbk_ros_intro/ros2_ws_practice/install/practice_package/lib/python3.12/site-packages:/home/wbk/wbk_ros_intro/ros2_ws_practice/install/my_package/lib/python3.12/site-packages:/opt/ros/jazzy/lib/python3.12/site-packages /usr/bin/python3 -W ignore:setup.py install is deprecated -W ignore:easy_install command is deprecated setup.py egg_info --egg-base ../../build/py_srvcli build --build-base /home/wbk/wbk_ros_intro/ros2_ws_practice/build/py_srvcli/build install --record /home/wbk/wbk_ros_intro/ros2_ws_practice/build/py_srvcli/install.log --single-version-externally-managed install_data
[1.074s] running egg_info
[1.084s] writing ../../build/py_srvcli/py_srvcli.egg-info/PKG-INFO
[1.084s] writing dependency_links to ../../build/py_srvcli/py_srvcli.egg-info/dependency_links.txt
[1.084s] writing entry points to ../../build/py_srvcli/py_srvcli.egg-info/entry_points.txt
[1.085s] writing requirements to ../../build/py_srvcli/py_srvcli.egg-info/requires.txt
[1.085s] writing top-level names to ../../build/py_srvcli/py_srvcli.egg-info/top_level.txt
[1.106s] reading manifest file '../../build/py_srvcli/py_srvcli.egg-info/SOURCES.txt'
[1.107s] adding license file 'LICENSE'
[1.108s] writing manifest file '../../build/py_srvcli/py_srvcli.egg-info/SOURCES.txt'
[1.108s] running build
[1.108s] running build_py
[1.108s] copying py_srvcli/client_member_function.py -> /home/wbk/wbk_ros_intro/ros2_ws_practice/build/py_srvcli/build/lib/py_srvcli
[1.108s] copying py_srvcli/service_member_function.py -> /home/wbk/wbk_ros_intro/ros2_ws_practice/build/py_srvcli/build/lib/py_srvcli
[1.109s] running install
[1.113s] running install_lib
[1.126s] copying /home/wbk/wbk_ros_intro/ros2_ws_practice/build/py_srvcli/build/lib/py_srvcli/client_member_function.py -> /home/wbk/wbk_ros_intro/ros2_ws_practice/install/py_srvcli/lib/python3.12/site-packages/py_srvcli
[1.126s] copying /home/wbk/wbk_ros_intro/ros2_ws_practice/build/py_srvcli/build/lib/py_srvcli/service_member_function.py -> /home/wbk/wbk_ros_intro/ros2_ws_practice/install/py_srvcli/lib/python3.12/site-packages/py_srvcli
[1.126s] byte-compiling /home/wbk/wbk_ros_intro/ros2_ws_practice/install/py_srvcli/lib/python3.12/site-packages/py_srvcli/client_member_function.py to client_member_function.cpython-312.pyc
[1.127s] byte-compiling /home/wbk/wbk_ros_intro/ros2_ws_practice/install/py_srvcli/lib/python3.12/site-packages/py_srvcli/service_member_function.py to service_member_function.cpython-312.pyc
[1.127s] running install_data
[1.127s] copying package.xml -> /home/wbk/wbk_ros_intro/ros2_ws_practice/install/py_srvcli/share/py_srvcli
[1.127s] running install_egg_info
[1.140s] removing '/home/wbk/wbk_ros_intro/ros2_ws_practice/install/py_srvcli/lib/python3.12/site-packages/py_srvcli-0.0.0-py3.12.egg-info' (and everything under it)
[1.140s] Copying ../../build/py_srvcli/py_srvcli.egg-info to /home/wbk/wbk_ros_intro/ros2_ws_practice/install/py_srvcli/lib/python3.12/site-packages/py_srvcli-0.0.0-py3.12.egg-info
[1.141s] running install_scripts
[1.222s] Installing client script to /home/wbk/wbk_ros_intro/ros2_ws_practice/install/py_srvcli/lib/py_srvcli
[1.223s] Installing service script to /home/wbk/wbk_ros_intro/ros2_ws_practice/install/py_srvcli/lib/py_srvcli
[1.223s] writing list of installed files to '/home/wbk/wbk_ros_intro/ros2_ws_practice/build/py_srvcli/install.log'
[1.249s] Invoked command in '/home/wbk/wbk_ros_intro/ros2_ws_practice/src/py_srvcli' returned '0': PYTHONPATH=/home/wbk/wbk_ros_intro/ros2_ws_practice/build/py_srvcli/prefix_override:/usr/lib/python3/dist-packages/colcon_core/task/python/colcon_distutils_commands:/home/wbk/wbk_ros_intro/ros2_ws_practice/install/py_srvcli/lib/python3.12/site-packages:/home/wbk/wbk_ros_intro/ros2_ws_practice/install/tutorial_interfaces/lib/python3.12/site-packages:/home/wbk/wbk_ros_intro/ros2_ws_practice/install/py_pubsub/lib/python3.12/site-packages:/home/wbk/wbk_ros_intro/ros2_ws_practice/install/turtlesim/lib/python3.12/site-packages:/home/wbk/wbk_ros_intro/ros2_ws_practice/install/py_srvcli/lib/python3.12/site-packages:/home/wbk/wbk_ros_intro/ros2_ws_practice/build/practice_package:/home/wbk/wbk_ros_intro/ros2_ws_practice/install/practice_package/lib/python3.12/site-packages:/home/wbk/wbk_ros_intro/ros2_ws_practice/install/my_package/lib/python3.12/site-packages:/opt/ros/jazzy/lib/python3.12/site-packages /usr/bin/python3 -W ignore:setup.py install is deprecated -W ignore:easy_install command is deprecated setup.py egg_info --egg-base ../../build/py_srvcli build --build-base /home/wbk/wbk_ros_intro/ros2_ws_practice/build/py_srvcli/build install --record /home/wbk/wbk_ros_intro/ros2_ws_practice/build/py_srvcli/install.log --single-version-externally-managed install_data
