[0.668s] Invoking command in '/home/wbk/wbk_ros_intro/ros2_ws_practice/src/py_srvcli': PYTHONPATH=/home/wbk/wbk_ros_intro/ros2_ws_practice/build/py_srvcli/prefix_override:/usr/lib/python3/dist-packages/colcon_core/task/python/colcon_distutils_commands:/home/wbk/wbk_ros_intro/ros2_ws_practice/install/py_srvcli/lib/python3.12/site-packages:${PYTHONPATH} /usr/bin/python3 -W ignore:setup.py install is deprecated -W ignore:easy_install command is deprecated setup.py egg_info --egg-base ../../build/py_srvcli build --build-base /home/wbk/wbk_ros_intro/ros2_ws_practice/build/py_srvcli/build install --record /home/wbk/wbk_ros_intro/ros2_ws_practice/build/py_srvcli/install.log --single-version-externally-managed install_data
[0.842s] running egg_info
[0.853s] writing ../../build/py_srvcli/py_srvcli.egg-info/PKG-INFO
[0.854s] writing dependency_links to ../../build/py_srvcli/py_srvcli.egg-info/dependency_links.txt
[0.854s] writing entry points to ../../build/py_srvcli/py_srvcli.egg-info/entry_points.txt
[0.854s] writing requirements to ../../build/py_srvcli/py_srvcli.egg-info/requires.txt
[0.854s] writing top-level names to ../../build/py_srvcli/py_srvcli.egg-info/top_level.txt
[0.875s] reading manifest file '../../build/py_srvcli/py_srvcli.egg-info/SOURCES.txt'
[0.875s] adding license file 'LICENSE'
[0.876s] writing manifest file '../../build/py_srvcli/py_srvcli.egg-info/SOURCES.txt'
[0.876s] running build
[0.876s] running build_py
[0.876s] copying py_srvcli/client_member_function.py -> /home/wbk/wbk_ros_intro/ros2_ws_practice/build/py_srvcli/build/lib/py_srvcli
[0.876s] copying py_srvcli/service_member_function.py -> /home/wbk/wbk_ros_intro/ros2_ws_practice/build/py_srvcli/build/lib/py_srvcli
[0.876s] running install
[0.881s] running install_lib
[0.892s] copying /home/wbk/wbk_ros_intro/ros2_ws_practice/build/py_srvcli/build/lib/py_srvcli/client_member_function.py -> /home/wbk/wbk_ros_intro/ros2_ws_practice/install/py_srvcli/lib/python3.12/site-packages/py_srvcli
[0.892s] copying /home/wbk/wbk_ros_intro/ros2_ws_practice/build/py_srvcli/build/lib/py_srvcli/service_member_function.py -> /home/wbk/wbk_ros_intro/ros2_ws_practice/install/py_srvcli/lib/python3.12/site-packages/py_srvcli
[0.892s] byte-compiling /home/wbk/wbk_ros_intro/ros2_ws_practice/install/py_srvcli/lib/python3.12/site-packages/py_srvcli/client_member_function.py to client_member_function.cpython-312.pyc
[0.893s] byte-compiling /home/wbk/wbk_ros_intro/ros2_ws_practice/install/py_srvcli/lib/python3.12/site-packages/py_srvcli/service_member_function.py to service_member_function.cpython-312.pyc
[0.894s] running install_data
[0.894s] copying package.xml -> /home/wbk/wbk_ros_intro/ros2_ws_practice/install/py_srvcli/share/py_srvcli
[0.894s] running install_egg_info
[0.905s] removing '/home/wbk/wbk_ros_intro/ros2_ws_practice/install/py_srvcli/lib/python3.12/site-packages/py_srvcli-0.0.0-py3.12.egg-info' (and everything under it)
[0.905s] Copying ../../build/py_srvcli/py_srvcli.egg-info to /home/wbk/wbk_ros_intro/ros2_ws_practice/install/py_srvcli/lib/python3.12/site-packages/py_srvcli-0.0.0-py3.12.egg-info
[0.907s] running install_scripts
[0.986s] Installing client script to /home/wbk/wbk_ros_intro/ros2_ws_practice/install/py_srvcli/lib/py_srvcli
[0.987s] Installing service script to /home/wbk/wbk_ros_intro/ros2_ws_practice/install/py_srvcli/lib/py_srvcli
[0.987s] writing list of installed files to '/home/wbk/wbk_ros_intro/ros2_ws_practice/build/py_srvcli/install.log'
[1.008s] Invoked command in '/home/wbk/wbk_ros_intro/ros2_ws_practice/src/py_srvcli' returned '0': PYTHONPATH=/home/wbk/wbk_ros_intro/ros2_ws_practice/build/py_srvcli/prefix_override:/usr/lib/python3/dist-packages/colcon_core/task/python/colcon_distutils_commands:/home/wbk/wbk_ros_intro/ros2_ws_practice/install/py_srvcli/lib/python3.12/site-packages:${PYTHONPATH} /usr/bin/python3 -W ignore:setup.py install is deprecated -W ignore:easy_install command is deprecated setup.py egg_info --egg-base ../../build/py_srvcli build --build-base /home/wbk/wbk_ros_intro/ros2_ws_practice/build/py_srvcli/build install --record /home/wbk/wbk_ros_intro/ros2_ws_practice/build/py_srvcli/install.log --single-version-externally-managed install_data
