running egg_info
writing ../../build/service_client/service_client.egg-info/PKG-INFO
writing dependency_links to ../../build/service_client/service_client.egg-info/dependency_links.txt
writing entry points to ../../build/service_client/service_client.egg-info/entry_points.txt
writing requirements to ../../build/service_client/service_client.egg-info/requires.txt
writing top-level names to ../../build/service_client/service_client.egg-info/top_level.txt
reading manifest file '../../build/service_client/service_client.egg-info/SOURCES.txt'
adding license file 'LICENSE'
writing manifest file '../../build/service_client/service_client.egg-info/SOURCES.txt'
running build
running build_py
copying service_client/client_node.py -> /home/wbk/wbk_ros_intro/ros2_ws/build/service_client/build/lib/service_client
copying service_client/server_node.py -> /home/wbk/wbk_ros_intro/ros2_ws/build/service_client/build/lib/service_client
running install
running install_lib
copying /home/wbk/wbk_ros_intro/ros2_ws/build/service_client/build/lib/service_client/client_node.py -> /home/wbk/wbk_ros_intro/ros2_ws/install/service_client/lib/python3.12/site-packages/service_client
copying /home/wbk/wbk_ros_intro/ros2_ws/build/service_client/build/lib/service_client/server_node.py -> /home/wbk/wbk_ros_intro/ros2_ws/install/service_client/lib/python3.12/site-packages/service_client
byte-compiling /home/wbk/wbk_ros_intro/ros2_ws/install/service_client/lib/python3.12/site-packages/service_client/client_node.py to client_node.cpython-312.pyc
byte-compiling /home/wbk/wbk_ros_intro/ros2_ws/install/service_client/lib/python3.12/site-packages/service_client/server_node.py to server_node.cpython-312.pyc
running install_data
running install_egg_info
removing '/home/wbk/wbk_ros_intro/ros2_ws/install/service_client/lib/python3.12/site-packages/service_client-0.0.0-py3.12.egg-info' (and everything under it)
Copying ../../build/service_client/service_client.egg-info to /home/wbk/wbk_ros_intro/ros2_ws/install/service_client/lib/python3.12/site-packages/service_client-0.0.0-py3.12.egg-info
running install_scripts
Installing client_node script to /home/wbk/wbk_ros_intro/ros2_ws/install/service_client/lib/service_client
Installing server_node script to /home/wbk/wbk_ros_intro/ros2_ws/install/service_client/lib/service_client
writing list of installed files to '/home/wbk/wbk_ros_intro/ros2_ws/build/service_client/install.log'
