[0.911s] Invoking command in '/home/wbk/wbk_ros_intro/ros2_ws/src/service_client': PYTHONPATH=/home/wbk/wbk_ros_intro/ros2_ws/build/service_client/prefix_override:/usr/lib/python3/dist-packages/colcon_core/task/python/colcon_distutils_commands:/home/wbk/wbk_ros_intro/ros2_ws/install/service_client/lib/python3.12/site-packages:/home/wbk/wbk_ros_intro/ros2_ws/install/interfaces/lib/python3.12/site-packages:/home/wbk/wbk_ros_intro/ros2_ws/build/service_client:/home/wbk/wbk_ros_intro/ros2_ws/install/service_client/lib/python3.12/site-packages:/opt/ros/jazzy/lib/python3.12/site-packages /usr/bin/python3 -W ignore:setup.py install is deprecated -W ignore:easy_install command is deprecated setup.py egg_info --egg-base ../../build/service_client build --build-base /home/wbk/wbk_ros_intro/ros2_ws/build/service_client/build install --record /home/wbk/wbk_ros_intro/ros2_ws/build/service_client/install.log --single-version-externally-managed install_data
[1.207s] running egg_info
[1.225s] writing ../../build/service_client/service_client.egg-info/PKG-INFO
[1.227s] writing dependency_links to ../../build/service_client/service_client.egg-info/dependency_links.txt
[1.227s] writing entry points to ../../build/service_client/service_client.egg-info/entry_points.txt
[1.227s] writing requirements to ../../build/service_client/service_client.egg-info/requires.txt
[1.227s] writing top-level names to ../../build/service_client/service_client.egg-info/top_level.txt
[1.269s] reading manifest file '../../build/service_client/service_client.egg-info/SOURCES.txt'
[1.270s] adding license file 'LICENSE'
[1.271s] writing manifest file '../../build/service_client/service_client.egg-info/SOURCES.txt'
[1.273s] running build
[1.273s] running build_py
[1.273s] copying service_client/client_node.py -> /home/wbk/wbk_ros_intro/ros2_ws/build/service_client/build/lib/service_client
[1.274s] running install
[1.280s] running install_lib
[1.295s] copying /home/wbk/wbk_ros_intro/ros2_ws/build/service_client/build/lib/service_client/client_node.py -> /home/wbk/wbk_ros_intro/ros2_ws/install/service_client/lib/python3.12/site-packages/service_client
[1.297s] byte-compiling /home/wbk/wbk_ros_intro/ros2_ws/install/service_client/lib/python3.12/site-packages/service_client/client_node.py to client_node.cpython-312.pyc
[1.298s] running install_data
[1.299s] running install_egg_info
[1.316s] removing '/home/wbk/wbk_ros_intro/ros2_ws/install/service_client/lib/python3.12/site-packages/service_client-0.0.0-py3.12.egg-info' (and everything under it)
[1.317s] Copying ../../build/service_client/service_client.egg-info to /home/wbk/wbk_ros_intro/ros2_ws/install/service_client/lib/python3.12/site-packages/service_client-0.0.0-py3.12.egg-info
[1.319s] running install_scripts
[1.429s] Installing client_node script to /home/wbk/wbk_ros_intro/ros2_ws/install/service_client/lib/service_client
[1.430s] Installing server_node script to /home/wbk/wbk_ros_intro/ros2_ws/install/service_client/lib/service_client
[1.430s] writing list of installed files to '/home/wbk/wbk_ros_intro/ros2_ws/build/service_client/install.log'
[1.455s] Invoked command in '/home/wbk/wbk_ros_intro/ros2_ws/src/service_client' returned '0': PYTHONPATH=/home/wbk/wbk_ros_intro/ros2_ws/build/service_client/prefix_override:/usr/lib/python3/dist-packages/colcon_core/task/python/colcon_distutils_commands:/home/wbk/wbk_ros_intro/ros2_ws/install/service_client/lib/python3.12/site-packages:/home/wbk/wbk_ros_intro/ros2_ws/install/interfaces/lib/python3.12/site-packages:/home/wbk/wbk_ros_intro/ros2_ws/build/service_client:/home/wbk/wbk_ros_intro/ros2_ws/install/service_client/lib/python3.12/site-packages:/opt/ros/jazzy/lib/python3.12/site-packages /usr/bin/python3 -W ignore:setup.py install is deprecated -W ignore:easy_install command is deprecated setup.py egg_info --egg-base ../../build/service_client build --build-base /home/wbk/wbk_ros_intro/ros2_ws/build/service_client/build install --record /home/wbk/wbk_ros_intro/ros2_ws/build/service_client/install.log --single-version-externally-managed install_data
