[0.541s] Invoking command in '/home/wbk/wbk_ros_intro/ros2_ws_practice/build/my_package': PYTHONPATH=/home/wbk/wbk_ros_intro/ros2_ws_practice/build/my_package/prefix_override:/usr/lib/python3/dist-packages/colcon_core/task/python/colcon_distutils_commands:/home/wbk/wbk_ros_intro/ros2_ws_practice/install/my_package/lib/python3.12/site-packages:${PYTHONPATH} /usr/bin/python3 -W ignore:setup.py install is deprecated -W ignore:easy_install command is deprecated setup.py develop --uninstall --editable --build-directory /home/wbk/wbk_ros_intro/ros2_ws_practice/build/my_package/build
[0.741s] running develop
[0.845s] Removing /home/wbk/wbk_ros_intro/ros2_ws_practice/install/my_package/lib/python3.12/site-packages/my-package.egg-link (link to .)
[0.869s] Invoked command in '/home/wbk/wbk_ros_intro/ros2_ws_practice/build/my_package' returned '0': PYTHONPATH=/home/wbk/wbk_ros_intro/ros2_ws_practice/build/my_package/prefix_override:/usr/lib/python3/dist-packages/colcon_core/task/python/colcon_distutils_commands:/home/wbk/wbk_ros_intro/ros2_ws_practice/install/my_package/lib/python3.12/site-packages:${PYTHONPATH} /usr/bin/python3 -W ignore:setup.py install is deprecated -W ignore:easy_install command is deprecated setup.py develop --uninstall --editable --build-directory /home/wbk/wbk_ros_intro/ros2_ws_practice/build/my_package/build
[0.870s] Invoking command in '/home/wbk/wbk_ros_intro/ros2_ws_practice/src/my_package': PYTHONPATH=/home/wbk/wbk_ros_intro/ros2_ws_practice/build/my_package/prefix_override:/usr/lib/python3/dist-packages/colcon_core/task/python/colcon_distutils_commands:/home/wbk/wbk_ros_intro/ros2_ws_practice/install/my_package/lib/python3.12/site-packages:${PYTHONPATH} /usr/bin/python3 -W ignore:setup.py install is deprecated -W ignore:easy_install command is deprecated setup.py egg_info --egg-base ../../build/my_package build --build-base /home/wbk/wbk_ros_intro/ros2_ws_practice/build/my_package/build install --record /home/wbk/wbk_ros_intro/ros2_ws_practice/build/my_package/install.log --single-version-externally-managed install_data --force
[1.035s] running egg_info
[1.045s] writing ../../build/my_package/my_package.egg-info/PKG-INFO
[1.045s] writing dependency_links to ../../build/my_package/my_package.egg-info/dependency_links.txt
[1.045s] writing entry points to ../../build/my_package/my_package.egg-info/entry_points.txt
[1.045s] writing requirements to ../../build/my_package/my_package.egg-info/requires.txt
[1.046s] writing top-level names to ../../build/my_package/my_package.egg-info/top_level.txt
[1.066s] reading manifest file '../../build/my_package/my_package.egg-info/SOURCES.txt'
[1.066s] adding license file 'LICENSE'
[1.067s] writing manifest file '../../build/my_package/my_package.egg-info/SOURCES.txt'
[1.067s] running build
[1.067s] running build_py
[1.067s] copying my_package/my_node.py -> /home/wbk/wbk_ros_intro/ros2_ws_practice/build/my_package/build/lib/my_package
[1.067s] copying my_package/__init__.py -> /home/wbk/wbk_ros_intro/ros2_ws_practice/build/my_package/build/lib/my_package
[1.068s] running install
[1.072s] running install_lib
[1.083s] creating /home/wbk/wbk_ros_intro/ros2_ws_practice/install/my_package/lib/python3.12/site-packages/my_package
[1.083s] copying /home/wbk/wbk_ros_intro/ros2_ws_practice/build/my_package/build/lib/my_package/my_node.py -> /home/wbk/wbk_ros_intro/ros2_ws_practice/install/my_package/lib/python3.12/site-packages/my_package
[1.083s] copying /home/wbk/wbk_ros_intro/ros2_ws_practice/build/my_package/build/lib/my_package/__init__.py -> /home/wbk/wbk_ros_intro/ros2_ws_practice/install/my_package/lib/python3.12/site-packages/my_package
[1.084s] byte-compiling /home/wbk/wbk_ros_intro/ros2_ws_practice/install/my_package/lib/python3.12/site-packages/my_package/my_node.py to my_node.cpython-312.pyc
[1.084s] byte-compiling /home/wbk/wbk_ros_intro/ros2_ws_practice/install/my_package/lib/python3.12/site-packages/my_package/__init__.py to __init__.cpython-312.pyc
[1.084s] running install_data
[1.085s] copying resource/my_package -> /home/wbk/wbk_ros_intro/ros2_ws_practice/install/my_package/share/ament_index/resource_index/packages
[1.085s] copying package.xml -> /home/wbk/wbk_ros_intro/ros2_ws_practice/install/my_package/share/my_package
[1.085s] running install_egg_info
[1.096s] Copying ../../build/my_package/my_package.egg-info to /home/wbk/wbk_ros_intro/ros2_ws_practice/install/my_package/lib/python3.12/site-packages/my_package-0.0.0-py3.12.egg-info
[1.097s] running install_scripts
[1.173s] Installing my_node script to /home/wbk/wbk_ros_intro/ros2_ws_practice/install/my_package/lib/my_package
[1.173s] writing list of installed files to '/home/wbk/wbk_ros_intro/ros2_ws_practice/build/my_package/install.log'
[1.196s] Invoked command in '/home/wbk/wbk_ros_intro/ros2_ws_practice/src/my_package' returned '0': PYTHONPATH=/home/wbk/wbk_ros_intro/ros2_ws_practice/build/my_package/prefix_override:/usr/lib/python3/dist-packages/colcon_core/task/python/colcon_distutils_commands:/home/wbk/wbk_ros_intro/ros2_ws_practice/install/my_package/lib/python3.12/site-packages:${PYTHONPATH} /usr/bin/python3 -W ignore:setup.py install is deprecated -W ignore:easy_install command is deprecated setup.py egg_info --egg-base ../../build/my_package build --build-base /home/wbk/wbk_ros_intro/ros2_ws_practice/build/my_package/build install --record /home/wbk/wbk_ros_intro/ros2_ws_practice/build/my_package/install.log --single-version-externally-managed install_data --force
