[0.013s] Invoking command in '/home/wbk/wbk_ros_intro/ros2_ws/build/interfaces': CMAKE_PREFIX_PATH=${CMAKE_PREFIX_PATH}:/home/wbk/wbk_ros_intro/ros2_ws/install/service_client:/opt/ros/jazzy /usr/bin/cmake /home/wbk/wbk_ros_intro/ros2_ws/src/interfaces -DCMAKE_INSTALL_PREFIX=/home/wbk/wbk_ros_intro/ros2_ws/install/interfaces
[0.226s] -- The C compiler identification is GNU 13.3.0
[0.403s] -- The CXX compiler identification is GNU 13.3.0
[0.425s] -- Detecting C compiler ABI info
[0.528s] -- Detecting C compiler ABI info - done
[0.539s] -- Check for working C compiler: /usr/bin/cc - skipped
[0.541s] -- Detecting C compile features
[0.541s] -- Detecting C compile features - done
[0.554s] -- Detecting CXX compiler ABI info
[0.667s] -- Detecting CXX compiler ABI info - done
[0.677s] -- Check for working CXX compiler: /usr/bin/c++ - skipped
[0.677s] -- Detecting CXX compile features
[0.678s] -- Detecting CXX compile features - done
[0.703s] -- Found ament_cmake: 2.5.4 (/opt/ros/jazzy/share/ament_cmake/cmake)
[0.851s] -- Found Python3: /usr/bin/python3 (found version "3.12.3") found components: Interpreter 
[0.965s] -- Found geometry_msgs: 5.3.6 (/opt/ros/jazzy/share/geometry_msgs/cmake)
[1.013s] -- Found rosidl_generator_c: 4.6.6 (/opt/ros/jazzy/share/rosidl_generator_c/cmake)
[1.029s] -- Found rosidl_generator_cpp: 4.6.6 (/opt/ros/jazzy/share/rosidl_generator_cpp/cmake)
[1.048s] -- Using all available rosidl_typesupport_c: rosidl_typesupport_fastrtps_c;rosidl_typesupport_introspection_c
[1.069s] -- Using all available rosidl_typesupport_cpp: rosidl_typesupport_fastrtps_cpp;rosidl_typesupport_introspection_cpp
[1.118s] -- Found rosidl_default_generators: 1.6.0 (/opt/ros/jazzy/share/rosidl_default_generators/cmake)
[1.138s] -- Found rosidl_adapter: 4.6.6 (/opt/ros/jazzy/share/rosidl_adapter/cmake)
[1.963s] -- Found ament_cmake_ros: 0.12.0 (/opt/ros/jazzy/share/ament_cmake_ros/cmake)
[2.906s] -- Using all available rosidl_typesupport_c: rosidl_typesupport_fastrtps_c;rosidl_typesupport_introspection_c
[3.260s] -- Using all available rosidl_typesupport_cpp: rosidl_typesupport_fastrtps_cpp;rosidl_typesupport_introspection_cpp
[3.265s] -- Found python_cmake_module: 0.11.1 (/opt/ros/jazzy/share/python_cmake_module/cmake)
[3.434s] -- Found PythonExtra: /usr/bin/python3  
[3.939s] -- Found Python3: /usr/bin/python3 (found version "3.12.3") found components: Interpreter Development NumPy Development.Module Development.Embed 
[4.008s] -- Found ament_lint_auto: 0.17.3 (/opt/ros/jazzy/share/ament_lint_auto/cmake)
[4.040s] -- Added test 'lint_cmake' to check CMake code style
[4.042s] -- Added test 'xmllint' to check XML markup files
[4.044s] -- Configuring done (4.0s)
[4.103s] -- Generating done (0.0s)
[4.112s] -- Build files have been written to: /home/wbk/wbk_ros_intro/ros2_ws/build/interfaces
[4.123s] Invoked command in '/home/wbk/wbk_ros_intro/ros2_ws/build/interfaces' returned '0': CMAKE_PREFIX_PATH=${CMAKE_PREFIX_PATH}:/home/wbk/wbk_ros_intro/ros2_ws/install/service_client:/opt/ros/jazzy /usr/bin/cmake /home/wbk/wbk_ros_intro/ros2_ws/src/interfaces -DCMAKE_INSTALL_PREFIX=/home/wbk/wbk_ros_intro/ros2_ws/install/interfaces
[4.124s] Invoking command in '/home/wbk/wbk_ros_intro/ros2_ws/build/interfaces': CMAKE_PREFIX_PATH=${CMAKE_PREFIX_PATH}:/home/wbk/wbk_ros_intro/ros2_ws/install/service_client:/opt/ros/jazzy /usr/bin/cmake --build /home/wbk/wbk_ros_intro/ros2_ws/build/interfaces -- -j16 -l16
[4.177s] [  2%] [34m[1mGenerating type hashes for ROS interfaces[0m
[4.189s] [  2%] Built target ament_cmake_python_copy_interfaces
[4.381s] [  2%] Built target interfaces__rosidl_generator_type_description
[4.388s] running egg_info
[4.389s] creating interfaces.egg-info
[4.392s] [  4%] [34m[1mGenerating C code for ROS interfaces[0m
[4.404s] writing interfaces.egg-info/PKG-INFO
[4.404s] writing dependency_links to interfaces.egg-info/dependency_links.txt
[4.405s] writing top-level names to interfaces.egg-info/top_level.txt
[4.405s] writing manifest file 'interfaces.egg-info/SOURCES.txt'
[4.405s] [  6%] [34m[1mGenerating C++ code for ROS interfaces[0m
[4.451s] reading manifest file 'interfaces.egg-info/SOURCES.txt'
[4.451s] writing manifest file 'interfaces.egg-info/SOURCES.txt'
[4.483s] [  6%] Built target ament_cmake_python_build_interfaces_egg
[4.707s] [  6%] Built target interfaces__cpp
[4.742s] [  9%] [32mBuilding C object CMakeFiles/interfaces__rosidl_generator_c.dir/rosidl_generator_c/interfaces/msg/detail/num__description.c.o[0m
[4.743s] [ 11%] [32mBuilding C object CMakeFiles/interfaces__rosidl_generator_c.dir/rosidl_generator_c/interfaces/msg/detail/num__type_support.c.o[0m
[4.744s] [ 13%] [32mBuilding C object CMakeFiles/interfaces__rosidl_generator_c.dir/rosidl_generator_c/interfaces/srv/detail/ticket__functions.c.o[0m
[4.745s] [ 15%] [32mBuilding C object CMakeFiles/interfaces__rosidl_generator_c.dir/rosidl_generator_c/interfaces/msg/detail/num__functions.c.o[0m
[4.747s] [ 18%] [32mBuilding C object CMakeFiles/interfaces__rosidl_generator_c.dir/rosidl_generator_c/interfaces/srv/detail/ticket__description.c.o[0m
[4.750s] [ 20%] [32mBuilding C object CMakeFiles/interfaces__rosidl_generator_c.dir/rosidl_generator_c/interfaces/srv/detail/ticket__type_support.c.o[0m
[4.842s] [ 22%] [32m[1mLinking C shared library libinterfaces__rosidl_generator_c.so[0m
[4.895s] [ 22%] Built target interfaces__rosidl_generator_c
[4.920s] [ 27%] [34m[1mGenerating C++ type support dispatch for ROS interfaces[0m
[4.920s] [ 29%] [34m[1mGenerating C type support for eProsima Fast-RTPS[0m
[4.920s] [ 29%] [34m[1mGenerating C type support dispatch for ROS interfaces[0m
[4.920s] [ 31%] [34m[1mGenerating C introspection for ROS interfaces[0m
[4.921s] [ 34%] [34m[1mGenerating C++ type support for eProsima Fast-RTPS[0m
[4.921s] [ 36%] [34m[1mGenerating C++ introspection for ROS interfaces[0m
[5.213s] [ 38%] [32mBuilding CXX object CMakeFiles/interfaces__rosidl_typesupport_c.dir/rosidl_typesupport_c/interfaces/srv/ticket__type_support.cpp.o[0m
[5.213s] [ 40%] [32mBuilding CXX object CMakeFiles/interfaces__rosidl_typesupport_c.dir/rosidl_typesupport_c/interfaces/msg/num__type_support.cpp.o[0m
[5.226s] [ 43%] [32mBuilding CXX object CMakeFiles/interfaces__rosidl_typesupport_introspection_cpp.dir/rosidl_typesupport_introspection_cpp/interfaces/srv/detail/ticket__type_support.cpp.o[0m
[5.234s] [ 45%] [32mBuilding CXX object CMakeFiles/interfaces__rosidl_typesupport_cpp.dir/rosidl_typesupport_cpp/interfaces/srv/ticket__type_support.cpp.o[0m
[5.234s] [ 47%] [32mBuilding CXX object CMakeFiles/interfaces__rosidl_typesupport_introspection_cpp.dir/rosidl_typesupport_introspection_cpp/interfaces/msg/detail/num__type_support.cpp.o[0m
[5.236s] [ 50%] [32mBuilding C object CMakeFiles/interfaces__rosidl_typesupport_introspection_c.dir/rosidl_typesupport_introspection_c/interfaces/srv/detail/ticket__type_support.c.o[0m
[5.236s] [ 52%] [32mBuilding C object CMakeFiles/interfaces__rosidl_typesupport_introspection_c.dir/rosidl_typesupport_introspection_c/interfaces/msg/detail/num__type_support.c.o[0m
[5.241s] [ 54%] [32mBuilding CXX object CMakeFiles/interfaces__rosidl_typesupport_cpp.dir/rosidl_typesupport_cpp/interfaces/msg/num__type_support.cpp.o[0m
[5.294s] [ 56%] [32mBuilding CXX object CMakeFiles/interfaces__rosidl_typesupport_fastrtps_cpp.dir/rosidl_typesupport_fastrtps_cpp/interfaces/msg/detail/dds_fastrtps/num__type_support.cpp.o[0m
[5.294s] [ 59%] [32mBuilding CXX object CMakeFiles/interfaces__rosidl_typesupport_fastrtps_cpp.dir/rosidl_typesupport_fastrtps_cpp/interfaces/srv/detail/dds_fastrtps/ticket__type_support.cpp.o[0m
[5.303s] [ 61%] [32m[1mLinking CXX shared library libinterfaces__rosidl_typesupport_c.so[0m
[5.311s] [ 63%] [32m[1mLinking C shared library libinterfaces__rosidl_typesupport_introspection_c.so[0m
[5.351s] [ 68%] [32mBuilding CXX object CMakeFiles/interfaces__rosidl_typesupport_fastrtps_c.dir/rosidl_typesupport_fastrtps_c/interfaces/srv/detail/ticket__type_support_c.cpp.o[0m
[5.352s] [ 68%] [32mBuilding CXX object CMakeFiles/interfaces__rosidl_typesupport_fastrtps_c.dir/rosidl_typesupport_fastrtps_c/interfaces/msg/detail/num__type_support_c.cpp.o[0m
[5.361s] [ 68%] Built target interfaces__rosidl_typesupport_introspection_c
[5.372s] [ 68%] Built target interfaces__rosidl_typesupport_c
[5.845s] [ 70%] [32m[1mLinking CXX shared library libinterfaces__rosidl_typesupport_cpp.so[0m
[5.860s] [ 72%] [32m[1mLinking CXX shared library libinterfaces__rosidl_typesupport_introspection_cpp.so[0m
[5.943s] [ 72%] Built target interfaces__rosidl_typesupport_cpp
[5.951s] [ 75%] [32m[1mLinking CXX shared library libinterfaces__rosidl_typesupport_fastrtps_c.so[0m
[5.951s] [ 75%] Built target interfaces__rosidl_typesupport_introspection_cpp
[6.032s] [ 75%] Built target interfaces__rosidl_typesupport_fastrtps_c
[6.076s] [ 77%] [32m[1mLinking CXX shared library libinterfaces__rosidl_typesupport_fastrtps_cpp.so[0m
[6.160s] [ 77%] Built target interfaces__rosidl_typesupport_fastrtps_cpp
[6.184s] [ 77%] Built target interfaces
[6.207s] [ 79%] [34m[1mGenerating Python code for ROS interfaces[0m
[6.590s] [ 79%] Built target interfaces__py
[6.612s] [ 84%] [32mBuilding C object CMakeFiles/interfaces__rosidl_generator_py.dir/rosidl_generator_py/interfaces/srv/_ticket_s.c.o[0m
[6.612s] [ 84%] [32mBuilding C object CMakeFiles/interfaces__rosidl_generator_py.dir/rosidl_generator_py/interfaces/msg/_num_s.c.o[0m
[6.790s] [ 86%] [32m[1mLinking C shared library libinterfaces__rosidl_generator_py.so[0m
[6.836s] [ 86%] Built target interfaces__rosidl_generator_py
[6.858s] [ 90%] [32mBuilding C object CMakeFiles/interfaces_s__rosidl_typesupport_introspection_c.dir/rosidl_generator_py/interfaces/_interfaces_s.ep.rosidl_typesupport_introspection_c.c.o[0m
[6.859s] [ 90%] [32mBuilding C object CMakeFiles/interfaces_s__rosidl_typesupport_c.dir/rosidl_generator_py/interfaces/_interfaces_s.ep.rosidl_typesupport_c.c.o[0m
[6.864s] [ 93%] [32mBuilding C object CMakeFiles/interfaces_s__rosidl_typesupport_fastrtps_c.dir/rosidl_generator_py/interfaces/_interfaces_s.ep.rosidl_typesupport_fastrtps_c.c.o[0m
[6.963s] [ 95%] [32m[1mLinking C shared module rosidl_generator_py/interfaces/interfaces_s__rosidl_typesupport_c.so[0m
[6.969s] [ 97%] [32m[1mLinking C shared module rosidl_generator_py/interfaces/interfaces_s__rosidl_typesupport_introspection_c.so[0m
[6.976s] [100%] [32m[1mLinking C shared module rosidl_generator_py/interfaces/interfaces_s__rosidl_typesupport_fastrtps_c.so[0m
[6.994s] [100%] Built target interfaces_s__rosidl_typesupport_c
[7.001s] [100%] Built target interfaces_s__rosidl_typesupport_introspection_c
[7.009s] [100%] Built target interfaces_s__rosidl_typesupport_fastrtps_c
[7.022s] Invoked command in '/home/wbk/wbk_ros_intro/ros2_ws/build/interfaces' returned '0': CMAKE_PREFIX_PATH=${CMAKE_PREFIX_PATH}:/home/wbk/wbk_ros_intro/ros2_ws/install/service_client:/opt/ros/jazzy /usr/bin/cmake --build /home/wbk/wbk_ros_intro/ros2_ws/build/interfaces -- -j16 -l16
[7.031s] Invoking command in '/home/wbk/wbk_ros_intro/ros2_ws/build/interfaces': CMAKE_PREFIX_PATH=${CMAKE_PREFIX_PATH}:/home/wbk/wbk_ros_intro/ros2_ws/install/service_client:/opt/ros/jazzy /usr/bin/cmake --install /home/wbk/wbk_ros_intro/ros2_ws/build/interfaces
[7.039s] -- Install configuration: ""
[7.040s] -- Installing: /home/wbk/wbk_ros_intro/ros2_ws/install/interfaces/share/ament_index/resource_index/rosidl_interfaces/interfaces
[7.040s] -- Installing: /home/wbk/wbk_ros_intro/ros2_ws/install/interfaces/share/interfaces/msg/Num.json
[7.041s] -- Installing: /home/wbk/wbk_ros_intro/ros2_ws/install/interfaces/share/interfaces/srv/Ticket.json
[7.041s] -- Installing: /home/wbk/wbk_ros_intro/ros2_ws/install/interfaces/include/interfaces/interfaces
[7.041s] -- Installing: /home/wbk/wbk_ros_intro/ros2_ws/install/interfaces/include/interfaces/interfaces/srv
[7.041s] -- Installing: /home/wbk/wbk_ros_intro/ros2_ws/install/interfaces/include/interfaces/interfaces/srv/detail
[7.041s] -- Installing: /home/wbk/wbk_ros_intro/ros2_ws/install/interfaces/include/interfaces/interfaces/srv/detail/ticket__struct.h
[7.042s] -- Installing: /home/wbk/wbk_ros_intro/ros2_ws/install/interfaces/include/interfaces/interfaces/srv/detail/ticket__description.c
[7.042s] -- Installing: /home/wbk/wbk_ros_intro/ros2_ws/install/interfaces/include/interfaces/interfaces/srv/detail/ticket__type_support.h
[7.042s] -- Installing: /home/wbk/wbk_ros_intro/ros2_ws/install/interfaces/include/interfaces/interfaces/srv/detail/ticket__functions.c
[7.042s] -- Installing: /home/wbk/wbk_ros_intro/ros2_ws/install/interfaces/include/interfaces/interfaces/srv/detail/ticket__type_support.c
[7.042s] -- Installing: /home/wbk/wbk_ros_intro/ros2_ws/install/interfaces/include/interfaces/interfaces/srv/detail/ticket__functions.h
[7.043s] -- Installing: /home/wbk/wbk_ros_intro/ros2_ws/install/interfaces/include/interfaces/interfaces/srv/ticket.h
[7.043s] -- Installing: /home/wbk/wbk_ros_intro/ros2_ws/install/interfaces/include/interfaces/interfaces/msg
[7.043s] -- Installing: /home/wbk/wbk_ros_intro/ros2_ws/install/interfaces/include/interfaces/interfaces/msg/detail
[7.043s] -- Installing: /home/wbk/wbk_ros_intro/ros2_ws/install/interfaces/include/interfaces/interfaces/msg/detail/num__type_support.c
[7.043s] -- Installing: /home/wbk/wbk_ros_intro/ros2_ws/install/interfaces/include/interfaces/interfaces/msg/detail/num__type_support.h
[7.043s] -- Installing: /home/wbk/wbk_ros_intro/ros2_ws/install/interfaces/include/interfaces/interfaces/msg/detail/num__description.c
[7.043s] -- Installing: /home/wbk/wbk_ros_intro/ros2_ws/install/interfaces/include/interfaces/interfaces/msg/detail/num__struct.h
[7.043s] -- Installing: /home/wbk/wbk_ros_intro/ros2_ws/install/interfaces/include/interfaces/interfaces/msg/detail/num__functions.h
[7.044s] -- Installing: /home/wbk/wbk_ros_intro/ros2_ws/install/interfaces/include/interfaces/interfaces/msg/detail/num__functions.c
[7.044s] -- Installing: /home/wbk/wbk_ros_intro/ros2_ws/install/interfaces/include/interfaces/interfaces/msg/num.h
[7.044s] -- Installing: /home/wbk/wbk_ros_intro/ros2_ws/install/interfaces/include/interfaces/interfaces/msg/rosidl_generator_c__visibility_control.h
[7.044s] -- Installing: /home/wbk/wbk_ros_intro/ros2_ws/install/interfaces/share/interfaces/environment/library_path.sh
[7.044s] -- Installing: /home/wbk/wbk_ros_intro/ros2_ws/install/interfaces/share/interfaces/environment/library_path.dsv
[7.044s] -- Installing: /home/wbk/wbk_ros_intro/ros2_ws/install/interfaces/lib/libinterfaces__rosidl_generator_c.so
[7.044s] -- Set non-toolchain portion of runtime path of "/home/wbk/wbk_ros_intro/ros2_ws/install/interfaces/lib/libinterfaces__rosidl_generator_c.so" to ""
[7.045s] -- Up-to-date: /home/wbk/wbk_ros_intro/ros2_ws/install/interfaces/include/interfaces/interfaces
[7.045s] -- Up-to-date: /home/wbk/wbk_ros_intro/ros2_ws/install/interfaces/include/interfaces/interfaces/srv
[7.045s] -- Up-to-date: /home/wbk/wbk_ros_intro/ros2_ws/install/interfaces/include/interfaces/interfaces/srv/detail
[7.045s] -- Installing: /home/wbk/wbk_ros_intro/ros2_ws/install/interfaces/include/interfaces/interfaces/srv/detail/ticket__rosidl_typesupport_fastrtps_c.h
[7.045s] -- Up-to-date: /home/wbk/wbk_ros_intro/ros2_ws/install/interfaces/include/interfaces/interfaces/msg
[7.045s] -- Up-to-date: /home/wbk/wbk_ros_intro/ros2_ws/install/interfaces/include/interfaces/interfaces/msg/detail
[7.045s] -- Installing: /home/wbk/wbk_ros_intro/ros2_ws/install/interfaces/include/interfaces/interfaces/msg/detail/num__rosidl_typesupport_fastrtps_c.h
[7.045s] -- Installing: /home/wbk/wbk_ros_intro/ros2_ws/install/interfaces/include/interfaces/interfaces/msg/rosidl_typesupport_fastrtps_c__visibility_control.h
[7.045s] -- Installing: /home/wbk/wbk_ros_intro/ros2_ws/install/interfaces/lib/libinterfaces__rosidl_typesupport_fastrtps_c.so
[7.045s] -- Set non-toolchain portion of runtime path of "/home/wbk/wbk_ros_intro/ros2_ws/install/interfaces/lib/libinterfaces__rosidl_typesupport_fastrtps_c.so" to ""
[7.046s] -- Up-to-date: /home/wbk/wbk_ros_intro/ros2_ws/install/interfaces/include/interfaces/interfaces
[7.046s] -- Up-to-date: /home/wbk/wbk_ros_intro/ros2_ws/install/interfaces/include/interfaces/interfaces/srv
[7.046s] -- Up-to-date: /home/wbk/wbk_ros_intro/ros2_ws/install/interfaces/include/interfaces/interfaces/srv/detail
[7.046s] -- Installing: /home/wbk/wbk_ros_intro/ros2_ws/install/interfaces/include/interfaces/interfaces/srv/detail/ticket__traits.hpp
[7.046s] -- Installing: /home/wbk/wbk_ros_intro/ros2_ws/install/interfaces/include/interfaces/interfaces/srv/detail/ticket__struct.hpp
[7.046s] -- Installing: /home/wbk/wbk_ros_intro/ros2_ws/install/interfaces/include/interfaces/interfaces/srv/detail/ticket__type_support.hpp
[7.046s] -- Installing: /home/wbk/wbk_ros_intro/ros2_ws/install/interfaces/include/interfaces/interfaces/srv/detail/ticket__builder.hpp
[7.046s] -- Installing: /home/wbk/wbk_ros_intro/ros2_ws/install/interfaces/include/interfaces/interfaces/srv/ticket.hpp
[7.046s] -- Up-to-date: /home/wbk/wbk_ros_intro/ros2_ws/install/interfaces/include/interfaces/interfaces/msg
[7.046s] -- Installing: /home/wbk/wbk_ros_intro/ros2_ws/install/interfaces/include/interfaces/interfaces/msg/rosidl_generator_cpp__visibility_control.hpp
[7.047s] -- Up-to-date: /home/wbk/wbk_ros_intro/ros2_ws/install/interfaces/include/interfaces/interfaces/msg/detail
[7.047s] -- Installing: /home/wbk/wbk_ros_intro/ros2_ws/install/interfaces/include/interfaces/interfaces/msg/detail/num__struct.hpp
[7.047s] -- Installing: /home/wbk/wbk_ros_intro/ros2_ws/install/interfaces/include/interfaces/interfaces/msg/detail/num__builder.hpp
[7.047s] -- Installing: /home/wbk/wbk_ros_intro/ros2_ws/install/interfaces/include/interfaces/interfaces/msg/detail/num__type_support.hpp
[7.047s] -- Installing: /home/wbk/wbk_ros_intro/ros2_ws/install/interfaces/include/interfaces/interfaces/msg/detail/num__traits.hpp
[7.047s] -- Installing: /home/wbk/wbk_ros_intro/ros2_ws/install/interfaces/include/interfaces/interfaces/msg/num.hpp
[7.047s] -- Up-to-date: /home/wbk/wbk_ros_intro/ros2_ws/install/interfaces/include/interfaces/interfaces
[7.047s] -- Up-to-date: /home/wbk/wbk_ros_intro/ros2_ws/install/interfaces/include/interfaces/interfaces/srv
[7.047s] -- Up-to-date: /home/wbk/wbk_ros_intro/ros2_ws/install/interfaces/include/interfaces/interfaces/srv/detail
[7.047s] -- Installing: /home/wbk/wbk_ros_intro/ros2_ws/install/interfaces/include/interfaces/interfaces/srv/detail/ticket__rosidl_typesupport_fastrtps_cpp.hpp
[7.047s] -- Installing: /home/wbk/wbk_ros_intro/ros2_ws/install/interfaces/include/interfaces/interfaces/srv/detail/dds_fastrtps
[7.048s] -- Up-to-date: /home/wbk/wbk_ros_intro/ros2_ws/install/interfaces/include/interfaces/interfaces/msg
[7.048s] -- Up-to-date: /home/wbk/wbk_ros_intro/ros2_ws/install/interfaces/include/interfaces/interfaces/msg/detail
[7.048s] -- Installing: /home/wbk/wbk_ros_intro/ros2_ws/install/interfaces/include/interfaces/interfaces/msg/detail/num__rosidl_typesupport_fastrtps_cpp.hpp
[7.048s] -- Installing: /home/wbk/wbk_ros_intro/ros2_ws/install/interfaces/include/interfaces/interfaces/msg/detail/dds_fastrtps
[7.048s] -- Installing: /home/wbk/wbk_ros_intro/ros2_ws/install/interfaces/include/interfaces/interfaces/msg/rosidl_typesupport_fastrtps_cpp__visibility_control.h
[7.048s] -- Installing: /home/wbk/wbk_ros_intro/ros2_ws/install/interfaces/lib/libinterfaces__rosidl_typesupport_fastrtps_cpp.so
[7.048s] -- Set non-toolchain portion of runtime path of "/home/wbk/wbk_ros_intro/ros2_ws/install/interfaces/lib/libinterfaces__rosidl_typesupport_fastrtps_cpp.so" to ""
[7.048s] -- Up-to-date: /home/wbk/wbk_ros_intro/ros2_ws/install/interfaces/include/interfaces/interfaces
[7.048s] -- Up-to-date: /home/wbk/wbk_ros_intro/ros2_ws/install/interfaces/include/interfaces/interfaces/srv
[7.048s] -- Up-to-date: /home/wbk/wbk_ros_intro/ros2_ws/install/interfaces/include/interfaces/interfaces/srv/detail
[7.049s] -- Installing: /home/wbk/wbk_ros_intro/ros2_ws/install/interfaces/include/interfaces/interfaces/srv/detail/ticket__rosidl_typesupport_introspection_c.h
[7.049s] -- Up-to-date: /home/wbk/wbk_ros_intro/ros2_ws/install/interfaces/include/interfaces/interfaces/srv/detail/ticket__type_support.c
[7.049s] -- Up-to-date: /home/wbk/wbk_ros_intro/ros2_ws/install/interfaces/include/interfaces/interfaces/msg
[7.049s] -- Up-to-date: /home/wbk/wbk_ros_intro/ros2_ws/install/interfaces/include/interfaces/interfaces/msg/detail
[7.049s] -- Up-to-date: /home/wbk/wbk_ros_intro/ros2_ws/install/interfaces/include/interfaces/interfaces/msg/detail/num__type_support.c
[7.049s] -- Installing: /home/wbk/wbk_ros_intro/ros2_ws/install/interfaces/include/interfaces/interfaces/msg/detail/num__rosidl_typesupport_introspection_c.h
[7.049s] -- Installing: /home/wbk/wbk_ros_intro/ros2_ws/install/interfaces/include/interfaces/interfaces/msg/rosidl_typesupport_introspection_c__visibility_control.h
[7.050s] -- Installing: /home/wbk/wbk_ros_intro/ros2_ws/install/interfaces/lib/libinterfaces__rosidl_typesupport_introspection_c.so
[7.050s] -- Set non-toolchain portion of runtime path of "/home/wbk/wbk_ros_intro/ros2_ws/install/interfaces/lib/libinterfaces__rosidl_typesupport_introspection_c.so" to ""
[7.050s] -- Installing: /home/wbk/wbk_ros_intro/ros2_ws/install/interfaces/lib/libinterfaces__rosidl_typesupport_c.so
[7.050s] -- Set non-toolchain portion of runtime path of "/home/wbk/wbk_ros_intro/ros2_ws/install/interfaces/lib/libinterfaces__rosidl_typesupport_c.so" to ""
[7.050s] -- Up-to-date: /home/wbk/wbk_ros_intro/ros2_ws/install/interfaces/include/interfaces/interfaces
[7.050s] -- Up-to-date: /home/wbk/wbk_ros_intro/ros2_ws/install/interfaces/include/interfaces/interfaces/srv
[7.050s] -- Up-to-date: /home/wbk/wbk_ros_intro/ros2_ws/install/interfaces/include/interfaces/interfaces/srv/detail
[7.050s] -- Installing: /home/wbk/wbk_ros_intro/ros2_ws/install/interfaces/include/interfaces/interfaces/srv/detail/ticket__type_support.cpp
[7.050s] -- Installing: /home/wbk/wbk_ros_intro/ros2_ws/install/interfaces/include/interfaces/interfaces/srv/detail/ticket__rosidl_typesupport_introspection_cpp.hpp
[7.050s] -- Up-to-date: /home/wbk/wbk_ros_intro/ros2_ws/install/interfaces/include/interfaces/interfaces/msg
[7.050s] -- Up-to-date: /home/wbk/wbk_ros_intro/ros2_ws/install/interfaces/include/interfaces/interfaces/msg/detail
[7.050s] -- Installing: /home/wbk/wbk_ros_intro/ros2_ws/install/interfaces/include/interfaces/interfaces/msg/detail/num__rosidl_typesupport_introspection_cpp.hpp
[7.051s] -- Installing: /home/wbk/wbk_ros_intro/ros2_ws/install/interfaces/include/interfaces/interfaces/msg/detail/num__type_support.cpp
[7.051s] -- Installing: /home/wbk/wbk_ros_intro/ros2_ws/install/interfaces/lib/libinterfaces__rosidl_typesupport_introspection_cpp.so
[7.051s] -- Set non-toolchain portion of runtime path of "/home/wbk/wbk_ros_intro/ros2_ws/install/interfaces/lib/libinterfaces__rosidl_typesupport_introspection_cpp.so" to ""
[7.051s] -- Installing: /home/wbk/wbk_ros_intro/ros2_ws/install/interfaces/lib/libinterfaces__rosidl_typesupport_cpp.so
[7.051s] -- Set non-toolchain portion of runtime path of "/home/wbk/wbk_ros_intro/ros2_ws/install/interfaces/lib/libinterfaces__rosidl_typesupport_cpp.so" to ""
[7.051s] -- Installing: /home/wbk/wbk_ros_intro/ros2_ws/install/interfaces/share/interfaces/environment/pythonpath.sh
[7.052s] -- Installing: /home/wbk/wbk_ros_intro/ros2_ws/install/interfaces/share/interfaces/environment/pythonpath.dsv
[7.052s] -- Installing: /home/wbk/wbk_ros_intro/ros2_ws/install/interfaces/lib/python3.12/site-packages/interfaces-0.0.0-py3.12.egg-info
[7.052s] -- Installing: /home/wbk/wbk_ros_intro/ros2_ws/install/interfaces/lib/python3.12/site-packages/interfaces-0.0.0-py3.12.egg-info/PKG-INFO
[7.052s] -- Installing: /home/wbk/wbk_ros_intro/ros2_ws/install/interfaces/lib/python3.12/site-packages/interfaces-0.0.0-py3.12.egg-info/top_level.txt
[7.053s] -- Installing: /home/wbk/wbk_ros_intro/ros2_ws/install/interfaces/lib/python3.12/site-packages/interfaces-0.0.0-py3.12.egg-info/SOURCES.txt
[7.053s] -- Installing: /home/wbk/wbk_ros_intro/ros2_ws/install/interfaces/lib/python3.12/site-packages/interfaces-0.0.0-py3.12.egg-info/dependency_links.txt
[7.053s] -- Installing: /home/wbk/wbk_ros_intro/ros2_ws/install/interfaces/lib/python3.12/site-packages/interfaces
[7.053s] -- Installing: /home/wbk/wbk_ros_intro/ros2_ws/install/interfaces/lib/python3.12/site-packages/interfaces/interfaces_s__rosidl_typesupport_c.so
[7.053s] -- Installing: /home/wbk/wbk_ros_intro/ros2_ws/install/interfaces/lib/python3.12/site-packages/interfaces/interfaces_s__rosidl_typesupport_fastrtps_c.so
[7.053s] -- Installing: /home/wbk/wbk_ros_intro/ros2_ws/install/interfaces/lib/python3.12/site-packages/interfaces/srv
[7.053s] -- Installing: /home/wbk/wbk_ros_intro/ros2_ws/install/interfaces/lib/python3.12/site-packages/interfaces/srv/_ticket_s.c
[7.054s] -- Installing: /home/wbk/wbk_ros_intro/ros2_ws/install/interfaces/lib/python3.12/site-packages/interfaces/srv/_ticket.py
[7.054s] -- Installing: /home/wbk/wbk_ros_intro/ros2_ws/install/interfaces/lib/python3.12/site-packages/interfaces/srv/__init__.py
[7.054s] -- Installing: /home/wbk/wbk_ros_intro/ros2_ws/install/interfaces/lib/python3.12/site-packages/interfaces/__init__.py
[7.054s] -- Installing: /home/wbk/wbk_ros_intro/ros2_ws/install/interfaces/lib/python3.12/site-packages/interfaces/msg
[7.054s] -- Installing: /home/wbk/wbk_ros_intro/ros2_ws/install/interfaces/lib/python3.12/site-packages/interfaces/msg/_num.py
[7.054s] -- Installing: /home/wbk/wbk_ros_intro/ros2_ws/install/interfaces/lib/python3.12/site-packages/interfaces/msg/__init__.py
[7.054s] -- Installing: /home/wbk/wbk_ros_intro/ros2_ws/install/interfaces/lib/python3.12/site-packages/interfaces/msg/_num_s.c
[7.054s] -- Installing: /home/wbk/wbk_ros_intro/ros2_ws/install/interfaces/lib/python3.12/site-packages/interfaces/_interfaces_s.ep.rosidl_typesupport_fastrtps_c.c
[7.054s] -- Installing: /home/wbk/wbk_ros_intro/ros2_ws/install/interfaces/lib/python3.12/site-packages/interfaces/_interfaces_s.ep.rosidl_typesupport_c.c
[7.054s] -- Installing: /home/wbk/wbk_ros_intro/ros2_ws/install/interfaces/lib/python3.12/site-packages/interfaces/_interfaces_s.ep.rosidl_typesupport_introspection_c.c
[7.054s] -- Installing: /home/wbk/wbk_ros_intro/ros2_ws/install/interfaces/lib/python3.12/site-packages/interfaces/interfaces_s__rosidl_typesupport_introspection_c.so
[7.095s] Listing '/home/wbk/wbk_ros_intro/ros2_ws/install/interfaces/lib/python3.12/site-packages/interfaces'...
[7.095s] Compiling '/home/wbk/wbk_ros_intro/ros2_ws/install/interfaces/lib/python3.12/site-packages/interfaces/__init__.py'...
[7.095s] Listing '/home/wbk/wbk_ros_intro/ros2_ws/install/interfaces/lib/python3.12/site-packages/interfaces/msg'...
[7.095s] Compiling '/home/wbk/wbk_ros_intro/ros2_ws/install/interfaces/lib/python3.12/site-packages/interfaces/msg/__init__.py'...
[7.095s] Compiling '/home/wbk/wbk_ros_intro/ros2_ws/install/interfaces/lib/python3.12/site-packages/interfaces/msg/_num.py'...
[7.095s] Listing '/home/wbk/wbk_ros_intro/ros2_ws/install/interfaces/lib/python3.12/site-packages/interfaces/srv'...
[7.095s] Compiling '/home/wbk/wbk_ros_intro/ros2_ws/install/interfaces/lib/python3.12/site-packages/interfaces/srv/__init__.py'...
[7.095s] Compiling '/home/wbk/wbk_ros_intro/ros2_ws/install/interfaces/lib/python3.12/site-packages/interfaces/srv/_ticket.py'...
[7.100s] -- Installing: /home/wbk/wbk_ros_intro/ros2_ws/install/interfaces/lib/python3.12/site-packages/interfaces/interfaces_s__rosidl_typesupport_fastrtps_c.so
[7.101s] -- Set non-toolchain portion of runtime path of "/home/wbk/wbk_ros_intro/ros2_ws/install/interfaces/lib/python3.12/site-packages/interfaces/interfaces_s__rosidl_typesupport_fastrtps_c.so" to ""
[7.101s] -- Installing: /home/wbk/wbk_ros_intro/ros2_ws/install/interfaces/lib/python3.12/site-packages/interfaces/interfaces_s__rosidl_typesupport_introspection_c.so
[7.101s] -- Set non-toolchain portion of runtime path of "/home/wbk/wbk_ros_intro/ros2_ws/install/interfaces/lib/python3.12/site-packages/interfaces/interfaces_s__rosidl_typesupport_introspection_c.so" to ""
[7.101s] -- Installing: /home/wbk/wbk_ros_intro/ros2_ws/install/interfaces/lib/python3.12/site-packages/interfaces/interfaces_s__rosidl_typesupport_c.so
[7.101s] -- Set non-toolchain portion of runtime path of "/home/wbk/wbk_ros_intro/ros2_ws/install/interfaces/lib/python3.12/site-packages/interfaces/interfaces_s__rosidl_typesupport_c.so" to ""
[7.102s] -- Installing: /home/wbk/wbk_ros_intro/ros2_ws/install/interfaces/lib/libinterfaces__rosidl_generator_py.so
[7.102s] -- Set non-toolchain portion of runtime path of "/home/wbk/wbk_ros_intro/ros2_ws/install/interfaces/lib/libinterfaces__rosidl_generator_py.so" to ""
[7.102s] -- Installing: /home/wbk/wbk_ros_intro/ros2_ws/install/interfaces/share/interfaces/msg/Num.idl
[7.102s] -- Installing: /home/wbk/wbk_ros_intro/ros2_ws/install/interfaces/share/interfaces/srv/Ticket.idl
[7.103s] -- Installing: /home/wbk/wbk_ros_intro/ros2_ws/install/interfaces/share/interfaces/msg/Num.msg
[7.103s] -- Installing: /home/wbk/wbk_ros_intro/ros2_ws/install/interfaces/share/interfaces/srv/Ticket.srv
[7.103s] -- Installing: /home/wbk/wbk_ros_intro/ros2_ws/install/interfaces/share/ament_index/resource_index/package_run_dependencies/interfaces
[7.103s] -- Installing: /home/wbk/wbk_ros_intro/ros2_ws/install/interfaces/share/ament_index/resource_index/parent_prefix_path/interfaces
[7.104s] -- Installing: /home/wbk/wbk_ros_intro/ros2_ws/install/interfaces/share/interfaces/environment/ament_prefix_path.sh
[7.104s] -- Installing: /home/wbk/wbk_ros_intro/ros2_ws/install/interfaces/share/interfaces/environment/ament_prefix_path.dsv
[7.104s] -- Installing: /home/wbk/wbk_ros_intro/ros2_ws/install/interfaces/share/interfaces/environment/path.sh
[7.104s] -- Installing: /home/wbk/wbk_ros_intro/ros2_ws/install/interfaces/share/interfaces/environment/path.dsv
[7.104s] -- Installing: /home/wbk/wbk_ros_intro/ros2_ws/install/interfaces/share/interfaces/local_setup.bash
[7.104s] -- Installing: /home/wbk/wbk_ros_intro/ros2_ws/install/interfaces/share/interfaces/local_setup.sh
[7.104s] -- Installing: /home/wbk/wbk_ros_intro/ros2_ws/install/interfaces/share/interfaces/local_setup.zsh
[7.105s] -- Installing: /home/wbk/wbk_ros_intro/ros2_ws/install/interfaces/share/interfaces/local_setup.dsv
[7.105s] -- Installing: /home/wbk/wbk_ros_intro/ros2_ws/install/interfaces/share/interfaces/package.dsv
[7.105s] -- Installing: /home/wbk/wbk_ros_intro/ros2_ws/install/interfaces/share/ament_index/resource_index/packages/interfaces
[7.105s] -- Installing: /home/wbk/wbk_ros_intro/ros2_ws/install/interfaces/share/interfaces/cmake/export_interfaces__rosidl_generator_cExport.cmake
[7.106s] -- Installing: /home/wbk/wbk_ros_intro/ros2_ws/install/interfaces/share/interfaces/cmake/export_interfaces__rosidl_generator_cExport-noconfig.cmake
[7.106s] -- Installing: /home/wbk/wbk_ros_intro/ros2_ws/install/interfaces/share/interfaces/cmake/export_interfaces__rosidl_typesupport_fastrtps_cExport.cmake
[7.106s] -- Installing: /home/wbk/wbk_ros_intro/ros2_ws/install/interfaces/share/interfaces/cmake/export_interfaces__rosidl_typesupport_fastrtps_cExport-noconfig.cmake
[7.106s] -- Installing: /home/wbk/wbk_ros_intro/ros2_ws/install/interfaces/share/interfaces/cmake/export_interfaces__rosidl_generator_cppExport.cmake
[7.107s] -- Installing: /home/wbk/wbk_ros_intro/ros2_ws/install/interfaces/share/interfaces/cmake/export_interfaces__rosidl_typesupport_fastrtps_cppExport.cmake
[7.107s] -- Installing: /home/wbk/wbk_ros_intro/ros2_ws/install/interfaces/share/interfaces/cmake/export_interfaces__rosidl_typesupport_fastrtps_cppExport-noconfig.cmake
[7.107s] -- Installing: /home/wbk/wbk_ros_intro/ros2_ws/install/interfaces/share/interfaces/cmake/interfaces__rosidl_typesupport_introspection_cExport.cmake
[7.107s] -- Installing: /home/wbk/wbk_ros_intro/ros2_ws/install/interfaces/share/interfaces/cmake/interfaces__rosidl_typesupport_introspection_cExport-noconfig.cmake
[7.107s] -- Installing: /home/wbk/wbk_ros_intro/ros2_ws/install/interfaces/share/interfaces/cmake/interfaces__rosidl_typesupport_cExport.cmake
[7.107s] -- Installing: /home/wbk/wbk_ros_intro/ros2_ws/install/interfaces/share/interfaces/cmake/interfaces__rosidl_typesupport_cExport-noconfig.cmake
[7.108s] -- Installing: /home/wbk/wbk_ros_intro/ros2_ws/install/interfaces/share/interfaces/cmake/interfaces__rosidl_typesupport_introspection_cppExport.cmake
[7.108s] -- Installing: /home/wbk/wbk_ros_intro/ros2_ws/install/interfaces/share/interfaces/cmake/interfaces__rosidl_typesupport_introspection_cppExport-noconfig.cmake
[7.108s] -- Installing: /home/wbk/wbk_ros_intro/ros2_ws/install/interfaces/share/interfaces/cmake/interfaces__rosidl_typesupport_cppExport.cmake
[7.108s] -- Installing: /home/wbk/wbk_ros_intro/ros2_ws/install/interfaces/share/interfaces/cmake/interfaces__rosidl_typesupport_cppExport-noconfig.cmake
[7.108s] -- Installing: /home/wbk/wbk_ros_intro/ros2_ws/install/interfaces/share/interfaces/cmake/export_interfaces__rosidl_generator_pyExport.cmake
[7.108s] -- Installing: /home/wbk/wbk_ros_intro/ros2_ws/install/interfaces/share/interfaces/cmake/export_interfaces__rosidl_generator_pyExport-noconfig.cmake
[7.108s] -- Installing: /home/wbk/wbk_ros_intro/ros2_ws/install/interfaces/share/interfaces/cmake/rosidl_cmake-extras.cmake
[7.108s] -- Installing: /home/wbk/wbk_ros_intro/ros2_ws/install/interfaces/share/interfaces/cmake/ament_cmake_export_dependencies-extras.cmake
[7.108s] -- Installing: /home/wbk/wbk_ros_intro/ros2_ws/install/interfaces/share/interfaces/cmake/ament_cmake_export_include_directories-extras.cmake
[7.108s] -- Installing: /home/wbk/wbk_ros_intro/ros2_ws/install/interfaces/share/interfaces/cmake/ament_cmake_export_libraries-extras.cmake
[7.108s] -- Installing: /home/wbk/wbk_ros_intro/ros2_ws/install/interfaces/share/interfaces/cmake/ament_cmake_export_targets-extras.cmake
[7.108s] -- Installing: /home/wbk/wbk_ros_intro/ros2_ws/install/interfaces/share/interfaces/cmake/rosidl_cmake_export_typesupport_targets-extras.cmake
[7.108s] -- Installing: /home/wbk/wbk_ros_intro/ros2_ws/install/interfaces/share/interfaces/cmake/rosidl_cmake_export_typesupport_libraries-extras.cmake
[7.109s] -- Installing: /home/wbk/wbk_ros_intro/ros2_ws/install/interfaces/share/interfaces/cmake/interfacesConfig.cmake
[7.109s] -- Installing: /home/wbk/wbk_ros_intro/ros2_ws/install/interfaces/share/interfaces/cmake/interfacesConfig-version.cmake
[7.109s] -- Installing: /home/wbk/wbk_ros_intro/ros2_ws/install/interfaces/share/interfaces/package.xml
[7.110s] Invoked command in '/home/wbk/wbk_ros_intro/ros2_ws/build/interfaces' returned '0': CMAKE_PREFIX_PATH=${CMAKE_PREFIX_PATH}:/home/wbk/wbk_ros_intro/ros2_ws/install/service_client:/opt/ros/jazzy /usr/bin/cmake --install /home/wbk/wbk_ros_intro/ros2_ws/build/interfaces
